
> casinotrainingapp@1.0.0 test
> jest

  console.error
    react-test-renderer is deprecated. See https://react.dev/warnings/react-test-renderer

    [0m [90m  6 |[39m
     [90m  7 |[39m [36mconst[39m renderWithTheme [33m=[39m (component[33m:[39m [33mReact[39m[33m.[39m[33mReactElement[39m) [33m=>[39m {
    [31m[1m>[22m[39m[90m  8 |[39m   [36mreturn[39m render([33m<[39m[33mThemeProvider[39m[33m>[39m{component}[33m<[39m[33m/[39m[33mThemeProvider[39m[33m>[39m)[33m;[39m
     [90m    |[39m                [31m[1m^[22m[39m
     [90m  9 |[39m }[33m;[39m
     [90m 10 |[39m
     [90m 11 |[39m describe([32m'ActionLog'[39m[33m,[39m () [33m=>[39m {[0m

      at Object.process.env.NODE_ENV.exports.create (node_modules/react-test-renderer/cjs/react-test-renderer.development.js:14598:17)
      at create (node_modules/@testing-library/react-native/src/render-act.ts:15:29)
      at callback (node_modules/@testing-library/react-native/src/act.ts:31:24)
      at process.env.NODE_ENV.exports.act (node_modules/react/cjs/react.development.js:789:22)
      at actImplementation (node_modules/@testing-library/react-native/src/act.ts:30:25)
      at renderWithAct (node_modules/@testing-library/react-native/src/render-act.ts:13:11)
      at renderInternal (node_modules/@testing-library/react-native/src/render.tsx:69:33)
      at renderInternal (node_modules/@testing-library/react-native/src/render.tsx:44:10)
      at renderWithTheme (src/features/plo-training/components/ActionLog/ActionLog.test.tsx:8:16)
      at Object.renderWithTheme (src/features/plo-training/components/ActionLog/ActionLog.test.tsx:18:5)

  console.error
    react-test-renderer is deprecated. See https://react.dev/warnings/react-test-renderer

    [0m [90m  6 |[39m
     [90m  7 |[39m [36mconst[39m renderWithTheme [33m=[39m (component[33m:[39m [33mReact[39m[33m.[39m[33mReactElement[39m) [33m=>[39m {
    [31m[1m>[22m[39m[90m  8 |[39m   [36mreturn[39m render([33m<[39m[33mThemeProvider[39m[33m>[39m{component}[33m<[39m[33m/[39m[33mThemeProvider[39m[33m>[39m)[33m;[39m
     [90m    |[39m                [31m[1m^[22m[39m
     [90m  9 |[39m }[33m;[39m
     [90m 10 |[39m
     [90m 11 |[39m describe([32m'ActionLog'[39m[33m,[39m () [33m=>[39m {[0m

      at Object.process.env.NODE_ENV.exports.create (node_modules/react-test-renderer/cjs/react-test-renderer.development.js:14598:17)
      at create (node_modules/@testing-library/react-native/src/render-act.ts:15:29)
      at callback (node_modules/@testing-library/react-native/src/act.ts:31:24)
      at process.env.NODE_ENV.exports.act (node_modules/react/cjs/react.development.js:789:22)
      at actImplementation (node_modules/@testing-library/react-native/src/act.ts:30:25)
      at renderWithAct (node_modules/@testing-library/react-native/src/render-act.ts:13:11)
      at renderInternal (node_modules/@testing-library/react-native/src/render.tsx:69:33)
      at renderInternal (node_modules/@testing-library/react-native/src/render.tsx:44:10)
      at renderWithTheme (src/features/plo-training/components/ActionLog/ActionLog.test.tsx:8:16)
      at Object.renderWithTheme (src/features/plo-training/components/ActionLog/ActionLog.test.tsx:23:5)

  console.error
    react-test-renderer is deprecated. See https://react.dev/warnings/react-test-renderer

    [0m [90m  5 |[39m
     [90m  6 |[39m [36mconst[39m renderWithTheme [33m=[39m (component[33m:[39m [33mReact[39m[33m.[39m[33mReactElement[39m) [33m=>[39m {
    [31m[1m>[22m[39m[90m  7 |[39m   [36mreturn[39m render([33m<[39m[33mThemeProvider[39m[33m>[39m{component}[33m<[39m[33m/[39m[33mThemeProvider[39m[33m>[39m)[33m;[39m
     [90m    |[39m                [31m[1m^[22m[39m
     [90m  8 |[39m }[33m;[39m
     [90m  9 |[39m
     [90m 10 |[39m describe([32m'HintSection'[39m[33m,[39m () [33m=>[39m {[0m

      at Object.process.env.NODE_ENV.exports.create (node_modules/react-test-renderer/cjs/react-test-renderer.development.js:14598:17)
      at create (node_modules/@testing-library/react-native/src/render-act.ts:15:29)
      at callback (node_modules/@testing-library/react-native/src/act.ts:31:24)
      at process.env.NODE_ENV.exports.act (node_modules/react/cjs/react.development.js:789:22)
      at actImplementation (node_modules/@testing-library/react-native/src/act.ts:30:25)
      at renderWithAct (node_modules/@testing-library/react-native/src/render-act.ts:13:11)
      at renderInternal (node_modules/@testing-library/react-native/src/render.tsx:69:33)
      at renderInternal (node_modules/@testing-library/react-native/src/render.tsx:44:10)
      at renderWithTheme (src/features/roulette-training/components/HintSection/HintSection.test.tsx:7:16)
      at Object.renderWithTheme (src/features/roulette-training/components/HintSection/HintSection.test.tsx:19:7)

  console.error
    react-test-renderer is deprecated. See https://react.dev/warnings/react-test-renderer

    [0m [90m  6 |[39m
     [90m  7 |[39m [36mconst[39m renderWithTheme [33m=[39m (component[33m:[39m [33mReact[39m[33m.[39m[33mReactElement[39m) [33m=>[39m {
    [31m[1m>[22m[39m[90m  8 |[39m   [36mreturn[39m render([33m<[39m[33mThemeProvider[39m[33m>[39m{component}[33m<[39m[33m/[39m[33mThemeProvider[39m[33m>[39m)[33m;[39m
     [90m    |[39m                [31m[1m^[22m[39m
     [90m  9 |[39m }[33m;[39m
     [90m 10 |[39m
     [90m 11 |[39m describe([32m'ActionLog'[39m[33m,[39m () [33m=>[39m {[0m

      at Object.process.env.NODE_ENV.exports.create (node_modules/react-test-renderer/cjs/react-test-renderer.development.js:14598:17)
      at create (node_modules/@testing-library/react-native/src/render-act.ts:15:29)
      at callback (node_modules/@testing-library/react-native/src/act.ts:31:24)
      at process.env.NODE_ENV.exports.act (node_modules/react/cjs/react.development.js:789:22)
      at actImplementation (node_modules/@testing-library/react-native/src/act.ts:30:25)
      at renderWithAct (node_modules/@testing-library/react-native/src/render-act.ts:13:11)
      at renderInternal (node_modules/@testing-library/react-native/src/render.tsx:69:33)
      at renderInternal (node_modules/@testing-library/react-native/src/render.tsx:44:10)
      at renderWithTheme (src/features/plo-training/components/ActionLog/ActionLog.test.tsx:8:16)
      at Object.renderWithTheme (src/features/plo-training/components/ActionLog/ActionLog.test.tsx:28:5)

  console.error
    react-test-renderer is deprecated. See https://react.dev/warnings/react-test-renderer

    [0m [90m 18 |[39m
     [90m 19 |[39m [36mconst[39m renderWithTheme [33m=[39m (component[33m:[39m [33mReact[39m[33m.[39m[33mReactElement[39m) [33m=>[39m {
    [31m[1m>[22m[39m[90m 20 |[39m   [36mreturn[39m render([33m<[39m[33mThemeProvider[39m[33m>[39m{component}[33m<[39m[33m/[39m[33mThemeProvider[39m[33m>[39m)[33m;[39m
     [90m    |[39m                [31m[1m^[22m[39m
     [90m 21 |[39m }[33m;[39m
     [90m 22 |[39m
     [90m 23 |[39m describe([32m'RouletteLayoutPracticeScreen'[39m[33m,[39m () [33m=>[39m {[0m

      at Object.process.env.NODE_ENV.exports.create (node_modules/react-test-renderer/cjs/react-test-renderer.development.js:14598:17)
      at create (node_modules/@testing-library/react-native/src/render-act.ts:15:29)
      at callback (node_modules/@testing-library/react-native/src/act.ts:31:24)
      at process.env.NODE_ENV.exports.act (node_modules/react/cjs/react.development.js:789:22)
      at actImplementation (node_modules/@testing-library/react-native/src/act.ts:30:25)
      at renderWithAct (node_modules/@testing-library/react-native/src/render-act.ts:13:11)
      at renderInternal (node_modules/@testing-library/react-native/src/render.tsx:69:33)
      at renderInternal (node_modules/@testing-library/react-native/src/render.tsx:44:10)
      at renderWithTheme (src/features/roulette-training/screens/reference/RouletteLayoutPracticeScreen/RouletteLayoutPracticeScreen.test.tsx:20:16)
      at Object.renderWithTheme (src/features/roulette-training/screens/reference/RouletteLayoutPracticeScreen/RouletteLayoutPracticeScreen.test.tsx:29:27)

  console.error
    react-test-renderer is deprecated. See https://react.dev/warnings/react-test-renderer

    [0m [90m  6 |[39m
     [90m  7 |[39m [36mconst[39m renderWithTheme [33m=[39m (component[33m:[39m [33mReact[39m[33m.[39m[33mReactElement[39m) [33m=>[39m {
    [31m[1m>[22m[39m[90m  8 |[39m   [36mreturn[39m render([33m<[39m[33mThemeProvider[39m[33m>[39m{component}[33m<[39m[33m/[39m[33mThemeProvider[39m[33m>[39m)[33m;[39m
     [90m    |[39m                [31m[1m^[22m[39m
     [90m  9 |[39m }[33m;[39m
     [90m 10 |[39m
     [90m 11 |[39m describe([32m'MenuListScreen'[39m[33m,[39m () [33m=>[39m {[0m

      at Object.process.env.NODE_ENV.exports.create (node_modules/react-test-renderer/cjs/react-test-renderer.development.js:14598:17)
      at create (node_modules/@testing-library/react-native/src/render-act.ts:15:29)
      at callback (node_modules/@testing-library/react-native/src/act.ts:31:24)
      at process.env.NODE_ENV.exports.act (node_modules/react/cjs/react.development.js:789:22)
      at actImplementation (node_modules/@testing-library/react-native/src/act.ts:30:25)
      at renderWithAct (node_modules/@testing-library/react-native/src/render-act.ts:13:11)
      at renderInternal (node_modules/@testing-library/react-native/src/render.tsx:69:33)
      at renderInternal (node_modules/@testing-library/react-native/src/render.tsx:44:10)
      at renderWithTheme (src/features/roulette-training/components/MenuListScreen/MenuListScreen.test.tsx:8:16)
      at Object.renderWithTheme (src/features/roulette-training/components/MenuListScreen/MenuListScreen.test.tsx:41:7)

  console.error
    react-test-renderer is deprecated. See https://react.dev/warnings/react-test-renderer

    [0m [90m 10 |[39m   describe([32m'rendering'[39m[33m,[39m () [33m=>[39m {
     [90m 11 |[39m     it([32m'should render when amount is greater than 0'[39m[33m,[39m () [33m=>[39m {
    [31m[1m>[22m[39m[90m 12 |[39m       [36mconst[39m { getByText } [33m=[39m render([33m<[39m[33mRouletteChip[39m amount[33m=[39m{[35m25[39m} size[33m=[39m{[35m20[39m} [33m/[39m[33m>[39m)[33m;[39m
     [90m    |[39m                                   [31m[1m^[22m[39m
     [90m 13 |[39m
     [90m 14 |[39m       expect(getByText([32m'25'[39m))[33m.[39mtoBeTruthy()[33m;[39m
     [90m 15 |[39m     })[33m;[39m[0m

      at Object.process.env.NODE_ENV.exports.create (node_modules/react-test-renderer/cjs/react-test-renderer.development.js:14598:17)
      at create (node_modules/@testing-library/react-native/src/render-act.ts:15:29)
      at callback (node_modules/@testing-library/react-native/src/act.ts:31:24)
      at process.env.NODE_ENV.exports.act (node_modules/react/cjs/react.development.js:789:22)
      at actImplementation (node_modules/@testing-library/react-native/src/act.ts:30:25)
      at renderWithAct (node_modules/@testing-library/react-native/src/render-act.ts:13:11)
      at renderInternal (node_modules/@testing-library/react-native/src/render.tsx:69:33)
      at renderInternal (node_modules/@testing-library/react-native/src/render.tsx:44:10)
      at Object.<anonymous> (src/components/roulette/RouletteChip.test.tsx:12:35)

  console.error
    react-test-renderer is deprecated. See https://react.dev/warnings/react-test-renderer

    [0m [90m  6 |[39m
     [90m  7 |[39m [36mconst[39m renderWithTheme [33m=[39m (component[33m:[39m [33mReact[39m[33m.[39m[33mReactElement[39m) [33m=>[39m {
    [31m[1m>[22m[39m[90m  8 |[39m   [36mreturn[39m render([33m<[39m[33mThemeProvider[39m[33m>[39m{component}[33m<[39m[33m/[39m[33mThemeProvider[39m[33m>[39m)[33m;[39m
     [90m    |[39m                [31m[1m^[22m[39m
     [90m  9 |[39m }[33m;[39m
     [90m 10 |[39m
     [90m 11 |[39m describe([32m'ActionLog'[39m[33m,[39m () [33m=>[39m {[0m

      at Object.process.env.NODE_ENV.exports.create (node_modules/react-test-renderer/cjs/react-test-renderer.development.js:14598:17)
      at create (node_modules/@testing-library/react-native/src/render-act.ts:15:29)
      at callback (node_modules/@testing-library/react-native/src/act.ts:31:24)
      at process.env.NODE_ENV.exports.act (node_modules/react/cjs/react.development.js:789:22)
      at actImplementation (node_modules/@testing-library/react-native/src/act.ts:30:25)
      at renderWithAct (node_modules/@testing-library/react-native/src/render-act.ts:13:11)
      at renderInternal (node_modules/@testing-library/react-native/src/render.tsx:69:33)
      at renderInternal (node_modules/@testing-library/react-native/src/render.tsx:44:10)
      at renderWithTheme (src/features/plo-training/components/ActionLog/ActionLog.test.tsx:8:16)
      at Object.renderWithTheme (src/features/plo-training/components/ActionLog/ActionLog.test.tsx:35:5)

  console.error
    react-test-renderer is deprecated. See https://react.dev/warnings/react-test-renderer

    [0m [90m  5 |[39m
     [90m  6 |[39m [36mconst[39m renderWithTheme [33m=[39m (component[33m:[39m [33mReact[39m[33m.[39m[33mReactElement[39m) [33m=>[39m {
    [31m[1m>[22m[39m[90m  7 |[39m   [36mreturn[39m render([33m<[39m[33mThemeProvider[39m[33m>[39m{component}[33m<[39m[33m/[39m[33mThemeProvider[39m[33m>[39m)[33m;[39m
     [90m    |[39m                [31m[1m^[22m[39m
     [90m  8 |[39m }[33m;[39m
     [90m  9 |[39m
     [90m 10 |[39m describe([32m'ExerciseStats'[39m[33m,[39m () [33m=>[39m {[0m

      at Object.process.env.NODE_ENV.exports.create (node_modules/react-test-renderer/cjs/react-test-renderer.development.js:14598:17)
      at create (node_modules/@testing-library/react-native/src/render-act.ts:15:29)
      at callback (node_modules/@testing-library/react-native/src/act.ts:31:24)
      at process.env.NODE_ENV.exports.act (node_modules/react/cjs/react.development.js:789:22)
      at actImplementation (node_modules/@testing-library/react-native/src/act.ts:30:25)
      at renderWithAct (node_modules/@testing-library/react-native/src/render-act.ts:13:11)
      at renderInternal (node_modules/@testing-library/react-native/src/render.tsx:69:33)
      at renderInternal (node_modules/@testing-library/react-native/src/render.tsx:44:10)
      at renderWithTheme (src/features/roulette-training/components/ExerciseStats/ExerciseStats.test.tsx:7:16)
      at Object.renderWithTheme (src/features/roulette-training/components/ExerciseStats/ExerciseStats.test.tsx:13:7)

  console.error
    react-test-renderer is deprecated. See https://react.dev/warnings/react-test-renderer

    [0m [90m  7 |[39m
     [90m  8 |[39m [36mconst[39m renderWithTheme [33m=[39m (component[33m:[39m [33mReact[39m[33m.[39m[33mReactElement[39m) [33m=>[39m {
    [31m[1m>[22m[39m[90m  9 |[39m   [36mreturn[39m render([33m<[39m[33mThemeProvider[39m[33m>[39m{component}[33m<[39m[33m/[39m[33mThemeProvider[39m[33m>[39m)[33m;[39m
     [90m    |[39m                [31m[1m^[22m[39m
     [90m 10 |[39m }[33m;[39m
     [90m 11 |[39m
     [90m 12 |[39m describe([32m'GameStateDisplay'[39m[33m,[39m () [33m=>[39m {[0m

      at Object.process.env.NODE_ENV.exports.create (node_modules/react-test-renderer/cjs/react-test-renderer.development.js:14598:17)
      at create (node_modules/@testing-library/react-native/src/render-act.ts:15:29)
      at callback (node_modules/@testing-library/react-native/src/act.ts:31:24)
      at process.env.NODE_ENV.exports.act (node_modules/react/cjs/react.development.js:789:22)
      at actImplementation (node_modules/@testing-library/react-native/src/act.ts:30:25)
      at renderWithAct (node_modules/@testing-library/react-native/src/render-act.ts:13:11)
      at renderInternal (node_modules/@testing-library/react-native/src/render.tsx:69:33)
      at renderInternal (node_modules/@testing-library/react-native/src/render.tsx:44:10)
      at renderWithTheme (src/features/plo-training/components/GameStateDisplay/GameStateDisplay.test.tsx:9:16)
      at Object.renderWithTheme (src/features/plo-training/components/GameStateDisplay/GameStateDisplay.test.tsx:25:5)

  console.error
    react-test-renderer is deprecated. See https://react.dev/warnings/react-test-renderer

    [0m [90m  6 |[39m
     [90m  7 |[39m [36mconst[39m renderWithTheme [33m=[39m (component[33m:[39m [33mReact[39m[33m.[39m[33mReactElement[39m) [33m=>[39m {
    [31m[1m>[22m[39m[90m  8 |[39m   [36mreturn[39m render([33m<[39m[33mThemeProvider[39m[33m>[39m{component}[33m<[39m[33m/[39m[33mThemeProvider[39m[33m>[39m)[33m;[39m
     [90m    |[39m                [31m[1m^[22m[39m
     [90m  9 |[39m }[33m;[39m
     [90m 10 |[39m
     [90m 11 |[39m describe([32m'ActionLog'[39m[33m,[39m () [33m=>[39m {[0m

      at Object.process.env.NODE_ENV.exports.create (node_modules/react-test-renderer/cjs/react-test-renderer.development.js:14598:17)
      at create (node_modules/@testing-library/react-native/src/render-act.ts:15:29)
      at callback (node_modules/@testing-library/react-native/src/act.ts:31:24)
      at process.env.NODE_ENV.exports.act (node_modules/react/cjs/react.development.js:789:22)
      at actImplementation (node_modules/@testing-library/react-native/src/act.ts:30:25)
      at renderWithAct (node_modules/@testing-library/react-native/src/render-act.ts:13:11)
      at renderInternal (node_modules/@testing-library/react-native/src/render.tsx:69:33)
      at renderInternal (node_modules/@testing-library/react-native/src/render.tsx:44:10)
      at renderWithTheme (src/features/plo-training/components/ActionLog/ActionLog.test.tsx:8:16)
      at Object.renderWithTheme (src/features/plo-training/components/ActionLog/ActionLog.test.tsx:42:5)

  console.error
    react-test-renderer is deprecated. See https://react.dev/warnings/react-test-renderer

    [0m [90m  5 |[39m
     [90m  6 |[39m [36mconst[39m renderWithTheme [33m=[39m (component[33m:[39m [33mReact[39m[33m.[39m[33mReactElement[39m) [33m=>[39m {
    [31m[1m>[22m[39m[90m  7 |[39m   [36mreturn[39m render([33m<[39m[33mThemeProvider[39m[33m>[39m{component}[33m<[39m[33m/[39m[33mThemeProvider[39m[33m>[39m)[33m;[39m
     [90m    |[39m                [31m[1m^[22m[39m
     [90m  8 |[39m }[33m;[39m
     [90m  9 |[39m
     [90m 10 |[39m describe([32m'HintSection'[39m[33m,[39m () [33m=>[39m {[0m

      at Object.process.env.NODE_ENV.exports.create (node_modules/react-test-renderer/cjs/react-test-renderer.development.js:14598:17)
      at create (node_modules/@testing-library/react-native/src/render-act.ts:15:29)
      at callback (node_modules/@testing-library/react-native/src/act.ts:31:24)
      at process.env.NODE_ENV.exports.act (node_modules/react/cjs/react.development.js:789:22)
      at actImplementation (node_modules/@testing-library/react-native/src/act.ts:30:25)
      at renderWithAct (node_modules/@testing-library/react-native/src/render-act.ts:13:11)
      at renderInternal (node_modules/@testing-library/react-native/src/render.tsx:69:33)
      at renderInternal (node_modules/@testing-library/react-native/src/render.tsx:44:10)
      at renderWithTheme (src/features/roulette-training/components/HintSection/HintSection.test.tsx:7:16)
      at Object.renderWithTheme (src/features/roulette-training/components/HintSection/HintSection.test.tsx:29:7)

  console.error
    react-test-renderer is deprecated. See https://react.dev/warnings/react-test-renderer

    [0m [90m  5 |[39m
     [90m  6 |[39m [36mconst[39m renderWithTheme [33m=[39m (component[33m:[39m [33mReact[39m[33m.[39m[33mReactElement[39m) [33m=>[39m {
    [31m[1m>[22m[39m[90m  7 |[39m   [36mreturn[39m render([33m<[39m[33mThemeProvider[39m[33m>[39m{component}[33m<[39m[33m/[39m[33mThemeProvider[39m[33m>[39m)[33m;[39m
     [90m    |[39m                [31m[1m^[22m[39m
     [90m  8 |[39m }[33m;[39m
     [90m  9 |[39m
     [90m 10 |[39m describe([32m'HintSection'[39m[33m,[39m () [33m=>[39m {[0m

      at Object.process.env.NODE_ENV.exports.create (node_modules/react-test-renderer/cjs/react-test-renderer.development.js:14598:17)
      at create (node_modules/@testing-library/react-native/src/render-act.ts:15:29)
      at callback (node_modules/@testing-library/react-native/src/act.ts:31:24)
      at process.env.NODE_ENV.exports.act (node_modules/react/cjs/react.development.js:789:22)
      at actImplementation (node_modules/@testing-library/react-native/src/act.ts:30:25)
      at renderWithAct (node_modules/@testing-library/react-native/src/render-act.ts:13:11)
      at renderInternal (node_modules/@testing-library/react-native/src/render.tsx:69:33)
      at renderInternal (node_modules/@testing-library/react-native/src/render.tsx:44:10)
      at renderWithTheme (src/features/roulette-training/components/HintSection/HintSection.test.tsx:7:16)
      at Object.renderWithTheme (src/features/roulette-training/components/HintSection/HintSection.test.tsx:39:7)

  console.error
    react-test-renderer is deprecated. See https://react.dev/warnings/react-test-renderer

    [0m [90m  6 |[39m
     [90m  7 |[39m [36mconst[39m renderWithTheme [33m=[39m (component[33m:[39m [33mReact[39m[33m.[39m[33mReactElement[39m) [33m=>[39m {
    [31m[1m>[22m[39m[90m  8 |[39m   [36mreturn[39m render([33m<[39m[33mThemeProvider[39m[33m>[39m{component}[33m<[39m[33m/[39m[33mThemeProvider[39m[33m>[39m)[33m;[39m
     [90m    |[39m                [31m[1m^[22m[39m
     [90m  9 |[39m }[33m;[39m
     [90m 10 |[39m
     [90m 11 |[39m describe([32m'ActionLog'[39m[33m,[39m () [33m=>[39m {[0m

      at Object.process.env.NODE_ENV.exports.create (node_modules/react-test-renderer/cjs/react-test-renderer.development.js:14598:17)
      at create (node_modules/@testing-library/react-native/src/render-act.ts:15:29)
      at callback (node_modules/@testing-library/react-native/src/act.ts:31:24)
      at process.env.NODE_ENV.exports.act (node_modules/react/cjs/react.development.js:789:22)
      at actImplementation (node_modules/@testing-library/react-native/src/act.ts:30:25)
      at renderWithAct (node_modules/@testing-library/react-native/src/render-act.ts:13:11)
      at renderInternal (node_modules/@testing-library/react-native/src/render.tsx:69:33)
      at renderInternal (node_modules/@testing-library/react-native/src/render.tsx:44:10)
      at renderWithTheme (src/features/plo-training/components/ActionLog/ActionLog.test.tsx:8:16)
      at Object.renderWithTheme (src/features/plo-training/components/ActionLog/ActionLog.test.tsx:59:5)

  console.error
    react-test-renderer is deprecated. See https://react.dev/warnings/react-test-renderer

    [0m [90m 16 |[39m
     [90m 17 |[39m     it([32m'should not render when amount is 0'[39m[33m,[39m () [33m=>[39m {
    [31m[1m>[22m[39m[90m 18 |[39m       [36mconst[39m { queryByText } [33m=[39m render([33m<[39m[33mRouletteChip[39m amount[33m=[39m{[35m0[39m} size[33m=[39m{[35m20[39m} [33m/[39m[33m>[39m)[33m;[39m
     [90m    |[39m                                     [31m[1m^[22m[39m
     [90m 19 |[39m
     [90m 20 |[39m       expect(queryByText([32m'0'[39m))[33m.[39mtoBeNull()[33m;[39m
     [90m 21 |[39m     })[33m;[39m[0m

      at Object.process.env.NODE_ENV.exports.create (node_modules/react-test-renderer/cjs/react-test-renderer.development.js:14598:17)
      at create (node_modules/@testing-library/react-native/src/render-act.ts:15:29)
      at callback (node_modules/@testing-library/react-native/src/act.ts:31:24)
      at process.env.NODE_ENV.exports.act (node_modules/react/cjs/react.development.js:789:22)
      at actImplementation (node_modules/@testing-library/react-native/src/act.ts:30:25)
      at renderWithAct (node_modules/@testing-library/react-native/src/render-act.ts:13:11)
      at renderInternal (node_modules/@testing-library/react-native/src/render.tsx:69:33)
      at renderInternal (node_modules/@testing-library/react-native/src/render.tsx:44:10)
      at Object.<anonymous> (src/components/roulette/RouletteChip.test.tsx:18:37)

  console.error
    react-test-renderer is deprecated. See https://react.dev/warnings/react-test-renderer

    [0m [90m  5 |[39m
     [90m  6 |[39m [36mconst[39m renderWithTheme [33m=[39m (component[33m:[39m [33mReact[39m[33m.[39m[33mReactElement[39m) [33m=>[39m {
    [31m[1m>[22m[39m[90m  7 |[39m   [36mreturn[39m render([33m<[39m[33mThemeProvider[39m[33m>[39m{component}[33m<[39m[33m/[39m[33mThemeProvider[39m[33m>[39m)[33m;[39m
     [90m    |[39m                [31m[1m^[22m[39m
     [90m  8 |[39m }[33m;[39m
     [90m  9 |[39m
     [90m 10 |[39m describe([32m'ExerciseStats'[39m[33m,[39m () [33m=>[39m {[0m

      at Object.process.env.NODE_ENV.exports.create (node_modules/react-test-renderer/cjs/react-test-renderer.development.js:14598:17)
      at create (node_modules/@testing-library/react-native/src/render-act.ts:15:29)
      at callback (node_modules/@testing-library/react-native/src/act.ts:31:24)
      at process.env.NODE_ENV.exports.act (node_modules/react/cjs/react.development.js:789:22)
      at actImplementation (node_modules/@testing-library/react-native/src/act.ts:30:25)
      at renderWithAct (node_modules/@testing-library/react-native/src/render-act.ts:13:11)
      at renderInternal (node_modules/@testing-library/react-native/src/render.tsx:69:33)
      at renderInternal (node_modules/@testing-library/react-native/src/render.tsx:44:10)
      at renderWithTheme (src/features/roulette-training/components/ExerciseStats/ExerciseStats.test.tsx:7:16)
      at Object.renderWithTheme (src/features/roulette-training/components/ExerciseStats/ExerciseStats.test.tsx:19:7)

  console.error
    react-test-renderer is deprecated. See https://react.dev/warnings/react-test-renderer

    [0m [90m  6 |[39m
     [90m  7 |[39m [36mconst[39m renderWithTheme [33m=[39m (component[33m:[39m [33mReact[39m[33m.[39m[33mReactElement[39m) [33m=>[39m {
    [31m[1m>[22m[39m[90m  8 |[39m   [36mreturn[39m render([33m<[39m[33mThemeProvider[39m[33m>[39m{component}[33m<[39m[33m/[39m[33mThemeProvider[39m[33m>[39m)[33m;[39m
     [90m    |[39m                [31m[1m^[22m[39m
     [90m  9 |[39m }[33m;[39m
     [90m 10 |[39m
     [90m 11 |[39m describe([32m'MenuListScreen'[39m[33m,[39m () [33m=>[39m {[0m

      at Object.process.env.NODE_ENV.exports.create (node_modules/react-test-renderer/cjs/react-test-renderer.development.js:14598:17)
      at create (node_modules/@testing-library/react-native/src/render-act.ts:15:29)
      at callback (node_modules/@testing-library/react-native/src/act.ts:31:24)
      at process.env.NODE_ENV.exports.act (node_modules/react/cjs/react.development.js:789:22)
      at actImplementation (node_modules/@testing-library/react-native/src/act.ts:30:25)
      at renderWithAct (node_modules/@testing-library/react-native/src/render-act.ts:13:11)
      at renderInternal (node_modules/@testing-library/react-native/src/render.tsx:69:33)
      at renderInternal (node_modules/@testing-library/react-native/src/render.tsx:44:10)
      at renderWithTheme (src/features/roulette-training/components/MenuListScreen/MenuListScreen.test.tsx:8:16)
      at Object.renderWithTheme (src/features/roulette-training/components/MenuListScreen/MenuListScreen.test.tsx:47:7)

  console.error
    react-test-renderer is deprecated. See https://react.dev/warnings/react-test-renderer

    [0m [90m  5 |[39m
     [90m  6 |[39m [36mconst[39m renderWithTheme [33m=[39m (component[33m:[39m [33mReact[39m[33m.[39m[33mReactElement[39m) [33m=>[39m {
    [31m[1m>[22m[39m[90m  7 |[39m   [36mreturn[39m render([33m<[39m[33mThemeProvider[39m[33m>[39m{component}[33m<[39m[33m/[39m[33mThemeProvider[39m[33m>[39m)[33m;[39m
     [90m    |[39m                [31m[1m^[22m[39m
     [90m  8 |[39m }[33m;[39m
     [90m  9 |[39m
     [90m 10 |[39m describe([32m'HintSection'[39m[33m,[39m () [33m=>[39m {[0m

      at Object.process.env.NODE_ENV.exports.create (node_modules/react-test-renderer/cjs/react-test-renderer.development.js:14598:17)
      at create (node_modules/@testing-library/react-native/src/render-act.ts:15:29)
      at callback (node_modules/@testing-library/react-native/src/act.ts:31:24)
      at process.env.NODE_ENV.exports.act (node_modules/react/cjs/react.development.js:789:22)
      at actImplementation (node_modules/@testing-library/react-native/src/act.ts:30:25)
      at renderWithAct (node_modules/@testing-library/react-native/src/render-act.ts:13:11)
      at renderInternal (node_modules/@testing-library/react-native/src/render.tsx:69:33)
      at renderInternal (node_modules/@testing-library/react-native/src/render.tsx:44:10)
      at renderWithTheme (src/features/roulette-training/components/HintSection/HintSection.test.tsx:7:16)
      at Object.renderWithTheme (src/features/roulette-training/components/HintSection/HintSection.test.tsx:51:7)

  console.error
    react-test-renderer is deprecated. See https://react.dev/warnings/react-test-renderer

    [0m [90m  6 |[39m   describe([32m'rendering'[39m[33m,[39m () [33m=>[39m {
     [90m  7 |[39m     it([32m'should render without crashing'[39m[33m,[39m () [33m=>[39m {
    [31m[1m>[22m[39m[90m  8 |[39m       [36mconst[39m { root } [33m=[39m render([33m<[39m[33mRacetrackLayout[39m [33m/[39m[33m>[39m)[33m;[39m
     [90m    |[39m                              [31m[1m^[22m[39m
     [90m  9 |[39m       expect(root)[33m.[39mtoBeDefined()[33m;[39m
     [90m 10 |[39m     })[33m;[39m
     [90m 11 |[39m[0m

      at Object.process.env.NODE_ENV.exports.create (node_modules/react-test-renderer/cjs/react-test-renderer.development.js:14598:17)
      at create (node_modules/@testing-library/react-native/src/render-act.ts:15:29)
      at callback (node_modules/@testing-library/react-native/src/act.ts:31:24)
      at process.env.NODE_ENV.exports.act (node_modules/react/cjs/react.development.js:789:22)
      at actImplementation (node_modules/@testing-library/react-native/src/act.ts:30:25)
      at renderWithAct (node_modules/@testing-library/react-native/src/render-act.ts:13:11)
      at renderInternal (node_modules/@testing-library/react-native/src/render.tsx:69:33)
      at renderInternal (node_modules/@testing-library/react-native/src/render.tsx:44:10)
      at Object.<anonymous> (src/features/racetrack/components/RacetrackLayout/RacetrackLayout.test.tsx:8:30)

  console.error
    react-test-renderer is deprecated. See https://react.dev/warnings/react-test-renderer

    [0m [90m  5 |[39m
     [90m  6 |[39m [36mconst[39m renderWithTheme [33m=[39m (component[33m:[39m [33mReact[39m[33m.[39m[33mReactElement[39m) [33m=>[39m {
    [31m[1m>[22m[39m[90m  7 |[39m   [36mreturn[39m render([33m<[39m[33mThemeProvider[39m[33m>[39m{component}[33m<[39m[33m/[39m[33mThemeProvider[39m[33m>[39m)[33m;[39m
     [90m    |[39m                [31m[1m^[22m[39m
     [90m  8 |[39m }[33m;[39m
     [90m  9 |[39m
     [90m 10 |[39m describe([32m'HintSection'[39m[33m,[39m () [33m=>[39m {[0m

      at Object.process.env.NODE_ENV.exports.create (node_modules/react-test-renderer/cjs/react-test-renderer.development.js:14598:17)
      at create (node_modules/@testing-library/react-native/src/render-act.ts:15:29)
      at callback (node_modules/@testing-library/react-native/src/act.ts:31:24)
      at process.env.NODE_ENV.exports.act (node_modules/react/cjs/react.development.js:789:22)
      at actImplementation (node_modules/@testing-library/react-native/src/act.ts:30:25)
      at renderWithAct (node_modules/@testing-library/react-native/src/render-act.ts:13:11)
      at renderInternal (node_modules/@testing-library/react-native/src/render.tsx:69:33)
      at renderInternal (node_modules/@testing-library/react-native/src/render.tsx:44:10)
      at renderWithTheme (src/features/roulette-training/components/HintSection/HintSection.test.tsx:7:16)
      at Object.renderWithTheme (src/features/roulette-training/components/HintSection/HintSection.test.tsx:61:7)

  console.error
    react-test-renderer is deprecated. See https://react.dev/warnings/react-test-renderer

    [0m [90m  6 |[39m
     [90m  7 |[39m [36mconst[39m renderWithTheme [33m=[39m (component[33m:[39m [33mReact[39m[33m.[39m[33mReactElement[39m) [33m=>[39m {
    [31m[1m>[22m[39m[90m  8 |[39m   [36mreturn[39m render([33m<[39m[33mThemeProvider[39m[33m>[39m{component}[33m<[39m[33m/[39m[33mThemeProvider[39m[33m>[39m)[33m;[39m
     [90m    |[39m                [31m[1m^[22m[39m
     [90m  9 |[39m }[33m;[39m
     [90m 10 |[39m
     [90m 11 |[39m describe([32m'ActionLog'[39m[33m,[39m () [33m=>[39m {[0m

      at Object.process.env.NODE_ENV.exports.create (node_modules/react-test-renderer/cjs/react-test-renderer.development.js:14598:17)
      at create (node_modules/@testing-library/react-native/src/render-act.ts:15:29)
      at callback (node_modules/@testing-library/react-native/src/act.ts:31:24)
      at process.env.NODE_ENV.exports.act (node_modules/react/cjs/react.development.js:789:22)
      at actImplementation (node_modules/@testing-library/react-native/src/act.ts:30:25)
      at renderWithAct (node_modules/@testing-library/react-native/src/render-act.ts:13:11)
      at renderInternal (node_modules/@testing-library/react-native/src/render.tsx:69:33)
      at renderInternal (node_modules/@testing-library/react-native/src/render.tsx:44:10)
      at renderWithTheme (src/features/plo-training/components/ActionLog/ActionLog.test.tsx:8:16)
      at Object.renderWithTheme (src/features/plo-training/components/ActionLog/ActionLog.test.tsx:68:5)

  console.error
    react-test-renderer is deprecated. See https://react.dev/warnings/react-test-renderer

    [0m [90m  5 |[39m
     [90m  6 |[39m [36mconst[39m renderWithTheme [33m=[39m (component[33m:[39m [33mReact[39m[33m.[39m[33mReactElement[39m) [33m=>[39m {
    [31m[1m>[22m[39m[90m  7 |[39m   [36mreturn[39m render([33m<[39m[33mThemeProvider[39m[33m>[39m{component}[33m<[39m[33m/[39m[33mThemeProvider[39m[33m>[39m)[33m;[39m
     [90m    |[39m                [31m[1m^[22m[39m
     [90m  8 |[39m }[33m;[39m
     [90m  9 |[39m
     [90m 10 |[39m describe([32m'ExerciseStats'[39m[33m,[39m () [33m=>[39m {[0m

      at Object.process.env.NODE_ENV.exports.create (node_modules/react-test-renderer/cjs/react-test-renderer.development.js:14598:17)
      at create (node_modules/@testing-library/react-native/src/render-act.ts:15:29)
      at callback (node_modules/@testing-library/react-native/src/act.ts:31:24)
      at process.env.NODE_ENV.exports.act (node_modules/react/cjs/react.development.js:789:22)
      at actImplementation (node_modules/@testing-library/react-native/src/act.ts:30:25)
      at renderWithAct (node_modules/@testing-library/react-native/src/render-act.ts:13:11)
      at renderInternal (node_modules/@testing-library/react-native/src/render.tsx:69:33)
      at renderInternal (node_modules/@testing-library/react-native/src/render.tsx:44:10)
      at renderWithTheme (src/features/roulette-training/components/ExerciseStats/ExerciseStats.test.tsx:7:16)
      at Object.renderWithTheme (src/features/roulette-training/components/ExerciseStats/ExerciseStats.test.tsx:25:7)

  console.error
    react-test-renderer is deprecated. See https://react.dev/warnings/react-test-renderer

    [0m [90m 25 |[39m
     [90m 26 |[39m       amounts[33m.[39mforEach(amount [33m=>[39m {
    [31m[1m>[22m[39m[90m 27 |[39m         [36mconst[39m { getByText } [33m=[39m render([33m<[39m[33mRouletteChip[39m amount[33m=[39m{amount} size[33m=[39m{[35m20[39m} [33m/[39m[33m>[39m)[33m;[39m
     [90m    |[39m                                     [31m[1m^[22m[39m
     [90m 28 |[39m         expect(getByText([33mString[39m(amount)))[33m.[39mtoBeTruthy()[33m;[39m
     [90m 29 |[39m       })[33m;[39m
     [90m 30 |[39m     })[33m;[39m[0m

      at Object.process.env.NODE_ENV.exports.create (node_modules/react-test-renderer/cjs/react-test-renderer.development.js:14598:17)
      at create (node_modules/@testing-library/react-native/src/render-act.ts:15:29)
      at callback (node_modules/@testing-library/react-native/src/act.ts:31:24)
      at process.env.NODE_ENV.exports.act (node_modules/react/cjs/react.development.js:789:22)
      at actImplementation (node_modules/@testing-library/react-native/src/act.ts:30:25)
      at renderWithAct (node_modules/@testing-library/react-native/src/render-act.ts:13:11)
      at renderInternal (node_modules/@testing-library/react-native/src/render.tsx:69:33)
      at renderInternal (node_modules/@testing-library/react-native/src/render.tsx:44:10)
      at src/components/roulette/RouletteChip.test.tsx:27:37
          at Array.forEach (<anonymous>)
      at Object.forEach (src/components/roulette/RouletteChip.test.tsx:26:15)

  console.error
    react-test-renderer is deprecated. See https://react.dev/warnings/react-test-renderer

    [0m [90m  5 |[39m   describe([32m'initialization'[39m[33m,[39m () [33m=>[39m {
     [90m  6 |[39m     it([32m'should initialize with default values'[39m[33m,[39m () [33m=>[39m {
    [31m[1m>[22m[39m[90m  7 |[39m       [36mconst[39m { result } [33m=[39m renderHook(() [33m=>[39m useExerciseState())[33m;[39m
     [90m    |[39m                                    [31m[1m^[22m[39m
     [90m  8 |[39m
     [90m  9 |[39m       expect(result[33m.[39mcurrent[33m.[39muserAnswer)[33m.[39mtoBe([32m''[39m)[33m;[39m
     [90m 10 |[39m       expect(result[33m.[39mcurrent[33m.[39mscore)[33m.[39mtoBe([35m0[39m)[33m;[39m[0m

      at Object.process.env.NODE_ENV.exports.create (node_modules/react-test-renderer/cjs/react-test-renderer.development.js:14598:17)
      at create (node_modules/@testing-library/react-native/src/render-act.ts:15:29)
      at callback (node_modules/@testing-library/react-native/src/act.ts:31:24)
      at process.env.NODE_ENV.exports.act (node_modules/react/cjs/react.development.js:789:22)
      at actImplementation (node_modules/@testing-library/react-native/src/act.ts:30:25)
      at renderWithAct (node_modules/@testing-library/react-native/src/render-act.ts:13:11)
      at renderInternal (node_modules/@testing-library/react-native/src/render.tsx:69:33)
      at renderInternal (node_modules/@testing-library/react-native/src/render.tsx:44:10)
      at renderHook (node_modules/@testing-library/react-native/src/render-hook.tsx:55:58)
      at Object.<anonymous> (src/features/roulette-training/screens/exercises/CalculationScreen/useExerciseState.test.ts:7:36)

  console.error
    react-test-renderer is deprecated. See https://react.dev/warnings/react-test-renderer

    [0m [90m  6 |[39m
     [90m  7 |[39m [36mconst[39m renderWithTheme [33m=[39m (component[33m:[39m [33mReact[39m[33m.[39m[33mReactElement[39m) [33m=>[39m {
    [31m[1m>[22m[39m[90m  8 |[39m   [36mreturn[39m render([33m<[39m[33mThemeProvider[39m[33m>[39m{component}[33m<[39m[33m/[39m[33mThemeProvider[39m[33m>[39m)[33m;[39m
     [90m    |[39m                [31m[1m^[22m[39m
     [90m  9 |[39m }[33m;[39m
     [90m 10 |[39m
     [90m 11 |[39m describe([32m'ActionLog'[39m[33m,[39m () [33m=>[39m {[0m

      at Object.process.env.NODE_ENV.exports.create (node_modules/react-test-renderer/cjs/react-test-renderer.development.js:14598:17)
      at create (node_modules/@testing-library/react-native/src/render-act.ts:15:29)
      at callback (node_modules/@testing-library/react-native/src/act.ts:31:24)
      at process.env.NODE_ENV.exports.act (node_modules/react/cjs/react.development.js:789:22)
      at actImplementation (node_modules/@testing-library/react-native/src/act.ts:30:25)
      at renderWithAct (node_modules/@testing-library/react-native/src/render-act.ts:13:11)
      at renderInternal (node_modules/@testing-library/react-native/src/render.tsx:69:33)
      at renderInternal (node_modules/@testing-library/react-native/src/render.tsx:44:10)
      at renderWithTheme (src/features/plo-training/components/ActionLog/ActionLog.test.tsx:8:16)
      at Object.renderWithTheme (src/features/plo-training/components/ActionLog/ActionLog.test.tsx:75:5)

  console.error
    react-test-renderer is deprecated. See https://react.dev/warnings/react-test-renderer

    [0m [90m  5 |[39m
     [90m  6 |[39m [36mconst[39m renderWithTheme [33m=[39m (component[33m:[39m [33mReact[39m[33m.[39m[33mReactElement[39m) [33m=>[39m {
    [31m[1m>[22m[39m[90m  7 |[39m   [36mreturn[39m render([33m<[39m[33mThemeProvider[39m[33m>[39m{component}[33m<[39m[33m/[39m[33mThemeProvider[39m[33m>[39m)[33m;[39m
     [90m    |[39m                [31m[1m^[22m[39m
     [90m  8 |[39m }[33m;[39m
     [90m  9 |[39m
     [90m 10 |[39m describe([32m'HintSection'[39m[33m,[39m () [33m=>[39m {[0m

      at Object.process.env.NODE_ENV.exports.create (node_modules/react-test-renderer/cjs/react-test-renderer.development.js:14598:17)
      at create (node_modules/@testing-library/react-native/src/render-act.ts:15:29)
      at callback (node_modules/@testing-library/react-native/src/act.ts:31:24)
      at process.env.NODE_ENV.exports.act (node_modules/react/cjs/react.development.js:789:22)
      at actImplementation (node_modules/@testing-library/react-native/src/act.ts:30:25)
      at renderWithAct (node_modules/@testing-library/react-native/src/render-act.ts:13:11)
      at renderInternal (node_modules/@testing-library/react-native/src/render.tsx:69:33)
      at renderInternal (node_modules/@testing-library/react-native/src/render.tsx:44:10)
      at renderWithTheme (src/features/roulette-training/components/HintSection/HintSection.test.tsx:7:16)
      at Object.renderWithTheme (src/features/roulette-training/components/HintSection/HintSection.test.tsx:72:7)

  console.error
    react-test-renderer is deprecated. See https://react.dev/warnings/react-test-renderer

    [0m [90m  5 |[39m
     [90m  6 |[39m [36mconst[39m renderWithTheme [33m=[39m (component[33m:[39m [33mReact[39m[33m.[39m[33mReactElement[39m) [33m=>[39m {
    [31m[1m>[22m[39m[90m  7 |[39m   [36mreturn[39m render([33m<[39m[33mThemeProvider[39m[33m>[39m{component}[33m<[39m[33m/[39m[33mThemeProvider[39m[33m>[39m)[33m;[39m
     [90m    |[39m                [31m[1m^[22m[39m
     [90m  8 |[39m }[33m;[39m
     [90m  9 |[39m
     [90m 10 |[39m describe([32m'ExerciseStats'[39m[33m,[39m () [33m=>[39m {[0m

      at Object.process.env.NODE_ENV.exports.create (node_modules/react-test-renderer/cjs/react-test-renderer.development.js:14598:17)
      at create (node_modules/@testing-library/react-native/src/render-act.ts:15:29)
      at callback (node_modules/@testing-library/react-native/src/act.ts:31:24)
      at process.env.NODE_ENV.exports.act (node_modules/react/cjs/react.development.js:789:22)
      at actImplementation (node_modules/@testing-library/react-native/src/act.ts:30:25)
      at renderWithAct (node_modules/@testing-library/react-native/src/render-act.ts:13:11)
      at renderInternal (node_modules/@testing-library/react-native/src/render.tsx:69:33)
      at renderInternal (node_modules/@testing-library/react-native/src/render.tsx:44:10)
      at renderWithTheme (src/features/roulette-training/components/ExerciseStats/ExerciseStats.test.tsx:7:16)
      at Object.renderWithTheme (src/features/roulette-training/components/ExerciseStats/ExerciseStats.test.tsx:31:7)

  console.error
    react-test-renderer is deprecated. See https://react.dev/warnings/react-test-renderer

    [0m [90m  6 |[39m
     [90m  7 |[39m [36mconst[39m renderWithTheme [33m=[39m (component[33m:[39m [33mReact[39m[33m.[39m[33mReactElement[39m) [33m=>[39m {
    [31m[1m>[22m[39m[90m  8 |[39m   [36mreturn[39m render([33m<[39m[33mThemeProvider[39m[33m>[39m{component}[33m<[39m[33m/[39m[33mThemeProvider[39m[33m>[39m)[33m;[39m
     [90m    |[39m                [31m[1m^[22m[39m
     [90m  9 |[39m }[33m;[39m
     [90m 10 |[39m
     [90m 11 |[39m describe([32m'ActionLog'[39m[33m,[39m () [33m=>[39m {[0m

      at Object.process.env.NODE_ENV.exports.create (node_modules/react-test-renderer/cjs/react-test-renderer.development.js:14598:17)
      at create (node_modules/@testing-library/react-native/src/render-act.ts:15:29)
      at callback (node_modules/@testing-library/react-native/src/act.ts:31:24)
      at process.env.NODE_ENV.exports.act (node_modules/react/cjs/react.development.js:789:22)
      at actImplementation (node_modules/@testing-library/react-native/src/act.ts:30:25)
      at renderWithAct (node_modules/@testing-library/react-native/src/render-act.ts:13:11)
      at renderInternal (node_modules/@testing-library/react-native/src/render.tsx:69:33)
      at renderInternal (node_modules/@testing-library/react-native/src/render.tsx:44:10)
      at renderWithTheme (src/features/plo-training/components/ActionLog/ActionLog.test.tsx:8:16)
      at renderWithTheme (src/features/plo-training/components/ActionLog/ActionLog.test.tsx:82:27)
          at Array.forEach (<anonymous>)
      at Object.forEach (src/features/plo-training/components/ActionLog/ActionLog.test.tsx:81:11)

  console.error
    react-test-renderer is deprecated. See https://react.dev/warnings/react-test-renderer

    [0m [90m  5 |[39m
     [90m  6 |[39m [36mconst[39m renderWithTheme [33m=[39m (component[33m:[39m [33mReact[39m[33m.[39m[33mReactElement[39m) [33m=>[39m {
    [31m[1m>[22m[39m[90m  7 |[39m   [36mreturn[39m render([33m<[39m[33mThemeProvider[39m[33m>[39m{component}[33m<[39m[33m/[39m[33mThemeProvider[39m[33m>[39m)[33m;[39m
     [90m    |[39m                [31m[1m^[22m[39m
     [90m  8 |[39m }[33m;[39m
     [90m  9 |[39m
     [90m 10 |[39m describe([32m'HintSection'[39m[33m,[39m () [33m=>[39m {[0m

      at Object.process.env.NODE_ENV.exports.create (node_modules/react-test-renderer/cjs/react-test-renderer.development.js:14598:17)
      at create (node_modules/@testing-library/react-native/src/render-act.ts:15:29)
      at callback (node_modules/@testing-library/react-native/src/act.ts:31:24)
      at process.env.NODE_ENV.exports.act (node_modules/react/cjs/react.development.js:789:22)
      at actImplementation (node_modules/@testing-library/react-native/src/act.ts:30:25)
      at renderWithAct (node_modules/@testing-library/react-native/src/render-act.ts:13:11)
      at renderInternal (node_modules/@testing-library/react-native/src/render.tsx:69:33)
      at renderInternal (node_modules/@testing-library/react-native/src/render.tsx:44:10)
      at renderWithTheme (src/features/roulette-training/components/HintSection/HintSection.test.tsx:7:16)
      at Object.renderWithTheme (src/features/roulette-training/components/HintSection/HintSection.test.tsx:83:7)

  console.error
    react-test-renderer is deprecated. See https://react.dev/warnings/react-test-renderer

    [0m [90m 25 |[39m
     [90m 26 |[39m       amounts[33m.[39mforEach(amount [33m=>[39m {
    [31m[1m>[22m[39m[90m 27 |[39m         [36mconst[39m { getByText } [33m=[39m render([33m<[39m[33mRouletteChip[39m amount[33m=[39m{amount} size[33m=[39m{[35m20[39m} [33m/[39m[33m>[39m)[33m;[39m
     [90m    |[39m                                     [31m[1m^[22m[39m
     [90m 28 |[39m         expect(getByText([33mString[39m(amount)))[33m.[39mtoBeTruthy()[33m;[39m
     [90m 29 |[39m       })[33m;[39m
     [90m 30 |[39m     })[33m;[39m[0m

      at Object.process.env.NODE_ENV.exports.create (node_modules/react-test-renderer/cjs/react-test-renderer.development.js:14598:17)
      at create (node_modules/@testing-library/react-native/src/render-act.ts:15:29)
      at callback (node_modules/@testing-library/react-native/src/act.ts:31:24)
      at process.env.NODE_ENV.exports.act (node_modules/react/cjs/react.development.js:789:22)
      at actImplementation (node_modules/@testing-library/react-native/src/act.ts:30:25)
      at renderWithAct (node_modules/@testing-library/react-native/src/render-act.ts:13:11)
      at renderInternal (node_modules/@testing-library/react-native/src/render.tsx:69:33)
      at renderInternal (node_modules/@testing-library/react-native/src/render.tsx:44:10)
      at src/components/roulette/RouletteChip.test.tsx:27:37
          at Array.forEach (<anonymous>)
      at Object.forEach (src/components/roulette/RouletteChip.test.tsx:26:15)

  console.error
    react-test-renderer is deprecated. See https://react.dev/warnings/react-test-renderer

    [0m [90m  6 |[39m
     [90m  7 |[39m [36mconst[39m renderWithTheme [33m=[39m (component[33m:[39m [33mReact[39m[33m.[39m[33mReactElement[39m) [33m=>[39m {
    [31m[1m>[22m[39m[90m  8 |[39m   [36mreturn[39m render([33m<[39m[33mThemeProvider[39m[33m>[39m{component}[33m<[39m[33m/[39m[33mThemeProvider[39m[33m>[39m)[33m;[39m
     [90m    |[39m                [31m[1m^[22m[39m
     [90m  9 |[39m }[33m;[39m
     [90m 10 |[39m
     [90m 11 |[39m describe([32m'ActionLog'[39m[33m,[39m () [33m=>[39m {[0m

      at Object.process.env.NODE_ENV.exports.create (node_modules/react-test-renderer/cjs/react-test-renderer.development.js:14598:17)
      at create (node_modules/@testing-library/react-native/src/render-act.ts:15:29)
      at callback (node_modules/@testing-library/react-native/src/act.ts:31:24)
      at process.env.NODE_ENV.exports.act (node_modules/react/cjs/react.development.js:789:22)
      at actImplementation (node_modules/@testing-library/react-native/src/act.ts:30:25)
      at renderWithAct (node_modules/@testing-library/react-native/src/render-act.ts:13:11)
      at renderInternal (node_modules/@testing-library/react-native/src/render.tsx:69:33)
      at renderInternal (node_modules/@testing-library/react-native/src/render.tsx:44:10)
      at renderWithTheme (src/features/plo-training/components/ActionLog/ActionLog.test.tsx:8:16)
      at renderWithTheme (src/features/plo-training/components/ActionLog/ActionLog.test.tsx:82:27)
          at Array.forEach (<anonymous>)
      at Object.forEach (src/features/plo-training/components/ActionLog/ActionLog.test.tsx:81:11)

  console.error
    react-test-renderer is deprecated. See https://react.dev/warnings/react-test-renderer

    [0m [90m  5 |[39m
     [90m  6 |[39m [36mconst[39m renderWithTheme [33m=[39m (component[33m:[39m [33mReact[39m[33m.[39m[33mReactElement[39m) [33m=>[39m {
    [31m[1m>[22m[39m[90m  7 |[39m   [36mreturn[39m render([33m<[39m[33mThemeProvider[39m[33m>[39m{component}[33m<[39m[33m/[39m[33mThemeProvider[39m[33m>[39m)[33m;[39m
     [90m    |[39m                [31m[1m^[22m[39m
     [90m  8 |[39m }[33m;[39m
     [90m  9 |[39m
     [90m 10 |[39m describe([32m'ExerciseStats'[39m[33m,[39m () [33m=>[39m {[0m

      at Object.process.env.NODE_ENV.exports.create (node_modules/react-test-renderer/cjs/react-test-renderer.development.js:14598:17)
      at create (node_modules/@testing-library/react-native/src/render-act.ts:15:29)
      at callback (node_modules/@testing-library/react-native/src/act.ts:31:24)
      at process.env.NODE_ENV.exports.act (node_modules/react/cjs/react.development.js:789:22)
      at actImplementation (node_modules/@testing-library/react-native/src/act.ts:30:25)
      at renderWithAct (node_modules/@testing-library/react-native/src/render-act.ts:13:11)
      at renderInternal (node_modules/@testing-library/react-native/src/render.tsx:69:33)
      at renderInternal (node_modules/@testing-library/react-native/src/render.tsx:44:10)
      at renderWithTheme (src/features/roulette-training/components/ExerciseStats/ExerciseStats.test.tsx:7:16)
      at Object.renderWithTheme (src/features/roulette-training/components/ExerciseStats/ExerciseStats.test.tsx:39:7)

  console.error
    react-test-renderer is deprecated. See https://react.dev/warnings/react-test-renderer

    [0m [90m  5 |[39m
     [90m  6 |[39m [36mconst[39m renderWithTheme [33m=[39m (component[33m:[39m [33mReact[39m[33m.[39m[33mReactElement[39m) [33m=>[39m {
    [31m[1m>[22m[39m[90m  7 |[39m   [36mreturn[39m render([33m<[39m[33mThemeProvider[39m[33m>[39m{component}[33m<[39m[33m/[39m[33mThemeProvider[39m[33m>[39m)[33m;[39m
     [90m    |[39m                [31m[1m^[22m[39m
     [90m  8 |[39m }[33m;[39m
     [90m  9 |[39m
     [90m 10 |[39m describe([32m'HintSection'[39m[33m,[39m () [33m=>[39m {[0m

      at Object.process.env.NODE_ENV.exports.create (node_modules/react-test-renderer/cjs/react-test-renderer.development.js:14598:17)
      at create (node_modules/@testing-library/react-native/src/render-act.ts:15:29)
      at callback (node_modules/@testing-library/react-native/src/act.ts:31:24)
      at process.env.NODE_ENV.exports.act (node_modules/react/cjs/react.development.js:789:22)
      at actImplementation (node_modules/@testing-library/react-native/src/act.ts:30:25)
      at renderWithAct (node_modules/@testing-library/react-native/src/render-act.ts:13:11)
      at renderInternal (node_modules/@testing-library/react-native/src/render.tsx:69:33)
      at renderInternal (node_modules/@testing-library/react-native/src/render.tsx:44:10)
      at renderWithTheme (src/features/roulette-training/components/HintSection/HintSection.test.tsx:7:16)
      at Object.renderWithTheme (src/features/roulette-training/components/HintSection/HintSection.test.tsx:95:7)

  console.error
    react-test-renderer is deprecated. See https://react.dev/warnings/react-test-renderer

    [0m [90m 25 |[39m
     [90m 26 |[39m       amounts[33m.[39mforEach(amount [33m=>[39m {
    [31m[1m>[22m[39m[90m 27 |[39m         [36mconst[39m { getByText } [33m=[39m render([33m<[39m[33mRouletteChip[39m amount[33m=[39m{amount} size[33m=[39m{[35m20[39m} [33m/[39m[33m>[39m)[33m;[39m
     [90m    |[39m                                     [31m[1m^[22m[39m
     [90m 28 |[39m         expect(getByText([33mString[39m(amount)))[33m.[39mtoBeTruthy()[33m;[39m
     [90m 29 |[39m       })[33m;[39m
     [90m 30 |[39m     })[33m;[39m[0m

      at Object.process.env.NODE_ENV.exports.create (node_modules/react-test-renderer/cjs/react-test-renderer.development.js:14598:17)
      at create (node_modules/@testing-library/react-native/src/render-act.ts:15:29)
      at callback (node_modules/@testing-library/react-native/src/act.ts:31:24)
      at process.env.NODE_ENV.exports.act (node_modules/react/cjs/react.development.js:789:22)
      at actImplementation (node_modules/@testing-library/react-native/src/act.ts:30:25)
      at renderWithAct (node_modules/@testing-library/react-native/src/render-act.ts:13:11)
      at renderInternal (node_modules/@testing-library/react-native/src/render.tsx:69:33)
      at renderInternal (node_modules/@testing-library/react-native/src/render.tsx:44:10)
      at src/components/roulette/RouletteChip.test.tsx:27:37
          at Array.forEach (<anonymous>)
      at Object.forEach (src/components/roulette/RouletteChip.test.tsx:26:15)

  console.error
    react-test-renderer is deprecated. See https://react.dev/warnings/react-test-renderer

    [0m [90m  6 |[39m
     [90m  7 |[39m [36mconst[39m renderWithTheme [33m=[39m (component[33m:[39m [33mReact[39m[33m.[39m[33mReactElement[39m) [33m=>[39m {
    [31m[1m>[22m[39m[90m  8 |[39m   [36mreturn[39m render([33m<[39m[33mThemeProvider[39m[33m>[39m{component}[33m<[39m[33m/[39m[33mThemeProvider[39m[33m>[39m)[33m;[39m
     [90m    |[39m                [31m[1m^[22m[39m
     [90m  9 |[39m }[33m;[39m
     [90m 10 |[39m
     [90m 11 |[39m describe([32m'ActionLog'[39m[33m,[39m () [33m=>[39m {[0m

      at Object.process.env.NODE_ENV.exports.create (node_modules/react-test-renderer/cjs/react-test-renderer.development.js:14598:17)
      at create (node_modules/@testing-library/react-native/src/render-act.ts:15:29)
      at callback (node_modules/@testing-library/react-native/src/act.ts:31:24)
      at process.env.NODE_ENV.exports.act (node_modules/react/cjs/react.development.js:789:22)
      at actImplementation (node_modules/@testing-library/react-native/src/act.ts:30:25)
      at renderWithAct (node_modules/@testing-library/react-native/src/render-act.ts:13:11)
      at renderInternal (node_modules/@testing-library/react-native/src/render.tsx:69:33)
      at renderInternal (node_modules/@testing-library/react-native/src/render.tsx:44:10)
      at renderWithTheme (src/features/plo-training/components/ActionLog/ActionLog.test.tsx:8:16)
      at renderWithTheme (src/features/plo-training/components/ActionLog/ActionLog.test.tsx:82:27)
          at Array.forEach (<anonymous>)
      at Object.forEach (src/features/plo-training/components/ActionLog/ActionLog.test.tsx:81:11)

  console.error
    react-test-renderer is deprecated. See https://react.dev/warnings/react-test-renderer

    [0m [90m  5 |[39m
     [90m  6 |[39m [36mconst[39m renderWithTheme [33m=[39m (component[33m:[39m [33mReact[39m[33m.[39m[33mReactElement[39m) [33m=>[39m {
    [31m[1m>[22m[39m[90m  7 |[39m   [36mreturn[39m render([33m<[39m[33mThemeProvider[39m[33m>[39m{component}[33m<[39m[33m/[39m[33mThemeProvider[39m[33m>[39m)[33m;[39m
     [90m    |[39m                [31m[1m^[22m[39m
     [90m  8 |[39m }[33m;[39m
     [90m  9 |[39m
     [90m 10 |[39m describe([32m'ExerciseStats'[39m[33m,[39m () [33m=>[39m {[0m

      at Object.process.env.NODE_ENV.exports.create (node_modules/react-test-renderer/cjs/react-test-renderer.development.js:14598:17)
      at create (node_modules/@testing-library/react-native/src/render-act.ts:15:29)
      at callback (node_modules/@testing-library/react-native/src/act.ts:31:24)
      at process.env.NODE_ENV.exports.act (node_modules/react/cjs/react.development.js:789:22)
      at actImplementation (node_modules/@testing-library/react-native/src/act.ts:30:25)
      at renderWithAct (node_modules/@testing-library/react-native/src/render-act.ts:13:11)
      at renderInternal (node_modules/@testing-library/react-native/src/render.tsx:69:33)
      at renderInternal (node_modules/@testing-library/react-native/src/render.tsx:44:10)
      at renderWithTheme (src/features/roulette-training/components/ExerciseStats/ExerciseStats.test.tsx:7:16)
      at Object.renderWithTheme (src/features/roulette-training/components/ExerciseStats/ExerciseStats.test.tsx:45:7)

  console.error
    react-test-renderer is deprecated. See https://react.dev/warnings/react-test-renderer

    [0m [90m  6 |[39m
     [90m  7 |[39m [36mconst[39m renderWithTheme [33m=[39m (component[33m:[39m [33mReact[39m[33m.[39m[33mReactElement[39m) [33m=>[39m {
    [31m[1m>[22m[39m[90m  8 |[39m   [36mreturn[39m render([33m<[39m[33mThemeProvider[39m[33m>[39m{component}[33m<[39m[33m/[39m[33mThemeProvider[39m[33m>[39m)[33m;[39m
     [90m    |[39m                [31m[1m^[22m[39m
     [90m  9 |[39m }[33m;[39m
     [90m 10 |[39m
     [90m 11 |[39m describe([32m'ActionLog'[39m[33m,[39m () [33m=>[39m {[0m

      at Object.process.env.NODE_ENV.exports.create (node_modules/react-test-renderer/cjs/react-test-renderer.development.js:14598:17)
      at create (node_modules/@testing-library/react-native/src/render-act.ts:15:29)
      at callback (node_modules/@testing-library/react-native/src/act.ts:31:24)
      at process.env.NODE_ENV.exports.act (node_modules/react/cjs/react.development.js:789:22)
      at actImplementation (node_modules/@testing-library/react-native/src/act.ts:30:25)
      at renderWithAct (node_modules/@testing-library/react-native/src/render-act.ts:13:11)
      at renderInternal (node_modules/@testing-library/react-native/src/render.tsx:69:33)
      at renderInternal (node_modules/@testing-library/react-native/src/render.tsx:44:10)
      at renderWithTheme (src/features/plo-training/components/ActionLog/ActionLog.test.tsx:8:16)
      at renderWithTheme (src/features/plo-training/components/ActionLog/ActionLog.test.tsx:82:27)
          at Array.forEach (<anonymous>)
      at Object.forEach (src/features/plo-training/components/ActionLog/ActionLog.test.tsx:81:11)

  console.error
    react-test-renderer is deprecated. See https://react.dev/warnings/react-test-renderer

    [0m [90m  5 |[39m
     [90m  6 |[39m [36mconst[39m renderWithTheme [33m=[39m (component[33m:[39m [33mReact[39m[33m.[39m[33mReactElement[39m) [33m=>[39m {
    [31m[1m>[22m[39m[90m  7 |[39m   [36mreturn[39m render([33m<[39m[33mThemeProvider[39m[33m>[39m{component}[33m<[39m[33m/[39m[33mThemeProvider[39m[33m>[39m)[33m;[39m
     [90m    |[39m                [31m[1m^[22m[39m
     [90m  8 |[39m }[33m;[39m
     [90m  9 |[39m
     [90m 10 |[39m describe([32m'HintSection'[39m[33m,[39m () [33m=>[39m {[0m

      at Object.process.env.NODE_ENV.exports.create (node_modules/react-test-renderer/cjs/react-test-renderer.development.js:14598:17)
      at create (node_modules/@testing-library/react-native/src/render-act.ts:15:29)
      at callback (node_modules/@testing-library/react-native/src/act.ts:31:24)
      at process.env.NODE_ENV.exports.act (node_modules/react/cjs/react.development.js:789:22)
      at actImplementation (node_modules/@testing-library/react-native/src/act.ts:30:25)
      at renderWithAct (node_modules/@testing-library/react-native/src/render-act.ts:13:11)
      at renderInternal (node_modules/@testing-library/react-native/src/render.tsx:69:33)
      at renderInternal (node_modules/@testing-library/react-native/src/render.tsx:44:10)
      at renderWithTheme (src/features/roulette-training/components/HintSection/HintSection.test.tsx:7:16)
      at Object.renderWithTheme (src/features/roulette-training/components/HintSection/HintSection.test.tsx:108:7)

  console.error
    react-test-renderer is deprecated. See https://react.dev/warnings/react-test-renderer

    [0m [90m 25 |[39m
     [90m 26 |[39m       amounts[33m.[39mforEach(amount [33m=>[39m {
    [31m[1m>[22m[39m[90m 27 |[39m         [36mconst[39m { getByText } [33m=[39m render([33m<[39m[33mRouletteChip[39m amount[33m=[39m{amount} size[33m=[39m{[35m20[39m} [33m/[39m[33m>[39m)[33m;[39m
     [90m    |[39m                                     [31m[1m^[22m[39m
     [90m 28 |[39m         expect(getByText([33mString[39m(amount)))[33m.[39mtoBeTruthy()[33m;[39m
     [90m 29 |[39m       })[33m;[39m
     [90m 30 |[39m     })[33m;[39m[0m

      at Object.process.env.NODE_ENV.exports.create (node_modules/react-test-renderer/cjs/react-test-renderer.development.js:14598:17)
      at create (node_modules/@testing-library/react-native/src/render-act.ts:15:29)
      at callback (node_modules/@testing-library/react-native/src/act.ts:31:24)
      at process.env.NODE_ENV.exports.act (node_modules/react/cjs/react.development.js:789:22)
      at actImplementation (node_modules/@testing-library/react-native/src/act.ts:30:25)
      at renderWithAct (node_modules/@testing-library/react-native/src/render-act.ts:13:11)
      at renderInternal (node_modules/@testing-library/react-native/src/render.tsx:69:33)
      at renderInternal (node_modules/@testing-library/react-native/src/render.tsx:44:10)
      at src/components/roulette/RouletteChip.test.tsx:27:37
          at Array.forEach (<anonymous>)
      at Object.forEach (src/components/roulette/RouletteChip.test.tsx:26:15)

  console.error
    react-test-renderer is deprecated. See https://react.dev/warnings/react-test-renderer

    [0m [90m  5 |[39m
     [90m  6 |[39m [36mconst[39m renderWithTheme [33m=[39m (component[33m:[39m [33mReact[39m[33m.[39m[33mReactElement[39m) [33m=>[39m {
    [31m[1m>[22m[39m[90m  7 |[39m   [36mreturn[39m render([33m<[39m[33mThemeProvider[39m[33m>[39m{component}[33m<[39m[33m/[39m[33mThemeProvider[39m[33m>[39m)[33m;[39m
     [90m    |[39m                [31m[1m^[22m[39m
     [90m  8 |[39m }[33m;[39m
     [90m  9 |[39m
     [90m 10 |[39m describe([32m'ExerciseStats'[39m[33m,[39m () [33m=>[39m {[0m

      at Object.process.env.NODE_ENV.exports.create (node_modules/react-test-renderer/cjs/react-test-renderer.development.js:14598:17)
      at create (node_modules/@testing-library/react-native/src/render-act.ts:15:29)
      at callback (node_modules/@testing-library/react-native/src/act.ts:31:24)
      at process.env.NODE_ENV.exports.act (node_modules/react/cjs/react.development.js:789:22)
      at actImplementation (node_modules/@testing-library/react-native/src/act.ts:30:25)
      at renderWithAct (node_modules/@testing-library/react-native/src/render-act.ts:13:11)
      at renderInternal (node_modules/@testing-library/react-native/src/render.tsx:69:33)
      at renderInternal (node_modules/@testing-library/react-native/src/render.tsx:44:10)
      at renderWithTheme (src/features/roulette-training/components/ExerciseStats/ExerciseStats.test.tsx:7:16)
      at Object.renderWithTheme (src/features/roulette-training/components/ExerciseStats/ExerciseStats.test.tsx:51:7)

  console.error
    react-test-renderer is deprecated. See https://react.dev/warnings/react-test-renderer

    [0m [90m 11 |[39m
     [90m 12 |[39m     it([32m'should use default width of 350'[39m[33m,[39m () [33m=>[39m {
    [31m[1m>[22m[39m[90m 13 |[39m       [36mconst[39m { root } [33m=[39m render([33m<[39m[33mRacetrackLayout[39m [33m/[39m[33m>[39m)[33m;[39m
     [90m    |[39m                              [31m[1m^[22m[39m
     [90m 14 |[39m       expect(root)[33m.[39mtoBeDefined()[33m;[39m
     [90m 15 |[39m     })[33m;[39m
     [90m 16 |[39m[0m

      at Object.process.env.NODE_ENV.exports.create (node_modules/react-test-renderer/cjs/react-test-renderer.development.js:14598:17)
      at create (node_modules/@testing-library/react-native/src/render-act.ts:15:29)
      at callback (node_modules/@testing-library/react-native/src/act.ts:31:24)
      at process.env.NODE_ENV.exports.act (node_modules/react/cjs/react.development.js:789:22)
      at actImplementation (node_modules/@testing-library/react-native/src/act.ts:30:25)
      at renderWithAct (node_modules/@testing-library/react-native/src/render-act.ts:13:11)
      at renderInternal (node_modules/@testing-library/react-native/src/render.tsx:69:33)
      at renderInternal (node_modules/@testing-library/react-native/src/render.tsx:44:10)
      at Object.<anonymous> (src/features/racetrack/components/RacetrackLayout/RacetrackLayout.test.tsx:13:30)

  console.error
    react-test-renderer is deprecated. See https://react.dev/warnings/react-test-renderer

    [0m [90m  6 |[39m
     [90m  7 |[39m [36mconst[39m renderWithTheme [33m=[39m (component[33m:[39m [33mReact[39m[33m.[39m[33mReactElement[39m) [33m=>[39m {
    [31m[1m>[22m[39m[90m  8 |[39m   [36mreturn[39m render([33m<[39m[33mThemeProvider[39m[33m>[39m{component}[33m<[39m[33m/[39m[33mThemeProvider[39m[33m>[39m)[33m;[39m
     [90m    |[39m                [31m[1m^[22m[39m
     [90m  9 |[39m }[33m;[39m
     [90m 10 |[39m
     [90m 11 |[39m describe([32m'ActionLog'[39m[33m,[39m () [33m=>[39m {[0m

      at Object.process.env.NODE_ENV.exports.create (node_modules/react-test-renderer/cjs/react-test-renderer.development.js:14598:17)
      at create (node_modules/@testing-library/react-native/src/render-act.ts:15:29)
      at callback (node_modules/@testing-library/react-native/src/act.ts:31:24)
      at process.env.NODE_ENV.exports.act (node_modules/react/cjs/react.development.js:789:22)
      at actImplementation (node_modules/@testing-library/react-native/src/act.ts:30:25)
      at renderWithAct (node_modules/@testing-library/react-native/src/render-act.ts:13:11)
      at renderInternal (node_modules/@testing-library/react-native/src/render.tsx:69:33)
      at renderInternal (node_modules/@testing-library/react-native/src/render.tsx:44:10)
      at renderWithTheme (src/features/plo-training/components/ActionLog/ActionLog.test.tsx:8:16)
      at renderWithTheme (src/features/plo-training/components/ActionLog/ActionLog.test.tsx:82:27)
          at Array.forEach (<anonymous>)
      at Object.forEach (src/features/plo-training/components/ActionLog/ActionLog.test.tsx:81:11)

  console.error
    react-test-renderer is deprecated. See https://react.dev/warnings/react-test-renderer

    [0m [90m  7 |[39m
     [90m  8 |[39m [36mconst[39m renderWithTheme [33m=[39m (component[33m:[39m [33mReact[39m[33m.[39m[33mReactElement[39m) [33m=>[39m {
    [31m[1m>[22m[39m[90m  9 |[39m   [36mreturn[39m render([33m<[39m[33mThemeProvider[39m[33m>[39m{component}[33m<[39m[33m/[39m[33mThemeProvider[39m[33m>[39m)[33m;[39m
     [90m    |[39m                [31m[1m^[22m[39m
     [90m 10 |[39m }[33m;[39m
     [90m 11 |[39m
     [90m 12 |[39m describe([32m'GameStateDisplay'[39m[33m,[39m () [33m=>[39m {[0m

      at Object.process.env.NODE_ENV.exports.create (node_modules/react-test-renderer/cjs/react-test-renderer.development.js:14598:17)
      at create (node_modules/@testing-library/react-native/src/render-act.ts:15:29)
      at callback (node_modules/@testing-library/react-native/src/act.ts:31:24)
      at process.env.NODE_ENV.exports.act (node_modules/react/cjs/react.development.js:789:22)
      at actImplementation (node_modules/@testing-library/react-native/src/act.ts:30:25)
      at renderWithAct (node_modules/@testing-library/react-native/src/render-act.ts:13:11)
      at renderInternal (node_modules/@testing-library/react-native/src/render.tsx:69:33)
      at renderInternal (node_modules/@testing-library/react-native/src/render.tsx:44:10)
      at renderWithTheme (src/features/plo-training/components/GameStateDisplay/GameStateDisplay.test.tsx:9:16)
      at Object.renderWithTheme (src/features/plo-training/components/GameStateDisplay/GameStateDisplay.test.tsx:32:5)

  console.error
    react-test-renderer is deprecated. See https://react.dev/warnings/react-test-renderer

    [0m [90m  6 |[39m
     [90m  7 |[39m [36mconst[39m renderWithTheme [33m=[39m (component[33m:[39m [33mReact[39m[33m.[39m[33mReactElement[39m) [33m=>[39m {
    [31m[1m>[22m[39m[90m  8 |[39m   [36mreturn[39m render([33m<[39m[33mThemeProvider[39m[33m>[39m{component}[33m<[39m[33m/[39m[33mThemeProvider[39m[33m>[39m)[33m;[39m
     [90m    |[39m                [31m[1m^[22m[39m
     [90m  9 |[39m }[33m;[39m
     [90m 10 |[39m
     [90m 11 |[39m describe([32m'ActionLog'[39m[33m,[39m () [33m=>[39m {[0m

      at Object.process.env.NODE_ENV.exports.create (node_modules/react-test-renderer/cjs/react-test-renderer.development.js:14598:17)
      at create (node_modules/@testing-library/react-native/src/render-act.ts:15:29)
      at callback (node_modules/@testing-library/react-native/src/act.ts:31:24)
      at process.env.NODE_ENV.exports.act (node_modules/react/cjs/react.development.js:789:22)
      at actImplementation (node_modules/@testing-library/react-native/src/act.ts:30:25)
      at renderWithAct (node_modules/@testing-library/react-native/src/render-act.ts:13:11)
      at renderInternal (node_modules/@testing-library/react-native/src/render.tsx:69:33)
      at renderInternal (node_modules/@testing-library/react-native/src/render.tsx:44:10)
      at renderWithTheme (src/features/plo-training/components/ActionLog/ActionLog.test.tsx:8:16)
      at renderWithTheme (src/features/plo-training/components/ActionLog/ActionLog.test.tsx:82:27)
          at Array.forEach (<anonymous>)
      at Object.forEach (src/features/plo-training/components/ActionLog/ActionLog.test.tsx:81:11)

  console.error
    react-test-renderer is deprecated. See https://react.dev/warnings/react-test-renderer

    [0m [90m 18 |[39m   describe([32m'setUserAnswer'[39m[33m,[39m () [33m=>[39m {
     [90m 19 |[39m     it([32m'should update user answer'[39m[33m,[39m () [33m=>[39m {
    [31m[1m>[22m[39m[90m 20 |[39m       [36mconst[39m { result } [33m=[39m renderHook(() [33m=>[39m useExerciseState())[33m;[39m
     [90m    |[39m                                    [31m[1m^[22m[39m
     [90m 21 |[39m
     [90m 22 |[39m       act(() [33m=>[39m {
     [90m 23 |[39m         result[33m.[39mcurrent[33m.[39msetUserAnswer([32m'42'[39m)[33m;[39m[0m

      at Object.process.env.NODE_ENV.exports.create (node_modules/react-test-renderer/cjs/react-test-renderer.development.js:14598:17)
      at create (node_modules/@testing-library/react-native/src/render-act.ts:15:29)
      at callback (node_modules/@testing-library/react-native/src/act.ts:31:24)
      at process.env.NODE_ENV.exports.act (node_modules/react/cjs/react.development.js:789:22)
      at actImplementation (node_modules/@testing-library/react-native/src/act.ts:30:25)
      at renderWithAct (node_modules/@testing-library/react-native/src/render-act.ts:13:11)
      at renderInternal (node_modules/@testing-library/react-native/src/render.tsx:69:33)
      at renderInternal (node_modules/@testing-library/react-native/src/render.tsx:44:10)
      at renderHook (node_modules/@testing-library/react-native/src/render-hook.tsx:55:58)
      at Object.<anonymous> (src/features/roulette-training/screens/exercises/CalculationScreen/useExerciseState.test.ts:20:36)

  console.error
    react-test-renderer is deprecated. See https://react.dev/warnings/react-test-renderer

    [0m [90m  5 |[39m
     [90m  6 |[39m [36mconst[39m renderWithTheme [33m=[39m (component[33m:[39m [33mReact[39m[33m.[39m[33mReactElement[39m) [33m=>[39m {
    [31m[1m>[22m[39m[90m  7 |[39m   [36mreturn[39m render([33m<[39m[33mThemeProvider[39m[33m>[39m{component}[33m<[39m[33m/[39m[33mThemeProvider[39m[33m>[39m)[33m;[39m
     [90m    |[39m                [31m[1m^[22m[39m
     [90m  8 |[39m }[33m;[39m
     [90m  9 |[39m
     [90m 10 |[39m describe([32m'HintSection'[39m[33m,[39m () [33m=>[39m {[0m

      at Object.process.env.NODE_ENV.exports.create (node_modules/react-test-renderer/cjs/react-test-renderer.development.js:14598:17)
      at create (node_modules/@testing-library/react-native/src/render-act.ts:15:29)
      at callback (node_modules/@testing-library/react-native/src/act.ts:31:24)
      at process.env.NODE_ENV.exports.act (node_modules/react/cjs/react.development.js:789:22)
      at actImplementation (node_modules/@testing-library/react-native/src/act.ts:30:25)
      at renderWithAct (node_modules/@testing-library/react-native/src/render-act.ts:13:11)
      at renderInternal (node_modules/@testing-library/react-native/src/render.tsx:69:33)
      at renderInternal (node_modules/@testing-library/react-native/src/render.tsx:44:10)
      at renderWithTheme (src/features/roulette-training/components/HintSection/HintSection.test.tsx:7:16)
      at Object.renderWithTheme (src/features/roulette-training/components/HintSection/HintSection.test.tsx:121:7)

  console.error
    react-test-renderer is deprecated. See https://react.dev/warnings/react-test-renderer

    [0m [90m 25 |[39m
     [90m 26 |[39m       amounts[33m.[39mforEach(amount [33m=>[39m {
    [31m[1m>[22m[39m[90m 27 |[39m         [36mconst[39m { getByText } [33m=[39m render([33m<[39m[33mRouletteChip[39m amount[33m=[39m{amount} size[33m=[39m{[35m20[39m} [33m/[39m[33m>[39m)[33m;[39m
     [90m    |[39m                                     [31m[1m^[22m[39m
     [90m 28 |[39m         expect(getByText([33mString[39m(amount)))[33m.[39mtoBeTruthy()[33m;[39m
     [90m 29 |[39m       })[33m;[39m
     [90m 30 |[39m     })[33m;[39m[0m

      at Object.process.env.NODE_ENV.exports.create (node_modules/react-test-renderer/cjs/react-test-renderer.development.js:14598:17)
      at create (node_modules/@testing-library/react-native/src/render-act.ts:15:29)
      at callback (node_modules/@testing-library/react-native/src/act.ts:31:24)
      at process.env.NODE_ENV.exports.act (node_modules/react/cjs/react.development.js:789:22)
      at actImplementation (node_modules/@testing-library/react-native/src/act.ts:30:25)
      at renderWithAct (node_modules/@testing-library/react-native/src/render-act.ts:13:11)
      at renderInternal (node_modules/@testing-library/react-native/src/render.tsx:69:33)
      at renderInternal (node_modules/@testing-library/react-native/src/render.tsx:44:10)
      at src/components/roulette/RouletteChip.test.tsx:27:37
          at Array.forEach (<anonymous>)
      at Object.forEach (src/components/roulette/RouletteChip.test.tsx:26:15)

  console.error
    react-test-renderer is deprecated. See https://react.dev/warnings/react-test-renderer

    [0m [90m  5 |[39m
     [90m  6 |[39m [36mconst[39m renderWithTheme [33m=[39m (component[33m:[39m [33mReact[39m[33m.[39m[33mReactElement[39m) [33m=>[39m {
    [31m[1m>[22m[39m[90m  7 |[39m   [36mreturn[39m render([33m<[39m[33mThemeProvider[39m[33m>[39m{component}[33m<[39m[33m/[39m[33mThemeProvider[39m[33m>[39m)[33m;[39m
     [90m    |[39m                [31m[1m^[22m[39m
     [90m  8 |[39m }[33m;[39m
     [90m  9 |[39m
     [90m 10 |[39m describe([32m'ExerciseStats'[39m[33m,[39m () [33m=>[39m {[0m

      at Object.process.env.NODE_ENV.exports.create (node_modules/react-test-renderer/cjs/react-test-renderer.development.js:14598:17)
      at create (node_modules/@testing-library/react-native/src/render-act.ts:15:29)
      at callback (node_modules/@testing-library/react-native/src/act.ts:31:24)
      at process.env.NODE_ENV.exports.act (node_modules/react/cjs/react.development.js:789:22)
      at actImplementation (node_modules/@testing-library/react-native/src/act.ts:30:25)
      at renderWithAct (node_modules/@testing-library/react-native/src/render-act.ts:13:11)
      at renderInternal (node_modules/@testing-library/react-native/src/render.tsx:69:33)
      at renderInternal (node_modules/@testing-library/react-native/src/render.tsx:44:10)
      at renderWithTheme (src/features/roulette-training/components/ExerciseStats/ExerciseStats.test.tsx:7:16)
      at Object.renderWithTheme (src/features/roulette-training/components/ExerciseStats/ExerciseStats.test.tsx:57:7)

  console.error
    react-test-renderer is deprecated. See https://react.dev/warnings/react-test-renderer

    [0m [90m 25 |[39m
     [90m 26 |[39m       amounts[33m.[39mforEach(amount [33m=>[39m {
    [31m[1m>[22m[39m[90m 27 |[39m         [36mconst[39m { getByText } [33m=[39m render([33m<[39m[33mRouletteChip[39m amount[33m=[39m{amount} size[33m=[39m{[35m20[39m} [33m/[39m[33m>[39m)[33m;[39m
     [90m    |[39m                                     [31m[1m^[22m[39m
     [90m 28 |[39m         expect(getByText([33mString[39m(amount)))[33m.[39mtoBeTruthy()[33m;[39m
     [90m 29 |[39m       })[33m;[39m
     [90m 30 |[39m     })[33m;[39m[0m

      at Object.process.env.NODE_ENV.exports.create (node_modules/react-test-renderer/cjs/react-test-renderer.development.js:14598:17)
      at create (node_modules/@testing-library/react-native/src/render-act.ts:15:29)
      at callback (node_modules/@testing-library/react-native/src/act.ts:31:24)
      at process.env.NODE_ENV.exports.act (node_modules/react/cjs/react.development.js:789:22)
      at actImplementation (node_modules/@testing-library/react-native/src/act.ts:30:25)
      at renderWithAct (node_modules/@testing-library/react-native/src/render-act.ts:13:11)
      at renderInternal (node_modules/@testing-library/react-native/src/render.tsx:69:33)
      at renderInternal (node_modules/@testing-library/react-native/src/render.tsx:44:10)
      at src/components/roulette/RouletteChip.test.tsx:27:37
          at Array.forEach (<anonymous>)
      at Object.forEach (src/components/roulette/RouletteChip.test.tsx:26:15)

  console.error
    react-test-renderer is deprecated. See https://react.dev/warnings/react-test-renderer

    [0m [90m  6 |[39m
     [90m  7 |[39m [36mconst[39m renderWithTheme [33m=[39m (component[33m:[39m [33mReact[39m[33m.[39m[33mReactElement[39m) [33m=>[39m {
    [31m[1m>[22m[39m[90m  8 |[39m   [36mreturn[39m render([33m<[39m[33mThemeProvider[39m[33m>[39m{component}[33m<[39m[33m/[39m[33mThemeProvider[39m[33m>[39m)[33m;[39m
     [90m    |[39m                [31m[1m^[22m[39m
     [90m  9 |[39m }[33m;[39m
     [90m 10 |[39m
     [90m 11 |[39m describe([32m'MenuListScreen'[39m[33m,[39m () [33m=>[39m {[0m

      at Object.process.env.NODE_ENV.exports.create (node_modules/react-test-renderer/cjs/react-test-renderer.development.js:14598:17)
      at create (node_modules/@testing-library/react-native/src/render-act.ts:15:29)
      at callback (node_modules/@testing-library/react-native/src/act.ts:31:24)
      at process.env.NODE_ENV.exports.act (node_modules/react/cjs/react.development.js:789:22)
      at actImplementation (node_modules/@testing-library/react-native/src/act.ts:30:25)
      at renderWithAct (node_modules/@testing-library/react-native/src/render-act.ts:13:11)
      at renderInternal (node_modules/@testing-library/react-native/src/render.tsx:69:33)
      at renderInternal (node_modules/@testing-library/react-native/src/render.tsx:44:10)
      at renderWithTheme (src/features/roulette-training/components/MenuListScreen/MenuListScreen.test.tsx:8:16)
      at Object.renderWithTheme (src/features/roulette-training/components/MenuListScreen/MenuListScreen.test.tsx:59:7)

  console.error
    react-test-renderer is deprecated. See https://react.dev/warnings/react-test-renderer

    [0m [90m  5 |[39m
     [90m  6 |[39m [36mconst[39m renderWithTheme [33m=[39m (component[33m:[39m [33mReact[39m[33m.[39m[33mReactElement[39m) [33m=>[39m {
    [31m[1m>[22m[39m[90m  7 |[39m   [36mreturn[39m render([33m<[39m[33mThemeProvider[39m[33m>[39m{component}[33m<[39m[33m/[39m[33mThemeProvider[39m[33m>[39m)[33m;[39m
     [90m    |[39m                [31m[1m^[22m[39m
     [90m  8 |[39m }[33m;[39m
     [90m  9 |[39m
     [90m 10 |[39m describe([32m'HintSection'[39m[33m,[39m () [33m=>[39m {[0m

      at Object.process.env.NODE_ENV.exports.create (node_modules/react-test-renderer/cjs/react-test-renderer.development.js:14598:17)
      at create (node_modules/@testing-library/react-native/src/render-act.ts:15:29)
      at callback (node_modules/@testing-library/react-native/src/act.ts:31:24)
      at process.env.NODE_ENV.exports.act (node_modules/react/cjs/react.development.js:789:22)
      at actImplementation (node_modules/@testing-library/react-native/src/act.ts:30:25)
      at renderWithAct (node_modules/@testing-library/react-native/src/render-act.ts:13:11)
      at renderInternal (node_modules/@testing-library/react-native/src/render.tsx:69:33)
      at renderInternal (node_modules/@testing-library/react-native/src/render.tsx:44:10)
      at renderWithTheme (src/features/roulette-training/components/HintSection/HintSection.test.tsx:7:16)
      at Object.renderWithTheme (src/features/roulette-training/components/HintSection/HintSection.test.tsx:137:7)

  console.error
    react-test-renderer is deprecated. See https://react.dev/warnings/react-test-renderer

    [0m [90m 28 |[39m
     [90m 29 |[39m     it([32m'should allow empty answer'[39m[33m,[39m () [33m=>[39m {
    [31m[1m>[22m[39m[90m 30 |[39m       [36mconst[39m { result } [33m=[39m renderHook(() [33m=>[39m useExerciseState())[33m;[39m
     [90m    |[39m                                    [31m[1m^[22m[39m
     [90m 31 |[39m
     [90m 32 |[39m       act(() [33m=>[39m {
     [90m 33 |[39m         result[33m.[39mcurrent[33m.[39msetUserAnswer([32m'42'[39m)[33m;[39m[0m

      at Object.process.env.NODE_ENV.exports.create (node_modules/react-test-renderer/cjs/react-test-renderer.development.js:14598:17)
      at create (node_modules/@testing-library/react-native/src/render-act.ts:15:29)
      at callback (node_modules/@testing-library/react-native/src/act.ts:31:24)
      at process.env.NODE_ENV.exports.act (node_modules/react/cjs/react.development.js:789:22)
      at actImplementation (node_modules/@testing-library/react-native/src/act.ts:30:25)
      at renderWithAct (node_modules/@testing-library/react-native/src/render-act.ts:13:11)
      at renderInternal (node_modules/@testing-library/react-native/src/render.tsx:69:33)
      at renderInternal (node_modules/@testing-library/react-native/src/render.tsx:44:10)
      at renderHook (node_modules/@testing-library/react-native/src/render-hook.tsx:55:58)
      at Object.<anonymous> (src/features/roulette-training/screens/exercises/CalculationScreen/useExerciseState.test.ts:30:36)

  console.error
    react-test-renderer is deprecated. See https://react.dev/warnings/react-test-renderer

    [0m [90m  5 |[39m
     [90m  6 |[39m [36mconst[39m renderWithTheme [33m=[39m (component[33m:[39m [33mReact[39m[33m.[39m[33mReactElement[39m) [33m=>[39m {
    [31m[1m>[22m[39m[90m  7 |[39m   [36mreturn[39m render([33m<[39m[33mThemeProvider[39m[33m>[39m{component}[33m<[39m[33m/[39m[33mThemeProvider[39m[33m>[39m)[33m;[39m
     [90m    |[39m                [31m[1m^[22m[39m
     [90m  8 |[39m }[33m;[39m
     [90m  9 |[39m
     [90m 10 |[39m describe([32m'HintSection'[39m[33m,[39m () [33m=>[39m {[0m

      at Object.process.env.NODE_ENV.exports.create (node_modules/react-test-renderer/cjs/react-test-renderer.development.js:14598:17)
      at create (node_modules/@testing-library/react-native/src/render-act.ts:15:29)
      at callback (node_modules/@testing-library/react-native/src/act.ts:31:24)
      at process.env.NODE_ENV.exports.act (node_modules/react/cjs/react.development.js:789:22)
      at actImplementation (node_modules/@testing-library/react-native/src/act.ts:30:25)
      at renderWithAct (node_modules/@testing-library/react-native/src/render-act.ts:13:11)
      at renderInternal (node_modules/@testing-library/react-native/src/render.tsx:69:33)
      at renderInternal (node_modules/@testing-library/react-native/src/render.tsx:44:10)
      at renderWithTheme (src/features/roulette-training/components/HintSection/HintSection.test.tsx:7:16)
      at Object.renderWithTheme (src/features/roulette-training/components/HintSection/HintSection.test.tsx:148:7)

  console.error
    react-test-renderer is deprecated. See https://react.dev/warnings/react-test-renderer

    [0m [90m 25 |[39m
     [90m 26 |[39m       amounts[33m.[39mforEach(amount [33m=>[39m {
    [31m[1m>[22m[39m[90m 27 |[39m         [36mconst[39m { getByText } [33m=[39m render([33m<[39m[33mRouletteChip[39m amount[33m=[39m{amount} size[33m=[39m{[35m20[39m} [33m/[39m[33m>[39m)[33m;[39m
     [90m    |[39m                                     [31m[1m^[22m[39m
     [90m 28 |[39m         expect(getByText([33mString[39m(amount)))[33m.[39mtoBeTruthy()[33m;[39m
     [90m 29 |[39m       })[33m;[39m
     [90m 30 |[39m     })[33m;[39m[0m

      at Object.process.env.NODE_ENV.exports.create (node_modules/react-test-renderer/cjs/react-test-renderer.development.js:14598:17)
      at create (node_modules/@testing-library/react-native/src/render-act.ts:15:29)
      at callback (node_modules/@testing-library/react-native/src/act.ts:31:24)
      at process.env.NODE_ENV.exports.act (node_modules/react/cjs/react.development.js:789:22)
      at actImplementation (node_modules/@testing-library/react-native/src/act.ts:30:25)
      at renderWithAct (node_modules/@testing-library/react-native/src/render-act.ts:13:11)
      at renderInternal (node_modules/@testing-library/react-native/src/render.tsx:69:33)
      at renderInternal (node_modules/@testing-library/react-native/src/render.tsx:44:10)
      at src/components/roulette/RouletteChip.test.tsx:27:37
          at Array.forEach (<anonymous>)
      at Object.forEach (src/components/roulette/RouletteChip.test.tsx:26:15)

  console.error
    react-test-renderer is deprecated. See https://react.dev/warnings/react-test-renderer

    [0m [90m 44 |[39m   describe([32m'checkAnswer'[39m[33m,[39m () [33m=>[39m {
     [90m 45 |[39m     it([32m'should return true for correct answer'[39m[33m,[39m () [33m=>[39m {
    [31m[1m>[22m[39m[90m 46 |[39m       [36mconst[39m { result } [33m=[39m renderHook(() [33m=>[39m useExerciseState())[33m;[39m
     [90m    |[39m                                    [31m[1m^[22m[39m
     [90m 47 |[39m
     [90m 48 |[39m       act(() [33m=>[39m {
     [90m 49 |[39m         result[33m.[39mcurrent[33m.[39msetUserAnswer([32m'100'[39m)[33m;[39m[0m

      at Object.process.env.NODE_ENV.exports.create (node_modules/react-test-renderer/cjs/react-test-renderer.development.js:14598:17)
      at create (node_modules/@testing-library/react-native/src/render-act.ts:15:29)
      at callback (node_modules/@testing-library/react-native/src/act.ts:31:24)
      at process.env.NODE_ENV.exports.act (node_modules/react/cjs/react.development.js:789:22)
      at actImplementation (node_modules/@testing-library/react-native/src/act.ts:30:25)
      at renderWithAct (node_modules/@testing-library/react-native/src/render-act.ts:13:11)
      at renderInternal (node_modules/@testing-library/react-native/src/render.tsx:69:33)
      at renderInternal (node_modules/@testing-library/react-native/src/render.tsx:44:10)
      at renderHook (node_modules/@testing-library/react-native/src/render-hook.tsx:55:58)
      at Object.<anonymous> (src/features/roulette-training/screens/exercises/CalculationScreen/useExerciseState.test.ts:46:36)

  console.error
    react-test-renderer is deprecated. See https://react.dev/warnings/react-test-renderer

    [0m [90m  7 |[39m
     [90m  8 |[39m [36mconst[39m renderWithTheme [33m=[39m (component[33m:[39m [33mReact[39m[33m.[39m[33mReactElement[39m) [33m=>[39m {
    [31m[1m>[22m[39m[90m  9 |[39m   [36mreturn[39m render([33m<[39m[33mThemeProvider[39m[33m>[39m{component}[33m<[39m[33m/[39m[33mThemeProvider[39m[33m>[39m)[33m;[39m
     [90m    |[39m                [31m[1m^[22m[39m
     [90m 10 |[39m }[33m;[39m
     [90m 11 |[39m
     [90m 12 |[39m describe([32m'GameStateDisplay'[39m[33m,[39m () [33m=>[39m {[0m

      at Object.process.env.NODE_ENV.exports.create (node_modules/react-test-renderer/cjs/react-test-renderer.development.js:14598:17)
      at create (node_modules/@testing-library/react-native/src/render-act.ts:15:29)
      at callback (node_modules/@testing-library/react-native/src/act.ts:31:24)
      at process.env.NODE_ENV.exports.act (node_modules/react/cjs/react.development.js:789:22)
      at actImplementation (node_modules/@testing-library/react-native/src/act.ts:30:25)
      at renderWithAct (node_modules/@testing-library/react-native/src/render-act.ts:13:11)
      at renderInternal (node_modules/@testing-library/react-native/src/render.tsx:69:33)
      at renderInternal (node_modules/@testing-library/react-native/src/render.tsx:44:10)
      at renderWithTheme (src/features/plo-training/components/GameStateDisplay/GameStateDisplay.test.tsx:9:16)
      at Object.renderWithTheme (src/features/plo-training/components/GameStateDisplay/GameStateDisplay.test.tsx:49:5)

  console.error
    react-test-renderer is deprecated. See https://react.dev/warnings/react-test-renderer

    [0m [90m  6 |[39m
     [90m  7 |[39m [36mconst[39m renderWithTheme [33m=[39m (component[33m:[39m [33mReact[39m[33m.[39m[33mReactElement[39m) [33m=>[39m {
    [31m[1m>[22m[39m[90m  8 |[39m   [36mreturn[39m render([33m<[39m[33mThemeProvider[39m[33m>[39m{component}[33m<[39m[33m/[39m[33mThemeProvider[39m[33m>[39m)[33m;[39m
     [90m    |[39m                [31m[1m^[22m[39m
     [90m  9 |[39m }[33m;[39m
     [90m 10 |[39m
     [90m 11 |[39m describe([32m'MenuListScreen'[39m[33m,[39m () [33m=>[39m {[0m

      at Object.process.env.NODE_ENV.exports.create (node_modules/react-test-renderer/cjs/react-test-renderer.development.js:14598:17)
      at create (node_modules/@testing-library/react-native/src/render-act.ts:15:29)
      at callback (node_modules/@testing-library/react-native/src/act.ts:31:24)
      at process.env.NODE_ENV.exports.act (node_modules/react/cjs/react.development.js:789:22)
      at actImplementation (node_modules/@testing-library/react-native/src/act.ts:30:25)
      at renderWithAct (node_modules/@testing-library/react-native/src/render-act.ts:13:11)
      at renderInternal (node_modules/@testing-library/react-native/src/render.tsx:69:33)
      at renderInternal (node_modules/@testing-library/react-native/src/render.tsx:44:10)
      at renderWithTheme (src/features/roulette-training/components/MenuListScreen/MenuListScreen.test.tsx:8:16)
      at Object.renderWithTheme (src/features/roulette-training/components/MenuListScreen/MenuListScreen.test.tsx:67:7)

  console.error
    react-test-renderer is deprecated. See https://react.dev/warnings/react-test-renderer

    [0m [90m  5 |[39m
     [90m  6 |[39m [36mconst[39m renderWithTheme [33m=[39m (component[33m:[39m [33mReact[39m[33m.[39m[33mReactElement[39m) [33m=>[39m {
    [31m[1m>[22m[39m[90m  7 |[39m   [36mreturn[39m render([33m<[39m[33mThemeProvider[39m[33m>[39m{component}[33m<[39m[33m/[39m[33mThemeProvider[39m[33m>[39m)[33m;[39m
     [90m    |[39m                [31m[1m^[22m[39m
     [90m  8 |[39m }[33m;[39m
     [90m  9 |[39m
     [90m 10 |[39m describe([32m'HintSection'[39m[33m,[39m () [33m=>[39m {[0m

      at Object.process.env.NODE_ENV.exports.create (node_modules/react-test-renderer/cjs/react-test-renderer.development.js:14598:17)
      at create (node_modules/@testing-library/react-native/src/render-act.ts:15:29)
      at callback (node_modules/@testing-library/react-native/src/act.ts:31:24)
      at process.env.NODE_ENV.exports.act (node_modules/react/cjs/react.development.js:789:22)
      at actImplementation (node_modules/@testing-library/react-native/src/act.ts:30:25)
      at renderWithAct (node_modules/@testing-library/react-native/src/render-act.ts:13:11)
      at renderInternal (node_modules/@testing-library/react-native/src/render.tsx:69:33)
      at renderInternal (node_modules/@testing-library/react-native/src/render.tsx:44:10)
      at renderWithTheme (src/features/roulette-training/components/HintSection/HintSection.test.tsx:7:16)
      at Object.renderWithTheme (src/features/roulette-training/components/HintSection/HintSection.test.tsx:161:7)

  console.error
    react-test-renderer is deprecated. See https://react.dev/warnings/react-test-renderer

    [0m [90m  5 |[39m
     [90m  6 |[39m [36mconst[39m renderWithTheme [33m=[39m (component[33m:[39m [33mReact[39m[33m.[39m[33mReactElement[39m) [33m=>[39m {
    [31m[1m>[22m[39m[90m  7 |[39m   [36mreturn[39m render([33m<[39m[33mThemeProvider[39m[33m>[39m{component}[33m<[39m[33m/[39m[33mThemeProvider[39m[33m>[39m)[33m;[39m
     [90m    |[39m                [31m[1m^[22m[39m
     [90m  8 |[39m }[33m;[39m
     [90m  9 |[39m
     [90m 10 |[39m describe([32m'HintSection'[39m[33m,[39m () [33m=>[39m {[0m

      at Object.process.env.NODE_ENV.exports.create (node_modules/react-test-renderer/cjs/react-test-renderer.development.js:14598:17)
      at create (node_modules/@testing-library/react-native/src/render-act.ts:15:29)
      at callback (node_modules/@testing-library/react-native/src/act.ts:31:24)
      at process.env.NODE_ENV.exports.act (node_modules/react/cjs/react.development.js:789:22)
      at actImplementation (node_modules/@testing-library/react-native/src/act.ts:30:25)
      at renderWithAct (node_modules/@testing-library/react-native/src/render-act.ts:13:11)
      at renderInternal (node_modules/@testing-library/react-native/src/render.tsx:69:33)
      at renderInternal (node_modules/@testing-library/react-native/src/render.tsx:44:10)
      at renderWithTheme (src/features/roulette-training/components/HintSection/HintSection.test.tsx:7:16)
      at Object.renderWithTheme (src/features/roulette-training/components/HintSection/HintSection.test.tsx:173:7)

  console.error
    react-test-renderer is deprecated. See https://react.dev/warnings/react-test-renderer

    [0m [90m  6 |[39m
     [90m  7 |[39m [36mconst[39m renderWithTheme [33m=[39m (component[33m:[39m [33mReact[39m[33m.[39m[33mReactElement[39m) [33m=>[39m {
    [31m[1m>[22m[39m[90m  8 |[39m   [36mreturn[39m render([33m<[39m[33mThemeProvider[39m[33m>[39m{component}[33m<[39m[33m/[39m[33mThemeProvider[39m[33m>[39m)[33m;[39m
     [90m    |[39m                [31m[1m^[22m[39m
     [90m  9 |[39m }[33m;[39m
     [90m 10 |[39m
     [90m 11 |[39m describe([32m'MenuListScreen'[39m[33m,[39m () [33m=>[39m {[0m

      at Object.process.env.NODE_ENV.exports.create (node_modules/react-test-renderer/cjs/react-test-renderer.development.js:14598:17)
      at create (node_modules/@testing-library/react-native/src/render-act.ts:15:29)
      at callback (node_modules/@testing-library/react-native/src/act.ts:31:24)
      at process.env.NODE_ENV.exports.act (node_modules/react/cjs/react.development.js:789:22)
      at actImplementation (node_modules/@testing-library/react-native/src/act.ts:30:25)
      at renderWithAct (node_modules/@testing-library/react-native/src/render-act.ts:13:11)
      at renderInternal (node_modules/@testing-library/react-native/src/render.tsx:69:33)
      at renderInternal (node_modules/@testing-library/react-native/src/render.tsx:44:10)
      at renderWithTheme (src/features/roulette-training/components/MenuListScreen/MenuListScreen.test.tsx:8:16)
      at Object.renderWithTheme (src/features/roulette-training/components/MenuListScreen/MenuListScreen.test.tsx:74:7)

  console.error
    react-test-renderer is deprecated. See https://react.dev/warnings/react-test-renderer

    [0m [90m 60 |[39m
     [90m 61 |[39m     it([32m'should return false for incorrect answer'[39m[33m,[39m () [33m=>[39m {
    [31m[1m>[22m[39m[90m 62 |[39m       [36mconst[39m { result } [33m=[39m renderHook(() [33m=>[39m useExerciseState())[33m;[39m
     [90m    |[39m                                    [31m[1m^[22m[39m
     [90m 63 |[39m
     [90m 64 |[39m       act(() [33m=>[39m {
     [90m 65 |[39m         result[33m.[39mcurrent[33m.[39msetUserAnswer([32m'50'[39m)[33m;[39m[0m

      at Object.process.env.NODE_ENV.exports.create (node_modules/react-test-renderer/cjs/react-test-renderer.development.js:14598:17)
      at create (node_modules/@testing-library/react-native/src/render-act.ts:15:29)
      at callback (node_modules/@testing-library/react-native/src/act.ts:31:24)
      at process.env.NODE_ENV.exports.act (node_modules/react/cjs/react.development.js:789:22)
      at actImplementation (node_modules/@testing-library/react-native/src/act.ts:30:25)
      at renderWithAct (node_modules/@testing-library/react-native/src/render-act.ts:13:11)
      at renderInternal (node_modules/@testing-library/react-native/src/render.tsx:69:33)
      at renderInternal (node_modules/@testing-library/react-native/src/render.tsx:44:10)
      at renderHook (node_modules/@testing-library/react-native/src/render-hook.tsx:55:58)
      at Object.<anonymous> (src/features/roulette-training/screens/exercises/CalculationScreen/useExerciseState.test.ts:62:36)

  console.error
    react-test-renderer is deprecated. See https://react.dev/warnings/react-test-renderer

    [0m [90m 31 |[39m
     [90m 32 |[39m     it([32m'should render with different sizes'[39m[33m,[39m () [33m=>[39m {
    [31m[1m>[22m[39m[90m 33 |[39m       [36mconst[39m { getByText } [33m=[39m render([33m<[39m[33mRouletteChip[39m amount[33m=[39m{[35m10[39m} size[33m=[39m{[35m30[39m} [33m/[39m[33m>[39m)[33m;[39m
     [90m    |[39m                                   [31m[1m^[22m[39m
     [90m 34 |[39m
     [90m 35 |[39m       [36mconst[39m chip [33m=[39m getByText([32m'10'[39m)[33m;[39m
     [90m 36 |[39m       expect(chip)[33m.[39mtoBeTruthy()[33m;[39m[0m

      at Object.process.env.NODE_ENV.exports.create (node_modules/react-test-renderer/cjs/react-test-renderer.development.js:14598:17)
      at create (node_modules/@testing-library/react-native/src/render-act.ts:15:29)
      at callback (node_modules/@testing-library/react-native/src/act.ts:31:24)
      at process.env.NODE_ENV.exports.act (node_modules/react/cjs/react.development.js:789:22)
      at actImplementation (node_modules/@testing-library/react-native/src/act.ts:30:25)
      at renderWithAct (node_modules/@testing-library/react-native/src/render-act.ts:13:11)
      at renderInternal (node_modules/@testing-library/react-native/src/render.tsx:69:33)
      at renderInternal (node_modules/@testing-library/react-native/src/render.tsx:44:10)
      at Object.<anonymous> (src/components/roulette/RouletteChip.test.tsx:33:35)

  console.error
    react-test-renderer is deprecated. See https://react.dev/warnings/react-test-renderer

    [0m [90m  6 |[39m
     [90m  7 |[39m [36mconst[39m renderWithTheme [33m=[39m (component[33m:[39m [33mReact[39m[33m.[39m[33mReactElement[39m) [33m=>[39m {
    [31m[1m>[22m[39m[90m  8 |[39m   [36mreturn[39m render([33m<[39m[33mThemeProvider[39m[33m>[39m{component}[33m<[39m[33m/[39m[33mThemeProvider[39m[33m>[39m)[33m;[39m
     [90m    |[39m                [31m[1m^[22m[39m
     [90m  9 |[39m }[33m;[39m
     [90m 10 |[39m
     [90m 11 |[39m describe([32m'MenuListScreen'[39m[33m,[39m () [33m=>[39m {[0m

      at Object.process.env.NODE_ENV.exports.create (node_modules/react-test-renderer/cjs/react-test-renderer.development.js:14598:17)
      at create (node_modules/@testing-library/react-native/src/render-act.ts:15:29)
      at callback (node_modules/@testing-library/react-native/src/act.ts:31:24)
      at process.env.NODE_ENV.exports.act (node_modules/react/cjs/react.development.js:789:22)
      at actImplementation (node_modules/@testing-library/react-native/src/act.ts:30:25)
      at renderWithAct (node_modules/@testing-library/react-native/src/render-act.ts:13:11)
      at renderInternal (node_modules/@testing-library/react-native/src/render.tsx:69:33)
      at renderInternal (node_modules/@testing-library/react-native/src/render.tsx:44:10)
      at renderWithTheme (src/features/roulette-training/components/MenuListScreen/MenuListScreen.test.tsx:8:16)
      at Object.renderWithTheme (src/features/roulette-training/components/MenuListScreen/MenuListScreen.test.tsx:81:7)

  console.error
    react-test-renderer is deprecated. See https://react.dev/warnings/react-test-renderer

    [0m [90m 76 |[39m
     [90m 77 |[39m     it([32m'should increment score on correct answer'[39m[33m,[39m () [33m=>[39m {
    [31m[1m>[22m[39m[90m 78 |[39m       [36mconst[39m { result } [33m=[39m renderHook(() [33m=>[39m useExerciseState())[33m;[39m
     [90m    |[39m                                    [31m[1m^[22m[39m
     [90m 79 |[39m
     [90m 80 |[39m       act(() [33m=>[39m {
     [90m 81 |[39m         result[33m.[39mcurrent[33m.[39msetUserAnswer([32m'100'[39m)[33m;[39m[0m

      at Object.process.env.NODE_ENV.exports.create (node_modules/react-test-renderer/cjs/react-test-renderer.development.js:14598:17)
      at create (node_modules/@testing-library/react-native/src/render-act.ts:15:29)
      at callback (node_modules/@testing-library/react-native/src/act.ts:31:24)
      at process.env.NODE_ENV.exports.act (node_modules/react/cjs/react.development.js:789:22)
      at actImplementation (node_modules/@testing-library/react-native/src/act.ts:30:25)
      at renderWithAct (node_modules/@testing-library/react-native/src/render-act.ts:13:11)
      at renderInternal (node_modules/@testing-library/react-native/src/render.tsx:69:33)
      at renderInternal (node_modules/@testing-library/react-native/src/render.tsx:44:10)
      at renderHook (node_modules/@testing-library/react-native/src/render-hook.tsx:55:58)
      at Object.<anonymous> (src/features/roulette-training/screens/exercises/CalculationScreen/useExerciseState.test.ts:78:36)

  console.error
    react-test-renderer is deprecated. See https://react.dev/warnings/react-test-renderer

    [0m [90m 41 |[39m     it([32m'should apply correct size to chip container'[39m[33m,[39m () [33m=>[39m {
     [90m 42 |[39m       [36mconst[39m size [33m=[39m [35m25[39m[33m;[39m
    [31m[1m>[22m[39m[90m 43 |[39m       [36mconst[39m { getByLabelText } [33m=[39m render([33m<[39m[33mRouletteChip[39m amount[33m=[39m{[35m10[39m} size[33m=[39m{size} [33m/[39m[33m>[39m)[33m;[39m
     [90m    |[39m                                        [31m[1m^[22m[39m
     [90m 44 |[39m
     [90m 45 |[39m       [36mconst[39m chip [33m=[39m getByLabelText([32m'$10 chip'[39m)[33m;[39m
     [90m 46 |[39m       expect(chip[33m.[39mprops[33m.[39mstyle[33m.[39mwidth)[33m.[39mtoBe(size)[33m;[39m[0m

      at Object.process.env.NODE_ENV.exports.create (node_modules/react-test-renderer/cjs/react-test-renderer.development.js:14598:17)
      at create (node_modules/@testing-library/react-native/src/render-act.ts:15:29)
      at callback (node_modules/@testing-library/react-native/src/act.ts:31:24)
      at process.env.NODE_ENV.exports.act (node_modules/react/cjs/react.development.js:789:22)
      at actImplementation (node_modules/@testing-library/react-native/src/act.ts:30:25)
      at renderWithAct (node_modules/@testing-library/react-native/src/render-act.ts:13:11)
      at renderInternal (node_modules/@testing-library/react-native/src/render.tsx:69:33)
      at renderInternal (node_modules/@testing-library/react-native/src/render.tsx:44:10)
      at Object.<anonymous> (src/components/roulette/RouletteChip.test.tsx:43:40)

  console.error
    react-test-renderer is deprecated. See https://react.dev/warnings/react-test-renderer

    [0m [90m  6 |[39m
     [90m  7 |[39m [36mconst[39m renderWithTheme [33m=[39m (component[33m:[39m [33mReact[39m[33m.[39m[33mReactElement[39m) [33m=>[39m {
    [31m[1m>[22m[39m[90m  8 |[39m   [36mreturn[39m render([33m<[39m[33mThemeProvider[39m[33m>[39m{component}[33m<[39m[33m/[39m[33mThemeProvider[39m[33m>[39m)[33m;[39m
     [90m    |[39m                [31m[1m^[22m[39m
     [90m  9 |[39m }[33m;[39m
     [90m 10 |[39m
     [90m 11 |[39m describe([32m'MenuListScreen'[39m[33m,[39m () [33m=>[39m {[0m

      at Object.process.env.NODE_ENV.exports.create (node_modules/react-test-renderer/cjs/react-test-renderer.development.js:14598:17)
      at create (node_modules/@testing-library/react-native/src/render-act.ts:15:29)
      at callback (node_modules/@testing-library/react-native/src/act.ts:31:24)
      at process.env.NODE_ENV.exports.act (node_modules/react/cjs/react.development.js:789:22)
      at actImplementation (node_modules/@testing-library/react-native/src/act.ts:30:25)
      at renderWithAct (node_modules/@testing-library/react-native/src/render-act.ts:13:11)
      at renderInternal (node_modules/@testing-library/react-native/src/render.tsx:69:33)
      at renderInternal (node_modules/@testing-library/react-native/src/render.tsx:44:10)
      at renderWithTheme (src/features/roulette-training/components/MenuListScreen/MenuListScreen.test.tsx:8:16)
      at Object.renderWithTheme (src/features/roulette-training/components/MenuListScreen/MenuListScreen.test.tsx:88:7)

  console.error
    react-test-renderer is deprecated. See https://react.dev/warnings/react-test-renderer

    [0m [90m  6 |[39m
     [90m  7 |[39m [36mconst[39m renderWithTheme [33m=[39m (component[33m:[39m [33mReact[39m[33m.[39m[33mReactElement[39m) [33m=>[39m {
    [31m[1m>[22m[39m[90m  8 |[39m   [36mreturn[39m render([33m<[39m[33mThemeProvider[39m[33m>[39m{component}[33m<[39m[33m/[39m[33mThemeProvider[39m[33m>[39m)[33m;[39m
     [90m    |[39m                [31m[1m^[22m[39m
     [90m  9 |[39m }[33m;[39m
     [90m 10 |[39m
     [90m 11 |[39m describe([32m'ActionLog'[39m[33m,[39m () [33m=>[39m {[0m

      at Object.process.env.NODE_ENV.exports.create (node_modules/react-test-renderer/cjs/react-test-renderer.development.js:14598:17)
      at create (node_modules/@testing-library/react-native/src/render-act.ts:15:29)
      at callback (node_modules/@testing-library/react-native/src/act.ts:31:24)
      at process.env.NODE_ENV.exports.act (node_modules/react/cjs/react.development.js:789:22)
      at actImplementation (node_modules/@testing-library/react-native/src/act.ts:30:25)
      at renderWithAct (node_modules/@testing-library/react-native/src/render-act.ts:13:11)
      at renderInternal (node_modules/@testing-library/react-native/src/render.tsx:69:33)
      at renderInternal (node_modules/@testing-library/react-native/src/render.tsx:44:10)
      at renderWithTheme (src/features/plo-training/components/ActionLog/ActionLog.test.tsx:8:16)
      at Object.renderWithTheme (src/features/plo-training/components/ActionLog/ActionLog.test.tsx:90:5)

  console.error
    react-test-renderer is deprecated. See https://react.dev/warnings/react-test-renderer

    [0m [90m  5 |[39m
     [90m  6 |[39m [36mconst[39m renderWithTheme [33m=[39m (component[33m:[39m [33mReact[39m[33m.[39m[33mReactElement[39m) [33m=>[39m {
    [31m[1m>[22m[39m[90m  7 |[39m   [36mreturn[39m render([33m<[39m[33mThemeProvider[39m[33m>[39m{component}[33m<[39m[33m/[39m[33mThemeProvider[39m[33m>[39m)[33m;[39m
     [90m    |[39m                [31m[1m^[22m[39m
     [90m  8 |[39m }[33m;[39m
     [90m  9 |[39m
     [90m 10 |[39m describe([32m'ExerciseStats'[39m[33m,[39m () [33m=>[39m {[0m

      at Object.process.env.NODE_ENV.exports.create (node_modules/react-test-renderer/cjs/react-test-renderer.development.js:14598:17)
      at create (node_modules/@testing-library/react-native/src/render-act.ts:15:29)
      at callback (node_modules/@testing-library/react-native/src/act.ts:31:24)
      at process.env.NODE_ENV.exports.act (node_modules/react/cjs/react.development.js:789:22)
      at actImplementation (node_modules/@testing-library/react-native/src/act.ts:30:25)
      at renderWithAct (node_modules/@testing-library/react-native/src/render-act.ts:13:11)
      at renderInternal (node_modules/@testing-library/react-native/src/render.tsx:69:33)
      at renderInternal (node_modules/@testing-library/react-native/src/render.tsx:44:10)
      at renderWithTheme (src/features/roulette-training/components/ExerciseStats/ExerciseStats.test.tsx:7:16)
      at Object.renderWithTheme (src/features/roulette-training/components/ExerciseStats/ExerciseStats.test.tsx:64:7)

  console.error
    react-test-renderer is deprecated. See https://react.dev/warnings/react-test-renderer

    [0m [90m 50 |[39m     it([32m'should apply correct margin for centering'[39m[33m,[39m () [33m=>[39m {
     [90m 51 |[39m       [36mconst[39m size [33m=[39m [35m20[39m[33m;[39m
    [31m[1m>[22m[39m[90m 52 |[39m       [36mconst[39m { getByLabelText } [33m=[39m render([33m<[39m[33mRouletteChip[39m amount[33m=[39m{[35m10[39m} size[33m=[39m{size} [33m/[39m[33m>[39m)[33m;[39m
     [90m    |[39m                                        [31m[1m^[22m[39m
     [90m 53 |[39m
     [90m 54 |[39m       [36mconst[39m chip [33m=[39m getByLabelText([32m'$10 chip'[39m)[33m;[39m
     [90m 55 |[39m       expect(chip[33m.[39mprops[33m.[39mstyle[33m.[39mmarginLeft)[33m.[39mtoBe([33m-[39msize [33m/[39m [35m2[39m)[33m;[39m[0m

      at Object.process.env.NODE_ENV.exports.create (node_modules/react-test-renderer/cjs/react-test-renderer.development.js:14598:17)
      at create (node_modules/@testing-library/react-native/src/render-act.ts:15:29)
      at callback (node_modules/@testing-library/react-native/src/act.ts:31:24)
      at process.env.NODE_ENV.exports.act (node_modules/react/cjs/react.development.js:789:22)
      at actImplementation (node_modules/@testing-library/react-native/src/act.ts:30:25)
      at renderWithAct (node_modules/@testing-library/react-native/src/render-act.ts:13:11)
      at renderInternal (node_modules/@testing-library/react-native/src/render.tsx:69:33)
      at renderInternal (node_modules/@testing-library/react-native/src/render.tsx:44:10)
      at Object.<anonymous> (src/components/roulette/RouletteChip.test.tsx:52:40)

  console.error
    react-test-renderer is deprecated. See https://react.dev/warnings/react-test-renderer

    [0m [90m 90 |[39m
     [90m 91 |[39m     it([32m'should not increment score on incorrect answer'[39m[33m,[39m () [33m=>[39m {
    [31m[1m>[22m[39m[90m 92 |[39m       [36mconst[39m { result } [33m=[39m renderHook(() [33m=>[39m useExerciseState())[33m;[39m
     [90m    |[39m                                    [31m[1m^[22m[39m
     [90m 93 |[39m
     [90m 94 |[39m       act(() [33m=>[39m {
     [90m 95 |[39m         result[33m.[39mcurrent[33m.[39msetUserAnswer([32m'50'[39m)[33m;[39m[0m

      at Object.process.env.NODE_ENV.exports.create (node_modules/react-test-renderer/cjs/react-test-renderer.development.js:14598:17)
      at create (node_modules/@testing-library/react-native/src/render-act.ts:15:29)
      at callback (node_modules/@testing-library/react-native/src/act.ts:31:24)
      at process.env.NODE_ENV.exports.act (node_modules/react/cjs/react.development.js:789:22)
      at actImplementation (node_modules/@testing-library/react-native/src/act.ts:30:25)
      at renderWithAct (node_modules/@testing-library/react-native/src/render-act.ts:13:11)
      at renderInternal (node_modules/@testing-library/react-native/src/render.tsx:69:33)
      at renderInternal (node_modules/@testing-library/react-native/src/render.tsx:44:10)
      at renderHook (node_modules/@testing-library/react-native/src/render-hook.tsx:55:58)
      at Object.<anonymous> (src/features/roulette-training/screens/exercises/CalculationScreen/useExerciseState.test.ts:92:36)

  console.error
    react-test-renderer is deprecated. See https://react.dev/warnings/react-test-renderer

    [0m [90m 16 |[39m
     [90m 17 |[39m     it([32m'should accept custom width'[39m[33m,[39m () [33m=>[39m {
    [31m[1m>[22m[39m[90m 18 |[39m       [36mconst[39m { root } [33m=[39m render([33m<[39m[33mRacetrackLayout[39m width[33m=[39m{[35m500[39m} [33m/[39m[33m>[39m)[33m;[39m
     [90m    |[39m                              [31m[1m^[22m[39m
     [90m 19 |[39m       expect(root)[33m.[39mtoBeDefined()[33m;[39m
     [90m 20 |[39m     })[33m;[39m
     [90m 21 |[39m[0m

      at Object.process.env.NODE_ENV.exports.create (node_modules/react-test-renderer/cjs/react-test-renderer.development.js:14598:17)
      at create (node_modules/@testing-library/react-native/src/render-act.ts:15:29)
      at callback (node_modules/@testing-library/react-native/src/act.ts:31:24)
      at process.env.NODE_ENV.exports.act (node_modules/react/cjs/react.development.js:789:22)
      at actImplementation (node_modules/@testing-library/react-native/src/act.ts:30:25)
      at renderWithAct (node_modules/@testing-library/react-native/src/render-act.ts:13:11)
      at renderInternal (node_modules/@testing-library/react-native/src/render.tsx:69:33)
      at renderInternal (node_modules/@testing-library/react-native/src/render.tsx:44:10)
      at Object.<anonymous> (src/features/racetrack/components/RacetrackLayout/RacetrackLayout.test.tsx:18:30)

  console.error
    react-test-renderer is deprecated. See https://react.dev/warnings/react-test-renderer

    [0m [90m  6 |[39m
     [90m  7 |[39m [36mconst[39m renderWithTheme [33m=[39m (component[33m:[39m [33mReact[39m[33m.[39m[33mReactElement[39m) [33m=>[39m {
    [31m[1m>[22m[39m[90m  8 |[39m   [36mreturn[39m render([33m<[39m[33mThemeProvider[39m[33m>[39m{component}[33m<[39m[33m/[39m[33mThemeProvider[39m[33m>[39m)[33m;[39m
     [90m    |[39m                [31m[1m^[22m[39m
     [90m  9 |[39m }[33m;[39m
     [90m 10 |[39m
     [90m 11 |[39m describe([32m'MenuListScreen'[39m[33m,[39m () [33m=>[39m {[0m

      at Object.process.env.NODE_ENV.exports.create (node_modules/react-test-renderer/cjs/react-test-renderer.development.js:14598:17)
      at create (node_modules/@testing-library/react-native/src/render-act.ts:15:29)
      at callback (node_modules/@testing-library/react-native/src/act.ts:31:24)
      at process.env.NODE_ENV.exports.act (node_modules/react/cjs/react.development.js:789:22)
      at actImplementation (node_modules/@testing-library/react-native/src/act.ts:30:25)
      at renderWithAct (node_modules/@testing-library/react-native/src/render-act.ts:13:11)
      at renderInternal (node_modules/@testing-library/react-native/src/render.tsx:69:33)
      at renderInternal (node_modules/@testing-library/react-native/src/render.tsx:44:10)
      at renderWithTheme (src/features/roulette-training/components/MenuListScreen/MenuListScreen.test.tsx:8:16)
      at Object.renderWithTheme (src/features/roulette-training/components/MenuListScreen/MenuListScreen.test.tsx:95:7)

  console.error
    react-test-renderer is deprecated. See https://react.dev/warnings/react-test-renderer

    [0m [90m  7 |[39m
     [90m  8 |[39m [36mconst[39m renderWithTheme [33m=[39m (component[33m:[39m [33mReact[39m[33m.[39m[33mReactElement[39m) [33m=>[39m {
    [31m[1m>[22m[39m[90m  9 |[39m   [36mreturn[39m render([33m<[39m[33mThemeProvider[39m[33m>[39m{component}[33m<[39m[33m/[39m[33mThemeProvider[39m[33m>[39m)[33m;[39m
     [90m    |[39m                [31m[1m^[22m[39m
     [90m 10 |[39m }[33m;[39m
     [90m 11 |[39m
     [90m 12 |[39m describe([32m'GameStateDisplay'[39m[33m,[39m () [33m=>[39m {[0m

      at Object.process.env.NODE_ENV.exports.create (node_modules/react-test-renderer/cjs/react-test-renderer.development.js:14598:17)
      at create (node_modules/@testing-library/react-native/src/render-act.ts:15:29)
      at callback (node_modules/@testing-library/react-native/src/act.ts:31:24)
      at process.env.NODE_ENV.exports.act (node_modules/react/cjs/react.development.js:789:22)
      at actImplementation (node_modules/@testing-library/react-native/src/act.ts:30:25)
      at renderWithAct (node_modules/@testing-library/react-native/src/render-act.ts:13:11)
      at renderInternal (node_modules/@testing-library/react-native/src/render.tsx:69:33)
      at renderInternal (node_modules/@testing-library/react-native/src/render.tsx:44:10)
      at renderWithTheme (src/features/plo-training/components/GameStateDisplay/GameStateDisplay.test.tsx:9:16)
      at Object.renderWithTheme (src/features/plo-training/components/GameStateDisplay/GameStateDisplay.test.tsx:61:5)

  console.error
    react-test-renderer is deprecated. See https://react.dev/warnings/react-test-renderer

    [0m [90m 58 |[39m
     [90m 59 |[39m     it([32m'should have gold background color'[39m[33m,[39m () [33m=>[39m {
    [31m[1m>[22m[39m[90m 60 |[39m       [36mconst[39m { getByLabelText } [33m=[39m render([33m<[39m[33mRouletteChip[39m amount[33m=[39m{[35m10[39m} size[33m=[39m{[35m20[39m} [33m/[39m[33m>[39m)[33m;[39m
     [90m    |[39m                                        [31m[1m^[22m[39m
     [90m 61 |[39m
     [90m 62 |[39m       [36mconst[39m chip [33m=[39m getByLabelText([32m'$10 chip'[39m)[33m;[39m
     [90m 63 |[39m       expect(chip[33m.[39mprops[33m.[39mstyle[33m.[39mbackgroundColor)[33m.[39mtoBe([32m'#FFD700'[39m)[33m;[39m[0m

      at Object.process.env.NODE_ENV.exports.create (node_modules/react-test-renderer/cjs/react-test-renderer.development.js:14598:17)
      at create (node_modules/@testing-library/react-native/src/render-act.ts:15:29)
      at callback (node_modules/@testing-library/react-native/src/act.ts:31:24)
      at process.env.NODE_ENV.exports.act (node_modules/react/cjs/react.development.js:789:22)
      at actImplementation (node_modules/@testing-library/react-native/src/act.ts:30:25)
      at renderWithAct (node_modules/@testing-library/react-native/src/render-act.ts:13:11)
      at renderInternal (node_modules/@testing-library/react-native/src/render.tsx:69:33)
      at renderInternal (node_modules/@testing-library/react-native/src/render.tsx:44:10)
      at Object.<anonymous> (src/components/roulette/RouletteChip.test.tsx:60:40)

  console.error
    react-test-renderer is deprecated. See https://react.dev/warnings/react-test-renderer

    [0m [90m 104 |[39m
     [90m 105 |[39m     it([32m'should increment attempts on each check'[39m[33m,[39m () [33m=>[39m {
    [31m[1m>[22m[39m[90m 106 |[39m       [36mconst[39m { result } [33m=[39m renderHook(() [33m=>[39m useExerciseState())[33m;[39m
     [90m     |[39m                                    [31m[1m^[22m[39m
     [90m 107 |[39m
     [90m 108 |[39m       act(() [33m=>[39m {
     [90m 109 |[39m         result[33m.[39mcurrent[33m.[39msetUserAnswer([32m'100'[39m)[33m;[39m[0m

      at Object.process.env.NODE_ENV.exports.create (node_modules/react-test-renderer/cjs/react-test-renderer.development.js:14598:17)
      at create (node_modules/@testing-library/react-native/src/render-act.ts:15:29)
      at callback (node_modules/@testing-library/react-native/src/act.ts:31:24)
      at process.env.NODE_ENV.exports.act (node_modules/react/cjs/react.development.js:789:22)
      at actImplementation (node_modules/@testing-library/react-native/src/act.ts:30:25)
      at renderWithAct (node_modules/@testing-library/react-native/src/render-act.ts:13:11)
      at renderInternal (node_modules/@testing-library/react-native/src/render.tsx:69:33)
      at renderInternal (node_modules/@testing-library/react-native/src/render.tsx:44:10)
      at renderHook (node_modules/@testing-library/react-native/src/render-hook.tsx:55:58)
      at Object.<anonymous> (src/features/roulette-training/screens/exercises/CalculationScreen/useExerciseState.test.ts:106:36)

  console.error
    react-test-renderer is deprecated. See https://react.dev/warnings/react-test-renderer

    [0m [90m 65 |[39m
     [90m 66 |[39m     it([32m'should have circular shape'[39m[33m,[39m () [33m=>[39m {
    [31m[1m>[22m[39m[90m 67 |[39m       [36mconst[39m { getByLabelText } [33m=[39m render([33m<[39m[33mRouletteChip[39m amount[33m=[39m{[35m10[39m} size[33m=[39m{[35m20[39m} [33m/[39m[33m>[39m)[33m;[39m
     [90m    |[39m                                        [31m[1m^[22m[39m
     [90m 68 |[39m
     [90m 69 |[39m       [36mconst[39m chip [33m=[39m getByLabelText([32m'$10 chip'[39m)[33m;[39m
     [90m 70 |[39m       expect(chip[33m.[39mprops[33m.[39mstyle[33m.[39mborderRadius)[33m.[39mtoBe([35m100[39m)[33m;[39m[0m

      at Object.process.env.NODE_ENV.exports.create (node_modules/react-test-renderer/cjs/react-test-renderer.development.js:14598:17)
      at create (node_modules/@testing-library/react-native/src/render-act.ts:15:29)
      at callback (node_modules/@testing-library/react-native/src/act.ts:31:24)
      at process.env.NODE_ENV.exports.act (node_modules/react/cjs/react.development.js:789:22)
      at actImplementation (node_modules/@testing-library/react-native/src/act.ts:30:25)
      at renderWithAct (node_modules/@testing-library/react-native/src/render-act.ts:13:11)
      at renderInternal (node_modules/@testing-library/react-native/src/render.tsx:69:33)
      at renderInternal (node_modules/@testing-library/react-native/src/render.tsx:44:10)
      at Object.<anonymous> (src/components/roulette/RouletteChip.test.tsx:67:40)

  console.error
    react-test-renderer is deprecated. See https://react.dev/warnings/react-test-renderer

    [0m [90m  6 |[39m
     [90m  7 |[39m [36mconst[39m renderWithTheme [33m=[39m (component[33m:[39m [33mReact[39m[33m.[39m[33mReactElement[39m) [33m=>[39m {
    [31m[1m>[22m[39m[90m  8 |[39m   [36mreturn[39m render([33m<[39m[33mThemeProvider[39m[33m>[39m{component}[33m<[39m[33m/[39m[33mThemeProvider[39m[33m>[39m)[33m;[39m
     [90m    |[39m                [31m[1m^[22m[39m
     [90m  9 |[39m }[33m;[39m
     [90m 10 |[39m
     [90m 11 |[39m describe([32m'ActionLog'[39m[33m,[39m () [33m=>[39m {[0m

      at Object.process.env.NODE_ENV.exports.create (node_modules/react-test-renderer/cjs/react-test-renderer.development.js:14598:17)
      at create (node_modules/@testing-library/react-native/src/render-act.ts:15:29)
      at callback (node_modules/@testing-library/react-native/src/act.ts:31:24)
      at process.env.NODE_ENV.exports.act (node_modules/react/cjs/react.development.js:789:22)
      at actImplementation (node_modules/@testing-library/react-native/src/act.ts:30:25)
      at renderWithAct (node_modules/@testing-library/react-native/src/render-act.ts:13:11)
      at renderInternal (node_modules/@testing-library/react-native/src/render.tsx:69:33)
      at renderInternal (node_modules/@testing-library/react-native/src/render.tsx:44:10)
      at renderWithTheme (src/features/plo-training/components/ActionLog/ActionLog.test.tsx:8:16)
      at Object.renderWithTheme (src/features/plo-training/components/ActionLog/ActionLog.test.tsx:97:5)

  console.error
    react-test-renderer is deprecated. See https://react.dev/warnings/react-test-renderer

    [0m [90m  7 |[39m
     [90m  8 |[39m [36mconst[39m renderWithTheme [33m=[39m (component[33m:[39m [33mReact[39m[33m.[39m[33mReactElement[39m) [33m=>[39m {
    [31m[1m>[22m[39m[90m  9 |[39m   [36mreturn[39m render([33m<[39m[33mThemeProvider[39m[33m>[39m{component}[33m<[39m[33m/[39m[33mThemeProvider[39m[33m>[39m)[33m;[39m
     [90m    |[39m                [31m[1m^[22m[39m
     [90m 10 |[39m }[33m;[39m
     [90m 11 |[39m
     [90m 12 |[39m describe([32m'GameStateDisplay'[39m[33m,[39m () [33m=>[39m {[0m

      at Object.process.env.NODE_ENV.exports.create (node_modules/react-test-renderer/cjs/react-test-renderer.development.js:14598:17)
      at create (node_modules/@testing-library/react-native/src/render-act.ts:15:29)
      at callback (node_modules/@testing-library/react-native/src/act.ts:31:24)
      at process.env.NODE_ENV.exports.act (node_modules/react/cjs/react.development.js:789:22)
      at actImplementation (node_modules/@testing-library/react-native/src/act.ts:30:25)
      at renderWithAct (node_modules/@testing-library/react-native/src/render-act.ts:13:11)
      at renderInternal (node_modules/@testing-library/react-native/src/render.tsx:69:33)
      at renderInternal (node_modules/@testing-library/react-native/src/render.tsx:44:10)
      at renderWithTheme (src/features/plo-training/components/GameStateDisplay/GameStateDisplay.test.tsx:9:16)
      at Object.renderWithTheme (src/features/plo-training/components/GameStateDisplay/GameStateDisplay.test.tsx:75:5)

  console.error
    react-test-renderer is deprecated. See https://react.dev/warnings/react-test-renderer

    [0m [90m 77 |[39m       [36mconst[39m expectedFontSize [33m=[39m size [33m*[39m [35m0.5[39m[33m;[39m [90m// 10[39m
     [90m 78 |[39m
    [31m[1m>[22m[39m[90m 79 |[39m       [36mconst[39m { getByText } [33m=[39m render([33m<[39m[33mRouletteChip[39m amount[33m=[39m{[35m10[39m} size[33m=[39m{size} [33m/[39m[33m>[39m)[33m;[39m
     [90m    |[39m                                   [31m[1m^[22m[39m
     [90m 80 |[39m
     [90m 81 |[39m       [36mconst[39m text [33m=[39m getByText([32m'10'[39m)[33m;[39m
     [90m 82 |[39m       expect(text[33m.[39mprops[33m.[39mstyle[33m.[39mfontSize)[33m.[39mtoBe(expectedFontSize)[33m;[39m[0m

      at Object.process.env.NODE_ENV.exports.create (node_modules/react-test-renderer/cjs/react-test-renderer.development.js:14598:17)
      at create (node_modules/@testing-library/react-native/src/render-act.ts:15:29)
      at callback (node_modules/@testing-library/react-native/src/act.ts:31:24)
      at process.env.NODE_ENV.exports.act (node_modules/react/cjs/react.development.js:789:22)
      at actImplementation (node_modules/@testing-library/react-native/src/act.ts:30:25)
      at renderWithAct (node_modules/@testing-library/react-native/src/render-act.ts:13:11)
      at renderInternal (node_modules/@testing-library/react-native/src/render.tsx:69:33)
      at renderInternal (node_modules/@testing-library/react-native/src/render.tsx:44:10)
      at Object.<anonymous> (src/components/roulette/RouletteChip.test.tsx:79:35)

  console.error
    react-test-renderer is deprecated. See https://react.dev/warnings/react-test-renderer

    [0m [90m  6 |[39m
     [90m  7 |[39m [36mconst[39m renderWithTheme [33m=[39m (component[33m:[39m [33mReact[39m[33m.[39m[33mReactElement[39m) [33m=>[39m {
    [31m[1m>[22m[39m[90m  8 |[39m   [36mreturn[39m render([33m<[39m[33mThemeProvider[39m[33m>[39m{component}[33m<[39m[33m/[39m[33mThemeProvider[39m[33m>[39m)[33m;[39m
     [90m    |[39m                [31m[1m^[22m[39m
     [90m  9 |[39m }[33m;[39m
     [90m 10 |[39m
     [90m 11 |[39m describe([32m'ActionLog'[39m[33m,[39m () [33m=>[39m {[0m

      at Object.process.env.NODE_ENV.exports.create (node_modules/react-test-renderer/cjs/react-test-renderer.development.js:14598:17)
      at create (node_modules/@testing-library/react-native/src/render-act.ts:15:29)
      at callback (node_modules/@testing-library/react-native/src/act.ts:31:24)
      at process.env.NODE_ENV.exports.act (node_modules/react/cjs/react.development.js:789:22)
      at actImplementation (node_modules/@testing-library/react-native/src/act.ts:30:25)
      at renderWithAct (node_modules/@testing-library/react-native/src/render-act.ts:13:11)
      at renderInternal (node_modules/@testing-library/react-native/src/render.tsx:69:33)
      at renderInternal (node_modules/@testing-library/react-native/src/render.tsx:44:10)
      at renderWithTheme (src/features/plo-training/components/ActionLog/ActionLog.test.tsx:8:16)
      at Object.renderWithTheme (src/features/plo-training/components/ActionLog/ActionLog.test.tsx:118:5)

  console.error
    react-test-renderer is deprecated. See https://react.dev/warnings/react-test-renderer

    [0m [90m  6 |[39m
     [90m  7 |[39m [36mconst[39m renderWithTheme [33m=[39m (component[33m:[39m [33mReact[39m[33m.[39m[33mReactElement[39m) [33m=>[39m {
    [31m[1m>[22m[39m[90m  8 |[39m   [36mreturn[39m render([33m<[39m[33mThemeProvider[39m[33m>[39m{component}[33m<[39m[33m/[39m[33mThemeProvider[39m[33m>[39m)[33m;[39m
     [90m    |[39m                [31m[1m^[22m[39m
     [90m  9 |[39m }[33m;[39m
     [90m 10 |[39m
     [90m 11 |[39m describe([32m'MenuListScreen'[39m[33m,[39m () [33m=>[39m {[0m

      at Object.process.env.NODE_ENV.exports.create (node_modules/react-test-renderer/cjs/react-test-renderer.development.js:14598:17)
      at create (node_modules/@testing-library/react-native/src/render-act.ts:15:29)
      at callback (node_modules/@testing-library/react-native/src/act.ts:31:24)
      at process.env.NODE_ENV.exports.act (node_modules/react/cjs/react.development.js:789:22)
      at actImplementation (node_modules/@testing-library/react-native/src/act.ts:30:25)
      at renderWithAct (node_modules/@testing-library/react-native/src/render-act.ts:13:11)
      at renderInternal (node_modules/@testing-library/react-native/src/render.tsx:69:33)
      at renderInternal (node_modules/@testing-library/react-native/src/render.tsx:44:10)
      at renderWithTheme (src/features/roulette-training/components/MenuListScreen/MenuListScreen.test.tsx:8:16)
      at Object.renderWithTheme (src/features/roulette-training/components/MenuListScreen/MenuListScreen.test.tsx:107:7)

PASS src/features/roulette-training/screens/reference/RouletteLayoutPracticeScreen/RouletteLayoutPracticeScreen.test.tsx
  RouletteLayoutPracticeScreen
    ΓêÜ renders layout practice screen sections (334 ms)

  console.error
    react-test-renderer is deprecated. See https://react.dev/warnings/react-test-renderer

    [0m [90m 21 |[39m
     [90m 22 |[39m     it([32m'should calculate height based on VIEWBOX aspect ratio'[39m[33m,[39m () [33m=>[39m {
    [31m[1m>[22m[39m[90m 23 |[39m       [36mconst[39m { root } [33m=[39m render([33m<[39m[33mRacetrackLayout[39m width[33m=[39m{[35m350[39m} [33m/[39m[33m>[39m)[33m;[39m
     [90m    |[39m                              [31m[1m^[22m[39m
     [90m 24 |[39m       expect(root)[33m.[39mtoBeDefined()[33m;[39m
     [90m 25 |[39m     })[33m;[39m
     [90m 26 |[39m[0m

      at Object.process.env.NODE_ENV.exports.create (node_modules/react-test-renderer/cjs/react-test-renderer.development.js:14598:17)
      at create (node_modules/@testing-library/react-native/src/render-act.ts:15:29)
      at callback (node_modules/@testing-library/react-native/src/act.ts:31:24)
      at process.env.NODE_ENV.exports.act (node_modules/react/cjs/react.development.js:789:22)
      at actImplementation (node_modules/@testing-library/react-native/src/act.ts:30:25)
      at renderWithAct (node_modules/@testing-library/react-native/src/render-act.ts:13:11)
      at renderInternal (node_modules/@testing-library/react-native/src/render.tsx:69:33)
      at renderInternal (node_modules/@testing-library/react-native/src/render.tsx:44:10)
      at Object.<anonymous> (src/features/racetrack/components/RacetrackLayout/RacetrackLayout.test.tsx:23:30)

PASS src/features/plo-training/components/ActionLog/ActionLog.test.tsx
  ActionLog
    ΓêÜ renders action log container (232 ms)
    ΓêÜ renders street headers (27 ms)
    ΓêÜ renders action lines (12 ms)
    ΓêÜ renders requester name in ask indicator (12 ms)
    ΓêÜ handles multiple streets (20 ms)
    ΓêÜ handles all street types (34 ms)
    ΓêÜ renders single action line (8 ms)
    ΓêÜ renders empty action lines gracefully (12 ms)
    ΓêÜ renders ask indicator with different requester names (106 ms)
    ΓêÜ handles long action descriptions (8 ms)
    ΓêÜ distinguishes between current and historical streets (23 ms)
    ΓêÜ renders with many action lines (9 ms)

  console.error
    react-test-renderer is deprecated. See https://react.dev/warnings/react-test-renderer

    [0m [90m  7 |[39m
     [90m  8 |[39m [36mconst[39m renderWithTheme [33m=[39m (component[33m:[39m [33mReact[39m[33m.[39m[33mReactElement[39m) [33m=>[39m {
    [31m[1m>[22m[39m[90m  9 |[39m   [36mreturn[39m render([33m<[39m[33mThemeProvider[39m[33m>[39m{component}[33m<[39m[33m/[39m[33mThemeProvider[39m[33m>[39m)[33m;[39m
     [90m    |[39m                [31m[1m^[22m[39m
     [90m 10 |[39m }[33m;[39m
     [90m 11 |[39m
     [90m 12 |[39m describe([32m'GameStateDisplay'[39m[33m,[39m () [33m=>[39m {[0m

      at Object.process.env.NODE_ENV.exports.create (node_modules/react-test-renderer/cjs/react-test-renderer.development.js:14598:17)
      at create (node_modules/@testing-library/react-native/src/render-act.ts:15:29)
      at callback (node_modules/@testing-library/react-native/src/act.ts:31:24)
      at process.env.NODE_ENV.exports.act (node_modules/react/cjs/react.development.js:789:22)
      at actImplementation (node_modules/@testing-library/react-native/src/act.ts:30:25)
      at renderWithAct (node_modules/@testing-library/react-native/src/render-act.ts:13:11)
      at renderInternal (node_modules/@testing-library/react-native/src/render.tsx:69:33)
      at renderInternal (node_modules/@testing-library/react-native/src/render.tsx:44:10)
      at renderWithTheme (src/features/plo-training/components/GameStateDisplay/GameStateDisplay.test.tsx:9:16)
      at Object.renderWithTheme (src/features/plo-training/components/GameStateDisplay/GameStateDisplay.test.tsx:90:5)

  console.error
    react-test-renderer is deprecated. See https://react.dev/warnings/react-test-renderer

    [0m [90m 88 |[39m       sizes[33m.[39mforEach(size [33m=>[39m {
     [90m 89 |[39m         [36mconst[39m expectedFontSize [33m=[39m size [33m*[39m [35m0.5[39m[33m;[39m
    [31m[1m>[22m[39m[90m 90 |[39m         [36mconst[39m { getByText } [33m=[39m render([33m<[39m[33mRouletteChip[39m amount[33m=[39m{[35m10[39m} size[33m=[39m{size} [33m/[39m[33m>[39m)[33m;[39m
     [90m    |[39m                                     [31m[1m^[22m[39m
     [90m 91 |[39m         [36mconst[39m text [33m=[39m getByText([32m'10'[39m)[33m;[39m
     [90m 92 |[39m         expect(text[33m.[39mprops[33m.[39mstyle[33m.[39mfontSize)[33m.[39mtoBe(expectedFontSize)[33m;[39m
     [90m 93 |[39m       })[33m;[39m[0m

      at Object.process.env.NODE_ENV.exports.create (node_modules/react-test-renderer/cjs/react-test-renderer.development.js:14598:17)
      at create (node_modules/@testing-library/react-native/src/render-act.ts:15:29)
      at callback (node_modules/@testing-library/react-native/src/act.ts:31:24)
      at process.env.NODE_ENV.exports.act (node_modules/react/cjs/react.development.js:789:22)
      at actImplementation (node_modules/@testing-library/react-native/src/act.ts:30:25)
      at renderWithAct (node_modules/@testing-library/react-native/src/render-act.ts:13:11)
      at renderInternal (node_modules/@testing-library/react-native/src/render.tsx:69:33)
      at renderInternal (node_modules/@testing-library/react-native/src/render.tsx:44:10)
      at src/components/roulette/RouletteChip.test.tsx:90:37
          at Array.forEach (<anonymous>)
      at Object.forEach (src/components/roulette/RouletteChip.test.tsx:88:13)

  console.error
    react-test-renderer is deprecated. See https://react.dev/warnings/react-test-renderer

    [0m [90m  6 |[39m
     [90m  7 |[39m [36mconst[39m renderWithTheme [33m=[39m (component[33m:[39m [33mReact[39m[33m.[39m[33mReactElement[39m) [33m=>[39m {
    [31m[1m>[22m[39m[90m  8 |[39m   [36mreturn[39m render([33m<[39m[33mThemeProvider[39m[33m>[39m{component}[33m<[39m[33m/[39m[33mThemeProvider[39m[33m>[39m)[33m;[39m
     [90m    |[39m                [31m[1m^[22m[39m
     [90m  9 |[39m }[33m;[39m
     [90m 10 |[39m
     [90m 11 |[39m describe([32m'MenuListScreen'[39m[33m,[39m () [33m=>[39m {[0m

      at Object.process.env.NODE_ENV.exports.create (node_modules/react-test-renderer/cjs/react-test-renderer.development.js:14598:17)
      at create (node_modules/@testing-library/react-native/src/render-act.ts:15:29)
      at callback (node_modules/@testing-library/react-native/src/act.ts:31:24)
      at process.env.NODE_ENV.exports.act (node_modules/react/cjs/react.development.js:789:22)
      at actImplementation (node_modules/@testing-library/react-native/src/act.ts:30:25)
      at renderWithAct (node_modules/@testing-library/react-native/src/render-act.ts:13:11)
      at renderInternal (node_modules/@testing-library/react-native/src/render.tsx:69:33)
      at renderInternal (node_modules/@testing-library/react-native/src/render.tsx:44:10)
      at renderWithTheme (src/features/roulette-training/components/MenuListScreen/MenuListScreen.test.tsx:8:16)
      at Object.renderWithTheme (src/features/roulette-training/components/MenuListScreen/MenuListScreen.test.tsx:117:7)

  console.error
    react-test-renderer is deprecated. See https://react.dev/warnings/react-test-renderer

    [0m [90m 88 |[39m       sizes[33m.[39mforEach(size [33m=>[39m {
     [90m 89 |[39m         [36mconst[39m expectedFontSize [33m=[39m size [33m*[39m [35m0.5[39m[33m;[39m
    [31m[1m>[22m[39m[90m 90 |[39m         [36mconst[39m { getByText } [33m=[39m render([33m<[39m[33mRouletteChip[39m amount[33m=[39m{[35m10[39m} size[33m=[39m{size} [33m/[39m[33m>[39m)[33m;[39m
     [90m    |[39m                                     [31m[1m^[22m[39m
     [90m 91 |[39m         [36mconst[39m text [33m=[39m getByText([32m'10'[39m)[33m;[39m
     [90m 92 |[39m         expect(text[33m.[39mprops[33m.[39mstyle[33m.[39mfontSize)[33m.[39mtoBe(expectedFontSize)[33m;[39m
     [90m 93 |[39m       })[33m;[39m[0m

      at Object.process.env.NODE_ENV.exports.create (node_modules/react-test-renderer/cjs/react-test-renderer.development.js:14598:17)
      at create (node_modules/@testing-library/react-native/src/render-act.ts:15:29)
      at callback (node_modules/@testing-library/react-native/src/act.ts:31:24)
      at process.env.NODE_ENV.exports.act (node_modules/react/cjs/react.development.js:789:22)
      at actImplementation (node_modules/@testing-library/react-native/src/act.ts:30:25)
      at renderWithAct (node_modules/@testing-library/react-native/src/render-act.ts:13:11)
      at renderInternal (node_modules/@testing-library/react-native/src/render.tsx:69:33)
      at renderInternal (node_modules/@testing-library/react-native/src/render.tsx:44:10)
      at src/components/roulette/RouletteChip.test.tsx:90:37
          at Array.forEach (<anonymous>)
      at Object.forEach (src/components/roulette/RouletteChip.test.tsx:88:13)

  console.error
    react-test-renderer is deprecated. See https://react.dev/warnings/react-test-renderer

    [0m [90m  5 |[39m
     [90m  6 |[39m [36mconst[39m renderWithTheme [33m=[39m (component[33m:[39m [33mReact[39m[33m.[39m[33mReactElement[39m) [33m=>[39m {
    [31m[1m>[22m[39m[90m  7 |[39m   [36mreturn[39m render([33m<[39m[33mThemeProvider[39m[33m>[39m{component}[33m<[39m[33m/[39m[33mThemeProvider[39m[33m>[39m)[33m;[39m
     [90m    |[39m                [31m[1m^[22m[39m
     [90m  8 |[39m }[33m;[39m
     [90m  9 |[39m
     [90m 10 |[39m describe([32m'HintSection'[39m[33m,[39m () [33m=>[39m {[0m

      at Object.process.env.NODE_ENV.exports.create (node_modules/react-test-renderer/cjs/react-test-renderer.development.js:14598:17)
      at create (node_modules/@testing-library/react-native/src/render-act.ts:15:29)
      at callback (node_modules/@testing-library/react-native/src/act.ts:31:24)
      at process.env.NODE_ENV.exports.act (node_modules/react/cjs/react.development.js:789:22)
      at actImplementation (node_modules/@testing-library/react-native/src/act.ts:30:25)
      at renderWithAct (node_modules/@testing-library/react-native/src/render-act.ts:13:11)
      at renderInternal (node_modules/@testing-library/react-native/src/render.tsx:69:33)
      at renderInternal (node_modules/@testing-library/react-native/src/render.tsx:44:10)
      at renderWithTheme (src/features/roulette-training/components/HintSection/HintSection.test.tsx:7:16)
      at Object.renderWithTheme (src/features/roulette-training/components/HintSection/HintSection.test.tsx:184:7)

  console.error
    react-test-renderer is deprecated. See https://react.dev/warnings/react-test-renderer

    [0m [90m  7 |[39m
     [90m  8 |[39m [36mconst[39m renderWithTheme [33m=[39m (component[33m:[39m [33mReact[39m[33m.[39m[33mReactElement[39m) [33m=>[39m {
    [31m[1m>[22m[39m[90m  9 |[39m   [36mreturn[39m render([33m<[39m[33mThemeProvider[39m[33m>[39m{component}[33m<[39m[33m/[39m[33mThemeProvider[39m[33m>[39m)[33m;[39m
     [90m    |[39m                [31m[1m^[22m[39m
     [90m 10 |[39m }[33m;[39m
     [90m 11 |[39m
     [90m 12 |[39m describe([32m'GameStateDisplay'[39m[33m,[39m () [33m=>[39m {[0m

      at Object.process.env.NODE_ENV.exports.create (node_modules/react-test-renderer/cjs/react-test-renderer.development.js:14598:17)
      at create (node_modules/@testing-library/react-native/src/render-act.ts:15:29)
      at callback (node_modules/@testing-library/react-native/src/act.ts:31:24)
      at process.env.NODE_ENV.exports.act (node_modules/react/cjs/react.development.js:789:22)
      at actImplementation (node_modules/@testing-library/react-native/src/act.ts:30:25)
      at renderWithAct (node_modules/@testing-library/react-native/src/render-act.ts:13:11)
      at renderInternal (node_modules/@testing-library/react-native/src/render.tsx:69:33)
      at renderInternal (node_modules/@testing-library/react-native/src/render.tsx:44:10)
      at renderWithTheme (src/features/plo-training/components/GameStateDisplay/GameStateDisplay.test.tsx:9:16)
      at Object.renderWithTheme (src/features/plo-training/components/GameStateDisplay/GameStateDisplay.test.tsx:96:5)

  console.error
    react-test-renderer is deprecated. See https://react.dev/warnings/react-test-renderer

    [0m [90m  6 |[39m
     [90m  7 |[39m [36mconst[39m renderWithTheme [33m=[39m (component[33m:[39m [33mReact[39m[33m.[39m[33mReactElement[39m) [33m=>[39m {
    [31m[1m>[22m[39m[90m  8 |[39m   [36mreturn[39m render([33m<[39m[33mThemeProvider[39m[33m>[39m{component}[33m<[39m[33m/[39m[33mThemeProvider[39m[33m>[39m)[33m;[39m
     [90m    |[39m                [31m[1m^[22m[39m
     [90m  9 |[39m }[33m;[39m
     [90m 10 |[39m
     [90m 11 |[39m describe([32m'MenuListScreen'[39m[33m,[39m () [33m=>[39m {[0m

      at Object.process.env.NODE_ENV.exports.create (node_modules/react-test-renderer/cjs/react-test-renderer.development.js:14598:17)
      at create (node_modules/@testing-library/react-native/src/render-act.ts:15:29)
      at callback (node_modules/@testing-library/react-native/src/act.ts:31:24)
      at process.env.NODE_ENV.exports.act (node_modules/react/cjs/react.development.js:789:22)
      at actImplementation (node_modules/@testing-library/react-native/src/act.ts:30:25)
      at renderWithAct (node_modules/@testing-library/react-native/src/render-act.ts:13:11)
      at renderInternal (node_modules/@testing-library/react-native/src/render.tsx:69:33)
      at renderInternal (node_modules/@testing-library/react-native/src/render.tsx:44:10)
      at renderWithTheme (src/features/roulette-training/components/MenuListScreen/MenuListScreen.test.tsx:8:16)
      at Object.renderWithTheme (src/features/roulette-training/components/MenuListScreen/MenuListScreen.test.tsx:127:7)

  console.error
    react-test-renderer is deprecated. See https://react.dev/warnings/react-test-renderer

    [0m [90m 26 |[39m
     [90m 27 |[39m     it([32m'should render with small width'[39m[33m,[39m () [33m=>[39m {
    [31m[1m>[22m[39m[90m 28 |[39m       [36mconst[39m { root } [33m=[39m render([33m<[39m[33mRacetrackLayout[39m width[33m=[39m{[35m200[39m} [33m/[39m[33m>[39m)[33m;[39m
     [90m    |[39m                              [31m[1m^[22m[39m
     [90m 29 |[39m       expect(root)[33m.[39mtoBeDefined()[33m;[39m
     [90m 30 |[39m     })[33m;[39m
     [90m 31 |[39m[0m

      at Object.process.env.NODE_ENV.exports.create (node_modules/react-test-renderer/cjs/react-test-renderer.development.js:14598:17)
      at create (node_modules/@testing-library/react-native/src/render-act.ts:15:29)
      at callback (node_modules/@testing-library/react-native/src/act.ts:31:24)
      at process.env.NODE_ENV.exports.act (node_modules/react/cjs/react.development.js:789:22)
      at actImplementation (node_modules/@testing-library/react-native/src/act.ts:30:25)
      at renderWithAct (node_modules/@testing-library/react-native/src/render-act.ts:13:11)
      at renderInternal (node_modules/@testing-library/react-native/src/render.tsx:69:33)
      at renderInternal (node_modules/@testing-library/react-native/src/render.tsx:44:10)
      at Object.<anonymous> (src/features/racetrack/components/RacetrackLayout/RacetrackLayout.test.tsx:28:30)

  console.error
    react-test-renderer is deprecated. See https://react.dev/warnings/react-test-renderer

    [0m [90m  6 |[39m
     [90m  7 |[39m [36mconst[39m renderWithTheme [33m=[39m (component[33m:[39m [33mReact[39m[33m.[39m[33mReactElement[39m) [33m=>[39m {
    [31m[1m>[22m[39m[90m  8 |[39m   [36mreturn[39m render([33m<[39m[33mThemeProvider[39m[33m>[39m{component}[33m<[39m[33m/[39m[33mThemeProvider[39m[33m>[39m)[33m;[39m
     [90m    |[39m                [31m[1m^[22m[39m
     [90m  9 |[39m }[33m;[39m
     [90m 10 |[39m
     [90m 11 |[39m describe([32m'MenuListScreen'[39m[33m,[39m () [33m=>[39m {[0m

      at Object.process.env.NODE_ENV.exports.create (node_modules/react-test-renderer/cjs/react-test-renderer.development.js:14598:17)
      at create (node_modules/@testing-library/react-native/src/render-act.ts:15:29)
      at callback (node_modules/@testing-library/react-native/src/act.ts:31:24)
      at process.env.NODE_ENV.exports.act (node_modules/react/cjs/react.development.js:789:22)
      at actImplementation (node_modules/@testing-library/react-native/src/act.ts:30:25)
      at renderWithAct (node_modules/@testing-library/react-native/src/render-act.ts:13:11)
      at renderInternal (node_modules/@testing-library/react-native/src/render.tsx:69:33)
      at renderInternal (node_modules/@testing-library/react-native/src/render.tsx:44:10)
      at renderWithTheme (src/features/roulette-training/components/MenuListScreen/MenuListScreen.test.tsx:8:16)
      at Object.renderWithTheme (src/features/roulette-training/components/MenuListScreen/MenuListScreen.test.tsx:136:7)

  console.error
    react-test-renderer is deprecated. See https://react.dev/warnings/react-test-renderer

    [0m [90m  5 |[39m
     [90m  6 |[39m [36mconst[39m renderWithTheme [33m=[39m (component[33m:[39m [33mReact[39m[33m.[39m[33mReactElement[39m) [33m=>[39m {
    [31m[1m>[22m[39m[90m  7 |[39m   [36mreturn[39m render([33m<[39m[33mThemeProvider[39m[33m>[39m{component}[33m<[39m[33m/[39m[33mThemeProvider[39m[33m>[39m)[33m;[39m
     [90m    |[39m                [31m[1m^[22m[39m
     [90m  8 |[39m }[33m;[39m
     [90m  9 |[39m
     [90m 10 |[39m describe([32m'HintSection'[39m[33m,[39m () [33m=>[39m {[0m

      at Object.process.env.NODE_ENV.exports.create (node_modules/react-test-renderer/cjs/react-test-renderer.development.js:14598:17)
      at create (node_modules/@testing-library/react-native/src/render-act.ts:15:29)
      at callback (node_modules/@testing-library/react-native/src/act.ts:31:24)
      at process.env.NODE_ENV.exports.act (node_modules/react/cjs/react.development.js:789:22)
      at actImplementation (node_modules/@testing-library/react-native/src/act.ts:30:25)
      at renderWithAct (node_modules/@testing-library/react-native/src/render-act.ts:13:11)
      at renderInternal (node_modules/@testing-library/react-native/src/render.tsx:69:33)
      at renderInternal (node_modules/@testing-library/react-native/src/render.tsx:44:10)
      at renderWithTheme (src/features/roulette-training/components/HintSection/HintSection.test.tsx:7:16)
      at Object.renderWithTheme (src/features/roulette-training/components/HintSection/HintSection.test.tsx:194:7)

PASS src/features/roulette-training/components/HintSection/HintSection.test.tsx
  HintSection
    Toggle Button Rendering
      ΓêÜ renders hint toggle button (139 ms)
      ΓêÜ displays collapsed arrow when hint is closed (18 ms)
      ΓêÜ displays expanded arrow when hint is open (11 ms)
    Hint Content Display
      ΓêÜ hides hint content when isOpen is false (15 ms)
      ΓêÜ shows hint content when isOpen is true (14 ms)
      ΓêÜ displays children as hint text (14 ms)
      ΓêÜ handles multiline hint content (9 ms)
    Toggle Callback
      ΓêÜ calls onToggle when button is pressed (11 ms)
      ΓêÜ calls onToggle when already open and button is pressed (18 ms)
      ΓêÜ calls onToggle only once per press (10 ms)
    Accessibility
      ΓêÜ has accessible toggle button with label (8 ms)
      ΓêÜ renders hint content when open for screen readers (8 ms)
      ΓêÜ hides hint content when closed for screen readers (8 ms)
    Edge Cases
      ΓêÜ handles empty hint content (9 ms)
      ΓêÜ handles special characters in hint (104 ms)
      ΓêÜ handles React component children as hint (11 ms)

PASS src/features/roulette-training/components/MenuListScreen/MenuListScreen.test.tsx
  MenuListScreen
    Header Display
      ΓêÜ renders the title (155 ms)
      ΓêÜ renders the subtitle when provided (59 ms)
      ΓêÜ does not render subtitle when not provided (58 ms)
    Menu Items Display
      ΓêÜ renders all menu items (11 ms)
      ΓêÜ displays item descriptions (16 ms)
      ΓêÜ displays difficulty badges with uppercase text (11 ms)
      ΓêÜ displays extra info when provided (13 ms)
      ΓêÜ calls onPress when menu item is tapped (21 ms)
    Loading State
      ΓêÜ renders skeleton loaders when isLoading is true (16 ms)
      ΓêÜ renders menu items when isLoading is false (10 ms)
    Empty State
      ΓêÜ renders empty list when items is empty (18 ms)
    Accessibility
      ΓêÜ renders menu items with correct content for screen readers (13 ms)

  console.error
    react-test-renderer is deprecated. See https://react.dev/warnings/react-test-renderer

    [0m [90m  5 |[39m
     [90m  6 |[39m [36mconst[39m renderWithTheme [33m=[39m (component[33m:[39m [33mReact[39m[33m.[39m[33mReactElement[39m) [33m=>[39m {
    [31m[1m>[22m[39m[90m  7 |[39m   [36mreturn[39m render([33m<[39m[33mThemeProvider[39m[33m>[39m{component}[33m<[39m[33m/[39m[33mThemeProvider[39m[33m>[39m)[33m;[39m
     [90m    |[39m                [31m[1m^[22m[39m
     [90m  8 |[39m }[33m;[39m
     [90m  9 |[39m
     [90m 10 |[39m describe([32m'FeedbackCard'[39m[33m,[39m () [33m=>[39m {[0m

      at Object.process.env.NODE_ENV.exports.create (node_modules/react-test-renderer/cjs/react-test-renderer.development.js:14598:17)
      at create (node_modules/@testing-library/react-native/src/render-act.ts:15:29)
      at callback (node_modules/@testing-library/react-native/src/act.ts:31:24)
      at process.env.NODE_ENV.exports.act (node_modules/react/cjs/react.development.js:789:22)
      at actImplementation (node_modules/@testing-library/react-native/src/act.ts:30:25)
      at renderWithAct (node_modules/@testing-library/react-native/src/render-act.ts:13:11)
      at renderInternal (node_modules/@testing-library/react-native/src/render.tsx:69:33)
      at renderInternal (node_modules/@testing-library/react-native/src/render.tsx:44:10)
      at renderWithTheme (src/features/roulette-training/components/FeedbackCard/FeedbackCard.test.tsx:7:16)
      at Object.renderWithTheme (src/features/roulette-training/components/FeedbackCard/FeedbackCard.test.tsx:19:7)

  console.error
    react-test-renderer is deprecated. See https://react.dev/warnings/react-test-renderer

    [0m [90m 31 |[39m
     [90m 32 |[39m     it([32m'should render with large width'[39m[33m,[39m () [33m=>[39m {
    [31m[1m>[22m[39m[90m 33 |[39m       [36mconst[39m { root } [33m=[39m render([33m<[39m[33mRacetrackLayout[39m width[33m=[39m{[35m700[39m} [33m/[39m[33m>[39m)[33m;[39m
     [90m    |[39m                              [31m[1m^[22m[39m
     [90m 34 |[39m       expect(root)[33m.[39mtoBeDefined()[33m;[39m
     [90m 35 |[39m     })[33m;[39m
     [90m 36 |[39m   })[33m;[39m[0m

      at Object.process.env.NODE_ENV.exports.create (node_modules/react-test-renderer/cjs/react-test-renderer.development.js:14598:17)
      at create (node_modules/@testing-library/react-native/src/render-act.ts:15:29)
      at callback (node_modules/@testing-library/react-native/src/act.ts:31:24)
      at process.env.NODE_ENV.exports.act (node_modules/react/cjs/react.development.js:789:22)
      at actImplementation (node_modules/@testing-library/react-native/src/act.ts:30:25)
      at renderWithAct (node_modules/@testing-library/react-native/src/render-act.ts:13:11)
      at renderInternal (node_modules/@testing-library/react-native/src/render.tsx:69:33)
      at renderInternal (node_modules/@testing-library/react-native/src/render.tsx:44:10)
      at Object.<anonymous> (src/features/racetrack/components/RacetrackLayout/RacetrackLayout.test.tsx:33:30)

  console.error
    react-test-renderer is deprecated. See https://react.dev/warnings/react-test-renderer

    [0m [90m  6 |[39m
     [90m  7 |[39m [36mconst[39m renderWithTheme [33m=[39m (component[33m:[39m [33mReact[39m[33m.[39m[33mReactElement[39m) [33m=>[39m {
    [31m[1m>[22m[39m[90m  8 |[39m   [36mreturn[39m render([33m<[39m[33mThemeProvider[39m[33m>[39m{component}[33m<[39m[33m/[39m[33mThemeProvider[39m[33m>[39m)[33m;[39m
     [90m    |[39m                [31m[1m^[22m[39m
     [90m  9 |[39m }[33m;[39m
     [90m 10 |[39m
     [90m 11 |[39m describe([32m'PokerTable'[39m[33m,[39m () [33m=>[39m {[0m

      at Object.process.env.NODE_ENV.exports.create (node_modules/react-test-renderer/cjs/react-test-renderer.development.js:14598:17)
      at create (node_modules/@testing-library/react-native/src/render-act.ts:15:29)
      at callback (node_modules/@testing-library/react-native/src/act.ts:31:24)
      at process.env.NODE_ENV.exports.act (node_modules/react/cjs/react.development.js:789:22)
      at actImplementation (node_modules/@testing-library/react-native/src/act.ts:30:25)
      at renderWithAct (node_modules/@testing-library/react-native/src/render-act.ts:13:11)
      at renderInternal (node_modules/@testing-library/react-native/src/render.tsx:69:33)
      at renderInternal (node_modules/@testing-library/react-native/src/render.tsx:44:10)
      at renderWithTheme (src/features/plo-training/components/PokerTable/PokerTable.test.tsx:8:16)
      at Object.renderWithTheme (src/features/plo-training/components/PokerTable/PokerTable.test.tsx:20:5)

  console.error
    react-test-renderer is deprecated. See https://react.dev/warnings/react-test-renderer

    [0m [90m 88 |[39m       sizes[33m.[39mforEach(size [33m=>[39m {
     [90m 89 |[39m         [36mconst[39m expectedFontSize [33m=[39m size [33m*[39m [35m0.5[39m[33m;[39m
    [31m[1m>[22m[39m[90m 90 |[39m         [36mconst[39m { getByText } [33m=[39m render([33m<[39m[33mRouletteChip[39m amount[33m=[39m{[35m10[39m} size[33m=[39m{size} [33m/[39m[33m>[39m)[33m;[39m
     [90m    |[39m                                     [31m[1m^[22m[39m
     [90m 91 |[39m         [36mconst[39m text [33m=[39m getByText([32m'10'[39m)[33m;[39m
     [90m 92 |[39m         expect(text[33m.[39mprops[33m.[39mstyle[33m.[39mfontSize)[33m.[39mtoBe(expectedFontSize)[33m;[39m
     [90m 93 |[39m       })[33m;[39m[0m

      at Object.process.env.NODE_ENV.exports.create (node_modules/react-test-renderer/cjs/react-test-renderer.development.js:14598:17)
      at create (node_modules/@testing-library/react-native/src/render-act.ts:15:29)
      at callback (node_modules/@testing-library/react-native/src/act.ts:31:24)
      at process.env.NODE_ENV.exports.act (node_modules/react/cjs/react.development.js:789:22)
      at actImplementation (node_modules/@testing-library/react-native/src/act.ts:30:25)
      at renderWithAct (node_modules/@testing-library/react-native/src/render-act.ts:13:11)
      at renderInternal (node_modules/@testing-library/react-native/src/render.tsx:69:33)
      at renderInternal (node_modules/@testing-library/react-native/src/render.tsx:44:10)
      at src/components/roulette/RouletteChip.test.tsx:90:37
          at Array.forEach (<anonymous>)
      at Object.forEach (src/components/roulette/RouletteChip.test.tsx:88:13)

  console.error
    react-test-renderer is deprecated. See https://react.dev/warnings/react-test-renderer

    [0m [90m 127 |[39m
     [90m 128 |[39m     it([32m'should show feedback after checking'[39m[33m,[39m () [33m=>[39m {
    [31m[1m>[22m[39m[90m 129 |[39m       [36mconst[39m { result } [33m=[39m renderHook(() [33m=>[39m useExerciseState())[33m;[39m
     [90m     |[39m                                    [31m[1m^[22m[39m
     [90m 130 |[39m
     [90m 131 |[39m       act(() [33m=>[39m {
     [90m 132 |[39m         result[33m.[39mcurrent[33m.[39msetUserAnswer([32m'100'[39m)[33m;[39m[0m

      at Object.process.env.NODE_ENV.exports.create (node_modules/react-test-renderer/cjs/react-test-renderer.development.js:14598:17)
      at create (node_modules/@testing-library/react-native/src/render-act.ts:15:29)
      at callback (node_modules/@testing-library/react-native/src/act.ts:31:24)
      at process.env.NODE_ENV.exports.act (node_modules/react/cjs/react.development.js:789:22)
      at actImplementation (node_modules/@testing-library/react-native/src/act.ts:30:25)
      at renderWithAct (node_modules/@testing-library/react-native/src/render-act.ts:13:11)
      at renderInternal (node_modules/@testing-library/react-native/src/render.tsx:69:33)
      at renderInternal (node_modules/@testing-library/react-native/src/render.tsx:44:10)
      at renderHook (node_modules/@testing-library/react-native/src/render-hook.tsx:55:58)
      at Object.<anonymous> (src/features/roulette-training/screens/exercises/CalculationScreen/useExerciseState.test.ts:129:36)

  console.error
    react-test-renderer is deprecated. See https://react.dev/warnings/react-test-renderer

    [0m [90m 88 |[39m       sizes[33m.[39mforEach(size [33m=>[39m {
     [90m 89 |[39m         [36mconst[39m expectedFontSize [33m=[39m size [33m*[39m [35m0.5[39m[33m;[39m
    [31m[1m>[22m[39m[90m 90 |[39m         [36mconst[39m { getByText } [33m=[39m render([33m<[39m[33mRouletteChip[39m amount[33m=[39m{[35m10[39m} size[33m=[39m{size} [33m/[39m[33m>[39m)[33m;[39m
     [90m    |[39m                                     [31m[1m^[22m[39m
     [90m 91 |[39m         [36mconst[39m text [33m=[39m getByText([32m'10'[39m)[33m;[39m
     [90m 92 |[39m         expect(text[33m.[39mprops[33m.[39mstyle[33m.[39mfontSize)[33m.[39mtoBe(expectedFontSize)[33m;[39m
     [90m 93 |[39m       })[33m;[39m[0m

      at Object.process.env.NODE_ENV.exports.create (node_modules/react-test-renderer/cjs/react-test-renderer.development.js:14598:17)
      at create (node_modules/@testing-library/react-native/src/render-act.ts:15:29)
      at callback (node_modules/@testing-library/react-native/src/act.ts:31:24)
      at process.env.NODE_ENV.exports.act (node_modules/react/cjs/react.development.js:789:22)
      at actImplementation (node_modules/@testing-library/react-native/src/act.ts:30:25)
      at renderWithAct (node_modules/@testing-library/react-native/src/render-act.ts:13:11)
      at renderInternal (node_modules/@testing-library/react-native/src/render.tsx:69:33)
      at renderInternal (node_modules/@testing-library/react-native/src/render.tsx:44:10)
      at src/components/roulette/RouletteChip.test.tsx:90:37
          at Array.forEach (<anonymous>)
      at Object.forEach (src/components/roulette/RouletteChip.test.tsx:88:13)

  console.error
    react-test-renderer is deprecated. See https://react.dev/warnings/react-test-renderer

    [0m [90m  5 |[39m
     [90m  6 |[39m [36mconst[39m renderWithTheme [33m=[39m (component[33m:[39m [33mReact[39m[33m.[39m[33mReactElement[39m) [33m=>[39m {
    [31m[1m>[22m[39m[90m  7 |[39m   [36mreturn[39m render([33m<[39m[33mThemeProvider[39m[33m>[39m{component}[33m<[39m[33m/[39m[33mThemeProvider[39m[33m>[39m)[33m;[39m
     [90m    |[39m                [31m[1m^[22m[39m
     [90m  8 |[39m }[33m;[39m
     [90m  9 |[39m
     [90m 10 |[39m describe([32m'ExerciseStats'[39m[33m,[39m () [33m=>[39m {[0m

      at Object.process.env.NODE_ENV.exports.create (node_modules/react-test-renderer/cjs/react-test-renderer.development.js:14598:17)
      at create (node_modules/@testing-library/react-native/src/render-act.ts:15:29)
      at callback (node_modules/@testing-library/react-native/src/act.ts:31:24)
      at process.env.NODE_ENV.exports.act (node_modules/react/cjs/react.development.js:789:22)
      at actImplementation (node_modules/@testing-library/react-native/src/act.ts:30:25)
      at renderWithAct (node_modules/@testing-library/react-native/src/render-act.ts:13:11)
      at renderInternal (node_modules/@testing-library/react-native/src/render.tsx:69:33)
      at renderInternal (node_modules/@testing-library/react-native/src/render.tsx:44:10)
      at renderWithTheme (src/features/roulette-training/components/ExerciseStats/ExerciseStats.test.tsx:7:16)
      at Object.renderWithTheme (src/features/roulette-training/components/ExerciseStats/ExerciseStats.test.tsx:71:7)

  console.error
    react-test-renderer is deprecated. See https://react.dev/warnings/react-test-renderer

    [0m [90m 88 |[39m       sizes[33m.[39mforEach(size [33m=>[39m {
     [90m 89 |[39m         [36mconst[39m expectedFontSize [33m=[39m size [33m*[39m [35m0.5[39m[33m;[39m
    [31m[1m>[22m[39m[90m 90 |[39m         [36mconst[39m { getByText } [33m=[39m render([33m<[39m[33mRouletteChip[39m amount[33m=[39m{[35m10[39m} size[33m=[39m{size} [33m/[39m[33m>[39m)[33m;[39m
     [90m    |[39m                                     [31m[1m^[22m[39m
     [90m 91 |[39m         [36mconst[39m text [33m=[39m getByText([32m'10'[39m)[33m;[39m
     [90m 92 |[39m         expect(text[33m.[39mprops[33m.[39mstyle[33m.[39mfontSize)[33m.[39mtoBe(expectedFontSize)[33m;[39m
     [90m 93 |[39m       })[33m;[39m[0m

      at Object.process.env.NODE_ENV.exports.create (node_modules/react-test-renderer/cjs/react-test-renderer.development.js:14598:17)
      at create (node_modules/@testing-library/react-native/src/render-act.ts:15:29)
      at callback (node_modules/@testing-library/react-native/src/act.ts:31:24)
      at process.env.NODE_ENV.exports.act (node_modules/react/cjs/react.development.js:789:22)
      at actImplementation (node_modules/@testing-library/react-native/src/act.ts:30:25)
      at renderWithAct (node_modules/@testing-library/react-native/src/render-act.ts:13:11)
      at renderInternal (node_modules/@testing-library/react-native/src/render.tsx:69:33)
      at renderInternal (node_modules/@testing-library/react-native/src/render.tsx:44:10)
      at src/components/roulette/RouletteChip.test.tsx:90:37
          at Array.forEach (<anonymous>)
      at Object.forEach (src/components/roulette/RouletteChip.test.tsx:88:13)

  console.error
    react-test-renderer is deprecated. See https://react.dev/warnings/react-test-renderer

    [0m [90m 141 |[39m
     [90m 142 |[39m     it([32m'should call onCorrect callback when answer is correct'[39m[33m,[39m () [33m=>[39m {
    [31m[1m>[22m[39m[90m 143 |[39m       [36mconst[39m { result } [33m=[39m renderHook(() [33m=>[39m useExerciseState())[33m;[39m
     [90m     |[39m                                    [31m[1m^[22m[39m
     [90m 144 |[39m       [36mconst[39m onCorrect [33m=[39m jest[33m.[39mfn()[33m;[39m
     [90m 145 |[39m
     [90m 146 |[39m       act(() [33m=>[39m {[0m

      at Object.process.env.NODE_ENV.exports.create (node_modules/react-test-renderer/cjs/react-test-renderer.development.js:14598:17)
      at create (node_modules/@testing-library/react-native/src/render-act.ts:15:29)
      at callback (node_modules/@testing-library/react-native/src/act.ts:31:24)
      at process.env.NODE_ENV.exports.act (node_modules/react/cjs/react.development.js:789:22)
      at actImplementation (node_modules/@testing-library/react-native/src/act.ts:30:25)
      at renderWithAct (node_modules/@testing-library/react-native/src/render-act.ts:13:11)
      at renderInternal (node_modules/@testing-library/react-native/src/render.tsx:69:33)
      at renderInternal (node_modules/@testing-library/react-native/src/render.tsx:44:10)
      at renderHook (node_modules/@testing-library/react-native/src/render-hook.tsx:55:58)
      at Object.<anonymous> (src/features/roulette-training/screens/exercises/CalculationScreen/useExerciseState.test.ts:143:36)

  console.error
    react-test-renderer is deprecated. See https://react.dev/warnings/react-test-renderer

    [0m [90m  95 |[39m
     [90m  96 |[39m     it([32m'should have bold font weight'[39m[33m,[39m () [33m=>[39m {
    [31m[1m>[22m[39m[90m  97 |[39m       [36mconst[39m { getByText } [33m=[39m render([33m<[39m[33mRouletteChip[39m amount[33m=[39m{[35m10[39m} size[33m=[39m{[35m20[39m} [33m/[39m[33m>[39m)[33m;[39m
     [90m     |[39m                                   [31m[1m^[22m[39m
     [90m  98 |[39m
     [90m  99 |[39m       [36mconst[39m text [33m=[39m getByText([32m'10'[39m)[33m;[39m
     [90m 100 |[39m       expect(text[33m.[39mprops[33m.[39mstyle[33m.[39mfontWeight)[33m.[39mtoBe([32m'bold'[39m)[33m;[39m[0m

      at Object.process.env.NODE_ENV.exports.create (node_modules/react-test-renderer/cjs/react-test-renderer.development.js:14598:17)
      at create (node_modules/@testing-library/react-native/src/render-act.ts:15:29)
      at callback (node_modules/@testing-library/react-native/src/act.ts:31:24)
      at process.env.NODE_ENV.exports.act (node_modules/react/cjs/react.development.js:789:22)
      at actImplementation (node_modules/@testing-library/react-native/src/act.ts:30:25)
      at renderWithAct (node_modules/@testing-library/react-native/src/render-act.ts:13:11)
      at renderInternal (node_modules/@testing-library/react-native/src/render.tsx:69:33)
      at renderInternal (node_modules/@testing-library/react-native/src/render.tsx:44:10)
      at Object.<anonymous> (src/components/roulette/RouletteChip.test.tsx:97:35)

  console.error
    react-test-renderer is deprecated. See https://react.dev/warnings/react-test-renderer

    [0m [90m  5 |[39m
     [90m  6 |[39m [36mconst[39m renderWithTheme [33m=[39m (component[33m:[39m [33mReact[39m[33m.[39m[33mReactElement[39m) [33m=>[39m {
    [31m[1m>[22m[39m[90m  7 |[39m   [36mreturn[39m render([33m<[39m[33mThemeProvider[39m[33m>[39m{component}[33m<[39m[33m/[39m[33mThemeProvider[39m[33m>[39m)[33m;[39m
     [90m    |[39m                [31m[1m^[22m[39m
     [90m  8 |[39m }[33m;[39m
     [90m  9 |[39m
     [90m 10 |[39m describe([32m'ExerciseStats'[39m[33m,[39m () [33m=>[39m {[0m

      at Object.process.env.NODE_ENV.exports.create (node_modules/react-test-renderer/cjs/react-test-renderer.development.js:14598:17)
      at create (node_modules/@testing-library/react-native/src/render-act.ts:15:29)
      at callback (node_modules/@testing-library/react-native/src/act.ts:31:24)
      at process.env.NODE_ENV.exports.act (node_modules/react/cjs/react.development.js:789:22)
      at actImplementation (node_modules/@testing-library/react-native/src/act.ts:30:25)
      at renderWithAct (node_modules/@testing-library/react-native/src/render-act.ts:13:11)
      at renderInternal (node_modules/@testing-library/react-native/src/render.tsx:69:33)
      at renderInternal (node_modules/@testing-library/react-native/src/render.tsx:44:10)
      at renderWithTheme (src/features/roulette-training/components/ExerciseStats/ExerciseStats.test.tsx:7:16)
      at Object.renderWithTheme (src/features/roulette-training/components/ExerciseStats/ExerciseStats.test.tsx:80:7)

  console.error
    react-test-renderer is deprecated. See https://react.dev/warnings/react-test-renderer

    [0m [90m  7 |[39m
     [90m  8 |[39m [36mconst[39m renderWithTheme [33m=[39m (component[33m:[39m [33mReact[39m[33m.[39m[33mReactElement[39m) [33m=>[39m {
    [31m[1m>[22m[39m[90m  9 |[39m   [36mreturn[39m render([33m<[39m[33mThemeProvider[39m[33m>[39m{component}[33m<[39m[33m/[39m[33mThemeProvider[39m[33m>[39m)[33m;[39m
     [90m    |[39m                [31m[1m^[22m[39m
     [90m 10 |[39m }[33m;[39m
     [90m 11 |[39m
     [90m 12 |[39m describe([32m'GameStateDisplay'[39m[33m,[39m () [33m=>[39m {[0m

      at Object.process.env.NODE_ENV.exports.create (node_modules/react-test-renderer/cjs/react-test-renderer.development.js:14598:17)
      at create (node_modules/@testing-library/react-native/src/render-act.ts:15:29)
      at callback (node_modules/@testing-library/react-native/src/act.ts:31:24)
      at process.env.NODE_ENV.exports.act (node_modules/react/cjs/react.development.js:789:22)
      at actImplementation (node_modules/@testing-library/react-native/src/act.ts:30:25)
      at renderWithAct (node_modules/@testing-library/react-native/src/render-act.ts:13:11)
      at renderInternal (node_modules/@testing-library/react-native/src/render.tsx:69:33)
      at renderInternal (node_modules/@testing-library/react-native/src/render.tsx:44:10)
      at renderWithTheme (src/features/plo-training/components/GameStateDisplay/GameStateDisplay.test.tsx:9:16)
      at renderWithTheme (src/features/plo-training/components/GameStateDisplay/GameStateDisplay.test.tsx:111:27)
          at Array.forEach (<anonymous>)
      at Object.forEach (src/features/plo-training/components/GameStateDisplay/GameStateDisplay.test.tsx:104:15)

  console.error
    react-test-renderer is deprecated. See https://react.dev/warnings/react-test-renderer

    [0m [90m 38 |[39m   describe([32m'child components'[39m[33m,[39m () [33m=>[39m {
     [90m 39 |[39m     it([32m'should render RacetrackTrackSvg component'[39m[33m,[39m () [33m=>[39m {
    [31m[1m>[22m[39m[90m 40 |[39m       [36mconst[39m { root } [33m=[39m render([33m<[39m[33mRacetrackLayout[39m width[33m=[39m{[35m350[39m} [33m/[39m[33m>[39m)[33m;[39m
     [90m    |[39m                              [31m[1m^[22m[39m
     [90m 41 |[39m       expect(root)[33m.[39mtoBeDefined()[33m;[39m
     [90m 42 |[39m     })[33m;[39m
     [90m 43 |[39m[0m

      at Object.process.env.NODE_ENV.exports.create (node_modules/react-test-renderer/cjs/react-test-renderer.development.js:14598:17)
      at create (node_modules/@testing-library/react-native/src/render-act.ts:15:29)
      at callback (node_modules/@testing-library/react-native/src/act.ts:31:24)
      at process.env.NODE_ENV.exports.act (node_modules/react/cjs/react.development.js:789:22)
      at actImplementation (node_modules/@testing-library/react-native/src/act.ts:30:25)
      at renderWithAct (node_modules/@testing-library/react-native/src/render-act.ts:13:11)
      at renderInternal (node_modules/@testing-library/react-native/src/render.tsx:69:33)
      at renderInternal (node_modules/@testing-library/react-native/src/render.tsx:44:10)
      at Object.<anonymous> (src/features/racetrack/components/RacetrackLayout/RacetrackLayout.test.tsx:40:30)

  console.error
    react-test-renderer is deprecated. See https://react.dev/warnings/react-test-renderer

    [0m [90m 102 |[39m
     [90m 103 |[39m     it([32m'should have black text color'[39m[33m,[39m () [33m=>[39m {
    [31m[1m>[22m[39m[90m 104 |[39m       [36mconst[39m { getByText } [33m=[39m render([33m<[39m[33mRouletteChip[39m amount[33m=[39m{[35m10[39m} size[33m=[39m{[35m20[39m} [33m/[39m[33m>[39m)[33m;[39m
     [90m     |[39m                                   [31m[1m^[22m[39m
     [90m 105 |[39m
     [90m 106 |[39m       [36mconst[39m text [33m=[39m getByText([32m'10'[39m)[33m;[39m
     [90m 107 |[39m       expect(text[33m.[39mprops[33m.[39mstyle[33m.[39mcolor)[33m.[39mtoBe([32m'#000000'[39m)[33m;[39m[0m

      at Object.process.env.NODE_ENV.exports.create (node_modules/react-test-renderer/cjs/react-test-renderer.development.js:14598:17)
      at create (node_modules/@testing-library/react-native/src/render-act.ts:15:29)
      at callback (node_modules/@testing-library/react-native/src/act.ts:31:24)
      at process.env.NODE_ENV.exports.act (node_modules/react/cjs/react.development.js:789:22)
      at actImplementation (node_modules/@testing-library/react-native/src/act.ts:30:25)
      at renderWithAct (node_modules/@testing-library/react-native/src/render-act.ts:13:11)
      at renderInternal (node_modules/@testing-library/react-native/src/render.tsx:69:33)
      at renderInternal (node_modules/@testing-library/react-native/src/render.tsx:44:10)
      at Object.<anonymous> (src/components/roulette/RouletteChip.test.tsx:104:35)

  console.error
    react-test-renderer is deprecated. See https://react.dev/warnings/react-test-renderer

    [0m [90m 156 |[39m
     [90m 157 |[39m     it([32m'should not call onCorrect callback when answer is incorrect'[39m[33m,[39m () [33m=>[39m {
    [31m[1m>[22m[39m[90m 158 |[39m       [36mconst[39m { result } [33m=[39m renderHook(() [33m=>[39m useExerciseState())[33m;[39m
     [90m     |[39m                                    [31m[1m^[22m[39m
     [90m 159 |[39m       [36mconst[39m onCorrect [33m=[39m jest[33m.[39mfn()[33m;[39m
     [90m 160 |[39m
     [90m 161 |[39m       act(() [33m=>[39m {[0m

      at Object.process.env.NODE_ENV.exports.create (node_modules/react-test-renderer/cjs/react-test-renderer.development.js:14598:17)
      at create (node_modules/@testing-library/react-native/src/render-act.ts:15:29)
      at callback (node_modules/@testing-library/react-native/src/act.ts:31:24)
      at process.env.NODE_ENV.exports.act (node_modules/react/cjs/react.development.js:789:22)
      at actImplementation (node_modules/@testing-library/react-native/src/act.ts:30:25)
      at renderWithAct (node_modules/@testing-library/react-native/src/render-act.ts:13:11)
      at renderInternal (node_modules/@testing-library/react-native/src/render.tsx:69:33)
      at renderInternal (node_modules/@testing-library/react-native/src/render.tsx:44:10)
      at renderHook (node_modules/@testing-library/react-native/src/render-hook.tsx:55:58)
      at Object.<anonymous> (src/features/roulette-training/screens/exercises/CalculationScreen/useExerciseState.test.ts:158:36)

  console.error
    react-test-renderer is deprecated. See https://react.dev/warnings/react-test-renderer

    [0m [90m  6 |[39m
     [90m  7 |[39m [36mconst[39m renderWithTheme [33m=[39m (component[33m:[39m [33mReact[39m[33m.[39m[33mReactElement[39m) [33m=>[39m {
    [31m[1m>[22m[39m[90m  8 |[39m   [36mreturn[39m render([33m<[39m[33mThemeProvider[39m[33m>[39m{component}[33m<[39m[33m/[39m[33mThemeProvider[39m[33m>[39m)[33m;[39m
     [90m    |[39m                [31m[1m^[22m[39m
     [90m  9 |[39m }[33m;[39m
     [90m 10 |[39m
     [90m 11 |[39m describe([32m'PokerTable'[39m[33m,[39m () [33m=>[39m {[0m

      at Object.process.env.NODE_ENV.exports.create (node_modules/react-test-renderer/cjs/react-test-renderer.development.js:14598:17)
      at create (node_modules/@testing-library/react-native/src/render-act.ts:15:29)
      at callback (node_modules/@testing-library/react-native/src/act.ts:31:24)
      at process.env.NODE_ENV.exports.act (node_modules/react/cjs/react.development.js:789:22)
      at actImplementation (node_modules/@testing-library/react-native/src/act.ts:30:25)
      at renderWithAct (node_modules/@testing-library/react-native/src/render-act.ts:13:11)
      at renderInternal (node_modules/@testing-library/react-native/src/render.tsx:69:33)
      at renderInternal (node_modules/@testing-library/react-native/src/render.tsx:44:10)
      at renderWithTheme (src/features/plo-training/components/PokerTable/PokerTable.test.tsx:8:16)
      at Object.renderWithTheme (src/features/plo-training/components/PokerTable/PokerTable.test.tsx:31:5)

  console.error
    react-test-renderer is deprecated. See https://react.dev/warnings/react-test-renderer

    [0m [90m  7 |[39m
     [90m  8 |[39m [36mconst[39m renderWithTheme [33m=[39m (component[33m:[39m [33mReact[39m[33m.[39m[33mReactElement[39m) [33m=>[39m {
    [31m[1m>[22m[39m[90m  9 |[39m   [36mreturn[39m render([33m<[39m[33mThemeProvider[39m[33m>[39m{component}[33m<[39m[33m/[39m[33mThemeProvider[39m[33m>[39m)[33m;[39m
     [90m    |[39m                [31m[1m^[22m[39m
     [90m 10 |[39m }[33m;[39m
     [90m 11 |[39m
     [90m 12 |[39m describe([32m'GameStateDisplay'[39m[33m,[39m () [33m=>[39m {[0m

      at Object.process.env.NODE_ENV.exports.create (node_modules/react-test-renderer/cjs/react-test-renderer.development.js:14598:17)
      at create (node_modules/@testing-library/react-native/src/render-act.ts:15:29)
      at callback (node_modules/@testing-library/react-native/src/act.ts:31:24)
      at process.env.NODE_ENV.exports.act (node_modules/react/cjs/react.development.js:789:22)
      at actImplementation (node_modules/@testing-library/react-native/src/act.ts:30:25)
      at renderWithAct (node_modules/@testing-library/react-native/src/render-act.ts:13:11)
      at renderInternal (node_modules/@testing-library/react-native/src/render.tsx:69:33)
      at renderInternal (node_modules/@testing-library/react-native/src/render.tsx:44:10)
      at renderWithTheme (src/features/plo-training/components/GameStateDisplay/GameStateDisplay.test.tsx:9:16)
      at renderWithTheme (src/features/plo-training/components/GameStateDisplay/GameStateDisplay.test.tsx:111:27)
          at Array.forEach (<anonymous>)
      at Object.forEach (src/features/plo-training/components/GameStateDisplay/GameStateDisplay.test.tsx:104:15)

  console.error
    react-test-renderer is deprecated. See https://react.dev/warnings/react-test-renderer

    [0m [90m  5 |[39m
     [90m  6 |[39m [36mconst[39m renderWithTheme [33m=[39m (component[33m:[39m [33mReact[39m[33m.[39m[33mReactElement[39m) [33m=>[39m {
    [31m[1m>[22m[39m[90m  7 |[39m   [36mreturn[39m render([33m<[39m[33mThemeProvider[39m[33m>[39m{component}[33m<[39m[33m/[39m[33mThemeProvider[39m[33m>[39m)[33m;[39m
     [90m    |[39m                [31m[1m^[22m[39m
     [90m  8 |[39m }[33m;[39m
     [90m  9 |[39m
     [90m 10 |[39m describe([32m'FeedbackCard'[39m[33m,[39m () [33m=>[39m {[0m

      at Object.process.env.NODE_ENV.exports.create (node_modules/react-test-renderer/cjs/react-test-renderer.development.js:14598:17)
      at create (node_modules/@testing-library/react-native/src/render-act.ts:15:29)
      at callback (node_modules/@testing-library/react-native/src/act.ts:31:24)
      at process.env.NODE_ENV.exports.act (node_modules/react/cjs/react.development.js:789:22)
      at actImplementation (node_modules/@testing-library/react-native/src/act.ts:30:25)
      at renderWithAct (node_modules/@testing-library/react-native/src/render-act.ts:13:11)
      at renderInternal (node_modules/@testing-library/react-native/src/render.tsx:69:33)
      at renderInternal (node_modules/@testing-library/react-native/src/render.tsx:44:10)
      at renderWithTheme (src/features/roulette-training/components/FeedbackCard/FeedbackCard.test.tsx:7:16)
      at Object.renderWithTheme (src/features/roulette-training/components/FeedbackCard/FeedbackCard.test.tsx:28:7)

  console.error
    react-test-renderer is deprecated. See https://react.dev/warnings/react-test-renderer

    [0m [90m 173 |[39m   describe([32m'resetAnswer'[39m[33m,[39m () [33m=>[39m {
     [90m 174 |[39m     it([32m'should reset user answer to empty'[39m[33m,[39m () [33m=>[39m {
    [31m[1m>[22m[39m[90m 175 |[39m       [36mconst[39m { result } [33m=[39m renderHook(() [33m=>[39m useExerciseState())[33m;[39m
     [90m     |[39m                                    [31m[1m^[22m[39m
     [90m 176 |[39m
     [90m 177 |[39m       act(() [33m=>[39m {
     [90m 178 |[39m         result[33m.[39mcurrent[33m.[39msetUserAnswer([32m'100'[39m)[33m;[39m[0m

      at Object.process.env.NODE_ENV.exports.create (node_modules/react-test-renderer/cjs/react-test-renderer.development.js:14598:17)
      at create (node_modules/@testing-library/react-native/src/render-act.ts:15:29)
      at callback (node_modules/@testing-library/react-native/src/act.ts:31:24)
      at process.env.NODE_ENV.exports.act (node_modules/react/cjs/react.development.js:789:22)
      at actImplementation (node_modules/@testing-library/react-native/src/act.ts:30:25)
      at renderWithAct (node_modules/@testing-library/react-native/src/render-act.ts:13:11)
      at renderInternal (node_modules/@testing-library/react-native/src/render.tsx:69:33)
      at renderInternal (node_modules/@testing-library/react-native/src/render.tsx:44:10)
      at renderHook (node_modules/@testing-library/react-native/src/render-hook.tsx:55:58)
      at Object.<anonymous> (src/features/roulette-training/screens/exercises/CalculationScreen/useExerciseState.test.ts:175:36)

  console.error
    react-test-renderer is deprecated. See https://react.dev/warnings/react-test-renderer

    [0m [90m  5 |[39m
     [90m  6 |[39m [36mconst[39m renderWithTheme [33m=[39m (component[33m:[39m [33mReact[39m[33m.[39m[33mReactElement[39m) [33m=>[39m {
    [31m[1m>[22m[39m[90m  7 |[39m   [36mreturn[39m render([33m<[39m[33mThemeProvider[39m[33m>[39m{component}[33m<[39m[33m/[39m[33mThemeProvider[39m[33m>[39m)[33m;[39m
     [90m    |[39m                [31m[1m^[22m[39m
     [90m  8 |[39m }[33m;[39m
     [90m  9 |[39m
     [90m 10 |[39m describe([32m'ExerciseStats'[39m[33m,[39m () [33m=>[39m {[0m

      at Object.process.env.NODE_ENV.exports.create (node_modules/react-test-renderer/cjs/react-test-renderer.development.js:14598:17)
      at create (node_modules/@testing-library/react-native/src/render-act.ts:15:29)
      at callback (node_modules/@testing-library/react-native/src/act.ts:31:24)
      at process.env.NODE_ENV.exports.act (node_modules/react/cjs/react.development.js:789:22)
      at actImplementation (node_modules/@testing-library/react-native/src/act.ts:30:25)
      at renderWithAct (node_modules/@testing-library/react-native/src/render-act.ts:13:11)
      at renderInternal (node_modules/@testing-library/react-native/src/render.tsx:69:33)
      at renderInternal (node_modules/@testing-library/react-native/src/render.tsx:44:10)
      at renderWithTheme (src/features/roulette-training/components/ExerciseStats/ExerciseStats.test.tsx:7:16)
      at Object.renderWithTheme (src/features/roulette-training/components/ExerciseStats/ExerciseStats.test.tsx:86:7)

  console.error
    react-test-renderer is deprecated. See https://react.dev/warnings/react-test-renderer

    [0m [90m  6 |[39m
     [90m  7 |[39m [36mconst[39m renderWithTheme [33m=[39m (component[33m:[39m [33mReact[39m[33m.[39m[33mReactElement[39m) [33m=>[39m {
    [31m[1m>[22m[39m[90m  8 |[39m   [36mreturn[39m render([33m<[39m[33mThemeProvider[39m[33m>[39m{component}[33m<[39m[33m/[39m[33mThemeProvider[39m[33m>[39m)[33m;[39m
     [90m    |[39m                [31m[1m^[22m[39m
     [90m  9 |[39m }[33m;[39m
     [90m 10 |[39m
     [90m 11 |[39m describe([32m'PlayerPosition'[39m[33m,[39m () [33m=>[39m {[0m

      at Object.process.env.NODE_ENV.exports.create (node_modules/react-test-renderer/cjs/react-test-renderer.development.js:14598:17)
      at create (node_modules/@testing-library/react-native/src/render-act.ts:15:29)
      at callback (node_modules/@testing-library/react-native/src/act.ts:31:24)
      at process.env.NODE_ENV.exports.act (node_modules/react/cjs/react.development.js:789:22)
      at actImplementation (node_modules/@testing-library/react-native/src/act.ts:30:25)
      at renderWithAct (node_modules/@testing-library/react-native/src/render-act.ts:13:11)
      at renderInternal (node_modules/@testing-library/react-native/src/render.tsx:69:33)
      at renderInternal (node_modules/@testing-library/react-native/src/render.tsx:44:10)
      at renderWithTheme (src/features/plo-training/components/PlayerPosition/PlayerPosition.test.tsx:8:16)
      at Object.renderWithTheme (src/features/plo-training/components/PlayerPosition/PlayerPosition.test.tsx:19:5)

  console.error
    react-test-renderer is deprecated. See https://react.dev/warnings/react-test-renderer

    [0m [90m 187 |[39m
     [90m 188 |[39m     it([32m'should hide feedback'[39m[33m,[39m () [33m=>[39m {
    [31m[1m>[22m[39m[90m 189 |[39m       [36mconst[39m { result } [33m=[39m renderHook(() [33m=>[39m useExerciseState())[33m;[39m
     [90m     |[39m                                    [31m[1m^[22m[39m
     [90m 190 |[39m
     [90m 191 |[39m       act(() [33m=>[39m {
     [90m 192 |[39m         result[33m.[39mcurrent[33m.[39msetUserAnswer([32m'100'[39m)[33m;[39m[0m

      at Object.process.env.NODE_ENV.exports.create (node_modules/react-test-renderer/cjs/react-test-renderer.development.js:14598:17)
      at create (node_modules/@testing-library/react-native/src/render-act.ts:15:29)
      at callback (node_modules/@testing-library/react-native/src/act.ts:31:24)
      at process.env.NODE_ENV.exports.act (node_modules/react/cjs/react.development.js:789:22)
      at actImplementation (node_modules/@testing-library/react-native/src/act.ts:30:25)
      at renderWithAct (node_modules/@testing-library/react-native/src/render-act.ts:13:11)
      at renderInternal (node_modules/@testing-library/react-native/src/render.tsx:69:33)
      at renderInternal (node_modules/@testing-library/react-native/src/render.tsx:44:10)
      at renderHook (node_modules/@testing-library/react-native/src/render-hook.tsx:55:58)
      at Object.<anonymous> (src/features/roulette-training/screens/exercises/CalculationScreen/useExerciseState.test.ts:189:36)

  console.error
    react-test-renderer is deprecated. See https://react.dev/warnings/react-test-renderer

    [0m [90m  7 |[39m
     [90m  8 |[39m [36mconst[39m renderWithTheme [33m=[39m (component[33m:[39m [33mReact[39m[33m.[39m[33mReactElement[39m) [33m=>[39m {
    [31m[1m>[22m[39m[90m  9 |[39m   [36mreturn[39m render([33m<[39m[33mThemeProvider[39m[33m>[39m{component}[33m<[39m[33m/[39m[33mThemeProvider[39m[33m>[39m)[33m;[39m
     [90m    |[39m                [31m[1m^[22m[39m
     [90m 10 |[39m }[33m;[39m
     [90m 11 |[39m
     [90m 12 |[39m describe([32m'GameStateDisplay'[39m[33m,[39m () [33m=>[39m {[0m

      at Object.process.env.NODE_ENV.exports.create (node_modules/react-test-renderer/cjs/react-test-renderer.development.js:14598:17)
      at create (node_modules/@testing-library/react-native/src/render-act.ts:15:29)
      at callback (node_modules/@testing-library/react-native/src/act.ts:31:24)
      at process.env.NODE_ENV.exports.act (node_modules/react/cjs/react.development.js:789:22)
      at actImplementation (node_modules/@testing-library/react-native/src/act.ts:30:25)
      at renderWithAct (node_modules/@testing-library/react-native/src/render-act.ts:13:11)
      at renderInternal (node_modules/@testing-library/react-native/src/render.tsx:69:33)
      at renderInternal (node_modules/@testing-library/react-native/src/render.tsx:44:10)
      at renderWithTheme (src/features/plo-training/components/GameStateDisplay/GameStateDisplay.test.tsx:9:16)
      at renderWithTheme (src/features/plo-training/components/GameStateDisplay/GameStateDisplay.test.tsx:111:27)
          at Array.forEach (<anonymous>)
      at Object.forEach (src/features/plo-training/components/GameStateDisplay/GameStateDisplay.test.tsx:104:15)

  console.error
    react-test-renderer is deprecated. See https://react.dev/warnings/react-test-renderer

    [0m [90m  6 |[39m
     [90m  7 |[39m [36mconst[39m renderWithTheme [33m=[39m (component[33m:[39m [33mReact[39m[33m.[39m[33mReactElement[39m) [33m=>[39m {
    [31m[1m>[22m[39m[90m  8 |[39m   [36mreturn[39m render([33m<[39m[33mThemeProvider[39m[33m>[39m{component}[33m<[39m[33m/[39m[33mThemeProvider[39m[33m>[39m)[33m;[39m
     [90m    |[39m                [31m[1m^[22m[39m
     [90m  9 |[39m }[33m;[39m
     [90m 10 |[39m
     [90m 11 |[39m describe([32m'PokerTable'[39m[33m,[39m () [33m=>[39m {[0m

      at Object.process.env.NODE_ENV.exports.create (node_modules/react-test-renderer/cjs/react-test-renderer.development.js:14598:17)
      at create (node_modules/@testing-library/react-native/src/render-act.ts:15:29)
      at callback (node_modules/@testing-library/react-native/src/act.ts:31:24)
      at process.env.NODE_ENV.exports.act (node_modules/react/cjs/react.development.js:789:22)
      at actImplementation (node_modules/@testing-library/react-native/src/act.ts:30:25)
      at renderWithAct (node_modules/@testing-library/react-native/src/render-act.ts:13:11)
      at renderInternal (node_modules/@testing-library/react-native/src/render.tsx:69:33)
      at renderInternal (node_modules/@testing-library/react-native/src/render.tsx:44:10)
      at renderWithTheme (src/features/plo-training/components/PokerTable/PokerTable.test.tsx:8:16)
      at Object.renderWithTheme (src/features/plo-training/components/PokerTable/PokerTable.test.tsx:38:5)

  console.error
    react-test-renderer is deprecated. See https://react.dev/warnings/react-test-renderer

    [0m [90m  5 |[39m
     [90m  6 |[39m [36mconst[39m renderWithTheme [33m=[39m (component[33m:[39m [33mReact[39m[33m.[39m[33mReactElement[39m) [33m=>[39m {
    [31m[1m>[22m[39m[90m  7 |[39m   [36mreturn[39m render([33m<[39m[33mThemeProvider[39m[33m>[39m{component}[33m<[39m[33m/[39m[33mThemeProvider[39m[33m>[39m)[33m;[39m
     [90m    |[39m                [31m[1m^[22m[39m
     [90m  8 |[39m }[33m;[39m
     [90m  9 |[39m
     [90m 10 |[39m describe([32m'ExerciseStats'[39m[33m,[39m () [33m=>[39m {[0m

      at Object.process.env.NODE_ENV.exports.create (node_modules/react-test-renderer/cjs/react-test-renderer.development.js:14598:17)
      at create (node_modules/@testing-library/react-native/src/render-act.ts:15:29)
      at callback (node_modules/@testing-library/react-native/src/act.ts:31:24)
      at process.env.NODE_ENV.exports.act (node_modules/react/cjs/react.development.js:789:22)
      at actImplementation (node_modules/@testing-library/react-native/src/act.ts:30:25)
      at renderWithAct (node_modules/@testing-library/react-native/src/render-act.ts:13:11)
      at renderInternal (node_modules/@testing-library/react-native/src/render.tsx:69:33)
      at renderInternal (node_modules/@testing-library/react-native/src/render.tsx:44:10)
      at renderWithTheme (src/features/roulette-training/components/ExerciseStats/ExerciseStats.test.tsx:7:16)
      at Object.renderWithTheme (src/features/roulette-training/components/ExerciseStats/ExerciseStats.test.tsx:93:7)

  console.error
    react-test-renderer is deprecated. See https://react.dev/warnings/react-test-renderer

    [0m [90m  5 |[39m
     [90m  6 |[39m [36mconst[39m renderWithTheme [33m=[39m (component[33m:[39m [33mReact[39m[33m.[39m[33mReactElement[39m) [33m=>[39m {
    [31m[1m>[22m[39m[90m  7 |[39m   [36mreturn[39m render([33m<[39m[33mThemeProvider[39m[33m>[39m{component}[33m<[39m[33m/[39m[33mThemeProvider[39m[33m>[39m)[33m;[39m
     [90m    |[39m                [31m[1m^[22m[39m
     [90m  8 |[39m }[33m;[39m
     [90m  9 |[39m
     [90m 10 |[39m describe([32m'FeedbackCard'[39m[33m,[39m () [33m=>[39m {[0m

      at Object.process.env.NODE_ENV.exports.create (node_modules/react-test-renderer/cjs/react-test-renderer.development.js:14598:17)
      at create (node_modules/@testing-library/react-native/src/render-act.ts:15:29)
      at callback (node_modules/@testing-library/react-native/src/act.ts:31:24)
      at process.env.NODE_ENV.exports.act (node_modules/react/cjs/react.development.js:789:22)
      at actImplementation (node_modules/@testing-library/react-native/src/act.ts:30:25)
      at renderWithAct (node_modules/@testing-library/react-native/src/render-act.ts:13:11)
      at renderInternal (node_modules/@testing-library/react-native/src/render.tsx:69:33)
      at renderInternal (node_modules/@testing-library/react-native/src/render.tsx:44:10)
      at renderWithTheme (src/features/roulette-training/components/FeedbackCard/FeedbackCard.test.tsx:7:16)
      at Object.renderWithTheme (src/features/roulette-training/components/FeedbackCard/FeedbackCard.test.tsx:38:7)

  console.error
    react-test-renderer is deprecated. See https://react.dev/warnings/react-test-renderer

    [0m [90m 202 |[39m
     [90m 203 |[39m     it([32m'should hide hint'[39m[33m,[39m () [33m=>[39m {
    [31m[1m>[22m[39m[90m 204 |[39m       [36mconst[39m { result } [33m=[39m renderHook(() [33m=>[39m useExerciseState())[33m;[39m
     [90m     |[39m                                    [31m[1m^[22m[39m
     [90m 205 |[39m
     [90m 206 |[39m       act(() [33m=>[39m {
     [90m 207 |[39m         result[33m.[39mcurrent[33m.[39mtoggleHint()[33m;[39m[0m

      at Object.process.env.NODE_ENV.exports.create (node_modules/react-test-renderer/cjs/react-test-renderer.development.js:14598:17)
      at create (node_modules/@testing-library/react-native/src/render-act.ts:15:29)
      at callback (node_modules/@testing-library/react-native/src/act.ts:31:24)
      at process.env.NODE_ENV.exports.act (node_modules/react/cjs/react.development.js:789:22)
      at actImplementation (node_modules/@testing-library/react-native/src/act.ts:30:25)
      at renderWithAct (node_modules/@testing-library/react-native/src/render-act.ts:13:11)
      at renderInternal (node_modules/@testing-library/react-native/src/render.tsx:69:33)
      at renderInternal (node_modules/@testing-library/react-native/src/render.tsx:44:10)
      at renderHook (node_modules/@testing-library/react-native/src/render-hook.tsx:55:58)
      at Object.<anonymous> (src/features/roulette-training/screens/exercises/CalculationScreen/useExerciseState.test.ts:204:36)

  console.error
    react-test-renderer is deprecated. See https://react.dev/warnings/react-test-renderer

    [0m [90m  5 |[39m
     [90m  6 |[39m [36mconst[39m renderWithTheme [33m=[39m (component[33m:[39m [33mReact[39m[33m.[39m[33mReactElement[39m) [33m=>[39m {
    [31m[1m>[22m[39m[90m  7 |[39m   [36mreturn[39m render([33m<[39m[33mThemeProvider[39m[33m>[39m{component}[33m<[39m[33m/[39m[33mThemeProvider[39m[33m>[39m)[33m;[39m
     [90m    |[39m                [31m[1m^[22m[39m
     [90m  8 |[39m }[33m;[39m
     [90m  9 |[39m
     [90m 10 |[39m describe([32m'ExerciseStats'[39m[33m,[39m () [33m=>[39m {[0m

      at Object.process.env.NODE_ENV.exports.create (node_modules/react-test-renderer/cjs/react-test-renderer.development.js:14598:17)
      at create (node_modules/@testing-library/react-native/src/render-act.ts:15:29)
      at callback (node_modules/@testing-library/react-native/src/act.ts:31:24)
      at process.env.NODE_ENV.exports.act (node_modules/react/cjs/react.development.js:789:22)
      at actImplementation (node_modules/@testing-library/react-native/src/act.ts:30:25)
      at renderWithAct (node_modules/@testing-library/react-native/src/render-act.ts:13:11)
      at renderInternal (node_modules/@testing-library/react-native/src/render.tsx:69:33)
      at renderInternal (node_modules/@testing-library/react-native/src/render.tsx:44:10)
      at renderWithTheme (src/features/roulette-training/components/ExerciseStats/ExerciseStats.test.tsx:7:16)
      at Object.renderWithTheme (src/features/roulette-training/components/ExerciseStats/ExerciseStats.test.tsx:100:7)

  console.error
    react-test-renderer is deprecated. See https://react.dev/warnings/react-test-renderer

    [0m [90m  5 |[39m
     [90m  6 |[39m [36mconst[39m renderWithTheme [33m=[39m (component[33m:[39m [33mReact[39m[33m.[39m[33mReactElement[39m) [33m=>[39m {
    [31m[1m>[22m[39m[90m  7 |[39m   [36mreturn[39m render([33m<[39m[33mThemeProvider[39m[33m>[39m{component}[33m<[39m[33m/[39m[33mThemeProvider[39m[33m>[39m)[33m;[39m
     [90m    |[39m                [31m[1m^[22m[39m
     [90m  8 |[39m }[33m;[39m
     [90m  9 |[39m
     [90m 10 |[39m describe([32m'FeedbackCard'[39m[33m,[39m () [33m=>[39m {[0m

      at Object.process.env.NODE_ENV.exports.create (node_modules/react-test-renderer/cjs/react-test-renderer.development.js:14598:17)
      at create (node_modules/@testing-library/react-native/src/render-act.ts:15:29)
      at callback (node_modules/@testing-library/react-native/src/act.ts:31:24)
      at process.env.NODE_ENV.exports.act (node_modules/react/cjs/react.development.js:789:22)
      at actImplementation (node_modules/@testing-library/react-native/src/act.ts:30:25)
      at renderWithAct (node_modules/@testing-library/react-native/src/render-act.ts:13:11)
      at renderInternal (node_modules/@testing-library/react-native/src/render.tsx:69:33)
      at renderInternal (node_modules/@testing-library/react-native/src/render.tsx:44:10)
      at renderWithTheme (src/features/roulette-training/components/FeedbackCard/FeedbackCard.test.tsx:7:16)
      at Object.renderWithTheme (src/features/roulette-training/components/FeedbackCard/FeedbackCard.test.tsx:49:7)

  console.error
    react-test-renderer is deprecated. See https://react.dev/warnings/react-test-renderer

    [0m [90m  6 |[39m
     [90m  7 |[39m [36mconst[39m renderWithTheme [33m=[39m (component[33m:[39m [33mReact[39m[33m.[39m[33mReactElement[39m) [33m=>[39m {
    [31m[1m>[22m[39m[90m  8 |[39m   [36mreturn[39m render([33m<[39m[33mThemeProvider[39m[33m>[39m{component}[33m<[39m[33m/[39m[33mThemeProvider[39m[33m>[39m)[33m;[39m
     [90m    |[39m                [31m[1m^[22m[39m
     [90m  9 |[39m }[33m;[39m
     [90m 10 |[39m
     [90m 11 |[39m describe([32m'PokerTable'[39m[33m,[39m () [33m=>[39m {[0m

      at Object.process.env.NODE_ENV.exports.create (node_modules/react-test-renderer/cjs/react-test-renderer.development.js:14598:17)
      at create (node_modules/@testing-library/react-native/src/render-act.ts:15:29)
      at callback (node_modules/@testing-library/react-native/src/act.ts:31:24)
      at process.env.NODE_ENV.exports.act (node_modules/react/cjs/react.development.js:789:22)
      at actImplementation (node_modules/@testing-library/react-native/src/act.ts:30:25)
      at renderWithAct (node_modules/@testing-library/react-native/src/render-act.ts:13:11)
      at renderInternal (node_modules/@testing-library/react-native/src/render.tsx:69:33)
      at renderInternal (node_modules/@testing-library/react-native/src/render.tsx:44:10)
      at renderWithTheme (src/features/plo-training/components/PokerTable/PokerTable.test.tsx:8:16)
      at Object.renderWithTheme (src/features/plo-training/components/PokerTable/PokerTable.test.tsx:44:5)

  console.error
    react-test-renderer is deprecated. See https://react.dev/warnings/react-test-renderer

    [0m [90m 216 |[39m
     [90m 217 |[39m     it([32m'should not reset score'[39m[33m,[39m () [33m=>[39m {
    [31m[1m>[22m[39m[90m 218 |[39m       [36mconst[39m { result } [33m=[39m renderHook(() [33m=>[39m useExerciseState())[33m;[39m
     [90m     |[39m                                    [31m[1m^[22m[39m
     [90m 219 |[39m
     [90m 220 |[39m       act(() [33m=>[39m {
     [90m 221 |[39m         result[33m.[39mcurrent[33m.[39msetUserAnswer([32m'100'[39m)[33m;[39m[0m

      at Object.process.env.NODE_ENV.exports.create (node_modules/react-test-renderer/cjs/react-test-renderer.development.js:14598:17)
      at create (node_modules/@testing-library/react-native/src/render-act.ts:15:29)
      at callback (node_modules/@testing-library/react-native/src/act.ts:31:24)
      at process.env.NODE_ENV.exports.act (node_modules/react/cjs/react.development.js:789:22)
      at actImplementation (node_modules/@testing-library/react-native/src/act.ts:30:25)
      at renderWithAct (node_modules/@testing-library/react-native/src/render-act.ts:13:11)
      at renderInternal (node_modules/@testing-library/react-native/src/render.tsx:69:33)
      at renderInternal (node_modules/@testing-library/react-native/src/render.tsx:44:10)
      at renderHook (node_modules/@testing-library/react-native/src/render-hook.tsx:55:58)
      at Object.<anonymous> (src/features/roulette-training/screens/exercises/CalculationScreen/useExerciseState.test.ts:218:36)

  console.error
    react-test-renderer is deprecated. See https://react.dev/warnings/react-test-renderer

    [0m [90m  5 |[39m
     [90m  6 |[39m [36mconst[39m renderWithTheme [33m=[39m (component[33m:[39m [33mReact[39m[33m.[39m[33mReactElement[39m) [33m=>[39m {
    [31m[1m>[22m[39m[90m  7 |[39m   [36mreturn[39m render([33m<[39m[33mThemeProvider[39m[33m>[39m{component}[33m<[39m[33m/[39m[33mThemeProvider[39m[33m>[39m)[33m;[39m
     [90m    |[39m                [31m[1m^[22m[39m
     [90m  8 |[39m }[33m;[39m
     [90m  9 |[39m
     [90m 10 |[39m describe([32m'ExerciseStats'[39m[33m,[39m () [33m=>[39m {[0m

      at Object.process.env.NODE_ENV.exports.create (node_modules/react-test-renderer/cjs/react-test-renderer.development.js:14598:17)
      at create (node_modules/@testing-library/react-native/src/render-act.ts:15:29)
      at callback (node_modules/@testing-library/react-native/src/act.ts:31:24)
      at process.env.NODE_ENV.exports.act (node_modules/react/cjs/react.development.js:789:22)
      at actImplementation (node_modules/@testing-library/react-native/src/act.ts:30:25)
      at renderWithAct (node_modules/@testing-library/react-native/src/render-act.ts:13:11)
      at renderInternal (node_modules/@testing-library/react-native/src/render.tsx:69:33)
      at renderInternal (node_modules/@testing-library/react-native/src/render.tsx:44:10)
      at renderWithTheme (src/features/roulette-training/components/ExerciseStats/ExerciseStats.test.tsx:7:16)
      at Object.renderWithTheme (src/features/roulette-training/components/ExerciseStats/ExerciseStats.test.tsx:108:7)

  console.error
    react-test-renderer is deprecated. See https://react.dev/warnings/react-test-renderer

    [0m [90m  5 |[39m
     [90m  6 |[39m [36mconst[39m renderWithTheme [33m=[39m (component[33m:[39m [33mReact[39m[33m.[39m[33mReactElement[39m) [33m=>[39m {
    [31m[1m>[22m[39m[90m  7 |[39m   [36mreturn[39m render([33m<[39m[33mThemeProvider[39m[33m>[39m{component}[33m<[39m[33m/[39m[33mThemeProvider[39m[33m>[39m)[33m;[39m
     [90m    |[39m                [31m[1m^[22m[39m
     [90m  8 |[39m }[33m;[39m
     [90m  9 |[39m
     [90m 10 |[39m describe([32m'FeedbackCard'[39m[33m,[39m () [33m=>[39m {[0m

      at Object.process.env.NODE_ENV.exports.create (node_modules/react-test-renderer/cjs/react-test-renderer.development.js:14598:17)
      at create (node_modules/@testing-library/react-native/src/render-act.ts:15:29)
      at callback (node_modules/@testing-library/react-native/src/act.ts:31:24)
      at process.env.NODE_ENV.exports.act (node_modules/react/cjs/react.development.js:789:22)
      at actImplementation (node_modules/@testing-library/react-native/src/act.ts:30:25)
      at renderWithAct (node_modules/@testing-library/react-native/src/render-act.ts:13:11)
      at renderInternal (node_modules/@testing-library/react-native/src/render.tsx:69:33)
      at renderInternal (node_modules/@testing-library/react-native/src/render.tsx:44:10)
      at renderWithTheme (src/features/roulette-training/components/FeedbackCard/FeedbackCard.test.tsx:7:16)
      at Object.renderWithTheme (src/features/roulette-training/components/FeedbackCard/FeedbackCard.test.tsx:64:7)

  console.error
    react-test-renderer is deprecated. See https://react.dev/warnings/react-test-renderer

    [0m [90m 111 |[39m   describe([32m'accessibility'[39m[33m,[39m () [33m=>[39m {
     [90m 112 |[39m     it([32m'should have correct accessibility label'[39m[33m,[39m () [33m=>[39m {
    [31m[1m>[22m[39m[90m 113 |[39m       [36mconst[39m { getByLabelText } [33m=[39m render([33m<[39m[33mRouletteChip[39m amount[33m=[39m{[35m25[39m} size[33m=[39m{[35m20[39m} [33m/[39m[33m>[39m)[33m;[39m
     [90m     |[39m                                        [31m[1m^[22m[39m
     [90m 114 |[39m
     [90m 115 |[39m       expect(getByLabelText([32m'$25 chip'[39m))[33m.[39mtoBeTruthy()[33m;[39m
     [90m 116 |[39m     })[33m;[39m[0m

      at Object.process.env.NODE_ENV.exports.create (node_modules/react-test-renderer/cjs/react-test-renderer.development.js:14598:17)
      at create (node_modules/@testing-library/react-native/src/render-act.ts:15:29)
      at callback (node_modules/@testing-library/react-native/src/act.ts:31:24)
      at process.env.NODE_ENV.exports.act (node_modules/react/cjs/react.development.js:789:22)
      at actImplementation (node_modules/@testing-library/react-native/src/act.ts:30:25)
      at renderWithAct (node_modules/@testing-library/react-native/src/render-act.ts:13:11)
      at renderInternal (node_modules/@testing-library/react-native/src/render.tsx:69:33)
      at renderInternal (node_modules/@testing-library/react-native/src/render.tsx:44:10)
      at Object.<anonymous> (src/components/roulette/RouletteChip.test.tsx:113:40)

  console.error
    react-test-renderer is deprecated. See https://react.dev/warnings/react-test-renderer

    [0m [90m  6 |[39m
     [90m  7 |[39m [36mconst[39m renderWithTheme [33m=[39m (component[33m:[39m [33mReact[39m[33m.[39m[33mReactElement[39m) [33m=>[39m {
    [31m[1m>[22m[39m[90m  8 |[39m   [36mreturn[39m render([33m<[39m[33mThemeProvider[39m[33m>[39m{component}[33m<[39m[33m/[39m[33mThemeProvider[39m[33m>[39m)[33m;[39m
     [90m    |[39m                [31m[1m^[22m[39m
     [90m  9 |[39m }[33m;[39m
     [90m 10 |[39m
     [90m 11 |[39m describe([32m'PokerTable'[39m[33m,[39m () [33m=>[39m {[0m

      at Object.process.env.NODE_ENV.exports.create (node_modules/react-test-renderer/cjs/react-test-renderer.development.js:14598:17)
      at create (node_modules/@testing-library/react-native/src/render-act.ts:15:29)
      at callback (node_modules/@testing-library/react-native/src/act.ts:31:24)
      at process.env.NODE_ENV.exports.act (node_modules/react/cjs/react.development.js:789:22)
      at actImplementation (node_modules/@testing-library/react-native/src/act.ts:30:25)
      at renderWithAct (node_modules/@testing-library/react-native/src/render-act.ts:13:11)
      at renderInternal (node_modules/@testing-library/react-native/src/render.tsx:69:33)
      at renderInternal (node_modules/@testing-library/react-native/src/render.tsx:44:10)
      at renderWithTheme (src/features/plo-training/components/PokerTable/PokerTable.test.tsx:8:16)
      at Object.renderWithTheme (src/features/plo-training/components/PokerTable/PokerTable.test.tsx:49:5)

  console.error
    react-test-renderer is deprecated. See https://react.dev/warnings/react-test-renderer

    [0m [90m  7 |[39m
     [90m  8 |[39m [36mconst[39m renderWithTheme [33m=[39m (component[33m:[39m [33mReact[39m[33m.[39m[33mReactElement[39m) [33m=>[39m {
    [31m[1m>[22m[39m[90m  9 |[39m   [36mreturn[39m render([33m<[39m[33mThemeProvider[39m[33m>[39m{component}[33m<[39m[33m/[39m[33mThemeProvider[39m[33m>[39m)[33m;[39m
     [90m    |[39m                [31m[1m^[22m[39m
     [90m 10 |[39m }[33m;[39m
     [90m 11 |[39m
     [90m 12 |[39m describe([32m'GameStateDisplay'[39m[33m,[39m () [33m=>[39m {[0m

      at Object.process.env.NODE_ENV.exports.create (node_modules/react-test-renderer/cjs/react-test-renderer.development.js:14598:17)
      at create (node_modules/@testing-library/react-native/src/render-act.ts:15:29)
      at callback (node_modules/@testing-library/react-native/src/act.ts:31:24)
      at process.env.NODE_ENV.exports.act (node_modules/react/cjs/react.development.js:789:22)
      at actImplementation (node_modules/@testing-library/react-native/src/act.ts:30:25)
      at renderWithAct (node_modules/@testing-library/react-native/src/render-act.ts:13:11)
      at renderInternal (node_modules/@testing-library/react-native/src/render.tsx:69:33)
      at renderInternal (node_modules/@testing-library/react-native/src/render.tsx:44:10)
      at renderWithTheme (src/features/plo-training/components/GameStateDisplay/GameStateDisplay.test.tsx:9:16)
      at renderWithTheme (src/features/plo-training/components/GameStateDisplay/GameStateDisplay.test.tsx:111:27)
          at Array.forEach (<anonymous>)
      at Object.forEach (src/features/plo-training/components/GameStateDisplay/GameStateDisplay.test.tsx:104:15)

  console.error
    react-test-renderer is deprecated. See https://react.dev/warnings/react-test-renderer

    [0m [90m 117 |[39m
     [90m 118 |[39m     it([32m'should have image accessibility role'[39m[33m,[39m () [33m=>[39m {
    [31m[1m>[22m[39m[90m 119 |[39m       [36mconst[39m { getByLabelText } [33m=[39m render([33m<[39m[33mRouletteChip[39m amount[33m=[39m{[35m10[39m} size[33m=[39m{[35m20[39m} [33m/[39m[33m>[39m)[33m;[39m
     [90m     |[39m                                        [31m[1m^[22m[39m
     [90m 120 |[39m
     [90m 121 |[39m       [36mconst[39m chip [33m=[39m getByLabelText([32m'$10 chip'[39m)[33m;[39m
     [90m 122 |[39m       expect(chip[33m.[39mprops[33m.[39maccessibilityRole)[33m.[39mtoBe([32m'image'[39m)[33m;[39m[0m

      at Object.process.env.NODE_ENV.exports.create (node_modules/react-test-renderer/cjs/react-test-renderer.development.js:14598:17)
      at create (node_modules/@testing-library/react-native/src/render-act.ts:15:29)
      at callback (node_modules/@testing-library/react-native/src/act.ts:31:24)
      at process.env.NODE_ENV.exports.act (node_modules/react/cjs/react.development.js:789:22)
      at actImplementation (node_modules/@testing-library/react-native/src/act.ts:30:25)
      at renderWithAct (node_modules/@testing-library/react-native/src/render-act.ts:13:11)
      at renderInternal (node_modules/@testing-library/react-native/src/render.tsx:69:33)
      at renderInternal (node_modules/@testing-library/react-native/src/render.tsx:44:10)
      at Object.<anonymous> (src/components/roulette/RouletteChip.test.tsx:119:40)

  console.error
    react-test-renderer is deprecated. See https://react.dev/warnings/react-test-renderer

    [0m [90m  6 |[39m
     [90m  7 |[39m [36mconst[39m renderWithTheme [33m=[39m (component[33m:[39m [33mReact[39m[33m.[39m[33mReactElement[39m) [33m=>[39m {
    [31m[1m>[22m[39m[90m  8 |[39m   [36mreturn[39m render([33m<[39m[33mThemeProvider[39m[33m>[39m{component}[33m<[39m[33m/[39m[33mThemeProvider[39m[33m>[39m)[33m;[39m
     [90m    |[39m                [31m[1m^[22m[39m
     [90m  9 |[39m }[33m;[39m
     [90m 10 |[39m
     [90m 11 |[39m describe([32m'PlayerPosition'[39m[33m,[39m () [33m=>[39m {[0m

      at Object.process.env.NODE_ENV.exports.create (node_modules/react-test-renderer/cjs/react-test-renderer.development.js:14598:17)
      at create (node_modules/@testing-library/react-native/src/render-act.ts:15:29)
      at callback (node_modules/@testing-library/react-native/src/act.ts:31:24)
      at process.env.NODE_ENV.exports.act (node_modules/react/cjs/react.development.js:789:22)
      at actImplementation (node_modules/@testing-library/react-native/src/act.ts:30:25)
      at renderWithAct (node_modules/@testing-library/react-native/src/render-act.ts:13:11)
      at renderInternal (node_modules/@testing-library/react-native/src/render.tsx:69:33)
      at renderInternal (node_modules/@testing-library/react-native/src/render.tsx:44:10)
      at renderWithTheme (src/features/plo-training/components/PlayerPosition/PlayerPosition.test.tsx:8:16)
      at Object.renderWithTheme (src/features/plo-training/components/PlayerPosition/PlayerPosition.test.tsx:24:5)

  console.error
    react-test-renderer is deprecated. See https://react.dev/warnings/react-test-renderer

    [0m [90m  5 |[39m
     [90m  6 |[39m [36mconst[39m renderWithTheme [33m=[39m (component[33m:[39m [33mReact[39m[33m.[39m[33mReactElement[39m) [33m=>[39m {
    [31m[1m>[22m[39m[90m  7 |[39m   [36mreturn[39m render([33m<[39m[33mThemeProvider[39m[33m>[39m{component}[33m<[39m[33m/[39m[33mThemeProvider[39m[33m>[39m)[33m;[39m
     [90m    |[39m                [31m[1m^[22m[39m
     [90m  8 |[39m }[33m;[39m
     [90m  9 |[39m
     [90m 10 |[39m describe([32m'FeedbackCard'[39m[33m,[39m () [33m=>[39m {[0m

      at Object.process.env.NODE_ENV.exports.create (node_modules/react-test-renderer/cjs/react-test-renderer.development.js:14598:17)
      at create (node_modules/@testing-library/react-native/src/render-act.ts:15:29)
      at callback (node_modules/@testing-library/react-native/src/act.ts:31:24)
      at process.env.NODE_ENV.exports.act (node_modules/react/cjs/react.development.js:789:22)
      at actImplementation (node_modules/@testing-library/react-native/src/act.ts:30:25)
      at renderWithAct (node_modules/@testing-library/react-native/src/render-act.ts:13:11)
      at renderInternal (node_modules/@testing-library/react-native/src/render.tsx:69:33)
      at renderInternal (node_modules/@testing-library/react-native/src/render.tsx:44:10)
      at renderWithTheme (src/features/roulette-training/components/FeedbackCard/FeedbackCard.test.tsx:7:16)
      at Object.renderWithTheme (src/features/roulette-training/components/FeedbackCard/FeedbackCard.test.tsx:79:7)

  console.error
    react-test-renderer is deprecated. See https://react.dev/warnings/react-test-renderer

    [0m [90m 127 |[39m
     [90m 128 |[39m       amounts[33m.[39mforEach(amount [33m=>[39m {
    [31m[1m>[22m[39m[90m 129 |[39m         [36mconst[39m { getByLabelText } [33m=[39m render([33m<[39m[33mRouletteChip[39m amount[33m=[39m{amount} size[33m=[39m{[35m20[39m} [33m/[39m[33m>[39m)[33m;[39m
     [90m     |[39m                                          [31m[1m^[22m[39m
     [90m 130 |[39m         expect(getByLabelText([32m`$${amount} chip`[39m))[33m.[39mtoBeTruthy()[33m;[39m
     [90m 131 |[39m       })[33m;[39m
     [90m 132 |[39m     })[33m;[39m[0m

      at Object.process.env.NODE_ENV.exports.create (node_modules/react-test-renderer/cjs/react-test-renderer.development.js:14598:17)
      at create (node_modules/@testing-library/react-native/src/render-act.ts:15:29)
      at callback (node_modules/@testing-library/react-native/src/act.ts:31:24)
      at process.env.NODE_ENV.exports.act (node_modules/react/cjs/react.development.js:789:22)
      at actImplementation (node_modules/@testing-library/react-native/src/act.ts:30:25)
      at renderWithAct (node_modules/@testing-library/react-native/src/render-act.ts:13:11)
      at renderInternal (node_modules/@testing-library/react-native/src/render.tsx:69:33)
      at renderInternal (node_modules/@testing-library/react-native/src/render.tsx:44:10)
      at src/components/roulette/RouletteChip.test.tsx:129:42
          at Array.forEach (<anonymous>)
      at Object.forEach (src/components/roulette/RouletteChip.test.tsx:128:15)

  console.error
    react-test-renderer is deprecated. See https://react.dev/warnings/react-test-renderer

    [0m [90m  7 |[39m
     [90m  8 |[39m [36mconst[39m renderWithTheme [33m=[39m (component[33m:[39m [33mReact[39m[33m.[39m[33mReactElement[39m) [33m=>[39m {
    [31m[1m>[22m[39m[90m  9 |[39m   [36mreturn[39m render([33m<[39m[33mThemeProvider[39m[33m>[39m{component}[33m<[39m[33m/[39m[33mThemeProvider[39m[33m>[39m)[33m;[39m
     [90m    |[39m                [31m[1m^[22m[39m
     [90m 10 |[39m }[33m;[39m
     [90m 11 |[39m
     [90m 12 |[39m describe([32m'GameStateDisplay'[39m[33m,[39m () [33m=>[39m {[0m

      at Object.process.env.NODE_ENV.exports.create (node_modules/react-test-renderer/cjs/react-test-renderer.development.js:14598:17)
      at create (node_modules/@testing-library/react-native/src/render-act.ts:15:29)
      at callback (node_modules/@testing-library/react-native/src/act.ts:31:24)
      at process.env.NODE_ENV.exports.act (node_modules/react/cjs/react.development.js:789:22)
      at actImplementation (node_modules/@testing-library/react-native/src/act.ts:30:25)
      at renderWithAct (node_modules/@testing-library/react-native/src/render-act.ts:13:11)
      at renderInternal (node_modules/@testing-library/react-native/src/render.tsx:69:33)
      at renderInternal (node_modules/@testing-library/react-native/src/render.tsx:44:10)
      at renderWithTheme (src/features/plo-training/components/GameStateDisplay/GameStateDisplay.test.tsx:9:16)
      at renderWithTheme (src/features/plo-training/components/GameStateDisplay/GameStateDisplay.test.tsx:111:27)
          at Array.forEach (<anonymous>)
      at Object.forEach (src/features/plo-training/components/GameStateDisplay/GameStateDisplay.test.tsx:104:15)

  console.error
    react-test-renderer is deprecated. See https://react.dev/warnings/react-test-renderer

    [0m [90m  5 |[39m
     [90m  6 |[39m [36mconst[39m renderWithTheme [33m=[39m (component[33m:[39m [33mReact[39m[33m.[39m[33mReactElement[39m) [33m=>[39m {
    [31m[1m>[22m[39m[90m  7 |[39m   [36mreturn[39m render([33m<[39m[33mThemeProvider[39m[33m>[39m{component}[33m<[39m[33m/[39m[33mThemeProvider[39m[33m>[39m)[33m;[39m
     [90m    |[39m                [31m[1m^[22m[39m
     [90m  8 |[39m }[33m;[39m
     [90m  9 |[39m
     [90m 10 |[39m describe([32m'FeedbackCard'[39m[33m,[39m () [33m=>[39m {[0m

      at Object.process.env.NODE_ENV.exports.create (node_modules/react-test-renderer/cjs/react-test-renderer.development.js:14598:17)
      at create (node_modules/@testing-library/react-native/src/render-act.ts:15:29)
      at callback (node_modules/@testing-library/react-native/src/act.ts:31:24)
      at process.env.NODE_ENV.exports.act (node_modules/react/cjs/react.development.js:789:22)
      at actImplementation (node_modules/@testing-library/react-native/src/act.ts:30:25)
      at renderWithAct (node_modules/@testing-library/react-native/src/render-act.ts:13:11)
      at renderInternal (node_modules/@testing-library/react-native/src/render.tsx:69:33)
      at renderInternal (node_modules/@testing-library/react-native/src/render.tsx:44:10)
      at renderWithTheme (src/features/roulette-training/components/FeedbackCard/FeedbackCard.test.tsx:7:16)
      at Object.renderWithTheme (src/features/roulette-training/components/FeedbackCard/FeedbackCard.test.tsx:87:7)

  console.error
    react-test-renderer is deprecated. See https://react.dev/warnings/react-test-renderer

    [0m [90m 127 |[39m
     [90m 128 |[39m       amounts[33m.[39mforEach(amount [33m=>[39m {
    [31m[1m>[22m[39m[90m 129 |[39m         [36mconst[39m { getByLabelText } [33m=[39m render([33m<[39m[33mRouletteChip[39m amount[33m=[39m{amount} size[33m=[39m{[35m20[39m} [33m/[39m[33m>[39m)[33m;[39m
     [90m     |[39m                                          [31m[1m^[22m[39m
     [90m 130 |[39m         expect(getByLabelText([32m`$${amount} chip`[39m))[33m.[39mtoBeTruthy()[33m;[39m
     [90m 131 |[39m       })[33m;[39m
     [90m 132 |[39m     })[33m;[39m[0m

      at Object.process.env.NODE_ENV.exports.create (node_modules/react-test-renderer/cjs/react-test-renderer.development.js:14598:17)
      at create (node_modules/@testing-library/react-native/src/render-act.ts:15:29)
      at callback (node_modules/@testing-library/react-native/src/act.ts:31:24)
      at process.env.NODE_ENV.exports.act (node_modules/react/cjs/react.development.js:789:22)
      at actImplementation (node_modules/@testing-library/react-native/src/act.ts:30:25)
      at renderWithAct (node_modules/@testing-library/react-native/src/render-act.ts:13:11)
      at renderInternal (node_modules/@testing-library/react-native/src/render.tsx:69:33)
      at renderInternal (node_modules/@testing-library/react-native/src/render.tsx:44:10)
      at src/components/roulette/RouletteChip.test.tsx:129:42
          at Array.forEach (<anonymous>)
      at Object.forEach (src/components/roulette/RouletteChip.test.tsx:128:15)

  console.error
    react-test-renderer is deprecated. See https://react.dev/warnings/react-test-renderer

    [0m [90m  6 |[39m
     [90m  7 |[39m [36mconst[39m renderWithTheme [33m=[39m (component[33m:[39m [33mReact[39m[33m.[39m[33mReactElement[39m) [33m=>[39m {
    [31m[1m>[22m[39m[90m  8 |[39m   [36mreturn[39m render([33m<[39m[33mThemeProvider[39m[33m>[39m{component}[33m<[39m[33m/[39m[33mThemeProvider[39m[33m>[39m)[33m;[39m
     [90m    |[39m                [31m[1m^[22m[39m
     [90m  9 |[39m }[33m;[39m
     [90m 10 |[39m
     [90m 11 |[39m describe([32m'PokerTable'[39m[33m,[39m () [33m=>[39m {[0m

      at Object.process.env.NODE_ENV.exports.create (node_modules/react-test-renderer/cjs/react-test-renderer.development.js:14598:17)
      at create (node_modules/@testing-library/react-native/src/render-act.ts:15:29)
      at callback (node_modules/@testing-library/react-native/src/act.ts:31:24)
      at process.env.NODE_ENV.exports.act (node_modules/react/cjs/react.development.js:789:22)
      at actImplementation (node_modules/@testing-library/react-native/src/act.ts:30:25)
      at renderWithAct (node_modules/@testing-library/react-native/src/render-act.ts:13:11)
      at renderInternal (node_modules/@testing-library/react-native/src/render.tsx:69:33)
      at renderInternal (node_modules/@testing-library/react-native/src/render.tsx:44:10)
      at renderWithTheme (src/features/plo-training/components/PokerTable/PokerTable.test.tsx:8:16)
      at Object.renderWithTheme (src/features/plo-training/components/PokerTable/PokerTable.test.tsx:56:5)

  console.error
    react-test-renderer is deprecated. See https://react.dev/warnings/react-test-renderer

    [0m [90m  7 |[39m
     [90m  8 |[39m [36mconst[39m renderWithTheme [33m=[39m (component[33m:[39m [33mReact[39m[33m.[39m[33mReactElement[39m) [33m=>[39m {
    [31m[1m>[22m[39m[90m  9 |[39m   [36mreturn[39m render([33m<[39m[33mThemeProvider[39m[33m>[39m{component}[33m<[39m[33m/[39m[33mThemeProvider[39m[33m>[39m)[33m;[39m
     [90m    |[39m                [31m[1m^[22m[39m
     [90m 10 |[39m }[33m;[39m
     [90m 11 |[39m
     [90m 12 |[39m describe([32m'GameStateDisplay'[39m[33m,[39m () [33m=>[39m {[0m

      at Object.process.env.NODE_ENV.exports.create (node_modules/react-test-renderer/cjs/react-test-renderer.development.js:14598:17)
      at create (node_modules/@testing-library/react-native/src/render-act.ts:15:29)
      at callback (node_modules/@testing-library/react-native/src/act.ts:31:24)
      at process.env.NODE_ENV.exports.act (node_modules/react/cjs/react.development.js:789:22)
      at actImplementation (node_modules/@testing-library/react-native/src/act.ts:30:25)
      at renderWithAct (node_modules/@testing-library/react-native/src/render-act.ts:13:11)
      at renderInternal (node_modules/@testing-library/react-native/src/render.tsx:69:33)
      at renderInternal (node_modules/@testing-library/react-native/src/render.tsx:44:10)
      at renderWithTheme (src/features/plo-training/components/GameStateDisplay/GameStateDisplay.test.tsx:9:16)
      at renderWithTheme (src/features/plo-training/components/GameStateDisplay/GameStateDisplay.test.tsx:111:27)
          at Array.forEach (<anonymous>)
      at Object.forEach (src/features/plo-training/components/GameStateDisplay/GameStateDisplay.test.tsx:104:15)

  console.error
    react-test-renderer is deprecated. See https://react.dev/warnings/react-test-renderer

    [0m [90m  5 |[39m
     [90m  6 |[39m [36mconst[39m renderWithTheme [33m=[39m (component[33m:[39m [33mReact[39m[33m.[39m[33mReactElement[39m) [33m=>[39m {
    [31m[1m>[22m[39m[90m  7 |[39m   [36mreturn[39m render([33m<[39m[33mThemeProvider[39m[33m>[39m{component}[33m<[39m[33m/[39m[33mThemeProvider[39m[33m>[39m)[33m;[39m
     [90m    |[39m                [31m[1m^[22m[39m
     [90m  8 |[39m }[33m;[39m
     [90m  9 |[39m
     [90m 10 |[39m describe([32m'FeedbackCard'[39m[33m,[39m () [33m=>[39m {[0m

      at Object.process.env.NODE_ENV.exports.create (node_modules/react-test-renderer/cjs/react-test-renderer.development.js:14598:17)
      at create (node_modules/@testing-library/react-native/src/render-act.ts:15:29)
      at callback (node_modules/@testing-library/react-native/src/act.ts:31:24)
      at process.env.NODE_ENV.exports.act (node_modules/react/cjs/react.development.js:789:22)
      at actImplementation (node_modules/@testing-library/react-native/src/act.ts:30:25)
      at renderWithAct (node_modules/@testing-library/react-native/src/render-act.ts:13:11)
      at renderInternal (node_modules/@testing-library/react-native/src/render.tsx:69:33)
      at renderInternal (node_modules/@testing-library/react-native/src/render.tsx:44:10)
      at renderWithTheme (src/features/roulette-training/components/FeedbackCard/FeedbackCard.test.tsx:7:16)
      at Object.renderWithTheme (src/features/roulette-training/components/FeedbackCard/FeedbackCard.test.tsx:100:7)

  console.error
    react-test-renderer is deprecated. See https://react.dev/warnings/react-test-renderer

    [0m [90m 234 |[39m
     [90m 235 |[39m     it([32m'should not reset attempts'[39m[33m,[39m () [33m=>[39m {
    [31m[1m>[22m[39m[90m 236 |[39m       [36mconst[39m { result } [33m=[39m renderHook(() [33m=>[39m useExerciseState())[33m;[39m
     [90m     |[39m                                    [31m[1m^[22m[39m
     [90m 237 |[39m
     [90m 238 |[39m       act(() [33m=>[39m {
     [90m 239 |[39m         result[33m.[39mcurrent[33m.[39msetUserAnswer([32m'100'[39m)[33m;[39m[0m

      at Object.process.env.NODE_ENV.exports.create (node_modules/react-test-renderer/cjs/react-test-renderer.development.js:14598:17)
      at create (node_modules/@testing-library/react-native/src/render-act.ts:15:29)
      at callback (node_modules/@testing-library/react-native/src/act.ts:31:24)
      at process.env.NODE_ENV.exports.act (node_modules/react/cjs/react.development.js:789:22)
      at actImplementation (node_modules/@testing-library/react-native/src/act.ts:30:25)
      at renderWithAct (node_modules/@testing-library/react-native/src/render-act.ts:13:11)
      at renderInternal (node_modules/@testing-library/react-native/src/render.tsx:69:33)
      at renderInternal (node_modules/@testing-library/react-native/src/render.tsx:44:10)
      at renderHook (node_modules/@testing-library/react-native/src/render-hook.tsx:55:58)
      at Object.<anonymous> (src/features/roulette-training/screens/exercises/CalculationScreen/useExerciseState.test.ts:236:36)

  console.error
    react-test-renderer is deprecated. See https://react.dev/warnings/react-test-renderer

    [0m [90m  5 |[39m
     [90m  6 |[39m [36mconst[39m renderWithTheme [33m=[39m (component[33m:[39m [33mReact[39m[33m.[39m[33mReactElement[39m) [33m=>[39m {
    [31m[1m>[22m[39m[90m  7 |[39m   [36mreturn[39m render([33m<[39m[33mThemeProvider[39m[33m>[39m{component}[33m<[39m[33m/[39m[33mThemeProvider[39m[33m>[39m)[33m;[39m
     [90m    |[39m                [31m[1m^[22m[39m
     [90m  8 |[39m }[33m;[39m
     [90m  9 |[39m
     [90m 10 |[39m describe([32m'FeedbackCard'[39m[33m,[39m () [33m=>[39m {[0m

      at Object.process.env.NODE_ENV.exports.create (node_modules/react-test-renderer/cjs/react-test-renderer.development.js:14598:17)
      at create (node_modules/@testing-library/react-native/src/render-act.ts:15:29)
      at callback (node_modules/@testing-library/react-native/src/act.ts:31:24)
      at process.env.NODE_ENV.exports.act (node_modules/react/cjs/react.development.js:789:22)
      at actImplementation (node_modules/@testing-library/react-native/src/act.ts:30:25)
      at renderWithAct (node_modules/@testing-library/react-native/src/render-act.ts:13:11)
      at renderInternal (node_modules/@testing-library/react-native/src/render.tsx:69:33)
      at renderInternal (node_modules/@testing-library/react-native/src/render.tsx:44:10)
      at renderWithTheme (src/features/roulette-training/components/FeedbackCard/FeedbackCard.test.tsx:7:16)
      at Object.renderWithTheme (src/features/roulette-training/components/FeedbackCard/FeedbackCard.test.tsx:113:7)

  console.error
    react-test-renderer is deprecated. See https://react.dev/warnings/react-test-renderer

    [0m [90m  6 |[39m
     [90m  7 |[39m [36mconst[39m renderWithTheme [33m=[39m (component[33m:[39m [33mReact[39m[33m.[39m[33mReactElement[39m) [33m=>[39m {
    [31m[1m>[22m[39m[90m  8 |[39m   [36mreturn[39m render([33m<[39m[33mThemeProvider[39m[33m>[39m{component}[33m<[39m[33m/[39m[33mThemeProvider[39m[33m>[39m)[33m;[39m
     [90m    |[39m                [31m[1m^[22m[39m
     [90m  9 |[39m }[33m;[39m
     [90m 10 |[39m
     [90m 11 |[39m describe([32m'PokerTable'[39m[33m,[39m () [33m=>[39m {[0m

      at Object.process.env.NODE_ENV.exports.create (node_modules/react-test-renderer/cjs/react-test-renderer.development.js:14598:17)
      at create (node_modules/@testing-library/react-native/src/render-act.ts:15:29)
      at callback (node_modules/@testing-library/react-native/src/act.ts:31:24)
      at process.env.NODE_ENV.exports.act (node_modules/react/cjs/react.development.js:789:22)
      at actImplementation (node_modules/@testing-library/react-native/src/act.ts:30:25)
      at renderWithAct (node_modules/@testing-library/react-native/src/render-act.ts:13:11)
      at renderInternal (node_modules/@testing-library/react-native/src/render.tsx:69:33)
      at renderInternal (node_modules/@testing-library/react-native/src/render.tsx:44:10)
      at renderWithTheme (src/features/plo-training/components/PokerTable/PokerTable.test.tsx:8:16)
      at Object.renderWithTheme (src/features/plo-training/components/PokerTable/PokerTable.test.tsx:67:5)

  console.error
    react-test-renderer is deprecated. See https://react.dev/warnings/react-test-renderer

    [0m [90m 43 |[39m
     [90m 44 |[39m     it([32m'should render RacetrackOverlays component'[39m[33m,[39m () [33m=>[39m {
    [31m[1m>[22m[39m[90m 45 |[39m       [36mconst[39m { root } [33m=[39m render([33m<[39m[33mRacetrackLayout[39m width[33m=[39m{[35m350[39m} [33m/[39m[33m>[39m)[33m;[39m
     [90m    |[39m                              [31m[1m^[22m[39m
     [90m 46 |[39m       expect(root)[33m.[39mtoBeDefined()[33m;[39m
     [90m 47 |[39m     })[33m;[39m
     [90m 48 |[39m[0m

      at Object.process.env.NODE_ENV.exports.create (node_modules/react-test-renderer/cjs/react-test-renderer.development.js:14598:17)
      at create (node_modules/@testing-library/react-native/src/render-act.ts:15:29)
      at callback (node_modules/@testing-library/react-native/src/act.ts:31:24)
      at process.env.NODE_ENV.exports.act (node_modules/react/cjs/react.development.js:789:22)
      at actImplementation (node_modules/@testing-library/react-native/src/act.ts:30:25)
      at renderWithAct (node_modules/@testing-library/react-native/src/render-act.ts:13:11)
      at renderInternal (node_modules/@testing-library/react-native/src/render.tsx:69:33)
      at renderInternal (node_modules/@testing-library/react-native/src/render.tsx:44:10)
      at Object.<anonymous> (src/features/racetrack/components/RacetrackLayout/RacetrackLayout.test.tsx:45:30)

  console.error
    react-test-renderer is deprecated. See https://react.dev/warnings/react-test-renderer

    [0m [90m 251 |[39m   describe([32m'toggleHint'[39m[33m,[39m () [33m=>[39m {
     [90m 252 |[39m     it([32m'should toggle hint visibility on'[39m[33m,[39m () [33m=>[39m {
    [31m[1m>[22m[39m[90m 253 |[39m       [36mconst[39m { result } [33m=[39m renderHook(() [33m=>[39m useExerciseState())[33m;[39m
     [90m     |[39m                                    [31m[1m^[22m[39m
     [90m 254 |[39m
     [90m 255 |[39m       act(() [33m=>[39m {
     [90m 256 |[39m         result[33m.[39mcurrent[33m.[39mtoggleHint()[33m;[39m[0m

      at Object.process.env.NODE_ENV.exports.create (node_modules/react-test-renderer/cjs/react-test-renderer.development.js:14598:17)
      at create (node_modules/@testing-library/react-native/src/render-act.ts:15:29)
      at callback (node_modules/@testing-library/react-native/src/act.ts:31:24)
      at process.env.NODE_ENV.exports.act (node_modules/react/cjs/react.development.js:789:22)
      at actImplementation (node_modules/@testing-library/react-native/src/act.ts:30:25)
      at renderWithAct (node_modules/@testing-library/react-native/src/render-act.ts:13:11)
      at renderInternal (node_modules/@testing-library/react-native/src/render.tsx:69:33)
      at renderInternal (node_modules/@testing-library/react-native/src/render.tsx:44:10)
      at renderHook (node_modules/@testing-library/react-native/src/render-hook.tsx:55:58)
      at Object.<anonymous> (src/features/roulette-training/screens/exercises/CalculationScreen/useExerciseState.test.ts:253:36)

PASS src/features/roulette-training/components/FeedbackCard/FeedbackCard.test.tsx
  FeedbackCard
    Correct Answer Display
      ΓêÜ renders success state when isCorrect is true (340 ms)
      ΓêÜ displays the correct answer number (35 ms)
    Incorrect Answer Display
      ΓêÜ renders error state when isCorrect is false (15 ms)
      ΓêÜ shows explanation when provided and answer is incorrect (8 ms)
      ΓêÜ hides explanation when answer is correct (10 ms)
    Next Question Button
      ΓêÜ renders the next question button (12 ms)
      ΓêÜ calls onNextQuestion when button is pressed (12 ms)
    Edge Cases
      ΓêÜ handles explanation=undefined gracefully (9 ms)
      ΓêÜ displays answer 0 correctly (12 ms)

  console.error
    react-test-renderer is deprecated. See https://react.dev/warnings/react-test-renderer

    [0m [90m  6 |[39m
     [90m  7 |[39m [36mconst[39m renderWithTheme [33m=[39m (component[33m:[39m [33mReact[39m[33m.[39m[33mReactElement[39m) [33m=>[39m {
    [31m[1m>[22m[39m[90m  8 |[39m   [36mreturn[39m render([33m<[39m[33mThemeProvider[39m[33m>[39m{component}[33m<[39m[33m/[39m[33mThemeProvider[39m[33m>[39m)[33m;[39m
     [90m    |[39m                [31m[1m^[22m[39m
     [90m  9 |[39m }[33m;[39m
     [90m 10 |[39m
     [90m 11 |[39m describe([32m'PokerTable'[39m[33m,[39m () [33m=>[39m {[0m

      at Object.process.env.NODE_ENV.exports.create (node_modules/react-test-renderer/cjs/react-test-renderer.development.js:14598:17)
      at create (node_modules/@testing-library/react-native/src/render-act.ts:15:29)
      at callback (node_modules/@testing-library/react-native/src/act.ts:31:24)
      at process.env.NODE_ENV.exports.act (node_modules/react/cjs/react.development.js:789:22)
      at actImplementation (node_modules/@testing-library/react-native/src/act.ts:30:25)
      at renderWithAct (node_modules/@testing-library/react-native/src/render-act.ts:13:11)
      at renderInternal (node_modules/@testing-library/react-native/src/render.tsx:69:33)
      at renderInternal (node_modules/@testing-library/react-native/src/render.tsx:44:10)
      at renderWithTheme (src/features/plo-training/components/PokerTable/PokerTable.test.tsx:8:16)
      at Object.renderWithTheme (src/features/plo-training/components/PokerTable/PokerTable.test.tsx:76:5)

  console.error
    react-test-renderer is deprecated. See https://react.dev/warnings/react-test-renderer

    [0m [90m 261 |[39m
     [90m 262 |[39m     it([32m'should toggle hint visibility off'[39m[33m,[39m () [33m=>[39m {
    [31m[1m>[22m[39m[90m 263 |[39m       [36mconst[39m { result } [33m=[39m renderHook(() [33m=>[39m useExerciseState())[33m;[39m
     [90m     |[39m                                    [31m[1m^[22m[39m
     [90m 264 |[39m
     [90m 265 |[39m       act(() [33m=>[39m {
     [90m 266 |[39m         result[33m.[39mcurrent[33m.[39mtoggleHint()[33m;[39m[0m

      at Object.process.env.NODE_ENV.exports.create (node_modules/react-test-renderer/cjs/react-test-renderer.development.js:14598:17)
      at create (node_modules/@testing-library/react-native/src/render-act.ts:15:29)
      at callback (node_modules/@testing-library/react-native/src/act.ts:31:24)
      at process.env.NODE_ENV.exports.act (node_modules/react/cjs/react.development.js:789:22)
      at actImplementation (node_modules/@testing-library/react-native/src/act.ts:30:25)
      at renderWithAct (node_modules/@testing-library/react-native/src/render-act.ts:13:11)
      at renderInternal (node_modules/@testing-library/react-native/src/render.tsx:69:33)
      at renderInternal (node_modules/@testing-library/react-native/src/render.tsx:44:10)
      at renderHook (node_modules/@testing-library/react-native/src/render-hook.tsx:55:58)
      at Object.<anonymous> (src/features/roulette-training/screens/exercises/CalculationScreen/useExerciseState.test.ts:263:36)

FAIL src/features/plo-training/components/PotCalculationInput/PotCalculationInput.test.tsx
  ΓùÅ Test suite failed to run

    SyntaxError: C:\Users\ivans\Desktop\Dev\CasinoTrainingApp\src\styles\textStyles.ts: Unexpected token, expected "(" (22:9)

      20 |     marginBottom: 4,
      21 |   } as TextStyle,
    > 22 |    * Size: 18px, Weight: 700, Color: Gold
         |          ^
      23 |    */
      24 |   goldTitle: {
      25 |     fontSize: 18,

      27 |
      28 | // Text style factories
    > 29 | export { createTextStyles } from './textStyles';
         | ^
      30 | export type { TextStyles } from './textStyles';
      31 |

      at constructor (node_modules/@babel/parser/src/parse-error.ts:95:45)
      at TypeScriptParserMixin.toParseError [as raise] (node_modules/@babel/parser/src/tokenizer/index.ts:1504:19)
      at TypeScriptParserMixin.raise [as unexpected] (node_modules/@babel/parser/src/tokenizer/index.ts:1544:16)
      at TypeScriptParserMixin.unexpected [as expect] (node_modules/@babel/parser/src/parser/util.ts:157:12)
      at TypeScriptParserMixin.expect (node_modules/@babel/parser/src/parser/statement.ts:1726:10)
      at TypeScriptParserMixin.parseFunctionParams (node_modules/@babel/parser/src/plugins/typescript/index.ts:3692:13)
      at TypeScriptParserMixin.parseFunctionParams (node_modules/@babel/parser/src/parser/expression.ts:2491:10)
      at TypeScriptParserMixin.parseMethod (node_modules/@babel/parser/src/plugins/typescript/index.ts:4312:28)
      at TypeScriptParserMixin.parseMethod [as parseObjectMethod] (node_modules/@babel/parser/src/parser/expression.ts:2300:19)
      at TypeScriptParserMixin.parseObjectMethod (node_modules/@babel/parser/src/parser/expression.ts:2381:24)
      at TypeScriptParserMixin.parseObjPropValue (node_modules/@babel/parser/src/plugins/typescript/index.ts:3675:20)
      at TypeScriptParserMixin.parseObjPropValue [as parsePropertyDefinition] (node_modules/@babel/parser/src/parser/expression.ts:2228:17)
      at TypeScriptParserMixin.parsePropertyDefinition [as parseObjectLike] (node_modules/@babel/parser/src/parser/expression.ts:2095:21)
      at TypeScriptParserMixin.parseObjectLike [as parseExprAtom] (node_modules/@babel/parser/src/parser/expression.ts:1181:21)
      at TypeScriptParserMixin.parseExprAtom [as parseExprSubscripts] (node_modules/@babel/parser/src/parser/expression.ts:742:23)
      at TypeScriptParserMixin.parseExprSubscripts [as parseUpdate] (node_modules/@babel/parser/src/parser/expression.ts:721:21)
      at TypeScriptParserMixin.parseUpdate (node_modules/@babel/parser/src/parser/expression.ts:683:23)
      at TypeScriptParserMixin.parseMaybeUnary (node_modules/@babel/parser/src/plugins/typescript/index.ts:3893:20)
      at TypeScriptParserMixin.parseMaybeUnary [as parseMaybeUnaryOrPrivate] (node_modules/@babel/parser/src/parser/expression.ts:417:14)
      at TypeScriptParserMixin.parseMaybeUnaryOrPrivate [as parseExprOps] (node_modules/@babel/parser/src/parser/expression.ts:429:23)
      at TypeScriptParserMixin.parseExprOps [as parseMaybeConditional] (node_modules/@babel/parser/src/parser/expression.ts:384:23)
      at TypeScriptParserMixin.parseMaybeConditional (node_modules/@babel/parser/src/parser/expression.ts:301:21)
      at TypeScriptParserMixin.parseMaybeAssign (node_modules/@babel/parser/src/plugins/typescript/index.ts:3764:22)
      at parseMaybeAssign (node_modules/@babel/parser/src/parser/expression.ts:257:12)
      at TypeScriptParserMixin.callback [as allowInAnd] (node_modules/@babel/parser/src/parser/expression.ts:3194:12)
      at TypeScriptParserMixin.allowInAnd [as parseMaybeAssignAllowIn] (node_modules/@babel/parser/src/parser/expression.ts:256:17)
      at TypeScriptParserMixin.parseMaybeAssignAllowIn [as parseMaybeAssignAllowInOrVoidPattern] (node_modules/@babel/parser/src/parser/expression.ts:3308:17)
      at TypeScriptParserMixin.parseMaybeAssignAllowInOrVoidPattern [as parseParenAndDistinguishExpression] (node_modules/@babel/parser/src/parser/expression.ts:1822:16)
      at TypeScriptParserMixin.parseParenAndDistinguishExpression [as parseExprAtom] (node_modules/@babel/parser/src/parser/expression.ts:1170:21)
      at TypeScriptParserMixin.parseExprAtom [as parseExprSubscripts] (node_modules/@babel/parser/src/parser/expression.ts:742:23)
      at TypeScriptParserMixin.parseExprSubscripts [as parseUpdate] (node_modules/@babel/parser/src/parser/expression.ts:721:21)
      at TypeScriptParserMixin.parseUpdate (node_modules/@babel/parser/src/parser/expression.ts:683:23)
      at TypeScriptParserMixin.parseMaybeUnary (node_modules/@babel/parser/src/plugins/typescript/index.ts:3893:20)
      at TypeScriptParserMixin.parseMaybeUnary [as parseMaybeUnaryOrPrivate] (node_modules/@babel/parser/src/parser/expression.ts:417:14)
      at TypeScriptParserMixin.parseMaybeUnaryOrPrivate [as parseExprOps] (node_modules/@babel/parser/src/parser/expression.ts:429:23)
      at TypeScriptParserMixin.parseExprOps [as parseMaybeConditional] (node_modules/@babel/parser/src/parser/expression.ts:384:23)
      at TypeScriptParserMixin.parseMaybeConditional (node_modules/@babel/parser/src/parser/expression.ts:301:21)
      at TypeScriptParserMixin.parseMaybeAssign (node_modules/@babel/parser/src/plugins/typescript/index.ts:3764:22)
      at TypeScriptParserMixin.parseMaybeAssign [as parseFunctionBody] (node_modules/@babel/parser/src/parser/expression.ts:2604:14)
      at TypeScriptParserMixin.parseFunctionBody [as parseArrowExpression] (node_modules/@babel/parser/src/parser/expression.ts:2559:10)
      at TypeScriptParserMixin.parseArrowExpression [as parseParenAndDistinguishExpression] (node_modules/@babel/parser/src/parser/expression.ts:1847:12)
      at TypeScriptParserMixin.parseParenAndDistinguishExpression [as parseExprAtom] (node_modules/@babel/parser/src/parser/expression.ts:1170:21)
      at TypeScriptParserMixin.parseExprAtom [as parseExprSubscripts] (node_modules/@babel/parser/src/parser/expression.ts:742:23)
      at TypeScriptParserMixin.parseExprSubscripts [as parseUpdate] (node_modules/@babel/parser/src/parser/expression.ts:721:21)
      at TypeScriptParserMixin.parseUpdate (node_modules/@babel/parser/src/parser/expression.ts:683:23)
      at TypeScriptParserMixin.parseMaybeUnary (node_modules/@babel/parser/src/plugins/typescript/index.ts:3893:20)
      at TypeScriptParserMixin.parseMaybeUnary [as parseMaybeUnaryOrPrivate] (node_modules/@babel/parser/src/parser/expression.ts:417:14)
      at TypeScriptParserMixin.parseMaybeUnaryOrPrivate [as parseExprOps] (node_modules/@babel/parser/src/parser/expression.ts:429:23)
      at TypeScriptParserMixin.parseExprOps [as parseMaybeConditional] (node_modules/@babel/parser/src/parser/expression.ts:384:23)
      at TypeScriptParserMixin.parseMaybeConditional (node_modules/@babel/parser/src/parser/expression.ts:301:21)
      at TypeScriptParserMixin.parseMaybeAssign (node_modules/@babel/parser/src/plugins/typescript/index.ts:3764:22)
      at parseMaybeAssign (node_modules/@babel/parser/src/parser/expression.ts:257:12)
      at TypeScriptParserMixin.callback [as allowInAnd] (node_modules/@babel/parser/src/parser/expression.ts:3189:16)
      at TypeScriptParserMixin.allowInAnd [as parseMaybeAssignAllowIn] (node_modules/@babel/parser/src/parser/expression.ts:256:17)
      at TypeScriptParserMixin.parseMaybeAssignAllowIn [as parseVar] (node_modules/@babel/parser/src/parser/statement.ts:1587:18)
      at TypeScriptParserMixin.parseVar (node_modules/@babel/parser/src/parser/statement.ts:1251:10)
      at TypeScriptParserMixin.parseVarStatement (node_modules/@babel/parser/src/plugins/typescript/index.ts:3085:33)
      at TypeScriptParserMixin.parseVarStatement (node_modules/@babel/parser/src/parser/statement.ts:612:21)
      at TypeScriptParserMixin.parseStatementContent (node_modules/@babel/parser/src/plugins/typescript/index.ts:3220:20)
      at TypeScriptParserMixin.parseStatementContent [as parseStatementLike] (node_modules/@babel/parser/src/parser/statement.ts:482:17)
      at TypeScriptParserMixin.parseStatementLike [as parseStatementListItem] (node_modules/@babel/parser/src/parser/statement.ts:431:17)
      at TypeScriptParserMixin.parseStatementListItem (node_modules/@babel/parser/src/parser/statement.ts:2635:17)
      at TypeScriptParserMixin.parseExportDeclaration (node_modules/@babel/parser/src/plugins/typescript/index.ts:3447:15)
      at TypeScriptParserMixin.parseExportDeclaration [as maybeParseExportDeclaration] (node_modules/@babel/parser/src/parser/statement.ts:2551:31)
      at TypeScriptParserMixin.maybeParseExportDeclaration (node_modules/@babel/parser/src/parser/statement.ts:2432:29)
      at TypeScriptParserMixin.parseExport (node_modules/@babel/parser/src/plugins/typescript/index.ts:3046:22)
      at TypeScriptParserMixin.parseExport (node_modules/@babel/parser/src/parser/statement.ts:649:25)
      at TypeScriptParserMixin.parseStatementContent (node_modules/@babel/parser/src/plugins/typescript/index.ts:3220:20)
      at TypeScriptParserMixin.parseStatementContent [as parseStatementLike] (node_modules/@babel/parser/src/parser/statement.ts:482:17)
      at TypeScriptParserMixin.parseStatementLike [as parseModuleItem] (node_modules/@babel/parser/src/parser/statement.ts:419:17)
      at TypeScriptParserMixin.parseModuleItem [as parseBlockOrModuleBlockBody] (node_modules/@babel/parser/src/parser/statement.ts:1443:16)
      at TypeScriptParserMixin.parseBlockOrModuleBlockBody [as parseBlockBody] (node_modules/@babel/parser/src/parser/statement.ts:1417:10)
      at TypeScriptParserMixin.parseBlockBody [as parseProgram] (node_modules/@babel/parser/src/parser/statement.ts:229:10)
      at TypeScriptParserMixin.parseProgram [as parseTopLevel] (node_modules/@babel/parser/src/parser/statement.ts:203:25)
      at TypeScriptParserMixin.parseTopLevel (node_modules/@babel/parser/src/parser/index.ts:83:25)
      at TypeScriptParserMixin.parse (node_modules/@babel/parser/src/plugins/typescript/index.ts:4354:20)
      at parse (node_modules/@babel/parser/src/index.ts:86:38)
      at parser (node_modules/@babel/core/src/parser/index.ts:29:19)
          at parser.next (<anonymous>)
      at normalizeFile (node_modules/@babel/core/src/transformation/normalize-file.ts:50:24)
          at normalizeFile.next (<anonymous>)
      at run (node_modules/@babel/core/src/transformation/index.ts:41:36)
          at run.next (<anonymous>)
      at transform (node_modules/@babel/core/src/transform.ts:29:20)
          at transform.next (<anonymous>)
      at evaluateSync (node_modules/gensync/index.js:251:28)
      at sync (node_modules/gensync/index.js:89:14)
      at fn (node_modules/@babel/core/src/errors/rewrite-stack-trace.ts:99:14)
      at transformSync (node_modules/@babel/core/src/transform.ts:66:52)
      at Object.require (src/styles/index.ts:29:1)

  console.error
    react-test-renderer is deprecated. See https://react.dev/warnings/react-test-renderer

    [0m [90m  5 |[39m
     [90m  6 |[39m [36mconst[39m renderWithTheme [33m=[39m (component[33m:[39m [33mReact[39m[33m.[39m[33mReactElement[39m) [33m=>[39m {
    [31m[1m>[22m[39m[90m  7 |[39m   [36mreturn[39m render([33m<[39m[33mThemeProvider[39m[33m>[39m{component}[33m<[39m[33m/[39m[33mThemeProvider[39m[33m>[39m)[33m;[39m
     [90m    |[39m                [31m[1m^[22m[39m
     [90m  8 |[39m }[33m;[39m
     [90m  9 |[39m
     [90m 10 |[39m describe([32m'ExerciseStats'[39m[33m,[39m () [33m=>[39m {[0m

      at Object.process.env.NODE_ENV.exports.create (node_modules/react-test-renderer/cjs/react-test-renderer.development.js:14598:17)
      at create (node_modules/@testing-library/react-native/src/render-act.ts:15:29)
      at callback (node_modules/@testing-library/react-native/src/act.ts:31:24)
      at process.env.NODE_ENV.exports.act (node_modules/react/cjs/react.development.js:789:22)
      at actImplementation (node_modules/@testing-library/react-native/src/act.ts:30:25)
      at renderWithAct (node_modules/@testing-library/react-native/src/render-act.ts:13:11)
      at renderInternal (node_modules/@testing-library/react-native/src/render.tsx:69:33)
      at renderInternal (node_modules/@testing-library/react-native/src/render.tsx:44:10)
      at renderWithTheme (src/features/roulette-training/components/ExerciseStats/ExerciseStats.test.tsx:7:16)
      at Object.renderWithTheme (src/features/roulette-training/components/ExerciseStats/ExerciseStats.test.tsx:115:29)

  console.error
    react-test-renderer is deprecated. See https://react.dev/warnings/react-test-renderer

    [0m [90m  5 |[39m
     [90m  6 |[39m [36mconst[39m renderWithTheme [33m=[39m (component[33m:[39m [33mReact[39m[33m.[39m[33mReactElement[39m) [33m=>[39m {
    [31m[1m>[22m[39m[90m  7 |[39m   [36mreturn[39m render([33m<[39m[33mThemeProvider[39m[33m>[39m{component}[33m<[39m[33m/[39m[33mThemeProvider[39m[33m>[39m)[33m;[39m
     [90m    |[39m                [31m[1m^[22m[39m
     [90m  8 |[39m }[33m;[39m
     [90m  9 |[39m
     [90m 10 |[39m describe([32m'ExerciseStats'[39m[33m,[39m () [33m=>[39m {[0m

      at Object.process.env.NODE_ENV.exports.create (node_modules/react-test-renderer/cjs/react-test-renderer.development.js:14598:17)
      at create (node_modules/@testing-library/react-native/src/render-act.ts:15:29)
      at callback (node_modules/@testing-library/react-native/src/act.ts:31:24)
      at process.env.NODE_ENV.exports.act (node_modules/react/cjs/react.development.js:789:22)
      at actImplementation (node_modules/@testing-library/react-native/src/act.ts:30:25)
      at renderWithAct (node_modules/@testing-library/react-native/src/render-act.ts:13:11)
      at renderInternal (node_modules/@testing-library/react-native/src/render.tsx:69:33)
      at renderInternal (node_modules/@testing-library/react-native/src/render.tsx:44:10)
      at renderWithTheme (src/features/roulette-training/components/ExerciseStats/ExerciseStats.test.tsx:7:16)
      at Object.renderWithTheme (src/features/roulette-training/components/ExerciseStats/ExerciseStats.test.tsx:125:28)

  console.error
    react-test-renderer is deprecated. See https://react.dev/warnings/react-test-renderer

    [0m [90m  6 |[39m
     [90m  7 |[39m [36mconst[39m renderWithTheme [33m=[39m (component[33m:[39m [33mReact[39m[33m.[39m[33mReactElement[39m) [33m=>[39m {
    [31m[1m>[22m[39m[90m  8 |[39m   [36mreturn[39m render([33m<[39m[33mThemeProvider[39m[33m>[39m{component}[33m<[39m[33m/[39m[33mThemeProvider[39m[33m>[39m)[33m;[39m
     [90m    |[39m                [31m[1m^[22m[39m
     [90m  9 |[39m }[33m;[39m
     [90m 10 |[39m
     [90m 11 |[39m describe([32m'PlayerPosition'[39m[33m,[39m () [33m=>[39m {[0m

      at Object.process.env.NODE_ENV.exports.create (node_modules/react-test-renderer/cjs/react-test-renderer.development.js:14598:17)
      at create (node_modules/@testing-library/react-native/src/render-act.ts:15:29)
      at callback (node_modules/@testing-library/react-native/src/act.ts:31:24)
      at process.env.NODE_ENV.exports.act (node_modules/react/cjs/react.development.js:789:22)
      at actImplementation (node_modules/@testing-library/react-native/src/act.ts:30:25)
      at renderWithAct (node_modules/@testing-library/react-native/src/render-act.ts:13:11)
      at renderInternal (node_modules/@testing-library/react-native/src/render.tsx:69:33)
      at renderInternal (node_modules/@testing-library/react-native/src/render.tsx:44:10)
      at renderWithTheme (src/features/plo-training/components/PlayerPosition/PlayerPosition.test.tsx:8:16)
      at Object.renderWithTheme (src/features/plo-training/components/PlayerPosition/PlayerPosition.test.tsx:29:5)

  console.error
    react-test-renderer is deprecated. See https://react.dev/warnings/react-test-renderer

    [0m [90m 277 |[39m   describe([32m'complete flow'[39m[33m,[39m () [33m=>[39m {
     [90m 278 |[39m     it([32m'should handle a complete exercise flow'[39m[33m,[39m () [33m=>[39m {
    [31m[1m>[22m[39m[90m 279 |[39m       [36mconst[39m { result } [33m=[39m renderHook(() [33m=>[39m useExerciseState())[33m;[39m
     [90m     |[39m                                    [31m[1m^[22m[39m
     [90m 280 |[39m       [36mconst[39m onCorrect [33m=[39m jest[33m.[39mfn()[33m;[39m
     [90m 281 |[39m
     [90m 282 |[39m       expect(result[33m.[39mcurrent[33m.[39mscore)[33m.[39mtoBe([35m0[39m)[33m;[39m[0m

      at Object.process.env.NODE_ENV.exports.create (node_modules/react-test-renderer/cjs/react-test-renderer.development.js:14598:17)
      at create (node_modules/@testing-library/react-native/src/render-act.ts:15:29)
      at callback (node_modules/@testing-library/react-native/src/act.ts:31:24)
      at process.env.NODE_ENV.exports.act (node_modules/react/cjs/react.development.js:789:22)
      at actImplementation (node_modules/@testing-library/react-native/src/act.ts:30:25)
      at renderWithAct (node_modules/@testing-library/react-native/src/render-act.ts:13:11)
      at renderInternal (node_modules/@testing-library/react-native/src/render.tsx:69:33)
      at renderInternal (node_modules/@testing-library/react-native/src/render.tsx:44:10)
      at renderHook (node_modules/@testing-library/react-native/src/render-hook.tsx:55:58)
      at Object.<anonymous> (src/features/roulette-training/screens/exercises/CalculationScreen/useExerciseState.test.ts:279:36)

  console.error
    react-test-renderer is deprecated. See https://react.dev/warnings/react-test-renderer

    [0m [90m  6 |[39m
     [90m  7 |[39m [36mconst[39m renderWithTheme [33m=[39m (component[33m:[39m [33mReact[39m[33m.[39m[33mReactElement[39m) [33m=>[39m {
    [31m[1m>[22m[39m[90m  8 |[39m   [36mreturn[39m render([33m<[39m[33mThemeProvider[39m[33m>[39m{component}[33m<[39m[33m/[39m[33mThemeProvider[39m[33m>[39m)[33m;[39m
     [90m    |[39m                [31m[1m^[22m[39m
     [90m  9 |[39m }[33m;[39m
     [90m 10 |[39m
     [90m 11 |[39m describe([32m'PokerTable'[39m[33m,[39m () [33m=>[39m {[0m

      at Object.process.env.NODE_ENV.exports.create (node_modules/react-test-renderer/cjs/react-test-renderer.development.js:14598:17)
      at create (node_modules/@testing-library/react-native/src/render-act.ts:15:29)
      at callback (node_modules/@testing-library/react-native/src/act.ts:31:24)
      at process.env.NODE_ENV.exports.act (node_modules/react/cjs/react.development.js:789:22)
      at actImplementation (node_modules/@testing-library/react-native/src/act.ts:30:25)
      at renderWithAct (node_modules/@testing-library/react-native/src/render-act.ts:13:11)
      at renderInternal (node_modules/@testing-library/react-native/src/render.tsx:69:33)
      at renderInternal (node_modules/@testing-library/react-native/src/render.tsx:44:10)
      at renderWithTheme (src/features/plo-training/components/PokerTable/PokerTable.test.tsx:8:16)
      at Object.renderWithTheme (src/features/plo-training/components/PokerTable/PokerTable.test.tsx:82:5)

  console.error
    react-test-renderer is deprecated. See https://react.dev/warnings/react-test-renderer

    [0m [90m  6 |[39m
     [90m  7 |[39m [36mconst[39m renderWithTheme [33m=[39m (component[33m:[39m [33mReact[39m[33m.[39m[33mReactElement[39m) [33m=>[39m {
    [31m[1m>[22m[39m[90m  8 |[39m   [36mreturn[39m render([33m<[39m[33mThemeProvider[39m[33m>[39m{component}[33m<[39m[33m/[39m[33mThemeProvider[39m[33m>[39m)[33m;[39m
     [90m    |[39m                [31m[1m^[22m[39m
     [90m  9 |[39m }[33m;[39m
     [90m 10 |[39m
     [90m 11 |[39m describe([32m'PokerTable'[39m[33m,[39m () [33m=>[39m {[0m

      at Object.process.env.NODE_ENV.exports.create (node_modules/react-test-renderer/cjs/react-test-renderer.development.js:14598:17)
      at create (node_modules/@testing-library/react-native/src/render-act.ts:15:29)
      at callback (node_modules/@testing-library/react-native/src/act.ts:31:24)
      at process.env.NODE_ENV.exports.act (node_modules/react/cjs/react.development.js:789:22)
      at actImplementation (node_modules/@testing-library/react-native/src/act.ts:30:25)
      at renderWithAct (node_modules/@testing-library/react-native/src/render-act.ts:13:11)
      at renderInternal (node_modules/@testing-library/react-native/src/render.tsx:69:33)
      at renderInternal (node_modules/@testing-library/react-native/src/render.tsx:44:10)
      at renderWithTheme (src/features/plo-training/components/PokerTable/PokerTable.test.tsx:8:16)
      at Object.renderWithTheme (src/features/plo-training/components/PokerTable/PokerTable.test.tsx:88:5)

  console.error
    react-test-renderer is deprecated. See https://react.dev/warnings/react-test-renderer

    [0m [90m 127 |[39m
     [90m 128 |[39m       amounts[33m.[39mforEach(amount [33m=>[39m {
    [31m[1m>[22m[39m[90m 129 |[39m         [36mconst[39m { getByLabelText } [33m=[39m render([33m<[39m[33mRouletteChip[39m amount[33m=[39m{amount} size[33m=[39m{[35m20[39m} [33m/[39m[33m>[39m)[33m;[39m
     [90m     |[39m                                          [31m[1m^[22m[39m
     [90m 130 |[39m         expect(getByLabelText([32m`$${amount} chip`[39m))[33m.[39mtoBeTruthy()[33m;[39m
     [90m 131 |[39m       })[33m;[39m
     [90m 132 |[39m     })[33m;[39m[0m

      at Object.process.env.NODE_ENV.exports.create (node_modules/react-test-renderer/cjs/react-test-renderer.development.js:14598:17)
      at create (node_modules/@testing-library/react-native/src/render-act.ts:15:29)
      at callback (node_modules/@testing-library/react-native/src/act.ts:31:24)
      at process.env.NODE_ENV.exports.act (node_modules/react/cjs/react.development.js:789:22)
      at actImplementation (node_modules/@testing-library/react-native/src/act.ts:30:25)
      at renderWithAct (node_modules/@testing-library/react-native/src/render-act.ts:13:11)
      at renderInternal (node_modules/@testing-library/react-native/src/render.tsx:69:33)
      at renderInternal (node_modules/@testing-library/react-native/src/render.tsx:44:10)
      at src/components/roulette/RouletteChip.test.tsx:129:42
          at Array.forEach (<anonymous>)
      at Object.forEach (src/components/roulette/RouletteChip.test.tsx:128:15)

  console.error
    react-test-renderer is deprecated. See https://react.dev/warnings/react-test-renderer

    [0m [90m 127 |[39m
     [90m 128 |[39m       amounts[33m.[39mforEach(amount [33m=>[39m {
    [31m[1m>[22m[39m[90m 129 |[39m         [36mconst[39m { getByLabelText } [33m=[39m render([33m<[39m[33mRouletteChip[39m amount[33m=[39m{amount} size[33m=[39m{[35m20[39m} [33m/[39m[33m>[39m)[33m;[39m
     [90m     |[39m                                          [31m[1m^[22m[39m
     [90m 130 |[39m         expect(getByLabelText([32m`$${amount} chip`[39m))[33m.[39mtoBeTruthy()[33m;[39m
     [90m 131 |[39m       })[33m;[39m
     [90m 132 |[39m     })[33m;[39m[0m

      at Object.process.env.NODE_ENV.exports.create (node_modules/react-test-renderer/cjs/react-test-renderer.development.js:14598:17)
      at create (node_modules/@testing-library/react-native/src/render-act.ts:15:29)
      at callback (node_modules/@testing-library/react-native/src/act.ts:31:24)
      at process.env.NODE_ENV.exports.act (node_modules/react/cjs/react.development.js:789:22)
      at actImplementation (node_modules/@testing-library/react-native/src/act.ts:30:25)
      at renderWithAct (node_modules/@testing-library/react-native/src/render-act.ts:13:11)
      at renderInternal (node_modules/@testing-library/react-native/src/render.tsx:69:33)
      at renderInternal (node_modules/@testing-library/react-native/src/render.tsx:44:10)
      at src/components/roulette/RouletteChip.test.tsx:129:42
          at Array.forEach (<anonymous>)
      at Object.forEach (src/components/roulette/RouletteChip.test.tsx:128:15)

  console.error
    react-test-renderer is deprecated. See https://react.dev/warnings/react-test-renderer

    [0m [90m 127 |[39m
     [90m 128 |[39m       amounts[33m.[39mforEach(amount [33m=>[39m {
    [31m[1m>[22m[39m[90m 129 |[39m         [36mconst[39m { getByLabelText } [33m=[39m render([33m<[39m[33mRouletteChip[39m amount[33m=[39m{amount} size[33m=[39m{[35m20[39m} [33m/[39m[33m>[39m)[33m;[39m
     [90m     |[39m                                          [31m[1m^[22m[39m
     [90m 130 |[39m         expect(getByLabelText([32m`$${amount} chip`[39m))[33m.[39mtoBeTruthy()[33m;[39m
     [90m 131 |[39m       })[33m;[39m
     [90m 132 |[39m     })[33m;[39m[0m

      at Object.process.env.NODE_ENV.exports.create (node_modules/react-test-renderer/cjs/react-test-renderer.development.js:14598:17)
      at create (node_modules/@testing-library/react-native/src/render-act.ts:15:29)
      at callback (node_modules/@testing-library/react-native/src/act.ts:31:24)
      at process.env.NODE_ENV.exports.act (node_modules/react/cjs/react.development.js:789:22)
      at actImplementation (node_modules/@testing-library/react-native/src/act.ts:30:25)
      at renderWithAct (node_modules/@testing-library/react-native/src/render-act.ts:13:11)
      at renderInternal (node_modules/@testing-library/react-native/src/render.tsx:69:33)
      at renderInternal (node_modules/@testing-library/react-native/src/render.tsx:44:10)
      at src/components/roulette/RouletteChip.test.tsx:129:42
          at Array.forEach (<anonymous>)
      at Object.forEach (src/components/roulette/RouletteChip.test.tsx:128:15)

  console.error
    react-test-renderer is deprecated. See https://react.dev/warnings/react-test-renderer

    [0m [90m 127 |[39m
     [90m 128 |[39m       amounts[33m.[39mforEach(amount [33m=>[39m {
    [31m[1m>[22m[39m[90m 129 |[39m         [36mconst[39m { getByLabelText } [33m=[39m render([33m<[39m[33mRouletteChip[39m amount[33m=[39m{amount} size[33m=[39m{[35m20[39m} [33m/[39m[33m>[39m)[33m;[39m
     [90m     |[39m                                          [31m[1m^[22m[39m
     [90m 130 |[39m         expect(getByLabelText([32m`$${amount} chip`[39m))[33m.[39mtoBeTruthy()[33m;[39m
     [90m 131 |[39m       })[33m;[39m
     [90m 132 |[39m     })[33m;[39m[0m

      at Object.process.env.NODE_ENV.exports.create (node_modules/react-test-renderer/cjs/react-test-renderer.development.js:14598:17)
      at create (node_modules/@testing-library/react-native/src/render-act.ts:15:29)
      at callback (node_modules/@testing-library/react-native/src/act.ts:31:24)
      at process.env.NODE_ENV.exports.act (node_modules/react/cjs/react.development.js:789:22)
      at actImplementation (node_modules/@testing-library/react-native/src/act.ts:30:25)
      at renderWithAct (node_modules/@testing-library/react-native/src/render-act.ts:13:11)
      at renderInternal (node_modules/@testing-library/react-native/src/render.tsx:69:33)
      at renderInternal (node_modules/@testing-library/react-native/src/render.tsx:44:10)
      at src/components/roulette/RouletteChip.test.tsx:129:42
          at Array.forEach (<anonymous>)
      at Object.forEach (src/components/roulette/RouletteChip.test.tsx:128:15)

  console.error
    react-test-renderer is deprecated. See https://react.dev/warnings/react-test-renderer

    [0m [90m 127 |[39m
     [90m 128 |[39m       amounts[33m.[39mforEach(amount [33m=>[39m {
    [31m[1m>[22m[39m[90m 129 |[39m         [36mconst[39m { getByLabelText } [33m=[39m render([33m<[39m[33mRouletteChip[39m amount[33m=[39m{amount} size[33m=[39m{[35m20[39m} [33m/[39m[33m>[39m)[33m;[39m
     [90m     |[39m                                          [31m[1m^[22m[39m
     [90m 130 |[39m         expect(getByLabelText([32m`$${amount} chip`[39m))[33m.[39mtoBeTruthy()[33m;[39m
     [90m 131 |[39m       })[33m;[39m
     [90m 132 |[39m     })[33m;[39m[0m

      at Object.process.env.NODE_ENV.exports.create (node_modules/react-test-renderer/cjs/react-test-renderer.development.js:14598:17)
      at create (node_modules/@testing-library/react-native/src/render-act.ts:15:29)
      at callback (node_modules/@testing-library/react-native/src/act.ts:31:24)
      at process.env.NODE_ENV.exports.act (node_modules/react/cjs/react.development.js:789:22)
      at actImplementation (node_modules/@testing-library/react-native/src/act.ts:30:25)
      at renderWithAct (node_modules/@testing-library/react-native/src/render-act.ts:13:11)
      at renderInternal (node_modules/@testing-library/react-native/src/render.tsx:69:33)
      at renderInternal (node_modules/@testing-library/react-native/src/render.tsx:44:10)
      at src/components/roulette/RouletteChip.test.tsx:129:42
          at Array.forEach (<anonymous>)
      at Object.forEach (src/components/roulette/RouletteChip.test.tsx:128:15)

  console.error
    react-test-renderer is deprecated. See https://react.dev/warnings/react-test-renderer

    [0m [90m 48 |[39m
     [90m 49 |[39m     it([32m'should pass width and height to child components'[39m[33m,[39m () [33m=>[39m {
    [31m[1m>[22m[39m[90m 50 |[39m       [36mconst[39m { root } [33m=[39m render([33m<[39m[33mRacetrackLayout[39m width[33m=[39m{[35m400[39m} [33m/[39m[33m>[39m)[33m;[39m
     [90m    |[39m                              [31m[1m^[22m[39m
     [90m 51 |[39m       expect(root)[33m.[39mtoBeDefined()[33m;[39m
     [90m 52 |[39m     })[33m;[39m
     [90m 53 |[39m   })[33m;[39m[0m

      at Object.process.env.NODE_ENV.exports.create (node_modules/react-test-renderer/cjs/react-test-renderer.development.js:14598:17)
      at create (node_modules/@testing-library/react-native/src/render-act.ts:15:29)
      at callback (node_modules/@testing-library/react-native/src/act.ts:31:24)
      at process.env.NODE_ENV.exports.act (node_modules/react/cjs/react.development.js:789:22)
      at actImplementation (node_modules/@testing-library/react-native/src/act.ts:30:25)
      at renderWithAct (node_modules/@testing-library/react-native/src/render-act.ts:13:11)
      at renderInternal (node_modules/@testing-library/react-native/src/render.tsx:69:33)
      at renderInternal (node_modules/@testing-library/react-native/src/render.tsx:44:10)
      at Object.<anonymous> (src/features/racetrack/components/RacetrackLayout/RacetrackLayout.test.tsx:50:30)

  console.error
    react-test-renderer is deprecated. See https://react.dev/warnings/react-test-renderer

    [0m [90m 56 |[39m     it([32m'should accept onNumberPress handler'[39m[33m,[39m () [33m=>[39m {
     [90m 57 |[39m       [36mconst[39m mockHandler [33m=[39m jest[33m.[39mfn()[33m;[39m
    [31m[1m>[22m[39m[90m 58 |[39m       [36mconst[39m { root } [33m=[39m render([33m<[39m[33mRacetrackLayout[39m width[33m=[39m{[35m350[39m} onNumberPress[33m=[39m{mockHandler} [33m/[39m[33m>[39m)[33m;[39m
     [90m    |[39m                              [31m[1m^[22m[39m
     [90m 59 |[39m       expect(root)[33m.[39mtoBeDefined()[33m;[39m
     [90m 60 |[39m     })[33m;[39m
     [90m 61 |[39m[0m

      at Object.process.env.NODE_ENV.exports.create (node_modules/react-test-renderer/cjs/react-test-renderer.development.js:14598:17)
      at create (node_modules/@testing-library/react-native/src/render-act.ts:15:29)
      at callback (node_modules/@testing-library/react-native/src/act.ts:31:24)
      at process.env.NODE_ENV.exports.act (node_modules/react/cjs/react.development.js:789:22)
      at actImplementation (node_modules/@testing-library/react-native/src/act.ts:30:25)
      at renderWithAct (node_modules/@testing-library/react-native/src/render-act.ts:13:11)
      at renderInternal (node_modules/@testing-library/react-native/src/render.tsx:69:33)
      at renderInternal (node_modules/@testing-library/react-native/src/render.tsx:44:10)
      at Object.<anonymous> (src/features/racetrack/components/RacetrackLayout/RacetrackLayout.test.tsx:58:30)

  console.error
    react-test-renderer is deprecated. See https://react.dev/warnings/react-test-renderer

    [0m [90m  7 |[39m
     [90m  8 |[39m [36mconst[39m renderWithTheme [33m=[39m (component[33m:[39m [33mReact[39m[33m.[39m[33mReactElement[39m) [33m=>[39m {
    [31m[1m>[22m[39m[90m  9 |[39m   [36mreturn[39m render([33m<[39m[33mThemeProvider[39m[33m>[39m{component}[33m<[39m[33m/[39m[33mThemeProvider[39m[33m>[39m)[33m;[39m
     [90m    |[39m                [31m[1m^[22m[39m
     [90m 10 |[39m }[33m;[39m
     [90m 11 |[39m
     [90m 12 |[39m describe([32m'GameStateDisplay'[39m[33m,[39m () [33m=>[39m {[0m

      at Object.process.env.NODE_ENV.exports.create (node_modules/react-test-renderer/cjs/react-test-renderer.development.js:14598:17)
      at create (node_modules/@testing-library/react-native/src/render-act.ts:15:29)
      at callback (node_modules/@testing-library/react-native/src/act.ts:31:24)
      at process.env.NODE_ENV.exports.act (node_modules/react/cjs/react.development.js:789:22)
      at actImplementation (node_modules/@testing-library/react-native/src/act.ts:30:25)
      at renderWithAct (node_modules/@testing-library/react-native/src/render-act.ts:13:11)
      at renderInternal (node_modules/@testing-library/react-native/src/render.tsx:69:33)
      at renderInternal (node_modules/@testing-library/react-native/src/render.tsx:44:10)
      at renderWithTheme (src/features/plo-training/components/GameStateDisplay/GameStateDisplay.test.tsx:9:16)
      at Object.renderWithTheme (src/features/plo-training/components/GameStateDisplay/GameStateDisplay.test.tsx:128:5)

  console.error
    react-test-renderer is deprecated. See https://react.dev/warnings/react-test-renderer

    [0m [90m  7 |[39m
     [90m  8 |[39m [36mconst[39m renderWithTheme [33m=[39m (component[33m:[39m [33mReact[39m[33m.[39m[33mReactElement[39m) [33m=>[39m {
    [31m[1m>[22m[39m[90m  9 |[39m   [36mreturn[39m render([33m<[39m[33mThemeProvider[39m[33m>[39m{component}[33m<[39m[33m/[39m[33mThemeProvider[39m[33m>[39m)[33m;[39m
     [90m    |[39m                [31m[1m^[22m[39m
     [90m 10 |[39m }[33m;[39m
     [90m 11 |[39m
     [90m 12 |[39m describe([32m'GameStateDisplay'[39m[33m,[39m () [33m=>[39m {[0m

      at Object.process.env.NODE_ENV.exports.create (node_modules/react-test-renderer/cjs/react-test-renderer.development.js:14598:17)
      at create (node_modules/@testing-library/react-native/src/render-act.ts:15:29)
      at callback (node_modules/@testing-library/react-native/src/act.ts:31:24)
      at process.env.NODE_ENV.exports.act (node_modules/react/cjs/react.development.js:789:22)
      at actImplementation (node_modules/@testing-library/react-native/src/act.ts:30:25)
      at renderWithAct (node_modules/@testing-library/react-native/src/render-act.ts:13:11)
      at renderInternal (node_modules/@testing-library/react-native/src/render.tsx:69:33)
      at renderInternal (node_modules/@testing-library/react-native/src/render.tsx:44:10)
      at renderWithTheme (src/features/plo-training/components/GameStateDisplay/GameStateDisplay.test.tsx:9:16)
      at Object.renderWithTheme (src/features/plo-training/components/GameStateDisplay/GameStateDisplay.test.tsx:140:5)

  console.error
    react-test-renderer is deprecated. See https://react.dev/warnings/react-test-renderer

    [0m [90m  6 |[39m
     [90m  7 |[39m [36mconst[39m renderWithTheme [33m=[39m (component[33m:[39m [33mReact[39m[33m.[39m[33mReactElement[39m) [33m=>[39m {
    [31m[1m>[22m[39m[90m  8 |[39m   [36mreturn[39m render([33m<[39m[33mThemeProvider[39m[33m>[39m{component}[33m<[39m[33m/[39m[33mThemeProvider[39m[33m>[39m)[33m;[39m
     [90m    |[39m                [31m[1m^[22m[39m
     [90m  9 |[39m }[33m;[39m
     [90m 10 |[39m
     [90m 11 |[39m describe([32m'PlayerPosition'[39m[33m,[39m () [33m=>[39m {[0m

      at Object.process.env.NODE_ENV.exports.create (node_modules/react-test-renderer/cjs/react-test-renderer.development.js:14598:17)
      at create (node_modules/@testing-library/react-native/src/render-act.ts:15:29)
      at callback (node_modules/@testing-library/react-native/src/act.ts:31:24)
      at process.env.NODE_ENV.exports.act (node_modules/react/cjs/react.development.js:789:22)
      at actImplementation (node_modules/@testing-library/react-native/src/act.ts:30:25)
      at renderWithAct (node_modules/@testing-library/react-native/src/render-act.ts:13:11)
      at renderInternal (node_modules/@testing-library/react-native/src/render.tsx:69:33)
      at renderInternal (node_modules/@testing-library/react-native/src/render.tsx:44:10)
      at renderWithTheme (src/features/plo-training/components/PlayerPosition/PlayerPosition.test.tsx:8:16)
      at Object.renderWithTheme (src/features/plo-training/components/PlayerPosition/PlayerPosition.test.tsx:34:5)

  console.error
    react-test-renderer is deprecated. See https://react.dev/warnings/react-test-renderer

    [0m [90m  6 |[39m
     [90m  7 |[39m [36mconst[39m renderWithTheme [33m=[39m (component[33m:[39m [33mReact[39m[33m.[39m[33mReactElement[39m) [33m=>[39m {
    [31m[1m>[22m[39m[90m  8 |[39m   [36mreturn[39m render([33m<[39m[33mThemeProvider[39m[33m>[39m{component}[33m<[39m[33m/[39m[33mThemeProvider[39m[33m>[39m)[33m;[39m
     [90m    |[39m                [31m[1m^[22m[39m
     [90m  9 |[39m }[33m;[39m
     [90m 10 |[39m
     [90m 11 |[39m describe([32m'PlayerPosition'[39m[33m,[39m () [33m=>[39m {[0m

      at Object.process.env.NODE_ENV.exports.create (node_modules/react-test-renderer/cjs/react-test-renderer.development.js:14598:17)
      at create (node_modules/@testing-library/react-native/src/render-act.ts:15:29)
      at callback (node_modules/@testing-library/react-native/src/act.ts:31:24)
      at process.env.NODE_ENV.exports.act (node_modules/react/cjs/react.development.js:789:22)
      at actImplementation (node_modules/@testing-library/react-native/src/act.ts:30:25)
      at renderWithAct (node_modules/@testing-library/react-native/src/render-act.ts:13:11)
      at renderInternal (node_modules/@testing-library/react-native/src/render.tsx:69:33)
      at renderInternal (node_modules/@testing-library/react-native/src/render.tsx:44:10)
      at renderWithTheme (src/features/plo-training/components/PlayerPosition/PlayerPosition.test.tsx:8:16)
      at Object.renderWithTheme (src/features/plo-training/components/PlayerPosition/PlayerPosition.test.tsx:39:5)

PASS src/features/roulette-training/screens/exercises/CalculationScreen/useExerciseState.test.ts
  useExerciseState
    initialization
      ΓêÜ should initialize with default values (164 ms)
    setUserAnswer
      ΓêÜ should update user answer (42 ms)
      ΓêÜ should allow empty answer (11 ms)
    checkAnswer
      ΓêÜ should return true for correct answer (10 ms)
      ΓêÜ should return false for incorrect answer (14 ms)
      ΓêÜ should increment score on correct answer (13 ms)
      ΓêÜ should not increment score on incorrect answer (17 ms)
      ΓêÜ should increment attempts on each check (105 ms)
      ΓêÜ should show feedback after checking (10 ms)
      ΓêÜ should call onCorrect callback when answer is correct (19 ms)
      ΓêÜ should not call onCorrect callback when answer is incorrect (15 ms)
    resetAnswer
      ΓêÜ should reset user answer to empty (12 ms)
      ΓêÜ should hide feedback (7 ms)
      ΓêÜ should hide hint (13 ms)
      ΓêÜ should not reset score (11 ms)
      ΓêÜ should not reset attempts (50 ms)
    toggleHint
      ΓêÜ should toggle hint visibility on (10 ms)
      ΓêÜ should toggle hint visibility off (7 ms)
    complete flow
      ΓêÜ should handle a complete exercise flow (10 ms)

PASS src/features/roulette-training/components/ExerciseStats/ExerciseStats.test.tsx
  ExerciseStats
    Score Display
      ΓêÜ renders score display with correct format (187 ms)
      ΓêÜ displays zero score (18 ms)
      ΓêÜ displays perfect score (20 ms)
      ΓêÜ displays score when score equals attempts (9 ms)
    Accuracy Calculation
      ΓêÜ calculates accuracy as percentage (10 ms)
      ΓêÜ calculates 100% accuracy for perfect score (10 ms)
      ΓêÜ calculates 0% accuracy for zero score (10 ms)
      ΓêÜ rounds accuracy to nearest integer (14 ms)
      ΓêÜ rounds up when appropriate (167 ms)
      ΓêÜ handles fractional percentages correctly (28 ms)
    Edge Cases
      ΓêÜ handles zero attempts by displaying 0% accuracy (9 ms)
      ΓêÜ displays correctly with one attempt (33 ms)
      ΓêÜ displays correctly with large numbers (10 ms)
      ΓêÜ handles high accuracy with large denominators (8 ms)
    Component Rendering
      ΓêÜ renders both score and accuracy in same component (9 ms)
      ΓêÜ displays stats with proper spacing (70 ms)
      ΓêÜ memoizes and updates on prop changes (61 ms)

FAIL src/features/roulette-training/components/ExerciseLayout/ExerciseLayout.test.tsx
  ΓùÅ Test suite failed to run

    SyntaxError: C:\Users\ivans\Desktop\Dev\CasinoTrainingApp\src\styles\textStyles.ts: Unexpected token, expected "(" (22:9)

      20 |     marginBottom: 4,
      21 |   } as TextStyle,
    > 22 |    * Size: 18px, Weight: 700, Color: Gold
         |          ^
      23 |    */
      24 |   goldTitle: {
      25 |     fontSize: 18,

      27 |
      28 | // Text style factories
    > 29 | export { createTextStyles } from './textStyles';
         | ^
      30 | export type { TextStyles } from './textStyles';
      31 |

      at constructor (node_modules/@babel/parser/src/parse-error.ts:95:45)
      at TypeScriptParserMixin.toParseError [as raise] (node_modules/@babel/parser/src/tokenizer/index.ts:1504:19)
      at TypeScriptParserMixin.raise [as unexpected] (node_modules/@babel/parser/src/tokenizer/index.ts:1544:16)
      at TypeScriptParserMixin.unexpected [as expect] (node_modules/@babel/parser/src/parser/util.ts:157:12)
      at TypeScriptParserMixin.expect (node_modules/@babel/parser/src/parser/statement.ts:1726:10)
      at TypeScriptParserMixin.parseFunctionParams (node_modules/@babel/parser/src/plugins/typescript/index.ts:3692:13)
      at TypeScriptParserMixin.parseFunctionParams (node_modules/@babel/parser/src/parser/expression.ts:2491:10)
      at TypeScriptParserMixin.parseMethod (node_modules/@babel/parser/src/plugins/typescript/index.ts:4312:28)
      at TypeScriptParserMixin.parseMethod [as parseObjectMethod] (node_modules/@babel/parser/src/parser/expression.ts:2300:19)
      at TypeScriptParserMixin.parseObjectMethod (node_modules/@babel/parser/src/parser/expression.ts:2381:24)
      at TypeScriptParserMixin.parseObjPropValue (node_modules/@babel/parser/src/plugins/typescript/index.ts:3675:20)
      at TypeScriptParserMixin.parseObjPropValue [as parsePropertyDefinition] (node_modules/@babel/parser/src/parser/expression.ts:2228:17)
      at TypeScriptParserMixin.parsePropertyDefinition [as parseObjectLike] (node_modules/@babel/parser/src/parser/expression.ts:2095:21)
      at TypeScriptParserMixin.parseObjectLike [as parseExprAtom] (node_modules/@babel/parser/src/parser/expression.ts:1181:21)
      at TypeScriptParserMixin.parseExprAtom [as parseExprSubscripts] (node_modules/@babel/parser/src/parser/expression.ts:742:23)
      at TypeScriptParserMixin.parseExprSubscripts [as parseUpdate] (node_modules/@babel/parser/src/parser/expression.ts:721:21)
      at TypeScriptParserMixin.parseUpdate (node_modules/@babel/parser/src/parser/expression.ts:683:23)
      at TypeScriptParserMixin.parseMaybeUnary (node_modules/@babel/parser/src/plugins/typescript/index.ts:3893:20)
      at TypeScriptParserMixin.parseMaybeUnary [as parseMaybeUnaryOrPrivate] (node_modules/@babel/parser/src/parser/expression.ts:417:14)
      at TypeScriptParserMixin.parseMaybeUnaryOrPrivate [as parseExprOps] (node_modules/@babel/parser/src/parser/expression.ts:429:23)
      at TypeScriptParserMixin.parseExprOps [as parseMaybeConditional] (node_modules/@babel/parser/src/parser/expression.ts:384:23)
      at TypeScriptParserMixin.parseMaybeConditional (node_modules/@babel/parser/src/parser/expression.ts:301:21)
      at TypeScriptParserMixin.parseMaybeAssign (node_modules/@babel/parser/src/plugins/typescript/index.ts:3764:22)
      at parseMaybeAssign (node_modules/@babel/parser/src/parser/expression.ts:257:12)
      at TypeScriptParserMixin.callback [as allowInAnd] (node_modules/@babel/parser/src/parser/expression.ts:3194:12)
      at TypeScriptParserMixin.allowInAnd [as parseMaybeAssignAllowIn] (node_modules/@babel/parser/src/parser/expression.ts:256:17)
      at TypeScriptParserMixin.parseMaybeAssignAllowIn [as parseMaybeAssignAllowInOrVoidPattern] (node_modules/@babel/parser/src/parser/expression.ts:3308:17)
      at TypeScriptParserMixin.parseMaybeAssignAllowInOrVoidPattern [as parseParenAndDistinguishExpression] (node_modules/@babel/parser/src/parser/expression.ts:1822:16)
      at TypeScriptParserMixin.parseParenAndDistinguishExpression [as parseExprAtom] (node_modules/@babel/parser/src/parser/expression.ts:1170:21)
      at TypeScriptParserMixin.parseExprAtom [as parseExprSubscripts] (node_modules/@babel/parser/src/parser/expression.ts:742:23)
      at TypeScriptParserMixin.parseExprSubscripts [as parseUpdate] (node_modules/@babel/parser/src/parser/expression.ts:721:21)
      at TypeScriptParserMixin.parseUpdate (node_modules/@babel/parser/src/parser/expression.ts:683:23)
      at TypeScriptParserMixin.parseMaybeUnary (node_modules/@babel/parser/src/plugins/typescript/index.ts:3893:20)
      at TypeScriptParserMixin.parseMaybeUnary [as parseMaybeUnaryOrPrivate] (node_modules/@babel/parser/src/parser/expression.ts:417:14)
      at TypeScriptParserMixin.parseMaybeUnaryOrPrivate [as parseExprOps] (node_modules/@babel/parser/src/parser/expression.ts:429:23)
      at TypeScriptParserMixin.parseExprOps [as parseMaybeConditional] (node_modules/@babel/parser/src/parser/expression.ts:384:23)
      at TypeScriptParserMixin.parseMaybeConditional (node_modules/@babel/parser/src/parser/expression.ts:301:21)
      at TypeScriptParserMixin.parseMaybeAssign (node_modules/@babel/parser/src/plugins/typescript/index.ts:3764:22)
      at TypeScriptParserMixin.parseMaybeAssign [as parseFunctionBody] (node_modules/@babel/parser/src/parser/expression.ts:2604:14)
      at TypeScriptParserMixin.parseFunctionBody [as parseArrowExpression] (node_modules/@babel/parser/src/parser/expression.ts:2559:10)
      at TypeScriptParserMixin.parseArrowExpression [as parseParenAndDistinguishExpression] (node_modules/@babel/parser/src/parser/expression.ts:1847:12)
      at TypeScriptParserMixin.parseParenAndDistinguishExpression [as parseExprAtom] (node_modules/@babel/parser/src/parser/expression.ts:1170:21)
      at TypeScriptParserMixin.parseExprAtom [as parseExprSubscripts] (node_modules/@babel/parser/src/parser/expression.ts:742:23)
      at TypeScriptParserMixin.parseExprSubscripts [as parseUpdate] (node_modules/@babel/parser/src/parser/expression.ts:721:21)
      at TypeScriptParserMixin.parseUpdate (node_modules/@babel/parser/src/parser/expression.ts:683:23)
      at TypeScriptParserMixin.parseMaybeUnary (node_modules/@babel/parser/src/plugins/typescript/index.ts:3893:20)
      at TypeScriptParserMixin.parseMaybeUnary [as parseMaybeUnaryOrPrivate] (node_modules/@babel/parser/src/parser/expression.ts:417:14)
      at TypeScriptParserMixin.parseMaybeUnaryOrPrivate [as parseExprOps] (node_modules/@babel/parser/src/parser/expression.ts:429:23)
      at TypeScriptParserMixin.parseExprOps [as parseMaybeConditional] (node_modules/@babel/parser/src/parser/expression.ts:384:23)
      at TypeScriptParserMixin.parseMaybeConditional (node_modules/@babel/parser/src/parser/expression.ts:301:21)
      at TypeScriptParserMixin.parseMaybeAssign (node_modules/@babel/parser/src/plugins/typescript/index.ts:3764:22)
      at parseMaybeAssign (node_modules/@babel/parser/src/parser/expression.ts:257:12)
      at TypeScriptParserMixin.callback [as allowInAnd] (node_modules/@babel/parser/src/parser/expression.ts:3189:16)
      at TypeScriptParserMixin.allowInAnd [as parseMaybeAssignAllowIn] (node_modules/@babel/parser/src/parser/expression.ts:256:17)
      at TypeScriptParserMixin.parseMaybeAssignAllowIn [as parseVar] (node_modules/@babel/parser/src/parser/statement.ts:1587:18)
      at TypeScriptParserMixin.parseVar (node_modules/@babel/parser/src/parser/statement.ts:1251:10)
      at TypeScriptParserMixin.parseVarStatement (node_modules/@babel/parser/src/plugins/typescript/index.ts:3085:33)
      at TypeScriptParserMixin.parseVarStatement (node_modules/@babel/parser/src/parser/statement.ts:612:21)
      at TypeScriptParserMixin.parseStatementContent (node_modules/@babel/parser/src/plugins/typescript/index.ts:3220:20)
      at TypeScriptParserMixin.parseStatementContent [as parseStatementLike] (node_modules/@babel/parser/src/parser/statement.ts:482:17)
      at TypeScriptParserMixin.parseStatementLike [as parseStatementListItem] (node_modules/@babel/parser/src/parser/statement.ts:431:17)
      at TypeScriptParserMixin.parseStatementListItem (node_modules/@babel/parser/src/parser/statement.ts:2635:17)
      at TypeScriptParserMixin.parseExportDeclaration (node_modules/@babel/parser/src/plugins/typescript/index.ts:3447:15)
      at TypeScriptParserMixin.parseExportDeclaration [as maybeParseExportDeclaration] (node_modules/@babel/parser/src/parser/statement.ts:2551:31)
      at TypeScriptParserMixin.maybeParseExportDeclaration (node_modules/@babel/parser/src/parser/statement.ts:2432:29)
      at TypeScriptParserMixin.parseExport (node_modules/@babel/parser/src/plugins/typescript/index.ts:3046:22)
      at TypeScriptParserMixin.parseExport (node_modules/@babel/parser/src/parser/statement.ts:649:25)
      at TypeScriptParserMixin.parseStatementContent (node_modules/@babel/parser/src/plugins/typescript/index.ts:3220:20)
      at TypeScriptParserMixin.parseStatementContent [as parseStatementLike] (node_modules/@babel/parser/src/parser/statement.ts:482:17)
      at TypeScriptParserMixin.parseStatementLike [as parseModuleItem] (node_modules/@babel/parser/src/parser/statement.ts:419:17)
      at TypeScriptParserMixin.parseModuleItem [as parseBlockOrModuleBlockBody] (node_modules/@babel/parser/src/parser/statement.ts:1443:16)
      at TypeScriptParserMixin.parseBlockOrModuleBlockBody [as parseBlockBody] (node_modules/@babel/parser/src/parser/statement.ts:1417:10)
      at TypeScriptParserMixin.parseBlockBody [as parseProgram] (node_modules/@babel/parser/src/parser/statement.ts:229:10)
      at TypeScriptParserMixin.parseProgram [as parseTopLevel] (node_modules/@babel/parser/src/parser/statement.ts:203:25)
      at TypeScriptParserMixin.parseTopLevel (node_modules/@babel/parser/src/parser/index.ts:83:25)
      at TypeScriptParserMixin.parse (node_modules/@babel/parser/src/plugins/typescript/index.ts:4354:20)
      at parse (node_modules/@babel/parser/src/index.ts:86:38)
      at parser (node_modules/@babel/core/src/parser/index.ts:29:19)
          at parser.next (<anonymous>)
      at normalizeFile (node_modules/@babel/core/src/transformation/normalize-file.ts:50:24)
          at normalizeFile.next (<anonymous>)
      at run (node_modules/@babel/core/src/transformation/index.ts:41:36)
          at run.next (<anonymous>)
      at transform (node_modules/@babel/core/src/transform.ts:29:20)
          at transform.next (<anonymous>)
      at evaluateSync (node_modules/gensync/index.js:251:28)
      at sync (node_modules/gensync/index.js:89:14)
      at fn (node_modules/@babel/core/src/errors/rewrite-stack-trace.ts:99:14)
      at transformSync (node_modules/@babel/core/src/transform.ts:66:52)
      at Object.require (src/styles/index.ts:29:1)

  console.error
    react-test-renderer is deprecated. See https://react.dev/warnings/react-test-renderer

    [0m [90m  6 |[39m
     [90m  7 |[39m [36mconst[39m renderWithTheme [33m=[39m (component[33m:[39m [33mReact[39m[33m.[39m[33mReactElement[39m) [33m=>[39m {
    [31m[1m>[22m[39m[90m  8 |[39m   [36mreturn[39m render([33m<[39m[33mThemeProvider[39m[33m>[39m{component}[33m<[39m[33m/[39m[33mThemeProvider[39m[33m>[39m)[33m;[39m
     [90m    |[39m                [31m[1m^[22m[39m
     [90m  9 |[39m }[33m;[39m
     [90m 10 |[39m
     [90m 11 |[39m describe([32m'PokerTable'[39m[33m,[39m () [33m=>[39m {[0m

      at Object.process.env.NODE_ENV.exports.create (node_modules/react-test-renderer/cjs/react-test-renderer.development.js:14598:17)
      at create (node_modules/@testing-library/react-native/src/render-act.ts:15:29)
      at callback (node_modules/@testing-library/react-native/src/act.ts:31:24)
      at process.env.NODE_ENV.exports.act (node_modules/react/cjs/react.development.js:789:22)
      at actImplementation (node_modules/@testing-library/react-native/src/act.ts:30:25)
      at renderWithAct (node_modules/@testing-library/react-native/src/render-act.ts:13:11)
      at renderInternal (node_modules/@testing-library/react-native/src/render.tsx:69:33)
      at renderInternal (node_modules/@testing-library/react-native/src/render.tsx:44:10)
      at renderWithTheme (src/features/plo-training/components/PokerTable/PokerTable.test.tsx:8:16)
      at Object.renderWithTheme (src/features/plo-training/components/PokerTable/PokerTable.test.tsx:98:5)

  console.error
    react-test-renderer is deprecated. See https://react.dev/warnings/react-test-renderer

    [0m [90m  6 |[39m
     [90m  7 |[39m [36mconst[39m renderWithTheme [33m=[39m (component[33m:[39m [33mReact[39m[33m.[39m[33mReactElement[39m) [33m=>[39m {
    [31m[1m>[22m[39m[90m  8 |[39m   [36mreturn[39m render([33m<[39m[33mThemeProvider[39m[33m>[39m{component}[33m<[39m[33m/[39m[33mThemeProvider[39m[33m>[39m)[33m;[39m
     [90m    |[39m                [31m[1m^[22m[39m
     [90m  9 |[39m }[33m;[39m
     [90m 10 |[39m
     [90m 11 |[39m describe([32m'PlayerPosition'[39m[33m,[39m () [33m=>[39m {[0m

      at Object.process.env.NODE_ENV.exports.create (node_modules/react-test-renderer/cjs/react-test-renderer.development.js:14598:17)
      at create (node_modules/@testing-library/react-native/src/render-act.ts:15:29)
      at callback (node_modules/@testing-library/react-native/src/act.ts:31:24)
      at process.env.NODE_ENV.exports.act (node_modules/react/cjs/react.development.js:789:22)
      at actImplementation (node_modules/@testing-library/react-native/src/act.ts:30:25)
      at renderWithAct (node_modules/@testing-library/react-native/src/render-act.ts:13:11)
      at renderInternal (node_modules/@testing-library/react-native/src/render.tsx:69:33)
      at renderInternal (node_modules/@testing-library/react-native/src/render.tsx:44:10)
      at renderWithTheme (src/features/plo-training/components/PlayerPosition/PlayerPosition.test.tsx:8:16)
      at Object.renderWithTheme (src/features/plo-training/components/PlayerPosition/PlayerPosition.test.tsx:44:5)

  console.error
    react-test-renderer is deprecated. See https://react.dev/warnings/react-test-renderer

    [0m [90m  6 |[39m
     [90m  7 |[39m [36mconst[39m renderWithTheme [33m=[39m (component[33m:[39m [33mReact[39m[33m.[39m[33mReactElement[39m) [33m=>[39m {
    [31m[1m>[22m[39m[90m  8 |[39m   [36mreturn[39m render([33m<[39m[33mThemeProvider[39m[33m>[39m{component}[33m<[39m[33m/[39m[33mThemeProvider[39m[33m>[39m)[33m;[39m
     [90m    |[39m                [31m[1m^[22m[39m
     [90m  9 |[39m }[33m;[39m
     [90m 10 |[39m
     [90m 11 |[39m describe([32m'PlayerPosition'[39m[33m,[39m () [33m=>[39m {[0m

      at Object.process.env.NODE_ENV.exports.create (node_modules/react-test-renderer/cjs/react-test-renderer.development.js:14598:17)
      at create (node_modules/@testing-library/react-native/src/render-act.ts:15:29)
      at callback (node_modules/@testing-library/react-native/src/act.ts:31:24)
      at process.env.NODE_ENV.exports.act (node_modules/react/cjs/react.development.js:789:22)
      at actImplementation (node_modules/@testing-library/react-native/src/act.ts:30:25)
      at renderWithAct (node_modules/@testing-library/react-native/src/render-act.ts:13:11)
      at renderInternal (node_modules/@testing-library/react-native/src/render.tsx:69:33)
      at renderInternal (node_modules/@testing-library/react-native/src/render.tsx:44:10)
      at renderWithTheme (src/features/plo-training/components/PlayerPosition/PlayerPosition.test.tsx:8:16)
      at Object.renderWithTheme (src/features/plo-training/components/PlayerPosition/PlayerPosition.test.tsx:50:5)

  console.error
    react-test-renderer is deprecated. See https://react.dev/warnings/react-test-renderer

    [0m [90m  6 |[39m
     [90m  7 |[39m [36mconst[39m renderWithProviders [33m=[39m (component[33m:[39m [33mReact[39m[33m.[39m[33mReactElement[39m) [33m=>[39m {
    [31m[1m>[22m[39m[90m  8 |[39m   [36mreturn[39m render(
     [90m    |[39m                [31m[1m^[22m[39m
     [90m  9 |[39m     [33m<[39m[33mSettingsProvider[39m[33m>[39m
     [90m 10 |[39m       [33m<[39m[33mThemeProvider[39m[33m>[39m{component}[33m<[39m[33m/[39m[33mThemeProvider[39m[33m>[39m
     [90m 11 |[39m     [33m<[39m[33m/[39m[33mSettingsProvider[39m[33m>[39m[0m

      at Object.process.env.NODE_ENV.exports.create (node_modules/react-test-renderer/cjs/react-test-renderer.development.js:14598:17)
      at create (node_modules/@testing-library/react-native/src/render-act.ts:15:29)
      at callback (node_modules/@testing-library/react-native/src/act.ts:31:24)
      at process.env.NODE_ENV.exports.act (node_modules/react/cjs/react.development.js:789:22)
      at actImplementation (node_modules/@testing-library/react-native/src/act.ts:30:25)
      at renderWithAct (node_modules/@testing-library/react-native/src/render-act.ts:13:11)
      at renderInternal (node_modules/@testing-library/react-native/src/render.tsx:69:33)
      at renderInternal (node_modules/@testing-library/react-native/src/render.tsx:44:10)
      at renderWithProviders (src/features/racetrack-sector-training/screens/SectorTrainingScreen/SectorTrainingScreen.test.tsx:8:16)
      at Object.renderWithProviders (src/features/racetrack-sector-training/screens/SectorTrainingScreen/SectorTrainingScreen.test.tsx:31:26)

  console.error
    react-test-renderer is deprecated. See https://react.dev/warnings/react-test-renderer

    [0m [90m  6 |[39m
     [90m  7 |[39m [36mconst[39m renderWithTheme [33m=[39m (component[33m:[39m [33mReact[39m[33m.[39m[33mReactElement[39m) [33m=>[39m {
    [31m[1m>[22m[39m[90m  8 |[39m   [36mreturn[39m render([33m<[39m[33mThemeProvider[39m[33m>[39m{component}[33m<[39m[33m/[39m[33mThemeProvider[39m[33m>[39m)[33m;[39m
     [90m    |[39m                [31m[1m^[22m[39m
     [90m  9 |[39m }[33m;[39m
     [90m 10 |[39m
     [90m 11 |[39m describe([32m'PokerTable'[39m[33m,[39m () [33m=>[39m {[0m

      at Object.process.env.NODE_ENV.exports.create (node_modules/react-test-renderer/cjs/react-test-renderer.development.js:14598:17)
      at create (node_modules/@testing-library/react-native/src/render-act.ts:15:29)
      at callback (node_modules/@testing-library/react-native/src/act.ts:31:24)
      at process.env.NODE_ENV.exports.act (node_modules/react/cjs/react.development.js:789:22)
      at actImplementation (node_modules/@testing-library/react-native/src/act.ts:30:25)
      at renderWithAct (node_modules/@testing-library/react-native/src/render-act.ts:13:11)
      at renderInternal (node_modules/@testing-library/react-native/src/render.tsx:69:33)
      at renderInternal (node_modules/@testing-library/react-native/src/render.tsx:44:10)
      at renderWithTheme (src/features/plo-training/components/PokerTable/PokerTable.test.tsx:8:16)
      at Object.renderWithTheme (src/features/plo-training/components/PokerTable/PokerTable.test.tsx:104:5)

  console.error
    react-test-renderer is deprecated. See https://react.dev/warnings/react-test-renderer

    [0m [90m  7 |[39m
     [90m  8 |[39m [36mconst[39m renderWithTheme [33m=[39m (component[33m:[39m [33mReact[39m[33m.[39m[33mReactElement[39m) [33m=>[39m {
    [31m[1m>[22m[39m[90m  9 |[39m   [36mreturn[39m render([33m<[39m[33mThemeProvider[39m[33m>[39m{component}[33m<[39m[33m/[39m[33mThemeProvider[39m[33m>[39m)[33m;[39m
     [90m    |[39m                [31m[1m^[22m[39m
     [90m 10 |[39m }[33m;[39m
     [90m 11 |[39m
     [90m 12 |[39m describe([32m'GameStateDisplay'[39m[33m,[39m () [33m=>[39m {[0m

      at Object.process.env.NODE_ENV.exports.create (node_modules/react-test-renderer/cjs/react-test-renderer.development.js:14598:17)
      at create (node_modules/@testing-library/react-native/src/render-act.ts:15:29)
      at callback (node_modules/@testing-library/react-native/src/act.ts:31:24)
      at process.env.NODE_ENV.exports.act (node_modules/react/cjs/react.development.js:789:22)
      at actImplementation (node_modules/@testing-library/react-native/src/act.ts:30:25)
      at renderWithAct (node_modules/@testing-library/react-native/src/render-act.ts:13:11)
      at renderInternal (node_modules/@testing-library/react-native/src/render.tsx:69:33)
      at renderInternal (node_modules/@testing-library/react-native/src/render.tsx:44:10)
      at renderWithTheme (src/features/plo-training/components/GameStateDisplay/GameStateDisplay.test.tsx:9:16)
      at Object.renderWithTheme (src/features/plo-training/components/GameStateDisplay/GameStateDisplay.test.tsx:152:5)

  console.error
    react-test-renderer is deprecated. See https://react.dev/warnings/react-test-renderer

    [0m [90m 135 |[39m   describe([32m'memoization'[39m[33m,[39m () [33m=>[39m {
     [90m 136 |[39m     it([32m'should not re-render when same props are passed'[39m[33m,[39m () [33m=>[39m {
    [31m[1m>[22m[39m[90m 137 |[39m       [36mconst[39m { rerender[33m,[39m getByText } [33m=[39m render([33m<[39m[33mRouletteChip[39m amount[33m=[39m{[35m10[39m} size[33m=[39m{[35m20[39m} [33m/[39m[33m>[39m)[33m;[39m
     [90m     |[39m                                             [31m[1m^[22m[39m
     [90m 138 |[39m
     [90m 139 |[39m       rerender([33m<[39m[33mRouletteChip[39m amount[33m=[39m{[35m10[39m} size[33m=[39m{[35m20[39m} [33m/[39m[33m>[39m)[33m;[39m
     [90m 140 |[39m[0m

      at Object.process.env.NODE_ENV.exports.create (node_modules/react-test-renderer/cjs/react-test-renderer.development.js:14598:17)
      at create (node_modules/@testing-library/react-native/src/render-act.ts:15:29)
      at callback (node_modules/@testing-library/react-native/src/act.ts:31:24)
      at process.env.NODE_ENV.exports.act (node_modules/react/cjs/react.development.js:789:22)
      at actImplementation (node_modules/@testing-library/react-native/src/act.ts:30:25)
      at renderWithAct (node_modules/@testing-library/react-native/src/render-act.ts:13:11)
      at renderInternal (node_modules/@testing-library/react-native/src/render.tsx:69:33)
      at renderInternal (node_modules/@testing-library/react-native/src/render.tsx:44:10)
      at Object.<anonymous> (src/components/roulette/RouletteChip.test.tsx:137:45)

PASS src/features/plo-training/components/GameStateDisplay/GameStateDisplay.test.tsx
  GameStateDisplay
    ΓêÜ renders blinds section (211 ms)
    ΓêÜ renders poker table with all 6 positions (26 ms)
    ΓêÜ displays correct blind amounts (64 ms)
    ΓêÜ shows requesting player with ASKS POT indicator (13 ms)
    ΓêÜ updates player state based on previous actions (13 ms)
    ΓêÜ handles multiple actions on same player (28 ms)
    ΓêÜ dealer button only shows on D position (11 ms)
    ΓêÜ handles all 6 positions requesting pot (225 ms)
    ΓêÜ renders with complex action history (17 ms)
    ΓêÜ displays higher blind levels correctly (15 ms)
    ΓêÜ handles empty actions array (93 ms)

  console.error
    react-test-renderer is deprecated. See https://react.dev/warnings/react-test-renderer

    [0m [90m  6 |[39m
     [90m  7 |[39m [36mconst[39m renderWithTheme [33m=[39m (component[33m:[39m [33mReact[39m[33m.[39m[33mReactElement[39m) [33m=>[39m {
    [31m[1m>[22m[39m[90m  8 |[39m   [36mreturn[39m render([33m<[39m[33mThemeProvider[39m[33m>[39m{component}[33m<[39m[33m/[39m[33mThemeProvider[39m[33m>[39m)[33m;[39m
     [90m    |[39m                [31m[1m^[22m[39m
     [90m  9 |[39m }[33m;[39m
     [90m 10 |[39m
     [90m 11 |[39m describe([32m'PokerTable'[39m[33m,[39m () [33m=>[39m {[0m

      at Object.process.env.NODE_ENV.exports.create (node_modules/react-test-renderer/cjs/react-test-renderer.development.js:14598:17)
      at create (node_modules/@testing-library/react-native/src/render-act.ts:15:29)
      at callback (node_modules/@testing-library/react-native/src/act.ts:31:24)
      at process.env.NODE_ENV.exports.act (node_modules/react/cjs/react.development.js:789:22)
      at actImplementation (node_modules/@testing-library/react-native/src/act.ts:30:25)
      at renderWithAct (node_modules/@testing-library/react-native/src/render-act.ts:13:11)
      at renderInternal (node_modules/@testing-library/react-native/src/render.tsx:69:33)
      at renderInternal (node_modules/@testing-library/react-native/src/render.tsx:44:10)
      at renderWithTheme (src/features/plo-training/components/PokerTable/PokerTable.test.tsx:8:16)
      at Object.renderWithTheme (src/features/plo-training/components/PokerTable/PokerTable.test.tsx:109:5)

  console.error
    react-test-renderer is deprecated. See https://react.dev/warnings/react-test-renderer

    [0m [90m 143 |[39m
     [90m 144 |[39m     it([32m'should re-render when amount changes'[39m[33m,[39m () [33m=>[39m {
    [31m[1m>[22m[39m[90m 145 |[39m       [36mconst[39m { rerender[33m,[39m getByText[33m,[39m queryByText } [33m=[39m render([33m<[39m[33mRouletteChip[39m amount[33m=[39m{[35m10[39m} size[33m=[39m{[35m20[39m} [33m/[39m[33m>[39m)[33m;[39m
     [90m     |[39m                                                          [31m[1m^[22m[39m
     [90m 146 |[39m
     [90m 147 |[39m       expect(getByText([32m'10'[39m))[33m.[39mtoBeTruthy()[33m;[39m
     [90m 148 |[39m[0m

      at Object.process.env.NODE_ENV.exports.create (node_modules/react-test-renderer/cjs/react-test-renderer.development.js:14598:17)
      at create (node_modules/@testing-library/react-native/src/render-act.ts:15:29)
      at callback (node_modules/@testing-library/react-native/src/act.ts:31:24)
      at process.env.NODE_ENV.exports.act (node_modules/react/cjs/react.development.js:789:22)
      at actImplementation (node_modules/@testing-library/react-native/src/act.ts:30:25)
      at renderWithAct (node_modules/@testing-library/react-native/src/render-act.ts:13:11)
      at renderInternal (node_modules/@testing-library/react-native/src/render.tsx:69:33)
      at renderInternal (node_modules/@testing-library/react-native/src/render.tsx:44:10)
      at Object.<anonymous> (src/components/roulette/RouletteChip.test.tsx:145:58)

  console.error
    react-test-renderer is deprecated. See https://react.dev/warnings/react-test-renderer

    [0m [90m 154 |[39m
     [90m 155 |[39m     it([32m'should re-render when size changes'[39m[33m,[39m () [33m=>[39m {
    [31m[1m>[22m[39m[90m 156 |[39m       [36mconst[39m { rerender[33m,[39m getByText } [33m=[39m render([33m<[39m[33mRouletteChip[39m amount[33m=[39m{[35m10[39m} size[33m=[39m{[35m20[39m} [33m/[39m[33m>[39m)[33m;[39m
     [90m     |[39m                                             [31m[1m^[22m[39m
     [90m 157 |[39m
     [90m 158 |[39m       [36mconst[39m text1 [33m=[39m getByText([32m'10'[39m)[33m;[39m
     [90m 159 |[39m       expect(text1[33m.[39mprops[33m.[39mstyle[33m.[39mfontSize)[33m.[39mtoBe([35m10[39m)[33m;[39m[0m

      at Object.process.env.NODE_ENV.exports.create (node_modules/react-test-renderer/cjs/react-test-renderer.development.js:14598:17)
      at create (node_modules/@testing-library/react-native/src/render-act.ts:15:29)
      at callback (node_modules/@testing-library/react-native/src/act.ts:31:24)
      at process.env.NODE_ENV.exports.act (node_modules/react/cjs/react.development.js:789:22)
      at actImplementation (node_modules/@testing-library/react-native/src/act.ts:30:25)
      at renderWithAct (node_modules/@testing-library/react-native/src/render-act.ts:13:11)
      at renderInternal (node_modules/@testing-library/react-native/src/render.tsx:69:33)
      at renderInternal (node_modules/@testing-library/react-native/src/render.tsx:44:10)
      at Object.<anonymous> (src/components/roulette/RouletteChip.test.tsx:156:45)

  console.error
    react-test-renderer is deprecated. See https://react.dev/warnings/react-test-renderer

    [0m [90m  6 |[39m
     [90m  7 |[39m [36mconst[39m renderWithTheme [33m=[39m (component[33m:[39m [33mReact[39m[33m.[39m[33mReactElement[39m) [33m=>[39m {
    [31m[1m>[22m[39m[90m  8 |[39m   [36mreturn[39m render([33m<[39m[33mThemeProvider[39m[33m>[39m{component}[33m<[39m[33m/[39m[33mThemeProvider[39m[33m>[39m)[33m;[39m
     [90m    |[39m                [31m[1m^[22m[39m
     [90m  9 |[39m }[33m;[39m
     [90m 10 |[39m
     [90m 11 |[39m describe([32m'PlayerPosition'[39m[33m,[39m () [33m=>[39m {[0m

      at Object.process.env.NODE_ENV.exports.create (node_modules/react-test-renderer/cjs/react-test-renderer.development.js:14598:17)
      at create (node_modules/@testing-library/react-native/src/render-act.ts:15:29)
      at callback (node_modules/@testing-library/react-native/src/act.ts:31:24)
      at process.env.NODE_ENV.exports.act (node_modules/react/cjs/react.development.js:789:22)
      at actImplementation (node_modules/@testing-library/react-native/src/act.ts:30:25)
      at renderWithAct (node_modules/@testing-library/react-native/src/render-act.ts:13:11)
      at renderInternal (node_modules/@testing-library/react-native/src/render.tsx:69:33)
      at renderInternal (node_modules/@testing-library/react-native/src/render.tsx:44:10)
      at renderWithTheme (src/features/plo-training/components/PlayerPosition/PlayerPosition.test.tsx:8:16)
      at Object.renderWithTheme (src/features/plo-training/components/PlayerPosition/PlayerPosition.test.tsx:55:5)

  console.error
    react-test-renderer is deprecated. See https://react.dev/warnings/react-test-renderer

    [0m [90m 62 |[39m     it([32m'should accept onSectionPress handler'[39m[33m,[39m () [33m=>[39m {
     [90m 63 |[39m       [36mconst[39m mockHandler [33m=[39m jest[33m.[39mfn()[33m;[39m
    [31m[1m>[22m[39m[90m 64 |[39m       [36mconst[39m { root } [33m=[39m render([33m<[39m[33mRacetrackLayout[39m width[33m=[39m{[35m350[39m} onSectionPress[33m=[39m{mockHandler} [33m/[39m[33m>[39m)[33m;[39m
     [90m    |[39m                              [31m[1m^[22m[39m
     [90m 65 |[39m       expect(root)[33m.[39mtoBeDefined()[33m;[39m
     [90m 66 |[39m     })[33m;[39m
     [90m 67 |[39m[0m

      at Object.process.env.NODE_ENV.exports.create (node_modules/react-test-renderer/cjs/react-test-renderer.development.js:14598:17)
      at create (node_modules/@testing-library/react-native/src/render-act.ts:15:29)
      at callback (node_modules/@testing-library/react-native/src/act.ts:31:24)
      at process.env.NODE_ENV.exports.act (node_modules/react/cjs/react.development.js:789:22)
      at actImplementation (node_modules/@testing-library/react-native/src/act.ts:30:25)
      at renderWithAct (node_modules/@testing-library/react-native/src/render-act.ts:13:11)
      at renderInternal (node_modules/@testing-library/react-native/src/render.tsx:69:33)
      at renderInternal (node_modules/@testing-library/react-native/src/render.tsx:44:10)
      at Object.<anonymous> (src/features/racetrack/components/RacetrackLayout/RacetrackLayout.test.tsx:64:30)

  console.error
    react-test-renderer is deprecated. See https://react.dev/warnings/react-test-renderer

    [0m [90m 168 |[39m   describe([32m'edge cases'[39m[33m,[39m () [33m=>[39m {
     [90m 169 |[39m     it([32m'should handle very small chip size'[39m[33m,[39m () [33m=>[39m {
    [31m[1m>[22m[39m[90m 170 |[39m       [36mconst[39m { getByText } [33m=[39m render([33m<[39m[33mRouletteChip[39m amount[33m=[39m{[35m5[39m} size[33m=[39m{[35m10[39m} [33m/[39m[33m>[39m)[33m;[39m
     [90m     |[39m                                   [31m[1m^[22m[39m
     [90m 171 |[39m
     [90m 172 |[39m       [36mconst[39m text [33m=[39m getByText([32m'5'[39m)[33m;[39m
     [90m 173 |[39m       expect(text[33m.[39mprops[33m.[39mstyle[33m.[39mfontSize)[33m.[39mtoBe([35m5[39m)[33m;[39m[0m

      at Object.process.env.NODE_ENV.exports.create (node_modules/react-test-renderer/cjs/react-test-renderer.development.js:14598:17)
      at create (node_modules/@testing-library/react-native/src/render-act.ts:15:29)
      at callback (node_modules/@testing-library/react-native/src/act.ts:31:24)
      at process.env.NODE_ENV.exports.act (node_modules/react/cjs/react.development.js:789:22)
      at actImplementation (node_modules/@testing-library/react-native/src/act.ts:30:25)
      at renderWithAct (node_modules/@testing-library/react-native/src/render-act.ts:13:11)
      at renderInternal (node_modules/@testing-library/react-native/src/render.tsx:69:33)
      at renderInternal (node_modules/@testing-library/react-native/src/render.tsx:44:10)
      at Object.<anonymous> (src/components/roulette/RouletteChip.test.tsx:170:35)

  console.error
    react-test-renderer is deprecated. See https://react.dev/warnings/react-test-renderer

    [0m [90m  6 |[39m
     [90m  7 |[39m [36mconst[39m renderWithTheme [33m=[39m (component[33m:[39m [33mReact[39m[33m.[39m[33mReactElement[39m) [33m=>[39m {
    [31m[1m>[22m[39m[90m  8 |[39m   [36mreturn[39m render([33m<[39m[33mThemeProvider[39m[33m>[39m{component}[33m<[39m[33m/[39m[33mThemeProvider[39m[33m>[39m)[33m;[39m
     [90m    |[39m                [31m[1m^[22m[39m
     [90m  9 |[39m }[33m;[39m
     [90m 10 |[39m
     [90m 11 |[39m describe([32m'PlayerPosition'[39m[33m,[39m () [33m=>[39m {[0m

      at Object.process.env.NODE_ENV.exports.create (node_modules/react-test-renderer/cjs/react-test-renderer.development.js:14598:17)
      at create (node_modules/@testing-library/react-native/src/render-act.ts:15:29)
      at callback (node_modules/@testing-library/react-native/src/act.ts:31:24)
      at process.env.NODE_ENV.exports.act (node_modules/react/cjs/react.development.js:789:22)
      at actImplementation (node_modules/@testing-library/react-native/src/act.ts:30:25)
      at renderWithAct (node_modules/@testing-library/react-native/src/render-act.ts:13:11)
      at renderInternal (node_modules/@testing-library/react-native/src/render.tsx:69:33)
      at renderInternal (node_modules/@testing-library/react-native/src/render.tsx:44:10)
      at renderWithTheme (src/features/plo-training/components/PlayerPosition/PlayerPosition.test.tsx:8:16)
      at Object.renderWithTheme (src/features/plo-training/components/PlayerPosition/PlayerPosition.test.tsx:62:5)

  console.error
    react-test-renderer is deprecated. See https://react.dev/warnings/react-test-renderer

    [0m [90m 175 |[39m
     [90m 176 |[39m     it([32m'should handle very large chip size'[39m[33m,[39m () [33m=>[39m {
    [31m[1m>[22m[39m[90m 177 |[39m       [36mconst[39m { getByText } [33m=[39m render([33m<[39m[33mRouletteChip[39m amount[33m=[39m{[35m100[39m} size[33m=[39m{[35m100[39m} [33m/[39m[33m>[39m)[33m;[39m
     [90m     |[39m                                   [31m[1m^[22m[39m
     [90m 178 |[39m
     [90m 179 |[39m       [36mconst[39m text [33m=[39m getByText([32m'100'[39m)[33m;[39m
     [90m 180 |[39m       expect(text[33m.[39mprops[33m.[39mstyle[33m.[39mfontSize)[33m.[39mtoBe([35m50[39m)[33m;[39m[0m

      at Object.process.env.NODE_ENV.exports.create (node_modules/react-test-renderer/cjs/react-test-renderer.development.js:14598:17)
      at create (node_modules/@testing-library/react-native/src/render-act.ts:15:29)
      at callback (node_modules/@testing-library/react-native/src/act.ts:31:24)
      at process.env.NODE_ENV.exports.act (node_modules/react/cjs/react.development.js:789:22)
      at actImplementation (node_modules/@testing-library/react-native/src/act.ts:30:25)
      at renderWithAct (node_modules/@testing-library/react-native/src/render-act.ts:13:11)
      at renderInternal (node_modules/@testing-library/react-native/src/render.tsx:69:33)
      at renderInternal (node_modules/@testing-library/react-native/src/render.tsx:44:10)
      at Object.<anonymous> (src/components/roulette/RouletteChip.test.tsx:177:35)

  console.error
    react-test-renderer is deprecated. See https://react.dev/warnings/react-test-renderer

    [0m [90m  6 |[39m
     [90m  7 |[39m [36mconst[39m renderWithTheme [33m=[39m (component[33m:[39m [33mReact[39m[33m.[39m[33mReactElement[39m) [33m=>[39m {
    [31m[1m>[22m[39m[90m  8 |[39m   [36mreturn[39m render([33m<[39m[33mThemeProvider[39m[33m>[39m{component}[33m<[39m[33m/[39m[33mThemeProvider[39m[33m>[39m)[33m;[39m
     [90m    |[39m                [31m[1m^[22m[39m
     [90m  9 |[39m }[33m;[39m
     [90m 10 |[39m
     [90m 11 |[39m describe([32m'PlayerPosition'[39m[33m,[39m () [33m=>[39m {[0m

      at Object.process.env.NODE_ENV.exports.create (node_modules/react-test-renderer/cjs/react-test-renderer.development.js:14598:17)
      at create (node_modules/@testing-library/react-native/src/render-act.ts:15:29)
      at callback (node_modules/@testing-library/react-native/src/act.ts:31:24)
      at process.env.NODE_ENV.exports.act (node_modules/react/cjs/react.development.js:789:22)
      at actImplementation (node_modules/@testing-library/react-native/src/act.ts:30:25)
      at renderWithAct (node_modules/@testing-library/react-native/src/render-act.ts:13:11)
      at renderInternal (node_modules/@testing-library/react-native/src/render.tsx:69:33)
      at renderInternal (node_modules/@testing-library/react-native/src/render.tsx:44:10)
      at renderWithTheme (src/features/plo-training/components/PlayerPosition/PlayerPosition.test.tsx:8:16)
      at Object.renderWithTheme (src/features/plo-training/components/PlayerPosition/PlayerPosition.test.tsx:68:5)

  console.error
    react-test-renderer is deprecated. See https://react.dev/warnings/react-test-renderer

    [0m [90m 182 |[39m
     [90m 183 |[39m     it([32m'should handle large chip amounts'[39m[33m,[39m () [33m=>[39m {
    [31m[1m>[22m[39m[90m 184 |[39m       [36mconst[39m { getByText } [33m=[39m render([33m<[39m[33mRouletteChip[39m amount[33m=[39m{[35m10000[39m} size[33m=[39m{[35m30[39m} [33m/[39m[33m>[39m)[33m;[39m
     [90m     |[39m                                   [31m[1m^[22m[39m
     [90m 185 |[39m
     [90m 186 |[39m       expect(getByText([32m'10000'[39m))[33m.[39mtoBeTruthy()[33m;[39m
     [90m 187 |[39m     })[33m;[39m[0m

      at Object.process.env.NODE_ENV.exports.create (node_modules/react-test-renderer/cjs/react-test-renderer.development.js:14598:17)
      at create (node_modules/@testing-library/react-native/src/render-act.ts:15:29)
      at callback (node_modules/@testing-library/react-native/src/act.ts:31:24)
      at process.env.NODE_ENV.exports.act (node_modules/react/cjs/react.development.js:789:22)
      at actImplementation (node_modules/@testing-library/react-native/src/act.ts:30:25)
      at renderWithAct (node_modules/@testing-library/react-native/src/render-act.ts:13:11)
      at renderInternal (node_modules/@testing-library/react-native/src/render.tsx:69:33)
      at renderInternal (node_modules/@testing-library/react-native/src/render.tsx:44:10)
      at Object.<anonymous> (src/components/roulette/RouletteChip.test.tsx:184:35)

  console.error
    react-test-renderer is deprecated. See https://react.dev/warnings/react-test-renderer

    [0m [90m 189 |[39m     it([32m'should not render negative amounts'[39m[33m,[39m () [33m=>[39m {
     [90m 190 |[39m       [90m// Component should not render negative amounts (defensive programming)[39m
    [31m[1m>[22m[39m[90m 191 |[39m       [36mconst[39m { queryByText } [33m=[39m render([33m<[39m[33mRouletteChip[39m amount[33m=[39m{[33m-[39m[35m5[39m} size[33m=[39m{[35m20[39m} [33m/[39m[33m>[39m)[33m;[39m
     [90m     |[39m                                     [31m[1m^[22m[39m
     [90m 192 |[39m
     [90m 193 |[39m       expect(queryByText([32m'-5'[39m))[33m.[39mtoBeNull()[33m;[39m
     [90m 194 |[39m     })[33m;[39m[0m

      at Object.process.env.NODE_ENV.exports.create (node_modules/react-test-renderer/cjs/react-test-renderer.development.js:14598:17)
      at create (node_modules/@testing-library/react-native/src/render-act.ts:15:29)
      at callback (node_modules/@testing-library/react-native/src/act.ts:31:24)
      at process.env.NODE_ENV.exports.act (node_modules/react/cjs/react.development.js:789:22)
      at actImplementation (node_modules/@testing-library/react-native/src/act.ts:30:25)
      at renderWithAct (node_modules/@testing-library/react-native/src/render-act.ts:13:11)
      at renderInternal (node_modules/@testing-library/react-native/src/render.tsx:69:33)
      at renderInternal (node_modules/@testing-library/react-native/src/render.tsx:44:10)
      at Object.<anonymous> (src/components/roulette/RouletteChip.test.tsx:191:37)

  console.error
    react-test-renderer is deprecated. See https://react.dev/warnings/react-test-renderer

    [0m [90m  6 |[39m
     [90m  7 |[39m [36mconst[39m renderWithTheme [33m=[39m (component[33m:[39m [33mReact[39m[33m.[39m[33mReactElement[39m) [33m=>[39m {
    [31m[1m>[22m[39m[90m  8 |[39m   [36mreturn[39m render([33m<[39m[33mThemeProvider[39m[33m>[39m{component}[33m<[39m[33m/[39m[33mThemeProvider[39m[33m>[39m)[33m;[39m
     [90m    |[39m                [31m[1m^[22m[39m
     [90m  9 |[39m }[33m;[39m
     [90m 10 |[39m
     [90m 11 |[39m describe([32m'PlayerPosition'[39m[33m,[39m () [33m=>[39m {[0m

      at Object.process.env.NODE_ENV.exports.create (node_modules/react-test-renderer/cjs/react-test-renderer.development.js:14598:17)
      at create (node_modules/@testing-library/react-native/src/render-act.ts:15:29)
      at callback (node_modules/@testing-library/react-native/src/act.ts:31:24)
      at process.env.NODE_ENV.exports.act (node_modules/react/cjs/react.development.js:789:22)
      at actImplementation (node_modules/@testing-library/react-native/src/act.ts:30:25)
      at renderWithAct (node_modules/@testing-library/react-native/src/render-act.ts:13:11)
      at renderInternal (node_modules/@testing-library/react-native/src/render.tsx:69:33)
      at renderInternal (node_modules/@testing-library/react-native/src/render.tsx:44:10)
      at renderWithTheme (src/features/plo-training/components/PlayerPosition/PlayerPosition.test.tsx:8:16)
      at Object.renderWithTheme (src/features/plo-training/components/PlayerPosition/PlayerPosition.test.tsx:73:5)

  console.error
    react-test-renderer is deprecated. See https://react.dev/warnings/react-test-renderer

    [0m [90m 69 |[39m       [36mconst[39m mockNumberPress [33m=[39m jest[33m.[39mfn()[33m;[39m
     [90m 70 |[39m       [36mconst[39m mockSectionPress [33m=[39m jest[33m.[39mfn()[33m;[39m
    [31m[1m>[22m[39m[90m 71 |[39m       [36mconst[39m { root } [33m=[39m render(
     [90m    |[39m                              [31m[1m^[22m[39m
     [90m 72 |[39m         [33m<[39m[33mRacetrackLayout[39m
     [90m 73 |[39m           width[33m=[39m{[35m350[39m}
     [90m 74 |[39m           onNumberPress[33m=[39m{mockNumberPress}[0m

      at Object.process.env.NODE_ENV.exports.create (node_modules/react-test-renderer/cjs/react-test-renderer.development.js:14598:17)
      at create (node_modules/@testing-library/react-native/src/render-act.ts:15:29)
      at callback (node_modules/@testing-library/react-native/src/act.ts:31:24)
      at process.env.NODE_ENV.exports.act (node_modules/react/cjs/react.development.js:789:22)
      at actImplementation (node_modules/@testing-library/react-native/src/act.ts:30:25)
      at renderWithAct (node_modules/@testing-library/react-native/src/render-act.ts:13:11)
      at renderInternal (node_modules/@testing-library/react-native/src/render.tsx:69:33)
      at renderInternal (node_modules/@testing-library/react-native/src/render.tsx:44:10)
      at Object.<anonymous> (src/features/racetrack/components/RacetrackLayout/RacetrackLayout.test.tsx:71:30)

  console.error
    react-test-renderer is deprecated. See https://react.dev/warnings/react-test-renderer

    [0m [90m 195 |[39m
     [90m 196 |[39m     it([32m'should not render zero amount'[39m[33m,[39m () [33m=>[39m {
    [31m[1m>[22m[39m[90m 197 |[39m       [36mconst[39m { queryByText } [33m=[39m render([33m<[39m[33mRouletteChip[39m amount[33m=[39m{[35m0[39m} size[33m=[39m{[35m20[39m} [33m/[39m[33m>[39m)[33m;[39m
     [90m     |[39m                                     [31m[1m^[22m[39m
     [90m 198 |[39m
     [90m 199 |[39m       expect(queryByText([32m'0'[39m))[33m.[39mtoBeNull()[33m;[39m
     [90m 200 |[39m     })[33m;[39m[0m

      at Object.process.env.NODE_ENV.exports.create (node_modules/react-test-renderer/cjs/react-test-renderer.development.js:14598:17)
      at create (node_modules/@testing-library/react-native/src/render-act.ts:15:29)
      at callback (node_modules/@testing-library/react-native/src/act.ts:31:24)
      at process.env.NODE_ENV.exports.act (node_modules/react/cjs/react.development.js:789:22)
      at actImplementation (node_modules/@testing-library/react-native/src/act.ts:30:25)
      at renderWithAct (node_modules/@testing-library/react-native/src/render-act.ts:13:11)
      at renderInternal (node_modules/@testing-library/react-native/src/render.tsx:69:33)
      at renderInternal (node_modules/@testing-library/react-native/src/render.tsx:44:10)
      at Object.<anonymous> (src/components/roulette/RouletteChip.test.tsx:197:37)

  console.error
    react-test-renderer is deprecated. See https://react.dev/warnings/react-test-renderer

    [0m [90m  6 |[39m
     [90m  7 |[39m [36mconst[39m renderWithTheme [33m=[39m (component[33m:[39m [33mReact[39m[33m.[39m[33mReactElement[39m) [33m=>[39m {
    [31m[1m>[22m[39m[90m  8 |[39m   [36mreturn[39m render([33m<[39m[33mThemeProvider[39m[33m>[39m{component}[33m<[39m[33m/[39m[33mThemeProvider[39m[33m>[39m)[33m;[39m
     [90m    |[39m                [31m[1m^[22m[39m
     [90m  9 |[39m }[33m;[39m
     [90m 10 |[39m
     [90m 11 |[39m describe([32m'PlayerPosition'[39m[33m,[39m () [33m=>[39m {[0m

      at Object.process.env.NODE_ENV.exports.create (node_modules/react-test-renderer/cjs/react-test-renderer.development.js:14598:17)
      at create (node_modules/@testing-library/react-native/src/render-act.ts:15:29)
      at callback (node_modules/@testing-library/react-native/src/act.ts:31:24)
      at process.env.NODE_ENV.exports.act (node_modules/react/cjs/react.development.js:789:22)
      at actImplementation (node_modules/@testing-library/react-native/src/act.ts:30:25)
      at renderWithAct (node_modules/@testing-library/react-native/src/render-act.ts:13:11)
      at renderInternal (node_modules/@testing-library/react-native/src/render.tsx:69:33)
      at renderInternal (node_modules/@testing-library/react-native/src/render.tsx:44:10)
      at renderWithTheme (src/features/plo-training/components/PlayerPosition/PlayerPosition.test.tsx:8:16)
      at Object.renderWithTheme (src/features/plo-training/components/PlayerPosition/PlayerPosition.test.tsx:78:5)

  console.error
    An update to SettingsProvider inside a test was not wrapped in act(...).
    
    When testing, code that causes React state updates should be wrapped into act(...):
    
    act(() => {
      /* fire events that update state */
    });
    /* assert on the output */
    
    This ensures that you're testing the behavior the user would see in the browser. Learn more at https://react.dev/link/wrap-tests-with-act

    [0m [90m 30 |[39m         [90m// Use defaults if load fails[39m
     [90m 31 |[39m       } [36mfinally[39m {
    [31m[1m>[22m[39m[90m 32 |[39m         setIsLoaded([36mtrue[39m)[33m;[39m
     [90m    |[39m         [31m[1m^[22m[39m
     [90m 33 |[39m       }
     [90m 34 |[39m     }[33m;[39m
     [90m 35 |[39m     loadSettings()[33m;[39m[0m

      at node_modules/react-test-renderer/cjs/react-test-renderer.development.js:11801:19
      at runWithFiberInDEV (node_modules/react-test-renderer/cjs/react-test-renderer.development.js:1574:13)
      at warnIfUpdatesNotWrappedWithActDEV (node_modules/react-test-renderer/cjs/react-test-renderer.development.js:11800:9)
      at scheduleUpdateOnFiber (node_modules/react-test-renderer/cjs/react-test-renderer.development.js:10326:9)
      at dispatchSetStateInternal (node_modules/react-test-renderer/cjs/react-test-renderer.development.js:4148:13)
      at dispatchSetState (node_modules/react-test-renderer/cjs/react-test-renderer.development.js:4107:7)
      at setIsLoaded (src/contexts/SettingsContext.tsx:32:9)

PASS src/components/roulette/RouletteChip.test.tsx
  RouletteChip
    rendering
      ΓêÜ should render when amount is greater than 0 (139 ms)
      ΓêÜ should not render when amount is 0 (32 ms)
      ΓêÜ should display the correct amount (112 ms)
      ΓêÜ should render with different sizes (11 ms)
    styling
      ΓêÜ should apply correct size to chip container (8 ms)
      ΓêÜ should apply correct margin for centering (8 ms)
      ΓêÜ should have gold background color (8 ms)
      ΓêÜ should have circular shape (9 ms)
    text styling
      ΓêÜ should have correct font size based on chip size (11 ms)
      ΓêÜ should scale font size with chip size (95 ms)
      ΓêÜ should have bold font weight (12 ms)
      ΓêÜ should have black text color (54 ms)
    accessibility
      ΓêÜ should have correct accessibility label (9 ms)
      ΓêÜ should have image accessibility role (7 ms)
      ΓêÜ should have correct accessibility label for different amounts (111 ms)
    memoization
      ΓêÜ should not re-render when same props are passed (92 ms)
      ΓêÜ should re-render when amount changes (14 ms)
      ΓêÜ should re-render when size changes (9 ms)
    edge cases
      ΓêÜ should handle very small chip size (7 ms)
      ΓêÜ should handle very large chip size (13 ms)
      ΓêÜ should handle large chip amounts (7 ms)
      ΓêÜ should not render negative amounts (7 ms)
      ΓêÜ should not render zero amount (6 ms)

  console.error
    react-test-renderer is deprecated. See https://react.dev/warnings/react-test-renderer

    [0m [90m  6 |[39m
     [90m  7 |[39m [36mconst[39m renderWithTheme [33m=[39m (component[33m:[39m [33mReact[39m[33m.[39m[33mReactElement[39m) [33m=>[39m {
    [31m[1m>[22m[39m[90m  8 |[39m   [36mreturn[39m render([33m<[39m[33mThemeProvider[39m[33m>[39m{component}[33m<[39m[33m/[39m[33mThemeProvider[39m[33m>[39m)[33m;[39m
     [90m    |[39m                [31m[1m^[22m[39m
     [90m  9 |[39m }[33m;[39m
     [90m 10 |[39m
     [90m 11 |[39m describe([32m'PokerTable'[39m[33m,[39m () [33m=>[39m {[0m

      at Object.process.env.NODE_ENV.exports.create (node_modules/react-test-renderer/cjs/react-test-renderer.development.js:14598:17)
      at create (node_modules/@testing-library/react-native/src/render-act.ts:15:29)
      at callback (node_modules/@testing-library/react-native/src/act.ts:31:24)
      at process.env.NODE_ENV.exports.act (node_modules/react/cjs/react.development.js:789:22)
      at actImplementation (node_modules/@testing-library/react-native/src/act.ts:30:25)
      at renderWithAct (node_modules/@testing-library/react-native/src/render-act.ts:13:11)
      at renderInternal (node_modules/@testing-library/react-native/src/render.tsx:69:33)
      at renderInternal (node_modules/@testing-library/react-native/src/render.tsx:44:10)
      at renderWithTheme (src/features/plo-training/components/PokerTable/PokerTable.test.tsx:8:16)
      at Object.renderWithTheme (src/features/plo-training/components/PokerTable/PokerTable.test.tsx:114:5)

  console.error
    react-test-renderer is deprecated. See https://react.dev/warnings/react-test-renderer

    [0m [90m 80 |[39m
     [90m 81 |[39m     it([32m'should handle undefined event handlers'[39m[33m,[39m () [33m=>[39m {
    [31m[1m>[22m[39m[90m 82 |[39m       [36mconst[39m { root } [33m=[39m render(
     [90m    |[39m                              [31m[1m^[22m[39m
     [90m 83 |[39m         [33m<[39m[33mRacetrackLayout[39m width[33m=[39m{[35m350[39m} onNumberPress[33m=[39m{undefined} onSectionPress[33m=[39m{undefined} [33m/[39m[33m>[39m
     [90m 84 |[39m       )[33m;[39m
     [90m 85 |[39m       expect(root)[33m.[39mtoBeDefined()[33m;[39m[0m

      at Object.process.env.NODE_ENV.exports.create (node_modules/react-test-renderer/cjs/react-test-renderer.development.js:14598:17)
      at create (node_modules/@testing-library/react-native/src/render-act.ts:15:29)
      at callback (node_modules/@testing-library/react-native/src/act.ts:31:24)
      at process.env.NODE_ENV.exports.act (node_modules/react/cjs/react.development.js:789:22)
      at actImplementation (node_modules/@testing-library/react-native/src/act.ts:30:25)
      at renderWithAct (node_modules/@testing-library/react-native/src/render-act.ts:13:11)
      at renderInternal (node_modules/@testing-library/react-native/src/render.tsx:69:33)
      at renderInternal (node_modules/@testing-library/react-native/src/render.tsx:44:10)
      at Object.<anonymous> (src/features/racetrack/components/RacetrackLayout/RacetrackLayout.test.tsx:82:30)

PASS src/features/plo-training/components/PokerTable/PokerTable.test.tsx
  PokerTable
    ΓêÜ renders table container (347 ms)
    ΓêÜ renders all players (22 ms)
    ΓêÜ renders pot amount when provided (13 ms)
    ΓêÜ does not render pot area when potAmount is 0 (16 ms)
    ΓêÜ renders community cards when communityCards is provided (26 ms)
    ΓêÜ handles empty players array (12 ms)
    ΓêÜ renders with all props provided (13 ms)
    ΓêÜ renders player with action (15 ms)
    ΓêÜ renders player with isFolded flag (13 ms)
    ΓêÜ renders player requesting pot (14 ms)
    ΓêÜ handles 6 players (max table) (105 ms)
    ΓêÜ handles large pot amounts (14 ms)
    ΓêÜ handles 0 community cards (62 ms)
    ΓêÜ handles 5 community cards (river) (24 ms)

  console.error
    react-test-renderer is deprecated. See https://react.dev/warnings/react-test-renderer

    [0m [90m  6 |[39m
     [90m  7 |[39m [36mconst[39m renderWithProviders [33m=[39m (component[33m:[39m [33mReact[39m[33m.[39m[33mReactElement[39m) [33m=>[39m {
    [31m[1m>[22m[39m[90m  8 |[39m   [36mreturn[39m render(
     [90m    |[39m                [31m[1m^[22m[39m
     [90m  9 |[39m     [33m<[39m[33mSettingsProvider[39m[33m>[39m
     [90m 10 |[39m       [33m<[39m[33mThemeProvider[39m[33m>[39m{component}[33m<[39m[33m/[39m[33mThemeProvider[39m[33m>[39m
     [90m 11 |[39m     [33m<[39m[33m/[39m[33mSettingsProvider[39m[33m>[39m[0m

      at Object.process.env.NODE_ENV.exports.create (node_modules/react-test-renderer/cjs/react-test-renderer.development.js:14598:17)
      at create (node_modules/@testing-library/react-native/src/render-act.ts:15:29)
      at callback (node_modules/@testing-library/react-native/src/act.ts:31:24)
      at process.env.NODE_ENV.exports.act (node_modules/react/cjs/react.development.js:789:22)
      at actImplementation (node_modules/@testing-library/react-native/src/act.ts:30:25)
      at renderWithAct (node_modules/@testing-library/react-native/src/render-act.ts:13:11)
      at renderInternal (node_modules/@testing-library/react-native/src/render.tsx:69:33)
      at renderInternal (node_modules/@testing-library/react-native/src/render.tsx:44:10)
      at renderWithProviders (src/features/racetrack-sector-training/screens/SectorTrainingScreen/SectorTrainingScreen.test.tsx:8:16)
      at renderWithProviders (src/features/racetrack-sector-training/screens/SectorTrainingScreen/SectorTrainingScreen.test.tsx:47:28)
          at Array.forEach (<anonymous>)
      at Object.forEach (src/features/racetrack-sector-training/screens/SectorTrainingScreen/SectorTrainingScreen.test.tsx:45:15)

  console.error
    react-test-renderer is deprecated. See https://react.dev/warnings/react-test-renderer

    [0m [90m 89 |[39m   describe([32m'styling'[39m[33m,[39m () [33m=>[39m {
     [90m 90 |[39m     it([32m'should apply container styles'[39m[33m,[39m () [33m=>[39m {
    [31m[1m>[22m[39m[90m 91 |[39m       [36mconst[39m { root } [33m=[39m render([33m<[39m[33mRacetrackLayout[39m width[33m=[39m{[35m350[39m} [33m/[39m[33m>[39m)[33m;[39m
     [90m    |[39m                              [31m[1m^[22m[39m
     [90m 92 |[39m       expect(root)[33m.[39mtoBeDefined()[33m;[39m
     [90m 93 |[39m     })[33m;[39m
     [90m 94 |[39m[0m

      at Object.process.env.NODE_ENV.exports.create (node_modules/react-test-renderer/cjs/react-test-renderer.development.js:14598:17)
      at create (node_modules/@testing-library/react-native/src/render-act.ts:15:29)
      at callback (node_modules/@testing-library/react-native/src/act.ts:31:24)
      at process.env.NODE_ENV.exports.act (node_modules/react/cjs/react.development.js:789:22)
      at actImplementation (node_modules/@testing-library/react-native/src/act.ts:30:25)
      at renderWithAct (node_modules/@testing-library/react-native/src/render-act.ts:13:11)
      at renderInternal (node_modules/@testing-library/react-native/src/render.tsx:69:33)
      at renderInternal (node_modules/@testing-library/react-native/src/render.tsx:44:10)
      at Object.<anonymous> (src/features/racetrack/components/RacetrackLayout/RacetrackLayout.test.tsx:91:30)

  console.error
    react-test-renderer is deprecated. See https://react.dev/warnings/react-test-renderer

    [0m [90m  6 |[39m
     [90m  7 |[39m [36mconst[39m renderWithTheme [33m=[39m (component[33m:[39m [33mReact[39m[33m.[39m[33mReactElement[39m) [33m=>[39m {
    [31m[1m>[22m[39m[90m  8 |[39m   [36mreturn[39m render([33m<[39m[33mThemeProvider[39m[33m>[39m{component}[33m<[39m[33m/[39m[33mThemeProvider[39m[33m>[39m)[33m;[39m
     [90m    |[39m                [31m[1m^[22m[39m
     [90m  9 |[39m }[33m;[39m
     [90m 10 |[39m
     [90m 11 |[39m describe([32m'PlayerPosition'[39m[33m,[39m () [33m=>[39m {[0m

      at Object.process.env.NODE_ENV.exports.create (node_modules/react-test-renderer/cjs/react-test-renderer.development.js:14598:17)
      at create (node_modules/@testing-library/react-native/src/render-act.ts:15:29)
      at callback (node_modules/@testing-library/react-native/src/act.ts:31:24)
      at process.env.NODE_ENV.exports.act (node_modules/react/cjs/react.development.js:789:22)
      at actImplementation (node_modules/@testing-library/react-native/src/act.ts:30:25)
      at renderWithAct (node_modules/@testing-library/react-native/src/render-act.ts:13:11)
      at renderInternal (node_modules/@testing-library/react-native/src/render.tsx:69:33)
      at renderInternal (node_modules/@testing-library/react-native/src/render.tsx:44:10)
      at renderWithTheme (src/features/plo-training/components/PlayerPosition/PlayerPosition.test.tsx:8:16)
      at Object.renderWithTheme (src/features/plo-training/components/PlayerPosition/PlayerPosition.test.tsx:85:5)

  console.error
    react-test-renderer is deprecated. See https://react.dev/warnings/react-test-renderer

    [0m [90m  6 |[39m
     [90m  7 |[39m [36mconst[39m renderWithTheme [33m=[39m (component[33m:[39m [33mReact[39m[33m.[39m[33mReactElement[39m) [33m=>[39m {
    [31m[1m>[22m[39m[90m  8 |[39m   [36mreturn[39m render([33m<[39m[33mThemeProvider[39m[33m>[39m{component}[33m<[39m[33m/[39m[33mThemeProvider[39m[33m>[39m)[33m;[39m
     [90m    |[39m                [31m[1m^[22m[39m
     [90m  9 |[39m }[33m;[39m
     [90m 10 |[39m
     [90m 11 |[39m describe([32m'PlayerPosition'[39m[33m,[39m () [33m=>[39m {[0m

      at Object.process.env.NODE_ENV.exports.create (node_modules/react-test-renderer/cjs/react-test-renderer.development.js:14598:17)
      at create (node_modules/@testing-library/react-native/src/render-act.ts:15:29)
      at callback (node_modules/@testing-library/react-native/src/act.ts:31:24)
      at process.env.NODE_ENV.exports.act (node_modules/react/cjs/react.development.js:789:22)
      at actImplementation (node_modules/@testing-library/react-native/src/act.ts:30:25)
      at renderWithAct (node_modules/@testing-library/react-native/src/render-act.ts:13:11)
      at renderInternal (node_modules/@testing-library/react-native/src/render.tsx:69:33)
      at renderInternal (node_modules/@testing-library/react-native/src/render.tsx:44:10)
      at renderWithTheme (src/features/plo-training/components/PlayerPosition/PlayerPosition.test.tsx:8:16)
      at Object.renderWithTheme (src/features/plo-training/components/PlayerPosition/PlayerPosition.test.tsx:90:27)

  console.error
    react-test-renderer is deprecated. See https://react.dev/warnings/react-test-renderer

    [0m [90m 94 |[39m
     [90m 95 |[39m     it([32m'should center align items'[39m[33m,[39m () [33m=>[39m {
    [31m[1m>[22m[39m[90m 96 |[39m       [36mconst[39m { root } [33m=[39m render([33m<[39m[33mRacetrackLayout[39m width[33m=[39m{[35m350[39m} [33m/[39m[33m>[39m)[33m;[39m
     [90m    |[39m                              [31m[1m^[22m[39m
     [90m 97 |[39m       expect(root)[33m.[39mtoBeDefined()[33m;[39m
     [90m 98 |[39m     })[33m;[39m
     [90m 99 |[39m   })[33m;[39m[0m

      at Object.process.env.NODE_ENV.exports.create (node_modules/react-test-renderer/cjs/react-test-renderer.development.js:14598:17)
      at create (node_modules/@testing-library/react-native/src/render-act.ts:15:29)
      at callback (node_modules/@testing-library/react-native/src/act.ts:31:24)
      at process.env.NODE_ENV.exports.act (node_modules/react/cjs/react.development.js:789:22)
      at actImplementation (node_modules/@testing-library/react-native/src/act.ts:30:25)
      at renderWithAct (node_modules/@testing-library/react-native/src/render-act.ts:13:11)
      at renderInternal (node_modules/@testing-library/react-native/src/render.tsx:69:33)
      at renderInternal (node_modules/@testing-library/react-native/src/render.tsx:44:10)
      at Object.<anonymous> (src/features/racetrack/components/RacetrackLayout/RacetrackLayout.test.tsx:96:30)

  console.error
    react-test-renderer is deprecated. See https://react.dev/warnings/react-test-renderer

    [0m [90m  6 |[39m
     [90m  7 |[39m [36mconst[39m renderWithTheme [33m=[39m (component[33m:[39m [33mReact[39m[33m.[39m[33mReactElement[39m) [33m=>[39m {
    [31m[1m>[22m[39m[90m  8 |[39m   [36mreturn[39m render([33m<[39m[33mThemeProvider[39m[33m>[39m{component}[33m<[39m[33m/[39m[33mThemeProvider[39m[33m>[39m)[33m;[39m
     [90m    |[39m                [31m[1m^[22m[39m
     [90m  9 |[39m }[33m;[39m
     [90m 10 |[39m
     [90m 11 |[39m describe([32m'PlayerPosition'[39m[33m,[39m () [33m=>[39m {[0m

      at Object.process.env.NODE_ENV.exports.create (node_modules/react-test-renderer/cjs/react-test-renderer.development.js:14598:17)
      at create (node_modules/@testing-library/react-native/src/render-act.ts:15:29)
      at callback (node_modules/@testing-library/react-native/src/act.ts:31:24)
      at process.env.NODE_ENV.exports.act (node_modules/react/cjs/react.development.js:789:22)
      at actImplementation (node_modules/@testing-library/react-native/src/act.ts:30:25)
      at renderWithAct (node_modules/@testing-library/react-native/src/render-act.ts:13:11)
      at renderInternal (node_modules/@testing-library/react-native/src/render.tsx:69:33)
      at renderInternal (node_modules/@testing-library/react-native/src/render.tsx:44:10)
      at renderWithTheme (src/features/plo-training/components/PlayerPosition/PlayerPosition.test.tsx:8:16)
      at Object.renderWithTheme (src/features/plo-training/components/PlayerPosition/PlayerPosition.test.tsx:96:5)

PASS src/features/plo-training/components/PlayerPosition/PlayerPosition.test.tsx
  PlayerPosition
    ΓêÜ renders player name (399 ms)
    ΓêÜ renders chip amount when provided and not folded (21 ms)
    ΓêÜ uses position number as fallback name (52 ms)
    ΓêÜ renders dealer button when isDealer is true (60 ms)
    ΓêÜ renders FOLD badge when player is folded (11 ms)
    ΓêÜ does not render chip amount when folded (22 ms)
    ΓêÜ renders active bet chip when betAmount is positive and not folded (62 ms)
    ΓêÜ does not render active bet chip when betAmount is zero (9 ms)
    ΓêÜ renders dead chip when folded with bet amount (12 ms)
    ΓêÜ renders action label when action is provided and not folded (14 ms)
    ΓêÜ renders ASKS POT indicator when isRequesting is true (8 ms)
    ΓêÜ does not show action label when folded (46 ms)
    ΓêÜ handles undefined chipAmount gracefully (8 ms)
    ΓêÜ applies folded styles when isFolded is true (7 ms)
    ΓêÜ renders with all props provided (11 ms)

  console.error
    react-test-renderer is deprecated. See https://react.dev/warnings/react-test-renderer

    [0m [90m 101 |[39m   describe([32m'aspect ratio calculation'[39m[33m,[39m () [33m=>[39m {
     [90m 102 |[39m     it([32m'should maintain aspect ratio with width 350'[39m[33m,[39m () [33m=>[39m {
    [31m[1m>[22m[39m[90m 103 |[39m       [36mconst[39m { root } [33m=[39m render([33m<[39m[33mRacetrackLayout[39m width[33m=[39m{[35m350[39m} [33m/[39m[33m>[39m)[33m;[39m
     [90m     |[39m                              [31m[1m^[22m[39m
     [90m 104 |[39m       expect(root)[33m.[39mtoBeDefined()[33m;[39m
     [90m 105 |[39m     })[33m;[39m
     [90m 106 |[39m[0m

      at Object.process.env.NODE_ENV.exports.create (node_modules/react-test-renderer/cjs/react-test-renderer.development.js:14598:17)
      at create (node_modules/@testing-library/react-native/src/render-act.ts:15:29)
      at callback (node_modules/@testing-library/react-native/src/act.ts:31:24)
      at process.env.NODE_ENV.exports.act (node_modules/react/cjs/react.development.js:789:22)
      at actImplementation (node_modules/@testing-library/react-native/src/act.ts:30:25)
      at renderWithAct (node_modules/@testing-library/react-native/src/render-act.ts:13:11)
      at renderInternal (node_modules/@testing-library/react-native/src/render.tsx:69:33)
      at renderInternal (node_modules/@testing-library/react-native/src/render.tsx:44:10)
      at Object.<anonymous> (src/features/racetrack/components/RacetrackLayout/RacetrackLayout.test.tsx:103:30)

  console.error
    react-test-renderer is deprecated. See https://react.dev/warnings/react-test-renderer

    [0m [90m  6 |[39m
     [90m  7 |[39m [36mconst[39m renderWithProviders [33m=[39m (component[33m:[39m [33mReact[39m[33m.[39m[33mReactElement[39m) [33m=>[39m {
    [31m[1m>[22m[39m[90m  8 |[39m   [36mreturn[39m render(
     [90m    |[39m                [31m[1m^[22m[39m
     [90m  9 |[39m     [33m<[39m[33mSettingsProvider[39m[33m>[39m
     [90m 10 |[39m       [33m<[39m[33mThemeProvider[39m[33m>[39m{component}[33m<[39m[33m/[39m[33mThemeProvider[39m[33m>[39m
     [90m 11 |[39m     [33m<[39m[33m/[39m[33mSettingsProvider[39m[33m>[39m[0m

      at Object.process.env.NODE_ENV.exports.create (node_modules/react-test-renderer/cjs/react-test-renderer.development.js:14598:17)
      at create (node_modules/@testing-library/react-native/src/render-act.ts:15:29)
      at callback (node_modules/@testing-library/react-native/src/act.ts:31:24)
      at process.env.NODE_ENV.exports.act (node_modules/react/cjs/react.development.js:789:22)
      at actImplementation (node_modules/@testing-library/react-native/src/act.ts:30:25)
      at renderWithAct (node_modules/@testing-library/react-native/src/render-act.ts:13:11)
      at renderInternal (node_modules/@testing-library/react-native/src/render.tsx:69:33)
      at renderInternal (node_modules/@testing-library/react-native/src/render.tsx:44:10)
      at renderWithProviders (src/features/racetrack-sector-training/screens/SectorTrainingScreen/SectorTrainingScreen.test.tsx:8:16)
      at renderWithProviders (src/features/racetrack-sector-training/screens/SectorTrainingScreen/SectorTrainingScreen.test.tsx:47:28)
          at Array.forEach (<anonymous>)
      at Object.forEach (src/features/racetrack-sector-training/screens/SectorTrainingScreen/SectorTrainingScreen.test.tsx:45:15)

  console.error
    react-test-renderer is deprecated. See https://react.dev/warnings/react-test-renderer

    [0m [90m  6 |[39m
     [90m  7 |[39m [36mconst[39m renderWithProviders [33m=[39m (component[33m:[39m [33mReact[39m[33m.[39m[33mReactElement[39m) [33m=>[39m {
    [31m[1m>[22m[39m[90m  8 |[39m   [36mreturn[39m render(
     [90m    |[39m                [31m[1m^[22m[39m
     [90m  9 |[39m     [33m<[39m[33mSettingsProvider[39m[33m>[39m
     [90m 10 |[39m       [33m<[39m[33mThemeProvider[39m[33m>[39m{component}[33m<[39m[33m/[39m[33mThemeProvider[39m[33m>[39m
     [90m 11 |[39m     [33m<[39m[33m/[39m[33mSettingsProvider[39m[33m>[39m[0m

      at Object.process.env.NODE_ENV.exports.create (node_modules/react-test-renderer/cjs/react-test-renderer.development.js:14598:17)
      at create (node_modules/@testing-library/react-native/src/render-act.ts:15:29)
      at callback (node_modules/@testing-library/react-native/src/act.ts:31:24)
      at process.env.NODE_ENV.exports.act (node_modules/react/cjs/react.development.js:789:22)
      at actImplementation (node_modules/@testing-library/react-native/src/act.ts:30:25)
      at renderWithAct (node_modules/@testing-library/react-native/src/render-act.ts:13:11)
      at renderInternal (node_modules/@testing-library/react-native/src/render.tsx:69:33)
      at renderInternal (node_modules/@testing-library/react-native/src/render.tsx:44:10)
      at renderWithProviders (src/features/racetrack-sector-training/screens/SectorTrainingScreen/SectorTrainingScreen.test.tsx:8:16)
      at renderWithProviders (src/features/racetrack-sector-training/screens/SectorTrainingScreen/SectorTrainingScreen.test.tsx:47:28)
          at Array.forEach (<anonymous>)
      at Object.forEach (src/features/racetrack-sector-training/screens/SectorTrainingScreen/SectorTrainingScreen.test.tsx:45:15)

  console.error
    react-test-renderer is deprecated. See https://react.dev/warnings/react-test-renderer

    [0m [90m 106 |[39m
     [90m 107 |[39m     it([32m'should maintain aspect ratio with different widths'[39m[33m,[39m () [33m=>[39m {
    [31m[1m>[22m[39m[90m 108 |[39m       [36mconst[39m { root[33m:[39m root1 } [33m=[39m render([33m<[39m[33mRacetrackLayout[39m width[33m=[39m{[35m200[39m} [33m/[39m[33m>[39m)[33m;[39m
     [90m     |[39m                                     [31m[1m^[22m[39m
     [90m 109 |[39m       [36mconst[39m { root[33m:[39m root2 } [33m=[39m render([33m<[39m[33mRacetrackLayout[39m width[33m=[39m{[35m600[39m} [33m/[39m[33m>[39m)[33m;[39m
     [90m 110 |[39m       expect(root1)[33m.[39mtoBeDefined()[33m;[39m
     [90m 111 |[39m       expect(root2)[33m.[39mtoBeDefined()[33m;[39m[0m

      at Object.process.env.NODE_ENV.exports.create (node_modules/react-test-renderer/cjs/react-test-renderer.development.js:14598:17)
      at create (node_modules/@testing-library/react-native/src/render-act.ts:15:29)
      at callback (node_modules/@testing-library/react-native/src/act.ts:31:24)
      at process.env.NODE_ENV.exports.act (node_modules/react/cjs/react.development.js:789:22)
      at actImplementation (node_modules/@testing-library/react-native/src/act.ts:30:25)
      at renderWithAct (node_modules/@testing-library/react-native/src/render-act.ts:13:11)
      at renderInternal (node_modules/@testing-library/react-native/src/render.tsx:69:33)
      at renderInternal (node_modules/@testing-library/react-native/src/render.tsx:44:10)
      at Object.<anonymous> (src/features/racetrack/components/RacetrackLayout/RacetrackLayout.test.tsx:108:37)

  console.error
    react-test-renderer is deprecated. See https://react.dev/warnings/react-test-renderer

    [0m [90m 107 |[39m     it([32m'should maintain aspect ratio with different widths'[39m[33m,[39m () [33m=>[39m {
     [90m 108 |[39m       [36mconst[39m { root[33m:[39m root1 } [33m=[39m render([33m<[39m[33mRacetrackLayout[39m width[33m=[39m{[35m200[39m} [33m/[39m[33m>[39m)[33m;[39m
    [31m[1m>[22m[39m[90m 109 |[39m       [36mconst[39m { root[33m:[39m root2 } [33m=[39m render([33m<[39m[33mRacetrackLayout[39m width[33m=[39m{[35m600[39m} [33m/[39m[33m>[39m)[33m;[39m
     [90m     |[39m                                     [31m[1m^[22m[39m
     [90m 110 |[39m       expect(root1)[33m.[39mtoBeDefined()[33m;[39m
     [90m 111 |[39m       expect(root2)[33m.[39mtoBeDefined()[33m;[39m
     [90m 112 |[39m     })[33m;[39m[0m

      at Object.process.env.NODE_ENV.exports.create (node_modules/react-test-renderer/cjs/react-test-renderer.development.js:14598:17)
      at create (node_modules/@testing-library/react-native/src/render-act.ts:15:29)
      at callback (node_modules/@testing-library/react-native/src/act.ts:31:24)
      at process.env.NODE_ENV.exports.act (node_modules/react/cjs/react.development.js:789:22)
      at actImplementation (node_modules/@testing-library/react-native/src/act.ts:30:25)
      at renderWithAct (node_modules/@testing-library/react-native/src/render-act.ts:13:11)
      at renderInternal (node_modules/@testing-library/react-native/src/render.tsx:69:33)
      at renderInternal (node_modules/@testing-library/react-native/src/render.tsx:44:10)
      at Object.<anonymous> (src/features/racetrack/components/RacetrackLayout/RacetrackLayout.test.tsx:109:37)

  console.error
    react-test-renderer is deprecated. See https://react.dev/warnings/react-test-renderer

    [0m [90m  6 |[39m
     [90m  7 |[39m [36mconst[39m renderWithProviders [33m=[39m (component[33m:[39m [33mReact[39m[33m.[39m[33mReactElement[39m) [33m=>[39m {
    [31m[1m>[22m[39m[90m  8 |[39m   [36mreturn[39m render(
     [90m    |[39m                [31m[1m^[22m[39m
     [90m  9 |[39m     [33m<[39m[33mSettingsProvider[39m[33m>[39m
     [90m 10 |[39m       [33m<[39m[33mThemeProvider[39m[33m>[39m{component}[33m<[39m[33m/[39m[33mThemeProvider[39m[33m>[39m
     [90m 11 |[39m     [33m<[39m[33m/[39m[33mSettingsProvider[39m[33m>[39m[0m

      at Object.process.env.NODE_ENV.exports.create (node_modules/react-test-renderer/cjs/react-test-renderer.development.js:14598:17)
      at create (node_modules/@testing-library/react-native/src/render-act.ts:15:29)
      at callback (node_modules/@testing-library/react-native/src/act.ts:31:24)
      at process.env.NODE_ENV.exports.act (node_modules/react/cjs/react.development.js:789:22)
      at actImplementation (node_modules/@testing-library/react-native/src/act.ts:30:25)
      at renderWithAct (node_modules/@testing-library/react-native/src/render-act.ts:13:11)
      at renderInternal (node_modules/@testing-library/react-native/src/render.tsx:69:33)
      at renderInternal (node_modules/@testing-library/react-native/src/render.tsx:44:10)
      at renderWithProviders (src/features/racetrack-sector-training/screens/SectorTrainingScreen/SectorTrainingScreen.test.tsx:8:16)
      at renderWithProviders (src/features/racetrack-sector-training/screens/SectorTrainingScreen/SectorTrainingScreen.test.tsx:47:28)
          at Array.forEach (<anonymous>)
      at Object.forEach (src/features/racetrack-sector-training/screens/SectorTrainingScreen/SectorTrainingScreen.test.tsx:45:15)

PASS src/features/racetrack/components/RacetrackLayout/RacetrackLayout.test.tsx
  RacetrackLayout
    rendering
      ΓêÜ should render without crashing (182 ms)
      ΓêÜ should use default width of 350 (86 ms)
      ΓêÜ should accept custom width (27 ms)
      ΓêÜ should calculate height based on VIEWBOX aspect ratio (25 ms)
      ΓêÜ should render with small width (33 ms)
      ΓêÜ should render with large width (51 ms)
    child components
      ΓêÜ should render RacetrackTrackSvg component (114 ms)
      ΓêÜ should render RacetrackOverlays component (21 ms)
      ΓêÜ should pass width and height to child components (27 ms)
    event handlers
      ΓêÜ should accept onNumberPress handler (126 ms)
      ΓêÜ should accept onSectionPress handler (48 ms)
      ΓêÜ should accept both event handlers (27 ms)
      ΓêÜ should handle undefined event handlers (18 ms)
    styling
      ΓêÜ should apply container styles (21 ms)
      ΓêÜ should center align items (26 ms)
    aspect ratio calculation
      ΓêÜ should maintain aspect ratio with width 350 (51 ms)
      ΓêÜ should maintain aspect ratio with different widths (55 ms)

  console.error
    react-test-renderer is deprecated. See https://react.dev/warnings/react-test-renderer

    [0m [90m  6 |[39m   describe([32m'rendering'[39m[33m,[39m () [33m=>[39m {
     [90m  7 |[39m     it([32m'should render without crashing'[39m[33m,[39m () [33m=>[39m {
    [31m[1m>[22m[39m[90m  8 |[39m       [36mconst[39m { root } [33m=[39m render([33m<[39m[33mRacetrackTrackSvg[39m width[33m=[39m{[35m350[39m} height[33m=[39m{[35m140[39m} [33m/[39m[33m>[39m)[33m;[39m
     [90m    |[39m                              [31m[1m^[22m[39m
     [90m  9 |[39m       expect(root)[33m.[39mtoBeDefined()[33m;[39m
     [90m 10 |[39m     })[33m;[39m
     [90m 11 |[39m[0m

      at Object.process.env.NODE_ENV.exports.create (node_modules/react-test-renderer/cjs/react-test-renderer.development.js:14598:17)
      at create (node_modules/@testing-library/react-native/src/render-act.ts:15:29)
      at callback (node_modules/@testing-library/react-native/src/act.ts:31:24)
      at process.env.NODE_ENV.exports.act (node_modules/react/cjs/react.development.js:789:22)
      at actImplementation (node_modules/@testing-library/react-native/src/act.ts:30:25)
      at renderWithAct (node_modules/@testing-library/react-native/src/render-act.ts:13:11)
      at renderInternal (node_modules/@testing-library/react-native/src/render.tsx:69:33)
      at renderInternal (node_modules/@testing-library/react-native/src/render.tsx:44:10)
      at Object.<anonymous> (src/features/racetrack/components/RacetrackTrackSvg/RacetrackTrackSvg.test.tsx:8:30)

  console.error
    react-test-renderer is deprecated. See https://react.dev/warnings/react-test-renderer

    [0m [90m 11 |[39m
     [90m 12 |[39m     it([32m'should render with different widths'[39m[33m,[39m () [33m=>[39m {
    [31m[1m>[22m[39m[90m 13 |[39m       [36mconst[39m { root[33m:[39m root1 } [33m=[39m render([33m<[39m[33mRacetrackTrackSvg[39m width[33m=[39m{[35m200[39m} height[33m=[39m{[35m80[39m} [33m/[39m[33m>[39m)[33m;[39m
     [90m    |[39m                                     [31m[1m^[22m[39m
     [90m 14 |[39m       [36mconst[39m { root[33m:[39m root2 } [33m=[39m render([33m<[39m[33mRacetrackTrackSvg[39m width[33m=[39m{[35m500[39m} height[33m=[39m{[35m200[39m} [33m/[39m[33m>[39m)[33m;[39m
     [90m 15 |[39m       expect(root1)[33m.[39mtoBeDefined()[33m;[39m
     [90m 16 |[39m       expect(root2)[33m.[39mtoBeDefined()[33m;[39m[0m

      at Object.process.env.NODE_ENV.exports.create (node_modules/react-test-renderer/cjs/react-test-renderer.development.js:14598:17)
      at create (node_modules/@testing-library/react-native/src/render-act.ts:15:29)
      at callback (node_modules/@testing-library/react-native/src/act.ts:31:24)
      at process.env.NODE_ENV.exports.act (node_modules/react/cjs/react.development.js:789:22)
      at actImplementation (node_modules/@testing-library/react-native/src/act.ts:30:25)
      at renderWithAct (node_modules/@testing-library/react-native/src/render-act.ts:13:11)
      at renderInternal (node_modules/@testing-library/react-native/src/render.tsx:69:33)
      at renderInternal (node_modules/@testing-library/react-native/src/render.tsx:44:10)
      at Object.<anonymous> (src/features/racetrack/components/RacetrackTrackSvg/RacetrackTrackSvg.test.tsx:13:37)

  console.error
    react-test-renderer is deprecated. See https://react.dev/warnings/react-test-renderer

    [0m [90m  6 |[39m
     [90m  7 |[39m [36mconst[39m renderWithProviders [33m=[39m (component[33m:[39m [33mReact[39m[33m.[39m[33mReactElement[39m) [33m=>[39m {
    [31m[1m>[22m[39m[90m  8 |[39m   [36mreturn[39m render(
     [90m    |[39m                [31m[1m^[22m[39m
     [90m  9 |[39m     [33m<[39m[33mSettingsProvider[39m[33m>[39m
     [90m 10 |[39m       [33m<[39m[33mThemeProvider[39m[33m>[39m{component}[33m<[39m[33m/[39m[33mThemeProvider[39m[33m>[39m
     [90m 11 |[39m     [33m<[39m[33m/[39m[33mSettingsProvider[39m[33m>[39m[0m

      at Object.process.env.NODE_ENV.exports.create (node_modules/react-test-renderer/cjs/react-test-renderer.development.js:14598:17)
      at create (node_modules/@testing-library/react-native/src/render-act.ts:15:29)
      at callback (node_modules/@testing-library/react-native/src/act.ts:31:24)
      at process.env.NODE_ENV.exports.act (node_modules/react/cjs/react.development.js:789:22)
      at actImplementation (node_modules/@testing-library/react-native/src/act.ts:30:25)
      at renderWithAct (node_modules/@testing-library/react-native/src/render-act.ts:13:11)
      at renderInternal (node_modules/@testing-library/react-native/src/render.tsx:69:33)
      at renderInternal (node_modules/@testing-library/react-native/src/render.tsx:44:10)
      at renderWithProviders (src/features/racetrack-sector-training/screens/SectorTrainingScreen/SectorTrainingScreen.test.tsx:8:16)
      at renderWithProviders (src/features/racetrack-sector-training/screens/SectorTrainingScreen/SectorTrainingScreen.test.tsx:47:28)
          at Array.forEach (<anonymous>)
      at Object.forEach (src/features/racetrack-sector-training/screens/SectorTrainingScreen/SectorTrainingScreen.test.tsx:45:15)

  console.error
    react-test-renderer is deprecated. See https://react.dev/warnings/react-test-renderer

    [0m [90m 12 |[39m     it([32m'should render with different widths'[39m[33m,[39m () [33m=>[39m {
     [90m 13 |[39m       [36mconst[39m { root[33m:[39m root1 } [33m=[39m render([33m<[39m[33mRacetrackTrackSvg[39m width[33m=[39m{[35m200[39m} height[33m=[39m{[35m80[39m} [33m/[39m[33m>[39m)[33m;[39m
    [31m[1m>[22m[39m[90m 14 |[39m       [36mconst[39m { root[33m:[39m root2 } [33m=[39m render([33m<[39m[33mRacetrackTrackSvg[39m width[33m=[39m{[35m500[39m} height[33m=[39m{[35m200[39m} [33m/[39m[33m>[39m)[33m;[39m
     [90m    |[39m                                     [31m[1m^[22m[39m
     [90m 15 |[39m       expect(root1)[33m.[39mtoBeDefined()[33m;[39m
     [90m 16 |[39m       expect(root2)[33m.[39mtoBeDefined()[33m;[39m
     [90m 17 |[39m     })[33m;[39m[0m

      at Object.process.env.NODE_ENV.exports.create (node_modules/react-test-renderer/cjs/react-test-renderer.development.js:14598:17)
      at create (node_modules/@testing-library/react-native/src/render-act.ts:15:29)
      at callback (node_modules/@testing-library/react-native/src/act.ts:31:24)
      at process.env.NODE_ENV.exports.act (node_modules/react/cjs/react.development.js:789:22)
      at actImplementation (node_modules/@testing-library/react-native/src/act.ts:30:25)
      at renderWithAct (node_modules/@testing-library/react-native/src/render-act.ts:13:11)
      at renderInternal (node_modules/@testing-library/react-native/src/render.tsx:69:33)
      at renderInternal (node_modules/@testing-library/react-native/src/render.tsx:44:10)
      at Object.<anonymous> (src/features/racetrack/components/RacetrackTrackSvg/RacetrackTrackSvg.test.tsx:14:37)

FAIL src/features/cash-conversion-training/screens/CashConversionTrainingScreen/CashConversionTrainingScreen.test.tsx
  ΓùÅ Test suite failed to run

    SyntaxError: C:\Users\ivans\Desktop\Dev\CasinoTrainingApp\src\styles\textStyles.ts: Unexpected token, expected "(" (22:9)

      20 |     marginBottom: 4,
      21 |   } as TextStyle,
    > 22 |    * Size: 18px, Weight: 700, Color: Gold
         |          ^
      23 |    */
      24 |   goldTitle: {
      25 |     fontSize: 18,

      27 |
      28 | // Text style factories
    > 29 | export { createTextStyles } from './textStyles';
         | ^
      30 | export type { TextStyles } from './textStyles';
      31 |

      at constructor (node_modules/@babel/parser/src/parse-error.ts:95:45)
      at TypeScriptParserMixin.toParseError [as raise] (node_modules/@babel/parser/src/tokenizer/index.ts:1504:19)
      at TypeScriptParserMixin.raise [as unexpected] (node_modules/@babel/parser/src/tokenizer/index.ts:1544:16)
      at TypeScriptParserMixin.unexpected [as expect] (node_modules/@babel/parser/src/parser/util.ts:157:12)
      at TypeScriptParserMixin.expect (node_modules/@babel/parser/src/parser/statement.ts:1726:10)
      at TypeScriptParserMixin.parseFunctionParams (node_modules/@babel/parser/src/plugins/typescript/index.ts:3692:13)
      at TypeScriptParserMixin.parseFunctionParams (node_modules/@babel/parser/src/parser/expression.ts:2491:10)
      at TypeScriptParserMixin.parseMethod (node_modules/@babel/parser/src/plugins/typescript/index.ts:4312:28)
      at TypeScriptParserMixin.parseMethod [as parseObjectMethod] (node_modules/@babel/parser/src/parser/expression.ts:2300:19)
      at TypeScriptParserMixin.parseObjectMethod (node_modules/@babel/parser/src/parser/expression.ts:2381:24)
      at TypeScriptParserMixin.parseObjPropValue (node_modules/@babel/parser/src/plugins/typescript/index.ts:3675:20)
      at TypeScriptParserMixin.parseObjPropValue [as parsePropertyDefinition] (node_modules/@babel/parser/src/parser/expression.ts:2228:17)
      at TypeScriptParserMixin.parsePropertyDefinition [as parseObjectLike] (node_modules/@babel/parser/src/parser/expression.ts:2095:21)
      at TypeScriptParserMixin.parseObjectLike [as parseExprAtom] (node_modules/@babel/parser/src/parser/expression.ts:1181:21)
      at TypeScriptParserMixin.parseExprAtom [as parseExprSubscripts] (node_modules/@babel/parser/src/parser/expression.ts:742:23)
      at TypeScriptParserMixin.parseExprSubscripts [as parseUpdate] (node_modules/@babel/parser/src/parser/expression.ts:721:21)
      at TypeScriptParserMixin.parseUpdate (node_modules/@babel/parser/src/parser/expression.ts:683:23)
      at TypeScriptParserMixin.parseMaybeUnary (node_modules/@babel/parser/src/plugins/typescript/index.ts:3893:20)
      at TypeScriptParserMixin.parseMaybeUnary [as parseMaybeUnaryOrPrivate] (node_modules/@babel/parser/src/parser/expression.ts:417:14)
      at TypeScriptParserMixin.parseMaybeUnaryOrPrivate [as parseExprOps] (node_modules/@babel/parser/src/parser/expression.ts:429:23)
      at TypeScriptParserMixin.parseExprOps [as parseMaybeConditional] (node_modules/@babel/parser/src/parser/expression.ts:384:23)
      at TypeScriptParserMixin.parseMaybeConditional (node_modules/@babel/parser/src/parser/expression.ts:301:21)
      at TypeScriptParserMixin.parseMaybeAssign (node_modules/@babel/parser/src/plugins/typescript/index.ts:3764:22)
      at parseMaybeAssign (node_modules/@babel/parser/src/parser/expression.ts:257:12)
      at TypeScriptParserMixin.callback [as allowInAnd] (node_modules/@babel/parser/src/parser/expression.ts:3194:12)
      at TypeScriptParserMixin.allowInAnd [as parseMaybeAssignAllowIn] (node_modules/@babel/parser/src/parser/expression.ts:256:17)
      at TypeScriptParserMixin.parseMaybeAssignAllowIn [as parseMaybeAssignAllowInOrVoidPattern] (node_modules/@babel/parser/src/parser/expression.ts:3308:17)
      at TypeScriptParserMixin.parseMaybeAssignAllowInOrVoidPattern [as parseParenAndDistinguishExpression] (node_modules/@babel/parser/src/parser/expression.ts:1822:16)
      at TypeScriptParserMixin.parseParenAndDistinguishExpression [as parseExprAtom] (node_modules/@babel/parser/src/parser/expression.ts:1170:21)
      at TypeScriptParserMixin.parseExprAtom [as parseExprSubscripts] (node_modules/@babel/parser/src/parser/expression.ts:742:23)
      at TypeScriptParserMixin.parseExprSubscripts [as parseUpdate] (node_modules/@babel/parser/src/parser/expression.ts:721:21)
      at TypeScriptParserMixin.parseUpdate (node_modules/@babel/parser/src/parser/expression.ts:683:23)
      at TypeScriptParserMixin.parseMaybeUnary (node_modules/@babel/parser/src/plugins/typescript/index.ts:3893:20)
      at TypeScriptParserMixin.parseMaybeUnary [as parseMaybeUnaryOrPrivate] (node_modules/@babel/parser/src/parser/expression.ts:417:14)
      at TypeScriptParserMixin.parseMaybeUnaryOrPrivate [as parseExprOps] (node_modules/@babel/parser/src/parser/expression.ts:429:23)
      at TypeScriptParserMixin.parseExprOps [as parseMaybeConditional] (node_modules/@babel/parser/src/parser/expression.ts:384:23)
      at TypeScriptParserMixin.parseMaybeConditional (node_modules/@babel/parser/src/parser/expression.ts:301:21)
      at TypeScriptParserMixin.parseMaybeAssign (node_modules/@babel/parser/src/plugins/typescript/index.ts:3764:22)
      at TypeScriptParserMixin.parseMaybeAssign [as parseFunctionBody] (node_modules/@babel/parser/src/parser/expression.ts:2604:14)
      at TypeScriptParserMixin.parseFunctionBody [as parseArrowExpression] (node_modules/@babel/parser/src/parser/expression.ts:2559:10)
      at TypeScriptParserMixin.parseArrowExpression [as parseParenAndDistinguishExpression] (node_modules/@babel/parser/src/parser/expression.ts:1847:12)
      at TypeScriptParserMixin.parseParenAndDistinguishExpression [as parseExprAtom] (node_modules/@babel/parser/src/parser/expression.ts:1170:21)
      at TypeScriptParserMixin.parseExprAtom [as parseExprSubscripts] (node_modules/@babel/parser/src/parser/expression.ts:742:23)
      at TypeScriptParserMixin.parseExprSubscripts [as parseUpdate] (node_modules/@babel/parser/src/parser/expression.ts:721:21)
      at TypeScriptParserMixin.parseUpdate (node_modules/@babel/parser/src/parser/expression.ts:683:23)
      at TypeScriptParserMixin.parseMaybeUnary (node_modules/@babel/parser/src/plugins/typescript/index.ts:3893:20)
      at TypeScriptParserMixin.parseMaybeUnary [as parseMaybeUnaryOrPrivate] (node_modules/@babel/parser/src/parser/expression.ts:417:14)
      at TypeScriptParserMixin.parseMaybeUnaryOrPrivate [as parseExprOps] (node_modules/@babel/parser/src/parser/expression.ts:429:23)
      at TypeScriptParserMixin.parseExprOps [as parseMaybeConditional] (node_modules/@babel/parser/src/parser/expression.ts:384:23)
      at TypeScriptParserMixin.parseMaybeConditional (node_modules/@babel/parser/src/parser/expression.ts:301:21)
      at TypeScriptParserMixin.parseMaybeAssign (node_modules/@babel/parser/src/plugins/typescript/index.ts:3764:22)
      at parseMaybeAssign (node_modules/@babel/parser/src/parser/expression.ts:257:12)
      at TypeScriptParserMixin.callback [as allowInAnd] (node_modules/@babel/parser/src/parser/expression.ts:3189:16)
      at TypeScriptParserMixin.allowInAnd [as parseMaybeAssignAllowIn] (node_modules/@babel/parser/src/parser/expression.ts:256:17)
      at TypeScriptParserMixin.parseMaybeAssignAllowIn [as parseVar] (node_modules/@babel/parser/src/parser/statement.ts:1587:18)
      at TypeScriptParserMixin.parseVar (node_modules/@babel/parser/src/parser/statement.ts:1251:10)
      at TypeScriptParserMixin.parseVarStatement (node_modules/@babel/parser/src/plugins/typescript/index.ts:3085:33)
      at TypeScriptParserMixin.parseVarStatement (node_modules/@babel/parser/src/parser/statement.ts:612:21)
      at TypeScriptParserMixin.parseStatementContent (node_modules/@babel/parser/src/plugins/typescript/index.ts:3220:20)
      at TypeScriptParserMixin.parseStatementContent [as parseStatementLike] (node_modules/@babel/parser/src/parser/statement.ts:482:17)
      at TypeScriptParserMixin.parseStatementLike [as parseStatementListItem] (node_modules/@babel/parser/src/parser/statement.ts:431:17)
      at TypeScriptParserMixin.parseStatementListItem (node_modules/@babel/parser/src/parser/statement.ts:2635:17)
      at TypeScriptParserMixin.parseExportDeclaration (node_modules/@babel/parser/src/plugins/typescript/index.ts:3447:15)
      at TypeScriptParserMixin.parseExportDeclaration [as maybeParseExportDeclaration] (node_modules/@babel/parser/src/parser/statement.ts:2551:31)
      at TypeScriptParserMixin.maybeParseExportDeclaration (node_modules/@babel/parser/src/parser/statement.ts:2432:29)
      at TypeScriptParserMixin.parseExport (node_modules/@babel/parser/src/plugins/typescript/index.ts:3046:22)
      at TypeScriptParserMixin.parseExport (node_modules/@babel/parser/src/parser/statement.ts:649:25)
      at TypeScriptParserMixin.parseStatementContent (node_modules/@babel/parser/src/plugins/typescript/index.ts:3220:20)
      at TypeScriptParserMixin.parseStatementContent [as parseStatementLike] (node_modules/@babel/parser/src/parser/statement.ts:482:17)
      at TypeScriptParserMixin.parseStatementLike [as parseModuleItem] (node_modules/@babel/parser/src/parser/statement.ts:419:17)
      at TypeScriptParserMixin.parseModuleItem [as parseBlockOrModuleBlockBody] (node_modules/@babel/parser/src/parser/statement.ts:1443:16)
      at TypeScriptParserMixin.parseBlockOrModuleBlockBody [as parseBlockBody] (node_modules/@babel/parser/src/parser/statement.ts:1417:10)
      at TypeScriptParserMixin.parseBlockBody [as parseProgram] (node_modules/@babel/parser/src/parser/statement.ts:229:10)
      at TypeScriptParserMixin.parseProgram [as parseTopLevel] (node_modules/@babel/parser/src/parser/statement.ts:203:25)
      at TypeScriptParserMixin.parseTopLevel (node_modules/@babel/parser/src/parser/index.ts:83:25)
      at TypeScriptParserMixin.parse (node_modules/@babel/parser/src/plugins/typescript/index.ts:4354:20)
      at parse (node_modules/@babel/parser/src/index.ts:86:38)
      at parser (node_modules/@babel/core/src/parser/index.ts:29:19)
          at parser.next (<anonymous>)
      at normalizeFile (node_modules/@babel/core/src/transformation/normalize-file.ts:50:24)
          at normalizeFile.next (<anonymous>)
      at run (node_modules/@babel/core/src/transformation/index.ts:41:36)
          at run.next (<anonymous>)
      at transform (node_modules/@babel/core/src/transform.ts:29:20)
          at transform.next (<anonymous>)
      at evaluateSync (node_modules/gensync/index.js:251:28)
      at sync (node_modules/gensync/index.js:89:14)
      at fn (node_modules/@babel/core/src/errors/rewrite-stack-trace.ts:99:14)
      at transformSync (node_modules/@babel/core/src/transform.ts:66:52)
      at Object.require (src/styles/index.ts:29:1)

  console.error
    react-test-renderer is deprecated. See https://react.dev/warnings/react-test-renderer

    [0m [90m 18 |[39m
     [90m 19 |[39m     it([32m'should render with different heights'[39m[33m,[39m () [33m=>[39m {
    [31m[1m>[22m[39m[90m 20 |[39m       [36mconst[39m { root[33m:[39m root1 } [33m=[39m render([33m<[39m[33mRacetrackTrackSvg[39m width[33m=[39m{[35m350[39m} height[33m=[39m{[35m100[39m} [33m/[39m[33m>[39m)[33m;[39m
     [90m    |[39m                                     [31m[1m^[22m[39m
     [90m 21 |[39m       [36mconst[39m { root[33m:[39m root2 } [33m=[39m render([33m<[39m[33mRacetrackTrackSvg[39m width[33m=[39m{[35m350[39m} height[33m=[39m{[35m250[39m} [33m/[39m[33m>[39m)[33m;[39m
     [90m 22 |[39m       expect(root1)[33m.[39mtoBeDefined()[33m;[39m
     [90m 23 |[39m       expect(root2)[33m.[39mtoBeDefined()[33m;[39m[0m

      at Object.process.env.NODE_ENV.exports.create (node_modules/react-test-renderer/cjs/react-test-renderer.development.js:14598:17)
      at create (node_modules/@testing-library/react-native/src/render-act.ts:15:29)
      at callback (node_modules/@testing-library/react-native/src/act.ts:31:24)
      at process.env.NODE_ENV.exports.act (node_modules/react/cjs/react.development.js:789:22)
      at actImplementation (node_modules/@testing-library/react-native/src/act.ts:30:25)
      at renderWithAct (node_modules/@testing-library/react-native/src/render-act.ts:13:11)
      at renderInternal (node_modules/@testing-library/react-native/src/render.tsx:69:33)
      at renderInternal (node_modules/@testing-library/react-native/src/render.tsx:44:10)
      at Object.<anonymous> (src/features/racetrack/components/RacetrackTrackSvg/RacetrackTrackSvg.test.tsx:20:37)

  console.error
    react-test-renderer is deprecated. See https://react.dev/warnings/react-test-renderer

    [0m [90m 19 |[39m     it([32m'should render with different heights'[39m[33m,[39m () [33m=>[39m {
     [90m 20 |[39m       [36mconst[39m { root[33m:[39m root1 } [33m=[39m render([33m<[39m[33mRacetrackTrackSvg[39m width[33m=[39m{[35m350[39m} height[33m=[39m{[35m100[39m} [33m/[39m[33m>[39m)[33m;[39m
    [31m[1m>[22m[39m[90m 21 |[39m       [36mconst[39m { root[33m:[39m root2 } [33m=[39m render([33m<[39m[33mRacetrackTrackSvg[39m width[33m=[39m{[35m350[39m} height[33m=[39m{[35m250[39m} [33m/[39m[33m>[39m)[33m;[39m
     [90m    |[39m                                     [31m[1m^[22m[39m
     [90m 22 |[39m       expect(root1)[33m.[39mtoBeDefined()[33m;[39m
     [90m 23 |[39m       expect(root2)[33m.[39mtoBeDefined()[33m;[39m
     [90m 24 |[39m     })[33m;[39m[0m

      at Object.process.env.NODE_ENV.exports.create (node_modules/react-test-renderer/cjs/react-test-renderer.development.js:14598:17)
      at create (node_modules/@testing-library/react-native/src/render-act.ts:15:29)
      at callback (node_modules/@testing-library/react-native/src/act.ts:31:24)
      at process.env.NODE_ENV.exports.act (node_modules/react/cjs/react.development.js:789:22)
      at actImplementation (node_modules/@testing-library/react-native/src/act.ts:30:25)
      at renderWithAct (node_modules/@testing-library/react-native/src/render-act.ts:13:11)
      at renderInternal (node_modules/@testing-library/react-native/src/render.tsx:69:33)
      at renderInternal (node_modules/@testing-library/react-native/src/render.tsx:44:10)
      at Object.<anonymous> (src/features/racetrack/components/RacetrackTrackSvg/RacetrackTrackSvg.test.tsx:21:37)

  console.error
    An update to SettingsProvider inside a test was not wrapped in act(...).
    
    When testing, code that causes React state updates should be wrapped into act(...):
    
    act(() => {
      /* fire events that update state */
    });
    /* assert on the output */
    
    This ensures that you're testing the behavior the user would see in the browser. Learn more at https://react.dev/link/wrap-tests-with-act

    [0m [90m 30 |[39m         [90m// Use defaults if load fails[39m
     [90m 31 |[39m       } [36mfinally[39m {
    [31m[1m>[22m[39m[90m 32 |[39m         setIsLoaded([36mtrue[39m)[33m;[39m
     [90m    |[39m         [31m[1m^[22m[39m
     [90m 33 |[39m       }
     [90m 34 |[39m     }[33m;[39m
     [90m 35 |[39m     loadSettings()[33m;[39m[0m

      at node_modules/react-test-renderer/cjs/react-test-renderer.development.js:11801:19
      at runWithFiberInDEV (node_modules/react-test-renderer/cjs/react-test-renderer.development.js:1574:13)
      at warnIfUpdatesNotWrappedWithActDEV (node_modules/react-test-renderer/cjs/react-test-renderer.development.js:11800:9)
      at scheduleUpdateOnFiber (node_modules/react-test-renderer/cjs/react-test-renderer.development.js:10326:9)
      at dispatchSetStateInternal (node_modules/react-test-renderer/cjs/react-test-renderer.development.js:4148:13)
      at dispatchSetState (node_modules/react-test-renderer/cjs/react-test-renderer.development.js:4107:7)
      at setIsLoaded (src/contexts/SettingsContext.tsx:32:9)

  console.error
    An update to SettingsProvider inside a test was not wrapped in act(...).
    
    When testing, code that causes React state updates should be wrapped into act(...):
    
    act(() => {
      /* fire events that update state */
    });
    /* assert on the output */
    
    This ensures that you're testing the behavior the user would see in the browser. Learn more at https://react.dev/link/wrap-tests-with-act

    [0m [90m 30 |[39m         [90m// Use defaults if load fails[39m
     [90m 31 |[39m       } [36mfinally[39m {
    [31m[1m>[22m[39m[90m 32 |[39m         setIsLoaded([36mtrue[39m)[33m;[39m
     [90m    |[39m         [31m[1m^[22m[39m
     [90m 33 |[39m       }
     [90m 34 |[39m     }[33m;[39m
     [90m 35 |[39m     loadSettings()[33m;[39m[0m

      at node_modules/react-test-renderer/cjs/react-test-renderer.development.js:11801:19
      at runWithFiberInDEV (node_modules/react-test-renderer/cjs/react-test-renderer.development.js:1574:13)
      at warnIfUpdatesNotWrappedWithActDEV (node_modules/react-test-renderer/cjs/react-test-renderer.development.js:11800:9)
      at scheduleUpdateOnFiber (node_modules/react-test-renderer/cjs/react-test-renderer.development.js:10326:9)
      at dispatchSetStateInternal (node_modules/react-test-renderer/cjs/react-test-renderer.development.js:4148:13)
      at dispatchSetState (node_modules/react-test-renderer/cjs/react-test-renderer.development.js:4107:7)
      at setIsLoaded (src/contexts/SettingsContext.tsx:32:9)

  console.error
    An update to SettingsProvider inside a test was not wrapped in act(...).
    
    When testing, code that causes React state updates should be wrapped into act(...):
    
    act(() => {
      /* fire events that update state */
    });
    /* assert on the output */
    
    This ensures that you're testing the behavior the user would see in the browser. Learn more at https://react.dev/link/wrap-tests-with-act

    [0m [90m 30 |[39m         [90m// Use defaults if load fails[39m
     [90m 31 |[39m       } [36mfinally[39m {
    [31m[1m>[22m[39m[90m 32 |[39m         setIsLoaded([36mtrue[39m)[33m;[39m
     [90m    |[39m         [31m[1m^[22m[39m
     [90m 33 |[39m       }
     [90m 34 |[39m     }[33m;[39m
     [90m 35 |[39m     loadSettings()[33m;[39m[0m

      at node_modules/react-test-renderer/cjs/react-test-renderer.development.js:11801:19
      at runWithFiberInDEV (node_modules/react-test-renderer/cjs/react-test-renderer.development.js:1574:13)
      at warnIfUpdatesNotWrappedWithActDEV (node_modules/react-test-renderer/cjs/react-test-renderer.development.js:11800:9)
      at scheduleUpdateOnFiber (node_modules/react-test-renderer/cjs/react-test-renderer.development.js:10326:9)
      at dispatchSetStateInternal (node_modules/react-test-renderer/cjs/react-test-renderer.development.js:4148:13)
      at dispatchSetState (node_modules/react-test-renderer/cjs/react-test-renderer.development.js:4107:7)
      at setIsLoaded (src/contexts/SettingsContext.tsx:32:9)

  console.error
    react-test-renderer is deprecated. See https://react.dev/warnings/react-test-renderer

    [0m [90m 29 |[39m       [36mconst[39m width [33m=[39m [35m350[39m[33m;[39m
     [90m 30 |[39m       [36mconst[39m height [33m=[39m [35m140[39m[33m;[39m
    [31m[1m>[22m[39m[90m 31 |[39m       [36mconst[39m { root } [33m=[39m render([33m<[39m[33mRacetrackTrackSvg[39m width[33m=[39m{width} height[33m=[39m{height} [33m/[39m[33m>[39m)[33m;[39m
     [90m    |[39m                              [31m[1m^[22m[39m
     [90m 32 |[39m       expect(root)[33m.[39mtoBeDefined()[33m;[39m
     [90m 33 |[39m     })[33m;[39m
     [90m 34 |[39m[0m

      at Object.process.env.NODE_ENV.exports.create (node_modules/react-test-renderer/cjs/react-test-renderer.development.js:14598:17)
      at create (node_modules/@testing-library/react-native/src/render-act.ts:15:29)
      at callback (node_modules/@testing-library/react-native/src/act.ts:31:24)
      at process.env.NODE_ENV.exports.act (node_modules/react/cjs/react.development.js:789:22)
      at actImplementation (node_modules/@testing-library/react-native/src/act.ts:30:25)
      at renderWithAct (node_modules/@testing-library/react-native/src/render-act.ts:13:11)
      at renderInternal (node_modules/@testing-library/react-native/src/render.tsx:69:33)
      at renderInternal (node_modules/@testing-library/react-native/src/render.tsx:44:10)
      at Object.<anonymous> (src/features/racetrack/components/RacetrackTrackSvg/RacetrackTrackSvg.test.tsx:31:30)

  console.error
    An update to SettingsProvider inside a test was not wrapped in act(...).
    
    When testing, code that causes React state updates should be wrapped into act(...):
    
    act(() => {
      /* fire events that update state */
    });
    /* assert on the output */
    
    This ensures that you're testing the behavior the user would see in the browser. Learn more at https://react.dev/link/wrap-tests-with-act

    [0m [90m 30 |[39m         [90m// Use defaults if load fails[39m
     [90m 31 |[39m       } [36mfinally[39m {
    [31m[1m>[22m[39m[90m 32 |[39m         setIsLoaded([36mtrue[39m)[33m;[39m
     [90m    |[39m         [31m[1m^[22m[39m
     [90m 33 |[39m       }
     [90m 34 |[39m     }[33m;[39m
     [90m 35 |[39m     loadSettings()[33m;[39m[0m

      at node_modules/react-test-renderer/cjs/react-test-renderer.development.js:11801:19
      at runWithFiberInDEV (node_modules/react-test-renderer/cjs/react-test-renderer.development.js:1574:13)
      at warnIfUpdatesNotWrappedWithActDEV (node_modules/react-test-renderer/cjs/react-test-renderer.development.js:11800:9)
      at scheduleUpdateOnFiber (node_modules/react-test-renderer/cjs/react-test-renderer.development.js:10326:9)
      at dispatchSetStateInternal (node_modules/react-test-renderer/cjs/react-test-renderer.development.js:4148:13)
      at dispatchSetState (node_modules/react-test-renderer/cjs/react-test-renderer.development.js:4107:7)
      at setIsLoaded (src/contexts/SettingsContext.tsx:32:9)

  console.error
    An update to SettingsProvider inside a test was not wrapped in act(...).
    
    When testing, code that causes React state updates should be wrapped into act(...):
    
    act(() => {
      /* fire events that update state */
    });
    /* assert on the output */
    
    This ensures that you're testing the behavior the user would see in the browser. Learn more at https://react.dev/link/wrap-tests-with-act

    [0m [90m 30 |[39m         [90m// Use defaults if load fails[39m
     [90m 31 |[39m       } [36mfinally[39m {
    [31m[1m>[22m[39m[90m 32 |[39m         setIsLoaded([36mtrue[39m)[33m;[39m
     [90m    |[39m         [31m[1m^[22m[39m
     [90m 33 |[39m       }
     [90m 34 |[39m     }[33m;[39m
     [90m 35 |[39m     loadSettings()[33m;[39m[0m

      at node_modules/react-test-renderer/cjs/react-test-renderer.development.js:11801:19
      at runWithFiberInDEV (node_modules/react-test-renderer/cjs/react-test-renderer.development.js:1574:13)
      at warnIfUpdatesNotWrappedWithActDEV (node_modules/react-test-renderer/cjs/react-test-renderer.development.js:11800:9)
      at scheduleUpdateOnFiber (node_modules/react-test-renderer/cjs/react-test-renderer.development.js:10326:9)
      at dispatchSetStateInternal (node_modules/react-test-renderer/cjs/react-test-renderer.development.js:4148:13)
      at dispatchSetState (node_modules/react-test-renderer/cjs/react-test-renderer.development.js:4107:7)
      at setIsLoaded (src/contexts/SettingsContext.tsx:32:9)

  console.error
    react-test-renderer is deprecated. See https://react.dev/warnings/react-test-renderer

    [0m [90m 54 |[39m   describe([32m'rendering - even money bets'[39m[33m,[39m () [33m=>[39m {
     [90m 55 |[39m     it([32m'should render 1-18 bet'[39m[33m,[39m () [33m=>[39m {
    [31m[1m>[22m[39m[90m 56 |[39m       [36mconst[39m { getByText } [33m=[39m render([33m<[39m[33mRouletteOutsideBets[39m {[33m...[39mdefaultProps} [33m/[39m[33m>[39m)[33m;[39m
     [90m    |[39m                                   [31m[1m^[22m[39m
     [90m 57 |[39m       expect(getByText([32m'1-18'[39m))[33m.[39mtoBeTruthy()[33m;[39m
     [90m 58 |[39m     })[33m;[39m
     [90m 59 |[39m[0m

      at Object.process.env.NODE_ENV.exports.create (node_modules/react-test-renderer/cjs/react-test-renderer.development.js:14598:17)
      at create (node_modules/@testing-library/react-native/src/render-act.ts:15:29)
      at callback (node_modules/@testing-library/react-native/src/act.ts:31:24)
      at process.env.NODE_ENV.exports.act (node_modules/react/cjs/react.development.js:789:22)
      at actImplementation (node_modules/@testing-library/react-native/src/act.ts:30:25)
      at renderWithAct (node_modules/@testing-library/react-native/src/render-act.ts:13:11)
      at renderInternal (node_modules/@testing-library/react-native/src/render.tsx:69:33)
      at renderInternal (node_modules/@testing-library/react-native/src/render.tsx:44:10)
      at Object.<anonymous> (src/components/roulette/RouletteOutsideBets.test.tsx:56:35)

  console.error
    react-test-renderer is deprecated. See https://react.dev/warnings/react-test-renderer

    [0m [90m  5 |[39m
     [90m  6 |[39m [36mconst[39m renderWithTheme [33m=[39m (component[33m:[39m [33mReact[39m[33m.[39m[33mReactElement[39m) [33m=>[39m {
    [31m[1m>[22m[39m[90m  7 |[39m   [36mreturn[39m render([33m<[39m[33mThemeProvider[39m[33m>[39m{component}[33m<[39m[33m/[39m[33mThemeProvider[39m[33m>[39m)[33m;[39m
     [90m    |[39m                [31m[1m^[22m[39m
     [90m  8 |[39m }[33m;[39m
     [90m  9 |[39m
     [90m 10 |[39m describe([32m'PositionTrainingScreen'[39m[33m,[39m () [33m=>[39m {[0m

      at Object.process.env.NODE_ENV.exports.create (node_modules/react-test-renderer/cjs/react-test-renderer.development.js:14598:17)
      at create (node_modules/@testing-library/react-native/src/render-act.ts:15:29)
      at callback (node_modules/@testing-library/react-native/src/act.ts:31:24)
      at process.env.NODE_ENV.exports.act (node_modules/react/cjs/react.development.js:789:22)
      at actImplementation (node_modules/@testing-library/react-native/src/act.ts:30:25)
      at renderWithAct (node_modules/@testing-library/react-native/src/render-act.ts:13:11)
      at renderInternal (node_modules/@testing-library/react-native/src/render.tsx:69:33)
      at renderInternal (node_modules/@testing-library/react-native/src/render.tsx:44:10)
      at renderWithTheme (src/features/racetrack-position-training/screens/PositionTrainingScreen/PositionTrainingScreen.test.tsx:7:16)
      at Object.renderWithTheme (src/features/racetrack-position-training/screens/PositionTrainingScreen/PositionTrainingScreen.test.tsx:26:26)

  console.error
    react-test-renderer is deprecated. See https://react.dev/warnings/react-test-renderer

    [0m [90m 59 |[39m
     [90m 60 |[39m     it([32m'should render EVEN bet'[39m[33m,[39m () [33m=>[39m {
    [31m[1m>[22m[39m[90m 61 |[39m       [36mconst[39m { getByText } [33m=[39m render([33m<[39m[33mRouletteOutsideBets[39m {[33m...[39mdefaultProps} [33m/[39m[33m>[39m)[33m;[39m
     [90m    |[39m                                   [31m[1m^[22m[39m
     [90m 62 |[39m       expect(getByText([32m'EVEN'[39m))[33m.[39mtoBeTruthy()[33m;[39m
     [90m 63 |[39m     })[33m;[39m
     [90m 64 |[39m[0m

      at Object.process.env.NODE_ENV.exports.create (node_modules/react-test-renderer/cjs/react-test-renderer.development.js:14598:17)
      at create (node_modules/@testing-library/react-native/src/render-act.ts:15:29)
      at callback (node_modules/@testing-library/react-native/src/act.ts:31:24)
      at process.env.NODE_ENV.exports.act (node_modules/react/cjs/react.development.js:789:22)
      at actImplementation (node_modules/@testing-library/react-native/src/act.ts:30:25)
      at renderWithAct (node_modules/@testing-library/react-native/src/render-act.ts:13:11)
      at renderInternal (node_modules/@testing-library/react-native/src/render.tsx:69:33)
      at renderInternal (node_modules/@testing-library/react-native/src/render.tsx:44:10)
      at Object.<anonymous> (src/components/roulette/RouletteOutsideBets.test.tsx:61:35)

  console.error
    react-test-renderer is deprecated. See https://react.dev/warnings/react-test-renderer

    [0m [90m 34 |[39m
     [90m 35 |[39m     it([32m'should render outer oval path'[39m[33m,[39m () [33m=>[39m {
    [31m[1m>[22m[39m[90m 36 |[39m       [36mconst[39m { root } [33m=[39m render([33m<[39m[33mRacetrackTrackSvg[39m width[33m=[39m{[35m350[39m} height[33m=[39m{[35m140[39m} [33m/[39m[33m>[39m)[33m;[39m
     [90m    |[39m                              [31m[1m^[22m[39m
     [90m 37 |[39m       expect(root)[33m.[39mtoBeDefined()[33m;[39m
     [90m 38 |[39m     })[33m;[39m
     [90m 39 |[39m[0m

      at Object.process.env.NODE_ENV.exports.create (node_modules/react-test-renderer/cjs/react-test-renderer.development.js:14598:17)
      at create (node_modules/@testing-library/react-native/src/render-act.ts:15:29)
      at callback (node_modules/@testing-library/react-native/src/act.ts:31:24)
      at process.env.NODE_ENV.exports.act (node_modules/react/cjs/react.development.js:789:22)
      at actImplementation (node_modules/@testing-library/react-native/src/act.ts:30:25)
      at renderWithAct (node_modules/@testing-library/react-native/src/render-act.ts:13:11)
      at renderInternal (node_modules/@testing-library/react-native/src/render.tsx:69:33)
      at renderInternal (node_modules/@testing-library/react-native/src/render.tsx:44:10)
      at Object.<anonymous> (src/features/racetrack/components/RacetrackTrackSvg/RacetrackTrackSvg.test.tsx:36:30)

  console.error
    react-test-renderer is deprecated. See https://react.dev/warnings/react-test-renderer

    [0m [90m 64 |[39m
     [90m 65 |[39m     it([32m'should render ODD bet'[39m[33m,[39m () [33m=>[39m {
    [31m[1m>[22m[39m[90m 66 |[39m       [36mconst[39m { getByText } [33m=[39m render([33m<[39m[33mRouletteOutsideBets[39m {[33m...[39mdefaultProps} [33m/[39m[33m>[39m)[33m;[39m
     [90m    |[39m                                   [31m[1m^[22m[39m
     [90m 67 |[39m       expect(getByText([32m'ODD'[39m))[33m.[39mtoBeTruthy()[33m;[39m
     [90m 68 |[39m     })[33m;[39m
     [90m 69 |[39m[0m

      at Object.process.env.NODE_ENV.exports.create (node_modules/react-test-renderer/cjs/react-test-renderer.development.js:14598:17)
      at create (node_modules/@testing-library/react-native/src/render-act.ts:15:29)
      at callback (node_modules/@testing-library/react-native/src/act.ts:31:24)
      at process.env.NODE_ENV.exports.act (node_modules/react/cjs/react.development.js:789:22)
      at actImplementation (node_modules/@testing-library/react-native/src/act.ts:30:25)
      at renderWithAct (node_modules/@testing-library/react-native/src/render-act.ts:13:11)
      at renderInternal (node_modules/@testing-library/react-native/src/render.tsx:69:33)
      at renderInternal (node_modules/@testing-library/react-native/src/render.tsx:44:10)
      at Object.<anonymous> (src/components/roulette/RouletteOutsideBets.test.tsx:66:35)

  console.error
    react-test-renderer is deprecated. See https://react.dev/warnings/react-test-renderer

    [0m [90m 39 |[39m
     [90m 40 |[39m     it([32m'should render inner oval path'[39m[33m,[39m () [33m=>[39m {
    [31m[1m>[22m[39m[90m 41 |[39m       [36mconst[39m { root } [33m=[39m render([33m<[39m[33mRacetrackTrackSvg[39m width[33m=[39m{[35m350[39m} height[33m=[39m{[35m140[39m} [33m/[39m[33m>[39m)[33m;[39m
     [90m    |[39m                              [31m[1m^[22m[39m
     [90m 42 |[39m       expect(root)[33m.[39mtoBeDefined()[33m;[39m
     [90m 43 |[39m     })[33m;[39m
     [90m 44 |[39m[0m

      at Object.process.env.NODE_ENV.exports.create (node_modules/react-test-renderer/cjs/react-test-renderer.development.js:14598:17)
      at create (node_modules/@testing-library/react-native/src/render-act.ts:15:29)
      at callback (node_modules/@testing-library/react-native/src/act.ts:31:24)
      at process.env.NODE_ENV.exports.act (node_modules/react/cjs/react.development.js:789:22)
      at actImplementation (node_modules/@testing-library/react-native/src/act.ts:30:25)
      at renderWithAct (node_modules/@testing-library/react-native/src/render-act.ts:13:11)
      at renderInternal (node_modules/@testing-library/react-native/src/render.tsx:69:33)
      at renderInternal (node_modules/@testing-library/react-native/src/render.tsx:44:10)
      at Object.<anonymous> (src/features/racetrack/components/RacetrackTrackSvg/RacetrackTrackSvg.test.tsx:41:30)

  console.error
    react-test-renderer is deprecated. See https://react.dev/warnings/react-test-renderer

    [0m [90m 44 |[39m
     [90m 45 |[39m     it([32m'should render vertical divider lines'[39m[33m,[39m () [33m=>[39m {
    [31m[1m>[22m[39m[90m 46 |[39m       [36mconst[39m { root } [33m=[39m render([33m<[39m[33mRacetrackTrackSvg[39m width[33m=[39m{[35m350[39m} height[33m=[39m{[35m140[39m} [33m/[39m[33m>[39m)[33m;[39m
     [90m    |[39m                              [31m[1m^[22m[39m
     [90m 47 |[39m       expect(root)[33m.[39mtoBeDefined()[33m;[39m
     [90m 48 |[39m     })[33m;[39m
     [90m 49 |[39m   })[33m;[39m[0m

      at Object.process.env.NODE_ENV.exports.create (node_modules/react-test-renderer/cjs/react-test-renderer.development.js:14598:17)
      at create (node_modules/@testing-library/react-native/src/render-act.ts:15:29)
      at callback (node_modules/@testing-library/react-native/src/act.ts:31:24)
      at process.env.NODE_ENV.exports.act (node_modules/react/cjs/react.development.js:789:22)
      at actImplementation (node_modules/@testing-library/react-native/src/act.ts:30:25)
      at renderWithAct (node_modules/@testing-library/react-native/src/render-act.ts:13:11)
      at renderInternal (node_modules/@testing-library/react-native/src/render.tsx:69:33)
      at renderInternal (node_modules/@testing-library/react-native/src/render.tsx:44:10)
      at Object.<anonymous> (src/features/racetrack/components/RacetrackTrackSvg/RacetrackTrackSvg.test.tsx:46:30)

FAIL src/features/call-bets-training/screens/CallBetsTrainingScreen/CallBetsTrainingScreen.test.tsx
  ΓùÅ Test suite failed to run

    SyntaxError: C:\Users\ivans\Desktop\Dev\CasinoTrainingApp\src\styles\textStyles.ts: Unexpected token, expected "(" (22:9)

      20 |     marginBottom: 4,
      21 |   } as TextStyle,
    > 22 |    * Size: 18px, Weight: 700, Color: Gold
         |          ^
      23 |    */
      24 |   goldTitle: {
      25 |     fontSize: 18,

      27 |
      28 | // Text style factories
    > 29 | export { createTextStyles } from './textStyles';
         | ^
      30 | export type { TextStyles } from './textStyles';
      31 |

      at constructor (node_modules/@babel/parser/src/parse-error.ts:95:45)
      at TypeScriptParserMixin.toParseError [as raise] (node_modules/@babel/parser/src/tokenizer/index.ts:1504:19)
      at TypeScriptParserMixin.raise [as unexpected] (node_modules/@babel/parser/src/tokenizer/index.ts:1544:16)
      at TypeScriptParserMixin.unexpected [as expect] (node_modules/@babel/parser/src/parser/util.ts:157:12)
      at TypeScriptParserMixin.expect (node_modules/@babel/parser/src/parser/statement.ts:1726:10)
      at TypeScriptParserMixin.parseFunctionParams (node_modules/@babel/parser/src/plugins/typescript/index.ts:3692:13)
      at TypeScriptParserMixin.parseFunctionParams (node_modules/@babel/parser/src/parser/expression.ts:2491:10)
      at TypeScriptParserMixin.parseMethod (node_modules/@babel/parser/src/plugins/typescript/index.ts:4312:28)
      at TypeScriptParserMixin.parseMethod [as parseObjectMethod] (node_modules/@babel/parser/src/parser/expression.ts:2300:19)
      at TypeScriptParserMixin.parseObjectMethod (node_modules/@babel/parser/src/parser/expression.ts:2381:24)
      at TypeScriptParserMixin.parseObjPropValue (node_modules/@babel/parser/src/plugins/typescript/index.ts:3675:20)
      at TypeScriptParserMixin.parseObjPropValue [as parsePropertyDefinition] (node_modules/@babel/parser/src/parser/expression.ts:2228:17)
      at TypeScriptParserMixin.parsePropertyDefinition [as parseObjectLike] (node_modules/@babel/parser/src/parser/expression.ts:2095:21)
      at TypeScriptParserMixin.parseObjectLike [as parseExprAtom] (node_modules/@babel/parser/src/parser/expression.ts:1181:21)
      at TypeScriptParserMixin.parseExprAtom [as parseExprSubscripts] (node_modules/@babel/parser/src/parser/expression.ts:742:23)
      at TypeScriptParserMixin.parseExprSubscripts [as parseUpdate] (node_modules/@babel/parser/src/parser/expression.ts:721:21)
      at TypeScriptParserMixin.parseUpdate (node_modules/@babel/parser/src/parser/expression.ts:683:23)
      at TypeScriptParserMixin.parseMaybeUnary (node_modules/@babel/parser/src/plugins/typescript/index.ts:3893:20)
      at TypeScriptParserMixin.parseMaybeUnary [as parseMaybeUnaryOrPrivate] (node_modules/@babel/parser/src/parser/expression.ts:417:14)
      at TypeScriptParserMixin.parseMaybeUnaryOrPrivate [as parseExprOps] (node_modules/@babel/parser/src/parser/expression.ts:429:23)
      at TypeScriptParserMixin.parseExprOps [as parseMaybeConditional] (node_modules/@babel/parser/src/parser/expression.ts:384:23)
      at TypeScriptParserMixin.parseMaybeConditional (node_modules/@babel/parser/src/parser/expression.ts:301:21)
      at TypeScriptParserMixin.parseMaybeAssign (node_modules/@babel/parser/src/plugins/typescript/index.ts:3764:22)
      at parseMaybeAssign (node_modules/@babel/parser/src/parser/expression.ts:257:12)
      at TypeScriptParserMixin.callback [as allowInAnd] (node_modules/@babel/parser/src/parser/expression.ts:3194:12)
      at TypeScriptParserMixin.allowInAnd [as parseMaybeAssignAllowIn] (node_modules/@babel/parser/src/parser/expression.ts:256:17)
      at TypeScriptParserMixin.parseMaybeAssignAllowIn [as parseMaybeAssignAllowInOrVoidPattern] (node_modules/@babel/parser/src/parser/expression.ts:3308:17)
      at TypeScriptParserMixin.parseMaybeAssignAllowInOrVoidPattern [as parseParenAndDistinguishExpression] (node_modules/@babel/parser/src/parser/expression.ts:1822:16)
      at TypeScriptParserMixin.parseParenAndDistinguishExpression [as parseExprAtom] (node_modules/@babel/parser/src/parser/expression.ts:1170:21)
      at TypeScriptParserMixin.parseExprAtom [as parseExprSubscripts] (node_modules/@babel/parser/src/parser/expression.ts:742:23)
      at TypeScriptParserMixin.parseExprSubscripts [as parseUpdate] (node_modules/@babel/parser/src/parser/expression.ts:721:21)
      at TypeScriptParserMixin.parseUpdate (node_modules/@babel/parser/src/parser/expression.ts:683:23)
      at TypeScriptParserMixin.parseMaybeUnary (node_modules/@babel/parser/src/plugins/typescript/index.ts:3893:20)
      at TypeScriptParserMixin.parseMaybeUnary [as parseMaybeUnaryOrPrivate] (node_modules/@babel/parser/src/parser/expression.ts:417:14)
      at TypeScriptParserMixin.parseMaybeUnaryOrPrivate [as parseExprOps] (node_modules/@babel/parser/src/parser/expression.ts:429:23)
      at TypeScriptParserMixin.parseExprOps [as parseMaybeConditional] (node_modules/@babel/parser/src/parser/expression.ts:384:23)
      at TypeScriptParserMixin.parseMaybeConditional (node_modules/@babel/parser/src/parser/expression.ts:301:21)
      at TypeScriptParserMixin.parseMaybeAssign (node_modules/@babel/parser/src/plugins/typescript/index.ts:3764:22)
      at TypeScriptParserMixin.parseMaybeAssign [as parseFunctionBody] (node_modules/@babel/parser/src/parser/expression.ts:2604:14)
      at TypeScriptParserMixin.parseFunctionBody [as parseArrowExpression] (node_modules/@babel/parser/src/parser/expression.ts:2559:10)
      at TypeScriptParserMixin.parseArrowExpression [as parseParenAndDistinguishExpression] (node_modules/@babel/parser/src/parser/expression.ts:1847:12)
      at TypeScriptParserMixin.parseParenAndDistinguishExpression [as parseExprAtom] (node_modules/@babel/parser/src/parser/expression.ts:1170:21)
      at TypeScriptParserMixin.parseExprAtom [as parseExprSubscripts] (node_modules/@babel/parser/src/parser/expression.ts:742:23)
      at TypeScriptParserMixin.parseExprSubscripts [as parseUpdate] (node_modules/@babel/parser/src/parser/expression.ts:721:21)
      at TypeScriptParserMixin.parseUpdate (node_modules/@babel/parser/src/parser/expression.ts:683:23)
      at TypeScriptParserMixin.parseMaybeUnary (node_modules/@babel/parser/src/plugins/typescript/index.ts:3893:20)
      at TypeScriptParserMixin.parseMaybeUnary [as parseMaybeUnaryOrPrivate] (node_modules/@babel/parser/src/parser/expression.ts:417:14)
      at TypeScriptParserMixin.parseMaybeUnaryOrPrivate [as parseExprOps] (node_modules/@babel/parser/src/parser/expression.ts:429:23)
      at TypeScriptParserMixin.parseExprOps [as parseMaybeConditional] (node_modules/@babel/parser/src/parser/expression.ts:384:23)
      at TypeScriptParserMixin.parseMaybeConditional (node_modules/@babel/parser/src/parser/expression.ts:301:21)
      at TypeScriptParserMixin.parseMaybeAssign (node_modules/@babel/parser/src/plugins/typescript/index.ts:3764:22)
      at parseMaybeAssign (node_modules/@babel/parser/src/parser/expression.ts:257:12)
      at TypeScriptParserMixin.callback [as allowInAnd] (node_modules/@babel/parser/src/parser/expression.ts:3189:16)
      at TypeScriptParserMixin.allowInAnd [as parseMaybeAssignAllowIn] (node_modules/@babel/parser/src/parser/expression.ts:256:17)
      at TypeScriptParserMixin.parseMaybeAssignAllowIn [as parseVar] (node_modules/@babel/parser/src/parser/statement.ts:1587:18)
      at TypeScriptParserMixin.parseVar (node_modules/@babel/parser/src/parser/statement.ts:1251:10)
      at TypeScriptParserMixin.parseVarStatement (node_modules/@babel/parser/src/plugins/typescript/index.ts:3085:33)
      at TypeScriptParserMixin.parseVarStatement (node_modules/@babel/parser/src/parser/statement.ts:612:21)
      at TypeScriptParserMixin.parseStatementContent (node_modules/@babel/parser/src/plugins/typescript/index.ts:3220:20)
      at TypeScriptParserMixin.parseStatementContent [as parseStatementLike] (node_modules/@babel/parser/src/parser/statement.ts:482:17)
      at TypeScriptParserMixin.parseStatementLike [as parseStatementListItem] (node_modules/@babel/parser/src/parser/statement.ts:431:17)
      at TypeScriptParserMixin.parseStatementListItem (node_modules/@babel/parser/src/parser/statement.ts:2635:17)
      at TypeScriptParserMixin.parseExportDeclaration (node_modules/@babel/parser/src/plugins/typescript/index.ts:3447:15)
      at TypeScriptParserMixin.parseExportDeclaration [as maybeParseExportDeclaration] (node_modules/@babel/parser/src/parser/statement.ts:2551:31)
      at TypeScriptParserMixin.maybeParseExportDeclaration (node_modules/@babel/parser/src/parser/statement.ts:2432:29)
      at TypeScriptParserMixin.parseExport (node_modules/@babel/parser/src/plugins/typescript/index.ts:3046:22)
      at TypeScriptParserMixin.parseExport (node_modules/@babel/parser/src/parser/statement.ts:649:25)
      at TypeScriptParserMixin.parseStatementContent (node_modules/@babel/parser/src/plugins/typescript/index.ts:3220:20)
      at TypeScriptParserMixin.parseStatementContent [as parseStatementLike] (node_modules/@babel/parser/src/parser/statement.ts:482:17)
      at TypeScriptParserMixin.parseStatementLike [as parseModuleItem] (node_modules/@babel/parser/src/parser/statement.ts:419:17)
      at TypeScriptParserMixin.parseModuleItem [as parseBlockOrModuleBlockBody] (node_modules/@babel/parser/src/parser/statement.ts:1443:16)
      at TypeScriptParserMixin.parseBlockOrModuleBlockBody [as parseBlockBody] (node_modules/@babel/parser/src/parser/statement.ts:1417:10)
      at TypeScriptParserMixin.parseBlockBody [as parseProgram] (node_modules/@babel/parser/src/parser/statement.ts:229:10)
      at TypeScriptParserMixin.parseProgram [as parseTopLevel] (node_modules/@babel/parser/src/parser/statement.ts:203:25)
      at TypeScriptParserMixin.parseTopLevel (node_modules/@babel/parser/src/parser/index.ts:83:25)
      at TypeScriptParserMixin.parse (node_modules/@babel/parser/src/plugins/typescript/index.ts:4354:20)
      at parse (node_modules/@babel/parser/src/index.ts:86:38)
      at parser (node_modules/@babel/core/src/parser/index.ts:29:19)
          at parser.next (<anonymous>)
      at normalizeFile (node_modules/@babel/core/src/transformation/normalize-file.ts:50:24)
          at normalizeFile.next (<anonymous>)
      at run (node_modules/@babel/core/src/transformation/index.ts:41:36)
          at run.next (<anonymous>)
      at transform (node_modules/@babel/core/src/transform.ts:29:20)
          at transform.next (<anonymous>)
      at evaluateSync (node_modules/gensync/index.js:251:28)
      at sync (node_modules/gensync/index.js:89:14)
      at fn (node_modules/@babel/core/src/errors/rewrite-stack-trace.ts:99:14)
      at transformSync (node_modules/@babel/core/src/transform.ts:66:52)
      at Object.require (src/styles/index.ts:29:1)

  console.error
    react-test-renderer is deprecated. See https://react.dev/warnings/react-test-renderer

    [0m [90m 51 |[39m   describe([32m'number text rendering'[39m[33m,[39m () [33m=>[39m {
     [90m 52 |[39m     it([32m'should render all top numbers'[39m[33m,[39m () [33m=>[39m {
    [31m[1m>[22m[39m[90m 53 |[39m       [36mconst[39m { root } [33m=[39m render([33m<[39m[33mRacetrackTrackSvg[39m width[33m=[39m{[35m350[39m} height[33m=[39m{[35m140[39m} [33m/[39m[33m>[39m)[33m;[39m
     [90m    |[39m                              [31m[1m^[22m[39m
     [90m 54 |[39m       expect(root)[33m.[39mtoBeDefined()[33m;[39m
     [90m 55 |[39m     })[33m;[39m
     [90m 56 |[39m[0m

      at Object.process.env.NODE_ENV.exports.create (node_modules/react-test-renderer/cjs/react-test-renderer.development.js:14598:17)
      at create (node_modules/@testing-library/react-native/src/render-act.ts:15:29)
      at callback (node_modules/@testing-library/react-native/src/act.ts:31:24)
      at process.env.NODE_ENV.exports.act (node_modules/react/cjs/react.development.js:789:22)
      at actImplementation (node_modules/@testing-library/react-native/src/act.ts:30:25)
      at renderWithAct (node_modules/@testing-library/react-native/src/render-act.ts:13:11)
      at renderInternal (node_modules/@testing-library/react-native/src/render.tsx:69:33)
      at renderInternal (node_modules/@testing-library/react-native/src/render.tsx:44:10)
      at Object.<anonymous> (src/features/racetrack/components/RacetrackTrackSvg/RacetrackTrackSvg.test.tsx:53:30)

  console.error
    react-test-renderer is deprecated. See https://react.dev/warnings/react-test-renderer

    [0m [90m  5 |[39m
     [90m  6 |[39m [36mconst[39m renderWithTheme [33m=[39m (component[33m:[39m [33mReact[39m[33m.[39m[33mReactElement[39m) [33m=>[39m {
    [31m[1m>[22m[39m[90m  7 |[39m   [36mreturn[39m render([33m<[39m[33mThemeProvider[39m[33m>[39m{component}[33m<[39m[33m/[39m[33mThemeProvider[39m[33m>[39m)[33m;[39m
     [90m    |[39m                [31m[1m^[22m[39m
     [90m  8 |[39m }[33m;[39m
     [90m  9 |[39m
     [90m 10 |[39m describe([32m'PositionTrainingScreen'[39m[33m,[39m () [33m=>[39m {[0m

      at Object.process.env.NODE_ENV.exports.create (node_modules/react-test-renderer/cjs/react-test-renderer.development.js:14598:17)
      at create (node_modules/@testing-library/react-native/src/render-act.ts:15:29)
      at callback (node_modules/@testing-library/react-native/src/act.ts:31:24)
      at process.env.NODE_ENV.exports.act (node_modules/react/cjs/react.development.js:789:22)
      at actImplementation (node_modules/@testing-library/react-native/src/act.ts:30:25)
      at renderWithAct (node_modules/@testing-library/react-native/src/render-act.ts:13:11)
      at renderInternal (node_modules/@testing-library/react-native/src/render.tsx:69:33)
      at renderInternal (node_modules/@testing-library/react-native/src/render.tsx:44:10)
      at renderWithTheme (src/features/racetrack-position-training/screens/PositionTrainingScreen/PositionTrainingScreen.test.tsx:7:16)
      at Object.renderWithTheme (src/features/racetrack-position-training/screens/PositionTrainingScreen/PositionTrainingScreen.test.tsx:34:26)

  console.error
    react-test-renderer is deprecated. See https://react.dev/warnings/react-test-renderer

    [0m [90m 56 |[39m
     [90m 57 |[39m     it([32m'should render all bottom numbers'[39m[33m,[39m () [33m=>[39m {
    [31m[1m>[22m[39m[90m 58 |[39m       [36mconst[39m { root } [33m=[39m render([33m<[39m[33mRacetrackTrackSvg[39m width[33m=[39m{[35m350[39m} height[33m=[39m{[35m140[39m} [33m/[39m[33m>[39m)[33m;[39m
     [90m    |[39m                              [31m[1m^[22m[39m
     [90m 59 |[39m       expect(root)[33m.[39mtoBeDefined()[33m;[39m
     [90m 60 |[39m     })[33m;[39m
     [90m 61 |[39m[0m

      at Object.process.env.NODE_ENV.exports.create (node_modules/react-test-renderer/cjs/react-test-renderer.development.js:14598:17)
      at create (node_modules/@testing-library/react-native/src/render-act.ts:15:29)
      at callback (node_modules/@testing-library/react-native/src/act.ts:31:24)
      at process.env.NODE_ENV.exports.act (node_modules/react/cjs/react.development.js:789:22)
      at actImplementation (node_modules/@testing-library/react-native/src/act.ts:30:25)
      at renderWithAct (node_modules/@testing-library/react-native/src/render-act.ts:13:11)
      at renderInternal (node_modules/@testing-library/react-native/src/render.tsx:69:33)
      at renderInternal (node_modules/@testing-library/react-native/src/render.tsx:44:10)
      at Object.<anonymous> (src/features/racetrack/components/RacetrackTrackSvg/RacetrackTrackSvg.test.tsx:58:30)

  console.error
    react-test-renderer is deprecated. See https://react.dev/warnings/react-test-renderer

    [0m [90m  6 |[39m
     [90m  7 |[39m [36mconst[39m renderWithProviders [33m=[39m (component[33m:[39m [33mReact[39m[33m.[39m[33mReactElement[39m) [33m=>[39m {
    [31m[1m>[22m[39m[90m  8 |[39m   [36mreturn[39m render(
     [90m    |[39m                [31m[1m^[22m[39m
     [90m  9 |[39m     [33m<[39m[33mSettingsProvider[39m[33m>[39m
     [90m 10 |[39m       [33m<[39m[33mThemeProvider[39m[33m>[39m{component}[33m<[39m[33m/[39m[33mThemeProvider[39m[33m>[39m
     [90m 11 |[39m     [33m<[39m[33m/[39m[33mSettingsProvider[39m[33m>[39m[0m

      at Object.process.env.NODE_ENV.exports.create (node_modules/react-test-renderer/cjs/react-test-renderer.development.js:14598:17)
      at create (node_modules/@testing-library/react-native/src/render-act.ts:15:29)
      at callback (node_modules/@testing-library/react-native/src/act.ts:31:24)
      at process.env.NODE_ENV.exports.act (node_modules/react/cjs/react.development.js:789:22)
      at actImplementation (node_modules/@testing-library/react-native/src/act.ts:30:25)
      at renderWithAct (node_modules/@testing-library/react-native/src/render-act.ts:13:11)
      at renderInternal (node_modules/@testing-library/react-native/src/render.tsx:69:33)
      at renderInternal (node_modules/@testing-library/react-native/src/render.tsx:44:10)
      at renderWithProviders (src/features/racetrack-sector-training/screens/SectorTrainingScreen/SectorTrainingScreen.test.tsx:8:16)
      at Object.renderWithProviders (src/features/racetrack-sector-training/screens/SectorTrainingScreen/SectorTrainingScreen.test.tsx:58:26)

  console.error
    react-test-renderer is deprecated. See https://react.dev/warnings/react-test-renderer

    [0m [90m 69 |[39m
     [90m 70 |[39m     it([32m'should render 19-36 bet'[39m[33m,[39m () [33m=>[39m {
    [31m[1m>[22m[39m[90m 71 |[39m       [36mconst[39m { getByText } [33m=[39m render([33m<[39m[33mRouletteOutsideBets[39m {[33m...[39mdefaultProps} [33m/[39m[33m>[39m)[33m;[39m
     [90m    |[39m                                   [31m[1m^[22m[39m
     [90m 72 |[39m       expect(getByText([32m'19-36'[39m))[33m.[39mtoBeTruthy()[33m;[39m
     [90m 73 |[39m     })[33m;[39m
     [90m 74 |[39m[0m

      at Object.process.env.NODE_ENV.exports.create (node_modules/react-test-renderer/cjs/react-test-renderer.development.js:14598:17)
      at create (node_modules/@testing-library/react-native/src/render-act.ts:15:29)
      at callback (node_modules/@testing-library/react-native/src/act.ts:31:24)
      at process.env.NODE_ENV.exports.act (node_modules/react/cjs/react.development.js:789:22)
      at actImplementation (node_modules/@testing-library/react-native/src/act.ts:30:25)
      at renderWithAct (node_modules/@testing-library/react-native/src/render-act.ts:13:11)
      at renderInternal (node_modules/@testing-library/react-native/src/render.tsx:69:33)
      at renderInternal (node_modules/@testing-library/react-native/src/render.tsx:44:10)
      at Object.<anonymous> (src/components/roulette/RouletteOutsideBets.test.tsx:71:35)

  console.error
    react-test-renderer is deprecated. See https://react.dev/warnings/react-test-renderer

    [0m [90m 61 |[39m
     [90m 62 |[39m     it([32m'should render all left side numbers'[39m[33m,[39m () [33m=>[39m {
    [31m[1m>[22m[39m[90m 63 |[39m       [36mconst[39m { root } [33m=[39m render([33m<[39m[33mRacetrackTrackSvg[39m width[33m=[39m{[35m350[39m} height[33m=[39m{[35m140[39m} [33m/[39m[33m>[39m)[33m;[39m
     [90m    |[39m                              [31m[1m^[22m[39m
     [90m 64 |[39m       expect(root)[33m.[39mtoBeDefined()[33m;[39m
     [90m 65 |[39m     })[33m;[39m
     [90m 66 |[39m[0m

      at Object.process.env.NODE_ENV.exports.create (node_modules/react-test-renderer/cjs/react-test-renderer.development.js:14598:17)
      at create (node_modules/@testing-library/react-native/src/render-act.ts:15:29)
      at callback (node_modules/@testing-library/react-native/src/act.ts:31:24)
      at process.env.NODE_ENV.exports.act (node_modules/react/cjs/react.development.js:789:22)
      at actImplementation (node_modules/@testing-library/react-native/src/act.ts:30:25)
      at renderWithAct (node_modules/@testing-library/react-native/src/render-act.ts:13:11)
      at renderInternal (node_modules/@testing-library/react-native/src/render.tsx:69:33)
      at renderInternal (node_modules/@testing-library/react-native/src/render.tsx:44:10)
      at Object.<anonymous> (src/features/racetrack/components/RacetrackTrackSvg/RacetrackTrackSvg.test.tsx:63:30)

FAIL src/features/call-bets-training/screens/CallBetsMenuScreen/CallBetsMenuScreen.test.tsx
  ΓùÅ Test suite failed to run

    SyntaxError: C:\Users\ivans\Desktop\Dev\CasinoTrainingApp\src\styles\textStyles.ts: Unexpected token, expected "(" (22:9)

      20 |     marginBottom: 4,
      21 |   } as TextStyle,
    > 22 |    * Size: 18px, Weight: 700, Color: Gold
         |          ^
      23 |    */
      24 |   goldTitle: {
      25 |     fontSize: 18,

      27 |
      28 | // Text style factories
    > 29 | export { createTextStyles } from './textStyles';
         | ^
      30 | export type { TextStyles } from './textStyles';
      31 |

      at constructor (node_modules/@babel/parser/src/parse-error.ts:95:45)
      at TypeScriptParserMixin.toParseError [as raise] (node_modules/@babel/parser/src/tokenizer/index.ts:1504:19)
      at TypeScriptParserMixin.raise [as unexpected] (node_modules/@babel/parser/src/tokenizer/index.ts:1544:16)
      at TypeScriptParserMixin.unexpected [as expect] (node_modules/@babel/parser/src/parser/util.ts:157:12)
      at TypeScriptParserMixin.expect (node_modules/@babel/parser/src/parser/statement.ts:1726:10)
      at TypeScriptParserMixin.parseFunctionParams (node_modules/@babel/parser/src/plugins/typescript/index.ts:3692:13)
      at TypeScriptParserMixin.parseFunctionParams (node_modules/@babel/parser/src/parser/expression.ts:2491:10)
      at TypeScriptParserMixin.parseMethod (node_modules/@babel/parser/src/plugins/typescript/index.ts:4312:28)
      at TypeScriptParserMixin.parseMethod [as parseObjectMethod] (node_modules/@babel/parser/src/parser/expression.ts:2300:19)
      at TypeScriptParserMixin.parseObjectMethod (node_modules/@babel/parser/src/parser/expression.ts:2381:24)
      at TypeScriptParserMixin.parseObjPropValue (node_modules/@babel/parser/src/plugins/typescript/index.ts:3675:20)
      at TypeScriptParserMixin.parseObjPropValue [as parsePropertyDefinition] (node_modules/@babel/parser/src/parser/expression.ts:2228:17)
      at TypeScriptParserMixin.parsePropertyDefinition [as parseObjectLike] (node_modules/@babel/parser/src/parser/expression.ts:2095:21)
      at TypeScriptParserMixin.parseObjectLike [as parseExprAtom] (node_modules/@babel/parser/src/parser/expression.ts:1181:21)
      at TypeScriptParserMixin.parseExprAtom [as parseExprSubscripts] (node_modules/@babel/parser/src/parser/expression.ts:742:23)
      at TypeScriptParserMixin.parseExprSubscripts [as parseUpdate] (node_modules/@babel/parser/src/parser/expression.ts:721:21)
      at TypeScriptParserMixin.parseUpdate (node_modules/@babel/parser/src/parser/expression.ts:683:23)
      at TypeScriptParserMixin.parseMaybeUnary (node_modules/@babel/parser/src/plugins/typescript/index.ts:3893:20)
      at TypeScriptParserMixin.parseMaybeUnary [as parseMaybeUnaryOrPrivate] (node_modules/@babel/parser/src/parser/expression.ts:417:14)
      at TypeScriptParserMixin.parseMaybeUnaryOrPrivate [as parseExprOps] (node_modules/@babel/parser/src/parser/expression.ts:429:23)
      at TypeScriptParserMixin.parseExprOps [as parseMaybeConditional] (node_modules/@babel/parser/src/parser/expression.ts:384:23)
      at TypeScriptParserMixin.parseMaybeConditional (node_modules/@babel/parser/src/parser/expression.ts:301:21)
      at TypeScriptParserMixin.parseMaybeAssign (node_modules/@babel/parser/src/plugins/typescript/index.ts:3764:22)
      at parseMaybeAssign (node_modules/@babel/parser/src/parser/expression.ts:257:12)
      at TypeScriptParserMixin.callback [as allowInAnd] (node_modules/@babel/parser/src/parser/expression.ts:3194:12)
      at TypeScriptParserMixin.allowInAnd [as parseMaybeAssignAllowIn] (node_modules/@babel/parser/src/parser/expression.ts:256:17)
      at TypeScriptParserMixin.parseMaybeAssignAllowIn [as parseMaybeAssignAllowInOrVoidPattern] (node_modules/@babel/parser/src/parser/expression.ts:3308:17)
      at TypeScriptParserMixin.parseMaybeAssignAllowInOrVoidPattern [as parseParenAndDistinguishExpression] (node_modules/@babel/parser/src/parser/expression.ts:1822:16)
      at TypeScriptParserMixin.parseParenAndDistinguishExpression [as parseExprAtom] (node_modules/@babel/parser/src/parser/expression.ts:1170:21)
      at TypeScriptParserMixin.parseExprAtom [as parseExprSubscripts] (node_modules/@babel/parser/src/parser/expression.ts:742:23)
      at TypeScriptParserMixin.parseExprSubscripts [as parseUpdate] (node_modules/@babel/parser/src/parser/expression.ts:721:21)
      at TypeScriptParserMixin.parseUpdate (node_modules/@babel/parser/src/parser/expression.ts:683:23)
      at TypeScriptParserMixin.parseMaybeUnary (node_modules/@babel/parser/src/plugins/typescript/index.ts:3893:20)
      at TypeScriptParserMixin.parseMaybeUnary [as parseMaybeUnaryOrPrivate] (node_modules/@babel/parser/src/parser/expression.ts:417:14)
      at TypeScriptParserMixin.parseMaybeUnaryOrPrivate [as parseExprOps] (node_modules/@babel/parser/src/parser/expression.ts:429:23)
      at TypeScriptParserMixin.parseExprOps [as parseMaybeConditional] (node_modules/@babel/parser/src/parser/expression.ts:384:23)
      at TypeScriptParserMixin.parseMaybeConditional (node_modules/@babel/parser/src/parser/expression.ts:301:21)
      at TypeScriptParserMixin.parseMaybeAssign (node_modules/@babel/parser/src/plugins/typescript/index.ts:3764:22)
      at TypeScriptParserMixin.parseMaybeAssign [as parseFunctionBody] (node_modules/@babel/parser/src/parser/expression.ts:2604:14)
      at TypeScriptParserMixin.parseFunctionBody [as parseArrowExpression] (node_modules/@babel/parser/src/parser/expression.ts:2559:10)
      at TypeScriptParserMixin.parseArrowExpression [as parseParenAndDistinguishExpression] (node_modules/@babel/parser/src/parser/expression.ts:1847:12)
      at TypeScriptParserMixin.parseParenAndDistinguishExpression [as parseExprAtom] (node_modules/@babel/parser/src/parser/expression.ts:1170:21)
      at TypeScriptParserMixin.parseExprAtom [as parseExprSubscripts] (node_modules/@babel/parser/src/parser/expression.ts:742:23)
      at TypeScriptParserMixin.parseExprSubscripts [as parseUpdate] (node_modules/@babel/parser/src/parser/expression.ts:721:21)
      at TypeScriptParserMixin.parseUpdate (node_modules/@babel/parser/src/parser/expression.ts:683:23)
      at TypeScriptParserMixin.parseMaybeUnary (node_modules/@babel/parser/src/plugins/typescript/index.ts:3893:20)
      at TypeScriptParserMixin.parseMaybeUnary [as parseMaybeUnaryOrPrivate] (node_modules/@babel/parser/src/parser/expression.ts:417:14)
      at TypeScriptParserMixin.parseMaybeUnaryOrPrivate [as parseExprOps] (node_modules/@babel/parser/src/parser/expression.ts:429:23)
      at TypeScriptParserMixin.parseExprOps [as parseMaybeConditional] (node_modules/@babel/parser/src/parser/expression.ts:384:23)
      at TypeScriptParserMixin.parseMaybeConditional (node_modules/@babel/parser/src/parser/expression.ts:301:21)
      at TypeScriptParserMixin.parseMaybeAssign (node_modules/@babel/parser/src/plugins/typescript/index.ts:3764:22)
      at parseMaybeAssign (node_modules/@babel/parser/src/parser/expression.ts:257:12)
      at TypeScriptParserMixin.callback [as allowInAnd] (node_modules/@babel/parser/src/parser/expression.ts:3189:16)
      at TypeScriptParserMixin.allowInAnd [as parseMaybeAssignAllowIn] (node_modules/@babel/parser/src/parser/expression.ts:256:17)
      at TypeScriptParserMixin.parseMaybeAssignAllowIn [as parseVar] (node_modules/@babel/parser/src/parser/statement.ts:1587:18)
      at TypeScriptParserMixin.parseVar (node_modules/@babel/parser/src/parser/statement.ts:1251:10)
      at TypeScriptParserMixin.parseVarStatement (node_modules/@babel/parser/src/plugins/typescript/index.ts:3085:33)
      at TypeScriptParserMixin.parseVarStatement (node_modules/@babel/parser/src/parser/statement.ts:612:21)
      at TypeScriptParserMixin.parseStatementContent (node_modules/@babel/parser/src/plugins/typescript/index.ts:3220:20)
      at TypeScriptParserMixin.parseStatementContent [as parseStatementLike] (node_modules/@babel/parser/src/parser/statement.ts:482:17)
      at TypeScriptParserMixin.parseStatementLike [as parseStatementListItem] (node_modules/@babel/parser/src/parser/statement.ts:431:17)
      at TypeScriptParserMixin.parseStatementListItem (node_modules/@babel/parser/src/parser/statement.ts:2635:17)
      at TypeScriptParserMixin.parseExportDeclaration (node_modules/@babel/parser/src/plugins/typescript/index.ts:3447:15)
      at TypeScriptParserMixin.parseExportDeclaration [as maybeParseExportDeclaration] (node_modules/@babel/parser/src/parser/statement.ts:2551:31)
      at TypeScriptParserMixin.maybeParseExportDeclaration (node_modules/@babel/parser/src/parser/statement.ts:2432:29)
      at TypeScriptParserMixin.parseExport (node_modules/@babel/parser/src/plugins/typescript/index.ts:3046:22)
      at TypeScriptParserMixin.parseExport (node_modules/@babel/parser/src/parser/statement.ts:649:25)
      at TypeScriptParserMixin.parseStatementContent (node_modules/@babel/parser/src/plugins/typescript/index.ts:3220:20)
      at TypeScriptParserMixin.parseStatementContent [as parseStatementLike] (node_modules/@babel/parser/src/parser/statement.ts:482:17)
      at TypeScriptParserMixin.parseStatementLike [as parseModuleItem] (node_modules/@babel/parser/src/parser/statement.ts:419:17)
      at TypeScriptParserMixin.parseModuleItem [as parseBlockOrModuleBlockBody] (node_modules/@babel/parser/src/parser/statement.ts:1443:16)
      at TypeScriptParserMixin.parseBlockOrModuleBlockBody [as parseBlockBody] (node_modules/@babel/parser/src/parser/statement.ts:1417:10)
      at TypeScriptParserMixin.parseBlockBody [as parseProgram] (node_modules/@babel/parser/src/parser/statement.ts:229:10)
      at TypeScriptParserMixin.parseProgram [as parseTopLevel] (node_modules/@babel/parser/src/parser/statement.ts:203:25)
      at TypeScriptParserMixin.parseTopLevel (node_modules/@babel/parser/src/parser/index.ts:83:25)
      at TypeScriptParserMixin.parse (node_modules/@babel/parser/src/plugins/typescript/index.ts:4354:20)
      at parse (node_modules/@babel/parser/src/index.ts:86:38)
      at parser (node_modules/@babel/core/src/parser/index.ts:29:19)
          at parser.next (<anonymous>)
      at normalizeFile (node_modules/@babel/core/src/transformation/normalize-file.ts:50:24)
          at normalizeFile.next (<anonymous>)
      at run (node_modules/@babel/core/src/transformation/index.ts:41:36)
          at run.next (<anonymous>)
      at transform (node_modules/@babel/core/src/transform.ts:29:20)
          at transform.next (<anonymous>)
      at evaluateSync (node_modules/gensync/index.js:251:28)
      at sync (node_modules/gensync/index.js:89:14)
      at fn (node_modules/@babel/core/src/errors/rewrite-stack-trace.ts:99:14)
      at transformSync (node_modules/@babel/core/src/transform.ts:66:52)
      at Object.require (src/styles/index.ts:29:1)

  console.error
    react-test-renderer is deprecated. See https://react.dev/warnings/react-test-renderer

    [0m [90m 74 |[39m
     [90m 75 |[39m     it([32m'should render red diamond symbol'[39m[33m,[39m () [33m=>[39m {
    [31m[1m>[22m[39m[90m 76 |[39m       [36mconst[39m { getAllByText } [33m=[39m render([33m<[39m[33mRouletteOutsideBets[39m {[33m...[39mdefaultProps} [33m/[39m[33m>[39m)[33m;[39m
     [90m    |[39m                                      [31m[1m^[22m[39m
     [90m 77 |[39m       [90m// Two diamonds - one for red, one for black[39m
     [90m 78 |[39m       [36mconst[39m diamonds [33m=[39m getAllByText([32m'Γùå'[39m)[33m;[39m
     [90m 79 |[39m       expect(diamonds[33m.[39mlength)[33m.[39mtoBe([35m2[39m)[33m;[39m[0m

      at Object.process.env.NODE_ENV.exports.create (node_modules/react-test-renderer/cjs/react-test-renderer.development.js:14598:17)
      at create (node_modules/@testing-library/react-native/src/render-act.ts:15:29)
      at callback (node_modules/@testing-library/react-native/src/act.ts:31:24)
      at process.env.NODE_ENV.exports.act (node_modules/react/cjs/react.development.js:789:22)
      at actImplementation (node_modules/@testing-library/react-native/src/act.ts:30:25)
      at renderWithAct (node_modules/@testing-library/react-native/src/render-act.ts:13:11)
      at renderInternal (node_modules/@testing-library/react-native/src/render.tsx:69:33)
      at renderInternal (node_modules/@testing-library/react-native/src/render.tsx:44:10)
      at Object.<anonymous> (src/components/roulette/RouletteOutsideBets.test.tsx:76:38)

  console.error
    react-test-renderer is deprecated. See https://react.dev/warnings/react-test-renderer

    [0m [90m 83 |[39m   describe([32m'rendering - dozens'[39m[33m,[39m () [33m=>[39m {
     [90m 84 |[39m     it([32m'should render 1st 12 bet'[39m[33m,[39m () [33m=>[39m {
    [31m[1m>[22m[39m[90m 85 |[39m       [36mconst[39m { getByText } [33m=[39m render([33m<[39m[33mRouletteOutsideBets[39m {[33m...[39mdefaultProps} [33m/[39m[33m>[39m)[33m;[39m
     [90m    |[39m                                   [31m[1m^[22m[39m
     [90m 86 |[39m       expect(getByText([32m'1st 12'[39m))[33m.[39mtoBeTruthy()[33m;[39m
     [90m 87 |[39m     })[33m;[39m
     [90m 88 |[39m[0m

      at Object.process.env.NODE_ENV.exports.create (node_modules/react-test-renderer/cjs/react-test-renderer.development.js:14598:17)
      at create (node_modules/@testing-library/react-native/src/render-act.ts:15:29)
      at callback (node_modules/@testing-library/react-native/src/act.ts:31:24)
      at process.env.NODE_ENV.exports.act (node_modules/react/cjs/react.development.js:789:22)
      at actImplementation (node_modules/@testing-library/react-native/src/act.ts:30:25)
      at renderWithAct (node_modules/@testing-library/react-native/src/render-act.ts:13:11)
      at renderInternal (node_modules/@testing-library/react-native/src/render.tsx:69:33)
      at renderInternal (node_modules/@testing-library/react-native/src/render.tsx:44:10)
      at Object.<anonymous> (src/components/roulette/RouletteOutsideBets.test.tsx:85:35)

  console.error
    react-test-renderer is deprecated. See https://react.dev/warnings/react-test-renderer

    [0m [90m 66 |[39m
     [90m 67 |[39m     it([32m'should render all right side numbers'[39m[33m,[39m () [33m=>[39m {
    [31m[1m>[22m[39m[90m 68 |[39m       [36mconst[39m { root } [33m=[39m render([33m<[39m[33mRacetrackTrackSvg[39m width[33m=[39m{[35m350[39m} height[33m=[39m{[35m140[39m} [33m/[39m[33m>[39m)[33m;[39m
     [90m    |[39m                              [31m[1m^[22m[39m
     [90m 69 |[39m       expect(root)[33m.[39mtoBeDefined()[33m;[39m
     [90m 70 |[39m     })[33m;[39m
     [90m 71 |[39m[0m

      at Object.process.env.NODE_ENV.exports.create (node_modules/react-test-renderer/cjs/react-test-renderer.development.js:14598:17)
      at create (node_modules/@testing-library/react-native/src/render-act.ts:15:29)
      at callback (node_modules/@testing-library/react-native/src/act.ts:31:24)
      at process.env.NODE_ENV.exports.act (node_modules/react/cjs/react.development.js:789:22)
      at actImplementation (node_modules/@testing-library/react-native/src/act.ts:30:25)
      at renderWithAct (node_modules/@testing-library/react-native/src/render-act.ts:13:11)
      at renderInternal (node_modules/@testing-library/react-native/src/render.tsx:69:33)
      at renderInternal (node_modules/@testing-library/react-native/src/render.tsx:44:10)
      at Object.<anonymous> (src/features/racetrack/components/RacetrackTrackSvg/RacetrackTrackSvg.test.tsx:68:30)

  console.error
    react-test-renderer is deprecated. See https://react.dev/warnings/react-test-renderer

    [0m [90m  5 |[39m
     [90m  6 |[39m [36mconst[39m renderWithTheme [33m=[39m (component[33m:[39m [33mReact[39m[33m.[39m[33mReactElement[39m) [33m=>[39m {
    [31m[1m>[22m[39m[90m  7 |[39m   [36mreturn[39m render([33m<[39m[33mThemeProvider[39m[33m>[39m{component}[33m<[39m[33m/[39m[33mThemeProvider[39m[33m>[39m)[33m;[39m
     [90m    |[39m                [31m[1m^[22m[39m
     [90m  8 |[39m }[33m;[39m
     [90m  9 |[39m
     [90m 10 |[39m describe([32m'PositionTrainingScreen'[39m[33m,[39m () [33m=>[39m {[0m

      at Object.process.env.NODE_ENV.exports.create (node_modules/react-test-renderer/cjs/react-test-renderer.development.js:14598:17)
      at create (node_modules/@testing-library/react-native/src/render-act.ts:15:29)
      at callback (node_modules/@testing-library/react-native/src/act.ts:31:24)
      at process.env.NODE_ENV.exports.act (node_modules/react/cjs/react.development.js:789:22)
      at actImplementation (node_modules/@testing-library/react-native/src/act.ts:30:25)
      at renderWithAct (node_modules/@testing-library/react-native/src/render-act.ts:13:11)
      at renderInternal (node_modules/@testing-library/react-native/src/render.tsx:69:33)
      at renderInternal (node_modules/@testing-library/react-native/src/render.tsx:44:10)
      at renderWithTheme (src/features/racetrack-position-training/screens/PositionTrainingScreen/PositionTrainingScreen.test.tsx:7:16)
      at Object.renderWithTheme (src/features/racetrack-position-training/screens/PositionTrainingScreen/PositionTrainingScreen.test.tsx:44:26)

  console.error
    react-test-renderer is deprecated. See https://react.dev/warnings/react-test-renderer

    [0m [90m 88 |[39m
     [90m 89 |[39m     it([32m'should render 2nd 12 bet'[39m[33m,[39m () [33m=>[39m {
    [31m[1m>[22m[39m[90m 90 |[39m       [36mconst[39m { getByText } [33m=[39m render([33m<[39m[33mRouletteOutsideBets[39m {[33m...[39mdefaultProps} [33m/[39m[33m>[39m)[33m;[39m
     [90m    |[39m                                   [31m[1m^[22m[39m
     [90m 91 |[39m       expect(getByText([32m'2nd 12'[39m))[33m.[39mtoBeTruthy()[33m;[39m
     [90m 92 |[39m     })[33m;[39m
     [90m 93 |[39m[0m

      at Object.process.env.NODE_ENV.exports.create (node_modules/react-test-renderer/cjs/react-test-renderer.development.js:14598:17)
      at create (node_modules/@testing-library/react-native/src/render-act.ts:15:29)
      at callback (node_modules/@testing-library/react-native/src/act.ts:31:24)
      at process.env.NODE_ENV.exports.act (node_modules/react/cjs/react.development.js:789:22)
      at actImplementation (node_modules/@testing-library/react-native/src/act.ts:30:25)
      at renderWithAct (node_modules/@testing-library/react-native/src/render-act.ts:13:11)
      at renderInternal (node_modules/@testing-library/react-native/src/render.tsx:69:33)
      at renderInternal (node_modules/@testing-library/react-native/src/render.tsx:44:10)
      at Object.<anonymous> (src/components/roulette/RouletteOutsideBets.test.tsx:90:35)

  console.error
    An update to SettingsProvider inside a test was not wrapped in act(...).
    
    When testing, code that causes React state updates should be wrapped into act(...):
    
    act(() => {
      /* fire events that update state */
    });
    /* assert on the output */
    
    This ensures that you're testing the behavior the user would see in the browser. Learn more at https://react.dev/link/wrap-tests-with-act

    [0m [90m 30 |[39m         [90m// Use defaults if load fails[39m
     [90m 31 |[39m       } [36mfinally[39m {
    [31m[1m>[22m[39m[90m 32 |[39m         setIsLoaded([36mtrue[39m)[33m;[39m
     [90m    |[39m         [31m[1m^[22m[39m
     [90m 33 |[39m       }
     [90m 34 |[39m     }[33m;[39m
     [90m 35 |[39m     loadSettings()[33m;[39m[0m

      at node_modules/react-test-renderer/cjs/react-test-renderer.development.js:11801:19
      at runWithFiberInDEV (node_modules/react-test-renderer/cjs/react-test-renderer.development.js:1574:13)
      at warnIfUpdatesNotWrappedWithActDEV (node_modules/react-test-renderer/cjs/react-test-renderer.development.js:11800:9)
      at scheduleUpdateOnFiber (node_modules/react-test-renderer/cjs/react-test-renderer.development.js:10326:9)
      at dispatchSetStateInternal (node_modules/react-test-renderer/cjs/react-test-renderer.development.js:4148:13)
      at dispatchSetState (node_modules/react-test-renderer/cjs/react-test-renderer.development.js:4107:7)
      at setIsLoaded (src/contexts/SettingsContext.tsx:32:9)

  console.error
    react-test-renderer is deprecated. See https://react.dev/warnings/react-test-renderer

    [0m [90m 93 |[39m
     [90m 94 |[39m     it([32m'should render 3rd 12 bet'[39m[33m,[39m () [33m=>[39m {
    [31m[1m>[22m[39m[90m 95 |[39m       [36mconst[39m { getByText } [33m=[39m render([33m<[39m[33mRouletteOutsideBets[39m {[33m...[39mdefaultProps} [33m/[39m[33m>[39m)[33m;[39m
     [90m    |[39m                                   [31m[1m^[22m[39m
     [90m 96 |[39m       expect(getByText([32m'3rd 12'[39m))[33m.[39mtoBeTruthy()[33m;[39m
     [90m 97 |[39m     })[33m;[39m
     [90m 98 |[39m   })[33m;[39m[0m

      at Object.process.env.NODE_ENV.exports.create (node_modules/react-test-renderer/cjs/react-test-renderer.development.js:14598:17)
      at create (node_modules/@testing-library/react-native/src/render-act.ts:15:29)
      at callback (node_modules/@testing-library/react-native/src/act.ts:31:24)
      at process.env.NODE_ENV.exports.act (node_modules/react/cjs/react.development.js:789:22)
      at actImplementation (node_modules/@testing-library/react-native/src/act.ts:30:25)
      at renderWithAct (node_modules/@testing-library/react-native/src/render-act.ts:13:11)
      at renderInternal (node_modules/@testing-library/react-native/src/render.tsx:69:33)
      at renderInternal (node_modules/@testing-library/react-native/src/render.tsx:44:10)
      at Object.<anonymous> (src/components/roulette/RouletteOutsideBets.test.tsx:95:35)

  console.error
    react-test-renderer is deprecated. See https://react.dev/warnings/react-test-renderer

    [0m [90m 71 |[39m
     [90m 72 |[39m     it([32m'should render section labels'[39m[33m,[39m () [33m=>[39m {
    [31m[1m>[22m[39m[90m 73 |[39m       [36mconst[39m { root } [33m=[39m render([33m<[39m[33mRacetrackTrackSvg[39m width[33m=[39m{[35m350[39m} height[33m=[39m{[35m140[39m} [33m/[39m[33m>[39m)[33m;[39m
     [90m    |[39m                              [31m[1m^[22m[39m
     [90m 74 |[39m       expect(root)[33m.[39mtoBeDefined()[33m;[39m
     [90m 75 |[39m     })[33m;[39m
     [90m 76 |[39m   })[33m;[39m[0m

      at Object.process.env.NODE_ENV.exports.create (node_modules/react-test-renderer/cjs/react-test-renderer.development.js:14598:17)
      at create (node_modules/@testing-library/react-native/src/render-act.ts:15:29)
      at callback (node_modules/@testing-library/react-native/src/act.ts:31:24)
      at process.env.NODE_ENV.exports.act (node_modules/react/cjs/react.development.js:789:22)
      at actImplementation (node_modules/@testing-library/react-native/src/act.ts:30:25)
      at renderWithAct (node_modules/@testing-library/react-native/src/render-act.ts:13:11)
      at renderInternal (node_modules/@testing-library/react-native/src/render.tsx:69:33)
      at renderInternal (node_modules/@testing-library/react-native/src/render.tsx:44:10)
      at Object.<anonymous> (src/features/racetrack/components/RacetrackTrackSvg/RacetrackTrackSvg.test.tsx:73:30)

  console.error
    react-test-renderer is deprecated. See https://react.dev/warnings/react-test-renderer

    [0m [90m 101 |[39m     it([32m'should call onBetAreaPress with HIGH_LOW and correct low numbers when 1-18 pressed'[39m[33m,[39m () [33m=>[39m {
     [90m 102 |[39m       [36mconst[39m onBetAreaPress [33m=[39m jest[33m.[39mfn()[33m;[39m
    [31m[1m>[22m[39m[90m 103 |[39m       [36mconst[39m { getByText } [33m=[39m render(
     [90m     |[39m                                   [31m[1m^[22m[39m
     [90m 104 |[39m         [33m<[39m[33mRouletteOutsideBets[39m {[33m...[39mdefaultProps} onBetAreaPress[33m=[39m{onBetAreaPress} [33m/[39m[33m>[39m
     [90m 105 |[39m       )[33m;[39m
     [90m 106 |[39m[0m

      at Object.process.env.NODE_ENV.exports.create (node_modules/react-test-renderer/cjs/react-test-renderer.development.js:14598:17)
      at create (node_modules/@testing-library/react-native/src/render-act.ts:15:29)
      at callback (node_modules/@testing-library/react-native/src/act.ts:31:24)
      at process.env.NODE_ENV.exports.act (node_modules/react/cjs/react.development.js:789:22)
      at actImplementation (node_modules/@testing-library/react-native/src/act.ts:30:25)
      at renderWithAct (node_modules/@testing-library/react-native/src/render-act.ts:13:11)
      at renderInternal (node_modules/@testing-library/react-native/src/render.tsx:69:33)
      at renderInternal (node_modules/@testing-library/react-native/src/render.tsx:44:10)
      at Object.<anonymous> (src/components/roulette/RouletteOutsideBets.test.tsx:103:35)

FAIL src/features/plo-training/screens/PLOGameTrainingScreen/PLOGameTrainingScreen.test.tsx
  ΓùÅ Test suite failed to run

    SyntaxError: C:\Users\ivans\Desktop\Dev\CasinoTrainingApp\src\styles\textStyles.ts: Unexpected token, expected "(" (22:9)

      20 |     marginBottom: 4,
      21 |   } as TextStyle,
    > 22 |    * Size: 18px, Weight: 700, Color: Gold
         |          ^
      23 |    */
      24 |   goldTitle: {
      25 |     fontSize: 18,

      27 |
      28 | // Text style factories
    > 29 | export { createTextStyles } from './textStyles';
         | ^
      30 | export type { TextStyles } from './textStyles';
      31 |

      at constructor (node_modules/@babel/parser/src/parse-error.ts:95:45)
      at TypeScriptParserMixin.toParseError [as raise] (node_modules/@babel/parser/src/tokenizer/index.ts:1504:19)
      at TypeScriptParserMixin.raise [as unexpected] (node_modules/@babel/parser/src/tokenizer/index.ts:1544:16)
      at TypeScriptParserMixin.unexpected [as expect] (node_modules/@babel/parser/src/parser/util.ts:157:12)
      at TypeScriptParserMixin.expect (node_modules/@babel/parser/src/parser/statement.ts:1726:10)
      at TypeScriptParserMixin.parseFunctionParams (node_modules/@babel/parser/src/plugins/typescript/index.ts:3692:13)
      at TypeScriptParserMixin.parseFunctionParams (node_modules/@babel/parser/src/parser/expression.ts:2491:10)
      at TypeScriptParserMixin.parseMethod (node_modules/@babel/parser/src/plugins/typescript/index.ts:4312:28)
      at TypeScriptParserMixin.parseMethod [as parseObjectMethod] (node_modules/@babel/parser/src/parser/expression.ts:2300:19)
      at TypeScriptParserMixin.parseObjectMethod (node_modules/@babel/parser/src/parser/expression.ts:2381:24)
      at TypeScriptParserMixin.parseObjPropValue (node_modules/@babel/parser/src/plugins/typescript/index.ts:3675:20)
      at TypeScriptParserMixin.parseObjPropValue [as parsePropertyDefinition] (node_modules/@babel/parser/src/parser/expression.ts:2228:17)
      at TypeScriptParserMixin.parsePropertyDefinition [as parseObjectLike] (node_modules/@babel/parser/src/parser/expression.ts:2095:21)
      at TypeScriptParserMixin.parseObjectLike [as parseExprAtom] (node_modules/@babel/parser/src/parser/expression.ts:1181:21)
      at TypeScriptParserMixin.parseExprAtom [as parseExprSubscripts] (node_modules/@babel/parser/src/parser/expression.ts:742:23)
      at TypeScriptParserMixin.parseExprSubscripts [as parseUpdate] (node_modules/@babel/parser/src/parser/expression.ts:721:21)
      at TypeScriptParserMixin.parseUpdate (node_modules/@babel/parser/src/parser/expression.ts:683:23)
      at TypeScriptParserMixin.parseMaybeUnary (node_modules/@babel/parser/src/plugins/typescript/index.ts:3893:20)
      at TypeScriptParserMixin.parseMaybeUnary [as parseMaybeUnaryOrPrivate] (node_modules/@babel/parser/src/parser/expression.ts:417:14)
      at TypeScriptParserMixin.parseMaybeUnaryOrPrivate [as parseExprOps] (node_modules/@babel/parser/src/parser/expression.ts:429:23)
      at TypeScriptParserMixin.parseExprOps [as parseMaybeConditional] (node_modules/@babel/parser/src/parser/expression.ts:384:23)
      at TypeScriptParserMixin.parseMaybeConditional (node_modules/@babel/parser/src/parser/expression.ts:301:21)
      at TypeScriptParserMixin.parseMaybeAssign (node_modules/@babel/parser/src/plugins/typescript/index.ts:3764:22)
      at parseMaybeAssign (node_modules/@babel/parser/src/parser/expression.ts:257:12)
      at TypeScriptParserMixin.callback [as allowInAnd] (node_modules/@babel/parser/src/parser/expression.ts:3194:12)
      at TypeScriptParserMixin.allowInAnd [as parseMaybeAssignAllowIn] (node_modules/@babel/parser/src/parser/expression.ts:256:17)
      at TypeScriptParserMixin.parseMaybeAssignAllowIn [as parseMaybeAssignAllowInOrVoidPattern] (node_modules/@babel/parser/src/parser/expression.ts:3308:17)
      at TypeScriptParserMixin.parseMaybeAssignAllowInOrVoidPattern [as parseParenAndDistinguishExpression] (node_modules/@babel/parser/src/parser/expression.ts:1822:16)
      at TypeScriptParserMixin.parseParenAndDistinguishExpression [as parseExprAtom] (node_modules/@babel/parser/src/parser/expression.ts:1170:21)
      at TypeScriptParserMixin.parseExprAtom [as parseExprSubscripts] (node_modules/@babel/parser/src/parser/expression.ts:742:23)
      at TypeScriptParserMixin.parseExprSubscripts [as parseUpdate] (node_modules/@babel/parser/src/parser/expression.ts:721:21)
      at TypeScriptParserMixin.parseUpdate (node_modules/@babel/parser/src/parser/expression.ts:683:23)
      at TypeScriptParserMixin.parseMaybeUnary (node_modules/@babel/parser/src/plugins/typescript/index.ts:3893:20)
      at TypeScriptParserMixin.parseMaybeUnary [as parseMaybeUnaryOrPrivate] (node_modules/@babel/parser/src/parser/expression.ts:417:14)
      at TypeScriptParserMixin.parseMaybeUnaryOrPrivate [as parseExprOps] (node_modules/@babel/parser/src/parser/expression.ts:429:23)
      at TypeScriptParserMixin.parseExprOps [as parseMaybeConditional] (node_modules/@babel/parser/src/parser/expression.ts:384:23)
      at TypeScriptParserMixin.parseMaybeConditional (node_modules/@babel/parser/src/parser/expression.ts:301:21)
      at TypeScriptParserMixin.parseMaybeAssign (node_modules/@babel/parser/src/plugins/typescript/index.ts:3764:22)
      at TypeScriptParserMixin.parseMaybeAssign [as parseFunctionBody] (node_modules/@babel/parser/src/parser/expression.ts:2604:14)
      at TypeScriptParserMixin.parseFunctionBody [as parseArrowExpression] (node_modules/@babel/parser/src/parser/expression.ts:2559:10)
      at TypeScriptParserMixin.parseArrowExpression [as parseParenAndDistinguishExpression] (node_modules/@babel/parser/src/parser/expression.ts:1847:12)
      at TypeScriptParserMixin.parseParenAndDistinguishExpression [as parseExprAtom] (node_modules/@babel/parser/src/parser/expression.ts:1170:21)
      at TypeScriptParserMixin.parseExprAtom [as parseExprSubscripts] (node_modules/@babel/parser/src/parser/expression.ts:742:23)
      at TypeScriptParserMixin.parseExprSubscripts [as parseUpdate] (node_modules/@babel/parser/src/parser/expression.ts:721:21)
      at TypeScriptParserMixin.parseUpdate (node_modules/@babel/parser/src/parser/expression.ts:683:23)
      at TypeScriptParserMixin.parseMaybeUnary (node_modules/@babel/parser/src/plugins/typescript/index.ts:3893:20)
      at TypeScriptParserMixin.parseMaybeUnary [as parseMaybeUnaryOrPrivate] (node_modules/@babel/parser/src/parser/expression.ts:417:14)
      at TypeScriptParserMixin.parseMaybeUnaryOrPrivate [as parseExprOps] (node_modules/@babel/parser/src/parser/expression.ts:429:23)
      at TypeScriptParserMixin.parseExprOps [as parseMaybeConditional] (node_modules/@babel/parser/src/parser/expression.ts:384:23)
      at TypeScriptParserMixin.parseMaybeConditional (node_modules/@babel/parser/src/parser/expression.ts:301:21)
      at TypeScriptParserMixin.parseMaybeAssign (node_modules/@babel/parser/src/plugins/typescript/index.ts:3764:22)
      at parseMaybeAssign (node_modules/@babel/parser/src/parser/expression.ts:257:12)
      at TypeScriptParserMixin.callback [as allowInAnd] (node_modules/@babel/parser/src/parser/expression.ts:3189:16)
      at TypeScriptParserMixin.allowInAnd [as parseMaybeAssignAllowIn] (node_modules/@babel/parser/src/parser/expression.ts:256:17)
      at TypeScriptParserMixin.parseMaybeAssignAllowIn [as parseVar] (node_modules/@babel/parser/src/parser/statement.ts:1587:18)
      at TypeScriptParserMixin.parseVar (node_modules/@babel/parser/src/parser/statement.ts:1251:10)
      at TypeScriptParserMixin.parseVarStatement (node_modules/@babel/parser/src/plugins/typescript/index.ts:3085:33)
      at TypeScriptParserMixin.parseVarStatement (node_modules/@babel/parser/src/parser/statement.ts:612:21)
      at TypeScriptParserMixin.parseStatementContent (node_modules/@babel/parser/src/plugins/typescript/index.ts:3220:20)
      at TypeScriptParserMixin.parseStatementContent [as parseStatementLike] (node_modules/@babel/parser/src/parser/statement.ts:482:17)
      at TypeScriptParserMixin.parseStatementLike [as parseStatementListItem] (node_modules/@babel/parser/src/parser/statement.ts:431:17)
      at TypeScriptParserMixin.parseStatementListItem (node_modules/@babel/parser/src/parser/statement.ts:2635:17)
      at TypeScriptParserMixin.parseExportDeclaration (node_modules/@babel/parser/src/plugins/typescript/index.ts:3447:15)
      at TypeScriptParserMixin.parseExportDeclaration [as maybeParseExportDeclaration] (node_modules/@babel/parser/src/parser/statement.ts:2551:31)
      at TypeScriptParserMixin.maybeParseExportDeclaration (node_modules/@babel/parser/src/parser/statement.ts:2432:29)
      at TypeScriptParserMixin.parseExport (node_modules/@babel/parser/src/plugins/typescript/index.ts:3046:22)
      at TypeScriptParserMixin.parseExport (node_modules/@babel/parser/src/parser/statement.ts:649:25)
      at TypeScriptParserMixin.parseStatementContent (node_modules/@babel/parser/src/plugins/typescript/index.ts:3220:20)
      at TypeScriptParserMixin.parseStatementContent [as parseStatementLike] (node_modules/@babel/parser/src/parser/statement.ts:482:17)
      at TypeScriptParserMixin.parseStatementLike [as parseModuleItem] (node_modules/@babel/parser/src/parser/statement.ts:419:17)
      at TypeScriptParserMixin.parseModuleItem [as parseBlockOrModuleBlockBody] (node_modules/@babel/parser/src/parser/statement.ts:1443:16)
      at TypeScriptParserMixin.parseBlockOrModuleBlockBody [as parseBlockBody] (node_modules/@babel/parser/src/parser/statement.ts:1417:10)
      at TypeScriptParserMixin.parseBlockBody [as parseProgram] (node_modules/@babel/parser/src/parser/statement.ts:229:10)
      at TypeScriptParserMixin.parseProgram [as parseTopLevel] (node_modules/@babel/parser/src/parser/statement.ts:203:25)
      at TypeScriptParserMixin.parseTopLevel (node_modules/@babel/parser/src/parser/index.ts:83:25)
      at TypeScriptParserMixin.parse (node_modules/@babel/parser/src/plugins/typescript/index.ts:4354:20)
      at parse (node_modules/@babel/parser/src/index.ts:86:38)
      at parser (node_modules/@babel/core/src/parser/index.ts:29:19)
          at parser.next (<anonymous>)
      at normalizeFile (node_modules/@babel/core/src/transformation/normalize-file.ts:50:24)
          at normalizeFile.next (<anonymous>)
      at run (node_modules/@babel/core/src/transformation/index.ts:41:36)
          at run.next (<anonymous>)
      at transform (node_modules/@babel/core/src/transform.ts:29:20)
          at transform.next (<anonymous>)
      at evaluateSync (node_modules/gensync/index.js:251:28)
      at sync (node_modules/gensync/index.js:89:14)
      at fn (node_modules/@babel/core/src/errors/rewrite-stack-trace.ts:99:14)
      at transformSync (node_modules/@babel/core/src/transform.ts:66:52)
      at Object.require (src/styles/index.ts:29:1)

  console.error
    react-test-renderer is deprecated. See https://react.dev/warnings/react-test-renderer

    [0m [90m  5 |[39m
     [90m  6 |[39m [36mconst[39m renderWithTheme [33m=[39m (component[33m:[39m [33mReact[39m[33m.[39m[33mReactElement[39m) [33m=>[39m {
    [31m[1m>[22m[39m[90m  7 |[39m   [36mreturn[39m render([33m<[39m[33mThemeProvider[39m[33m>[39m{component}[33m<[39m[33m/[39m[33mThemeProvider[39m[33m>[39m)[33m;[39m
     [90m    |[39m                [31m[1m^[22m[39m
     [90m  8 |[39m }[33m;[39m
     [90m  9 |[39m
     [90m 10 |[39m describe([32m'PositionTrainingScreen'[39m[33m,[39m () [33m=>[39m {[0m

      at Object.process.env.NODE_ENV.exports.create (node_modules/react-test-renderer/cjs/react-test-renderer.development.js:14598:17)
      at create (node_modules/@testing-library/react-native/src/render-act.ts:15:29)
      at callback (node_modules/@testing-library/react-native/src/act.ts:31:24)
      at process.env.NODE_ENV.exports.act (node_modules/react/cjs/react.development.js:789:22)
      at actImplementation (node_modules/@testing-library/react-native/src/act.ts:30:25)
      at renderWithAct (node_modules/@testing-library/react-native/src/render-act.ts:13:11)
      at renderInternal (node_modules/@testing-library/react-native/src/render.tsx:69:33)
      at renderInternal (node_modules/@testing-library/react-native/src/render.tsx:44:10)
      at renderWithTheme (src/features/racetrack-position-training/screens/PositionTrainingScreen/PositionTrainingScreen.test.tsx:7:16)
      at Object.renderWithTheme (src/features/racetrack-position-training/screens/PositionTrainingScreen/PositionTrainingScreen.test.tsx:52:26)

FAIL src/features/racetrack-sector-training/screens/SectorMenuScreen/SectorMenuScreen.test.tsx
  ΓùÅ Test suite failed to run

    SyntaxError: C:\Users\ivans\Desktop\Dev\CasinoTrainingApp\src\styles\textStyles.ts: Unexpected token, expected "(" (22:9)

      20 |     marginBottom: 4,
      21 |   } as TextStyle,
    > 22 |    * Size: 18px, Weight: 700, Color: Gold
         |          ^
      23 |    */
      24 |   goldTitle: {
      25 |     fontSize: 18,

      27 |
      28 | // Text style factories
    > 29 | export { createTextStyles } from './textStyles';
         | ^
      30 | export type { TextStyles } from './textStyles';
      31 |

      at constructor (node_modules/@babel/parser/src/parse-error.ts:95:45)
      at TypeScriptParserMixin.toParseError [as raise] (node_modules/@babel/parser/src/tokenizer/index.ts:1504:19)
      at TypeScriptParserMixin.raise [as unexpected] (node_modules/@babel/parser/src/tokenizer/index.ts:1544:16)
      at TypeScriptParserMixin.unexpected [as expect] (node_modules/@babel/parser/src/parser/util.ts:157:12)
      at TypeScriptParserMixin.expect (node_modules/@babel/parser/src/parser/statement.ts:1726:10)
      at TypeScriptParserMixin.parseFunctionParams (node_modules/@babel/parser/src/plugins/typescript/index.ts:3692:13)
      at TypeScriptParserMixin.parseFunctionParams (node_modules/@babel/parser/src/parser/expression.ts:2491:10)
      at TypeScriptParserMixin.parseMethod (node_modules/@babel/parser/src/plugins/typescript/index.ts:4312:28)
      at TypeScriptParserMixin.parseMethod [as parseObjectMethod] (node_modules/@babel/parser/src/parser/expression.ts:2300:19)
      at TypeScriptParserMixin.parseObjectMethod (node_modules/@babel/parser/src/parser/expression.ts:2381:24)
      at TypeScriptParserMixin.parseObjPropValue (node_modules/@babel/parser/src/plugins/typescript/index.ts:3675:20)
      at TypeScriptParserMixin.parseObjPropValue [as parsePropertyDefinition] (node_modules/@babel/parser/src/parser/expression.ts:2228:17)
      at TypeScriptParserMixin.parsePropertyDefinition [as parseObjectLike] (node_modules/@babel/parser/src/parser/expression.ts:2095:21)
      at TypeScriptParserMixin.parseObjectLike [as parseExprAtom] (node_modules/@babel/parser/src/parser/expression.ts:1181:21)
      at TypeScriptParserMixin.parseExprAtom [as parseExprSubscripts] (node_modules/@babel/parser/src/parser/expression.ts:742:23)
      at TypeScriptParserMixin.parseExprSubscripts [as parseUpdate] (node_modules/@babel/parser/src/parser/expression.ts:721:21)
      at TypeScriptParserMixin.parseUpdate (node_modules/@babel/parser/src/parser/expression.ts:683:23)
      at TypeScriptParserMixin.parseMaybeUnary (node_modules/@babel/parser/src/plugins/typescript/index.ts:3893:20)
      at TypeScriptParserMixin.parseMaybeUnary [as parseMaybeUnaryOrPrivate] (node_modules/@babel/parser/src/parser/expression.ts:417:14)
      at TypeScriptParserMixin.parseMaybeUnaryOrPrivate [as parseExprOps] (node_modules/@babel/parser/src/parser/expression.ts:429:23)
      at TypeScriptParserMixin.parseExprOps [as parseMaybeConditional] (node_modules/@babel/parser/src/parser/expression.ts:384:23)
      at TypeScriptParserMixin.parseMaybeConditional (node_modules/@babel/parser/src/parser/expression.ts:301:21)
      at TypeScriptParserMixin.parseMaybeAssign (node_modules/@babel/parser/src/plugins/typescript/index.ts:3764:22)
      at parseMaybeAssign (node_modules/@babel/parser/src/parser/expression.ts:257:12)
      at TypeScriptParserMixin.callback [as allowInAnd] (node_modules/@babel/parser/src/parser/expression.ts:3194:12)
      at TypeScriptParserMixin.allowInAnd [as parseMaybeAssignAllowIn] (node_modules/@babel/parser/src/parser/expression.ts:256:17)
      at TypeScriptParserMixin.parseMaybeAssignAllowIn [as parseMaybeAssignAllowInOrVoidPattern] (node_modules/@babel/parser/src/parser/expression.ts:3308:17)
      at TypeScriptParserMixin.parseMaybeAssignAllowInOrVoidPattern [as parseParenAndDistinguishExpression] (node_modules/@babel/parser/src/parser/expression.ts:1822:16)
      at TypeScriptParserMixin.parseParenAndDistinguishExpression [as parseExprAtom] (node_modules/@babel/parser/src/parser/expression.ts:1170:21)
      at TypeScriptParserMixin.parseExprAtom [as parseExprSubscripts] (node_modules/@babel/parser/src/parser/expression.ts:742:23)
      at TypeScriptParserMixin.parseExprSubscripts [as parseUpdate] (node_modules/@babel/parser/src/parser/expression.ts:721:21)
      at TypeScriptParserMixin.parseUpdate (node_modules/@babel/parser/src/parser/expression.ts:683:23)
      at TypeScriptParserMixin.parseMaybeUnary (node_modules/@babel/parser/src/plugins/typescript/index.ts:3893:20)
      at TypeScriptParserMixin.parseMaybeUnary [as parseMaybeUnaryOrPrivate] (node_modules/@babel/parser/src/parser/expression.ts:417:14)
      at TypeScriptParserMixin.parseMaybeUnaryOrPrivate [as parseExprOps] (node_modules/@babel/parser/src/parser/expression.ts:429:23)
      at TypeScriptParserMixin.parseExprOps [as parseMaybeConditional] (node_modules/@babel/parser/src/parser/expression.ts:384:23)
      at TypeScriptParserMixin.parseMaybeConditional (node_modules/@babel/parser/src/parser/expression.ts:301:21)
      at TypeScriptParserMixin.parseMaybeAssign (node_modules/@babel/parser/src/plugins/typescript/index.ts:3764:22)
      at TypeScriptParserMixin.parseMaybeAssign [as parseFunctionBody] (node_modules/@babel/parser/src/parser/expression.ts:2604:14)
      at TypeScriptParserMixin.parseFunctionBody [as parseArrowExpression] (node_modules/@babel/parser/src/parser/expression.ts:2559:10)
      at TypeScriptParserMixin.parseArrowExpression [as parseParenAndDistinguishExpression] (node_modules/@babel/parser/src/parser/expression.ts:1847:12)
      at TypeScriptParserMixin.parseParenAndDistinguishExpression [as parseExprAtom] (node_modules/@babel/parser/src/parser/expression.ts:1170:21)
      at TypeScriptParserMixin.parseExprAtom [as parseExprSubscripts] (node_modules/@babel/parser/src/parser/expression.ts:742:23)
      at TypeScriptParserMixin.parseExprSubscripts [as parseUpdate] (node_modules/@babel/parser/src/parser/expression.ts:721:21)
      at TypeScriptParserMixin.parseUpdate (node_modules/@babel/parser/src/parser/expression.ts:683:23)
      at TypeScriptParserMixin.parseMaybeUnary (node_modules/@babel/parser/src/plugins/typescript/index.ts:3893:20)
      at TypeScriptParserMixin.parseMaybeUnary [as parseMaybeUnaryOrPrivate] (node_modules/@babel/parser/src/parser/expression.ts:417:14)
      at TypeScriptParserMixin.parseMaybeUnaryOrPrivate [as parseExprOps] (node_modules/@babel/parser/src/parser/expression.ts:429:23)
      at TypeScriptParserMixin.parseExprOps [as parseMaybeConditional] (node_modules/@babel/parser/src/parser/expression.ts:384:23)
      at TypeScriptParserMixin.parseMaybeConditional (node_modules/@babel/parser/src/parser/expression.ts:301:21)
      at TypeScriptParserMixin.parseMaybeAssign (node_modules/@babel/parser/src/plugins/typescript/index.ts:3764:22)
      at parseMaybeAssign (node_modules/@babel/parser/src/parser/expression.ts:257:12)
      at TypeScriptParserMixin.callback [as allowInAnd] (node_modules/@babel/parser/src/parser/expression.ts:3189:16)
      at TypeScriptParserMixin.allowInAnd [as parseMaybeAssignAllowIn] (node_modules/@babel/parser/src/parser/expression.ts:256:17)
      at TypeScriptParserMixin.parseMaybeAssignAllowIn [as parseVar] (node_modules/@babel/parser/src/parser/statement.ts:1587:18)
      at TypeScriptParserMixin.parseVar (node_modules/@babel/parser/src/parser/statement.ts:1251:10)
      at TypeScriptParserMixin.parseVarStatement (node_modules/@babel/parser/src/plugins/typescript/index.ts:3085:33)
      at TypeScriptParserMixin.parseVarStatement (node_modules/@babel/parser/src/parser/statement.ts:612:21)
      at TypeScriptParserMixin.parseStatementContent (node_modules/@babel/parser/src/plugins/typescript/index.ts:3220:20)
      at TypeScriptParserMixin.parseStatementContent [as parseStatementLike] (node_modules/@babel/parser/src/parser/statement.ts:482:17)
      at TypeScriptParserMixin.parseStatementLike [as parseStatementListItem] (node_modules/@babel/parser/src/parser/statement.ts:431:17)
      at TypeScriptParserMixin.parseStatementListItem (node_modules/@babel/parser/src/parser/statement.ts:2635:17)
      at TypeScriptParserMixin.parseExportDeclaration (node_modules/@babel/parser/src/plugins/typescript/index.ts:3447:15)
      at TypeScriptParserMixin.parseExportDeclaration [as maybeParseExportDeclaration] (node_modules/@babel/parser/src/parser/statement.ts:2551:31)
      at TypeScriptParserMixin.maybeParseExportDeclaration (node_modules/@babel/parser/src/parser/statement.ts:2432:29)
      at TypeScriptParserMixin.parseExport (node_modules/@babel/parser/src/plugins/typescript/index.ts:3046:22)
      at TypeScriptParserMixin.parseExport (node_modules/@babel/parser/src/parser/statement.ts:649:25)
      at TypeScriptParserMixin.parseStatementContent (node_modules/@babel/parser/src/plugins/typescript/index.ts:3220:20)
      at TypeScriptParserMixin.parseStatementContent [as parseStatementLike] (node_modules/@babel/parser/src/parser/statement.ts:482:17)
      at TypeScriptParserMixin.parseStatementLike [as parseModuleItem] (node_modules/@babel/parser/src/parser/statement.ts:419:17)
      at TypeScriptParserMixin.parseModuleItem [as parseBlockOrModuleBlockBody] (node_modules/@babel/parser/src/parser/statement.ts:1443:16)
      at TypeScriptParserMixin.parseBlockOrModuleBlockBody [as parseBlockBody] (node_modules/@babel/parser/src/parser/statement.ts:1417:10)
      at TypeScriptParserMixin.parseBlockBody [as parseProgram] (node_modules/@babel/parser/src/parser/statement.ts:229:10)
      at TypeScriptParserMixin.parseProgram [as parseTopLevel] (node_modules/@babel/parser/src/parser/statement.ts:203:25)
      at TypeScriptParserMixin.parseTopLevel (node_modules/@babel/parser/src/parser/index.ts:83:25)
      at TypeScriptParserMixin.parse (node_modules/@babel/parser/src/plugins/typescript/index.ts:4354:20)
      at parse (node_modules/@babel/parser/src/index.ts:86:38)
      at parser (node_modules/@babel/core/src/parser/index.ts:29:19)
          at parser.next (<anonymous>)
      at normalizeFile (node_modules/@babel/core/src/transformation/normalize-file.ts:50:24)
          at normalizeFile.next (<anonymous>)
      at run (node_modules/@babel/core/src/transformation/index.ts:41:36)
          at run.next (<anonymous>)
      at transform (node_modules/@babel/core/src/transform.ts:29:20)
          at transform.next (<anonymous>)
      at evaluateSync (node_modules/gensync/index.js:251:28)
      at sync (node_modules/gensync/index.js:89:14)
      at fn (node_modules/@babel/core/src/errors/rewrite-stack-trace.ts:99:14)
      at transformSync (node_modules/@babel/core/src/transform.ts:66:52)
      at Object.require (src/styles/index.ts:29:1)

  console.error
    react-test-renderer is deprecated. See https://react.dev/warnings/react-test-renderer

    [0m [90m 112 |[39m     it([32m'should call onBetAreaPress with EVEN_ODD and correct even numbers when EVEN pressed'[39m[33m,[39m () [33m=>[39m {
     [90m 113 |[39m       [36mconst[39m onBetAreaPress [33m=[39m jest[33m.[39mfn()[33m;[39m
    [31m[1m>[22m[39m[90m 114 |[39m       [36mconst[39m { getByText } [33m=[39m render(
     [90m     |[39m                                   [31m[1m^[22m[39m
     [90m 115 |[39m         [33m<[39m[33mRouletteOutsideBets[39m {[33m...[39mdefaultProps} onBetAreaPress[33m=[39m{onBetAreaPress} [33m/[39m[33m>[39m
     [90m 116 |[39m       )[33m;[39m
     [90m 117 |[39m[0m

      at Object.process.env.NODE_ENV.exports.create (node_modules/react-test-renderer/cjs/react-test-renderer.development.js:14598:17)
      at create (node_modules/@testing-library/react-native/src/render-act.ts:15:29)
      at callback (node_modules/@testing-library/react-native/src/act.ts:31:24)
      at process.env.NODE_ENV.exports.act (node_modules/react/cjs/react.development.js:789:22)
      at actImplementation (node_modules/@testing-library/react-native/src/act.ts:30:25)
      at renderWithAct (node_modules/@testing-library/react-native/src/render-act.ts:13:11)
      at renderInternal (node_modules/@testing-library/react-native/src/render.tsx:69:33)
      at renderInternal (node_modules/@testing-library/react-native/src/render.tsx:44:10)
      at Object.<anonymous> (src/components/roulette/RouletteOutsideBets.test.tsx:114:35)

  console.error
    react-test-renderer is deprecated. See https://react.dev/warnings/react-test-renderer

    [0m [90m 78 |[39m   describe([32m'section labels'[39m[33m,[39m () [33m=>[39m {
     [90m 79 |[39m     it([32m'should render tier label'[39m[33m,[39m () [33m=>[39m {
    [31m[1m>[22m[39m[90m 80 |[39m       [36mconst[39m { root } [33m=[39m render([33m<[39m[33mRacetrackTrackSvg[39m width[33m=[39m{[35m350[39m} height[33m=[39m{[35m140[39m} [33m/[39m[33m>[39m)[33m;[39m
     [90m    |[39m                              [31m[1m^[22m[39m
     [90m 81 |[39m       expect(root)[33m.[39mtoBeDefined()[33m;[39m
     [90m 82 |[39m     })[33m;[39m
     [90m 83 |[39m[0m

      at Object.process.env.NODE_ENV.exports.create (node_modules/react-test-renderer/cjs/react-test-renderer.development.js:14598:17)
      at create (node_modules/@testing-library/react-native/src/render-act.ts:15:29)
      at callback (node_modules/@testing-library/react-native/src/act.ts:31:24)
      at process.env.NODE_ENV.exports.act (node_modules/react/cjs/react.development.js:789:22)
      at actImplementation (node_modules/@testing-library/react-native/src/act.ts:30:25)
      at renderWithAct (node_modules/@testing-library/react-native/src/render-act.ts:13:11)
      at renderInternal (node_modules/@testing-library/react-native/src/render.tsx:69:33)
      at renderInternal (node_modules/@testing-library/react-native/src/render.tsx:44:10)
      at Object.<anonymous> (src/features/racetrack/components/RacetrackTrackSvg/RacetrackTrackSvg.test.tsx:80:30)

  console.error
    react-test-renderer is deprecated. See https://react.dev/warnings/react-test-renderer

    [0m [90m 125 |[39m     it([32m'should call onBetAreaPress with RED_BLACK and correct red numbers when red diamond pressed'[39m[33m,[39m () [33m=>[39m {
     [90m 126 |[39m       [36mconst[39m onBetAreaPress [33m=[39m jest[33m.[39mfn()[33m;[39m
    [31m[1m>[22m[39m[90m 127 |[39m       [36mconst[39m { getByLabelText } [33m=[39m render(
     [90m     |[39m                                        [31m[1m^[22m[39m
     [90m 128 |[39m         [33m<[39m[33mRouletteOutsideBets[39m {[33m...[39mdefaultProps} onBetAreaPress[33m=[39m{onBetAreaPress} [33m/[39m[33m>[39m
     [90m 129 |[39m       )[33m;[39m
     [90m 130 |[39m[0m

      at Object.process.env.NODE_ENV.exports.create (node_modules/react-test-renderer/cjs/react-test-renderer.development.js:14598:17)
      at create (node_modules/@testing-library/react-native/src/render-act.ts:15:29)
      at callback (node_modules/@testing-library/react-native/src/act.ts:31:24)
      at process.env.NODE_ENV.exports.act (node_modules/react/cjs/react.development.js:789:22)
      at actImplementation (node_modules/@testing-library/react-native/src/act.ts:30:25)
      at renderWithAct (node_modules/@testing-library/react-native/src/render-act.ts:13:11)
      at renderInternal (node_modules/@testing-library/react-native/src/render.tsx:69:33)
      at renderInternal (node_modules/@testing-library/react-native/src/render.tsx:44:10)
      at Object.<anonymous> (src/components/roulette/RouletteOutsideBets.test.tsx:127:40)

  console.error
    react-test-renderer is deprecated. See https://react.dev/warnings/react-test-renderer

    [0m [90m 138 |[39m     it([32m'should call onBetAreaPress with RED_BLACK and correct black numbers when black diamond pressed'[39m[33m,[39m () [33m=>[39m {
     [90m 139 |[39m       [36mconst[39m onBetAreaPress [33m=[39m jest[33m.[39mfn()[33m;[39m
    [31m[1m>[22m[39m[90m 140 |[39m       [36mconst[39m { getByLabelText } [33m=[39m render(
     [90m     |[39m                                        [31m[1m^[22m[39m
     [90m 141 |[39m         [33m<[39m[33mRouletteOutsideBets[39m {[33m...[39mdefaultProps} onBetAreaPress[33m=[39m{onBetAreaPress} [33m/[39m[33m>[39m
     [90m 142 |[39m       )[33m;[39m
     [90m 143 |[39m[0m

      at Object.process.env.NODE_ENV.exports.create (node_modules/react-test-renderer/cjs/react-test-renderer.development.js:14598:17)
      at create (node_modules/@testing-library/react-native/src/render-act.ts:15:29)
      at callback (node_modules/@testing-library/react-native/src/act.ts:31:24)
      at process.env.NODE_ENV.exports.act (node_modules/react/cjs/react.development.js:789:22)
      at actImplementation (node_modules/@testing-library/react-native/src/act.ts:30:25)
      at renderWithAct (node_modules/@testing-library/react-native/src/render-act.ts:13:11)
      at renderInternal (node_modules/@testing-library/react-native/src/render.tsx:69:33)
      at renderInternal (node_modules/@testing-library/react-native/src/render.tsx:44:10)
      at Object.<anonymous> (src/components/roulette/RouletteOutsideBets.test.tsx:140:40)

  console.error
    react-test-renderer is deprecated. See https://react.dev/warnings/react-test-renderer

    [0m [90m 151 |[39m     it([32m'should call onBetAreaPress with EVEN_ODD and correct odd numbers when ODD pressed'[39m[33m,[39m () [33m=>[39m {
     [90m 152 |[39m       [36mconst[39m onBetAreaPress [33m=[39m jest[33m.[39mfn()[33m;[39m
    [31m[1m>[22m[39m[90m 153 |[39m       [36mconst[39m { getByText } [33m=[39m render(
     [90m     |[39m                                   [31m[1m^[22m[39m
     [90m 154 |[39m         [33m<[39m[33mRouletteOutsideBets[39m {[33m...[39mdefaultProps} onBetAreaPress[33m=[39m{onBetAreaPress} [33m/[39m[33m>[39m
     [90m 155 |[39m       )[33m;[39m
     [90m 156 |[39m[0m

      at Object.process.env.NODE_ENV.exports.create (node_modules/react-test-renderer/cjs/react-test-renderer.development.js:14598:17)
      at create (node_modules/@testing-library/react-native/src/render-act.ts:15:29)
      at callback (node_modules/@testing-library/react-native/src/act.ts:31:24)
      at process.env.NODE_ENV.exports.act (node_modules/react/cjs/react.development.js:789:22)
      at actImplementation (node_modules/@testing-library/react-native/src/act.ts:30:25)
      at renderWithAct (node_modules/@testing-library/react-native/src/render-act.ts:13:11)
      at renderInternal (node_modules/@testing-library/react-native/src/render.tsx:69:33)
      at renderInternal (node_modules/@testing-library/react-native/src/render.tsx:44:10)
      at Object.<anonymous> (src/components/roulette/RouletteOutsideBets.test.tsx:153:35)

  console.error
    react-test-renderer is deprecated. See https://react.dev/warnings/react-test-renderer

    [0m [90m 83 |[39m
     [90m 84 |[39m     it([32m'should render orphelins label'[39m[33m,[39m () [33m=>[39m {
    [31m[1m>[22m[39m[90m 85 |[39m       [36mconst[39m { root } [33m=[39m render([33m<[39m[33mRacetrackTrackSvg[39m width[33m=[39m{[35m350[39m} height[33m=[39m{[35m140[39m} [33m/[39m[33m>[39m)[33m;[39m
     [90m    |[39m                              [31m[1m^[22m[39m
     [90m 86 |[39m       expect(root)[33m.[39mtoBeDefined()[33m;[39m
     [90m 87 |[39m     })[33m;[39m
     [90m 88 |[39m[0m

      at Object.process.env.NODE_ENV.exports.create (node_modules/react-test-renderer/cjs/react-test-renderer.development.js:14598:17)
      at create (node_modules/@testing-library/react-native/src/render-act.ts:15:29)
      at callback (node_modules/@testing-library/react-native/src/act.ts:31:24)
      at process.env.NODE_ENV.exports.act (node_modules/react/cjs/react.development.js:789:22)
      at actImplementation (node_modules/@testing-library/react-native/src/act.ts:30:25)
      at renderWithAct (node_modules/@testing-library/react-native/src/render-act.ts:13:11)
      at renderInternal (node_modules/@testing-library/react-native/src/render.tsx:69:33)
      at renderInternal (node_modules/@testing-library/react-native/src/render.tsx:44:10)
      at Object.<anonymous> (src/features/racetrack/components/RacetrackTrackSvg/RacetrackTrackSvg.test.tsx:85:30)

  console.error
    react-test-renderer is deprecated. See https://react.dev/warnings/react-test-renderer

    [0m [90m  5 |[39m
     [90m  6 |[39m [36mconst[39m renderWithTheme [33m=[39m (component[33m:[39m [33mReact[39m[33m.[39m[33mReactElement[39m) [33m=>[39m {
    [31m[1m>[22m[39m[90m  7 |[39m   [36mreturn[39m render([33m<[39m[33mThemeProvider[39m[33m>[39m{component}[33m<[39m[33m/[39m[33mThemeProvider[39m[33m>[39m)[33m;[39m
     [90m    |[39m                [31m[1m^[22m[39m
     [90m  8 |[39m }[33m;[39m
     [90m  9 |[39m
     [90m 10 |[39m describe([32m'PositionTrainingScreen'[39m[33m,[39m () [33m=>[39m {[0m

      at Object.process.env.NODE_ENV.exports.create (node_modules/react-test-renderer/cjs/react-test-renderer.development.js:14598:17)
      at create (node_modules/@testing-library/react-native/src/render-act.ts:15:29)
      at callback (node_modules/@testing-library/react-native/src/act.ts:31:24)
      at process.env.NODE_ENV.exports.act (node_modules/react/cjs/react.development.js:789:22)
      at actImplementation (node_modules/@testing-library/react-native/src/act.ts:30:25)
      at renderWithAct (node_modules/@testing-library/react-native/src/render-act.ts:13:11)
      at renderInternal (node_modules/@testing-library/react-native/src/render.tsx:69:33)
      at renderInternal (node_modules/@testing-library/react-native/src/render.tsx:44:10)
      at renderWithTheme (src/features/racetrack-position-training/screens/PositionTrainingScreen/PositionTrainingScreen.test.tsx:7:16)
      at Object.renderWithTheme (src/features/racetrack-position-training/screens/PositionTrainingScreen/PositionTrainingScreen.test.tsx:60:26)

  console.error
    react-test-renderer is deprecated. See https://react.dev/warnings/react-test-renderer

    [0m [90m 164 |[39m     it([32m'should call onBetAreaPress with HIGH_LOW and correct high numbers when 19-36 pressed'[39m[33m,[39m () [33m=>[39m {
     [90m 165 |[39m       [36mconst[39m onBetAreaPress [33m=[39m jest[33m.[39mfn()[33m;[39m
    [31m[1m>[22m[39m[90m 166 |[39m       [36mconst[39m { getByText } [33m=[39m render(
     [90m     |[39m                                   [31m[1m^[22m[39m
     [90m 167 |[39m         [33m<[39m[33mRouletteOutsideBets[39m {[33m...[39mdefaultProps} onBetAreaPress[33m=[39m{onBetAreaPress} [33m/[39m[33m>[39m
     [90m 168 |[39m       )[33m;[39m
     [90m 169 |[39m[0m

      at Object.process.env.NODE_ENV.exports.create (node_modules/react-test-renderer/cjs/react-test-renderer.development.js:14598:17)
      at create (node_modules/@testing-library/react-native/src/render-act.ts:15:29)
      at callback (node_modules/@testing-library/react-native/src/act.ts:31:24)
      at process.env.NODE_ENV.exports.act (node_modules/react/cjs/react.development.js:789:22)
      at actImplementation (node_modules/@testing-library/react-native/src/act.ts:30:25)
      at renderWithAct (node_modules/@testing-library/react-native/src/render-act.ts:13:11)
      at renderInternal (node_modules/@testing-library/react-native/src/render.tsx:69:33)
      at renderInternal (node_modules/@testing-library/react-native/src/render.tsx:44:10)
      at Object.<anonymous> (src/components/roulette/RouletteOutsideBets.test.tsx:166:35)

  console.error
    react-test-renderer is deprecated. See https://react.dev/warnings/react-test-renderer

    [0m [90m 88 |[39m
     [90m 89 |[39m     it([32m'should render voisins label'[39m[33m,[39m () [33m=>[39m {
    [31m[1m>[22m[39m[90m 90 |[39m       [36mconst[39m { root } [33m=[39m render([33m<[39m[33mRacetrackTrackSvg[39m width[33m=[39m{[35m350[39m} height[33m=[39m{[35m140[39m} [33m/[39m[33m>[39m)[33m;[39m
     [90m    |[39m                              [31m[1m^[22m[39m
     [90m 91 |[39m       expect(root)[33m.[39mtoBeDefined()[33m;[39m
     [90m 92 |[39m     })[33m;[39m
     [90m 93 |[39m[0m

      at Object.process.env.NODE_ENV.exports.create (node_modules/react-test-renderer/cjs/react-test-renderer.development.js:14598:17)
      at create (node_modules/@testing-library/react-native/src/render-act.ts:15:29)
      at callback (node_modules/@testing-library/react-native/src/act.ts:31:24)
      at process.env.NODE_ENV.exports.act (node_modules/react/cjs/react.development.js:789:22)
      at actImplementation (node_modules/@testing-library/react-native/src/act.ts:30:25)
      at renderWithAct (node_modules/@testing-library/react-native/src/render-act.ts:13:11)
      at renderInternal (node_modules/@testing-library/react-native/src/render.tsx:69:33)
      at renderInternal (node_modules/@testing-library/react-native/src/render.tsx:44:10)
      at Object.<anonymous> (src/features/racetrack/components/RacetrackTrackSvg/RacetrackTrackSvg.test.tsx:90:30)

  console.error
    react-test-renderer is deprecated. See https://react.dev/warnings/react-test-renderer

    [0m [90m 179 |[39m     it([32m'should call onBetAreaPress with DOZEN and correct first dozen when 1st 12 pressed'[39m[33m,[39m () [33m=>[39m {
     [90m 180 |[39m       [36mconst[39m onBetAreaPress [33m=[39m jest[33m.[39mfn()[33m;[39m
    [31m[1m>[22m[39m[90m 181 |[39m       [36mconst[39m { getByText } [33m=[39m render(
     [90m     |[39m                                   [31m[1m^[22m[39m
     [90m 182 |[39m         [33m<[39m[33mRouletteOutsideBets[39m {[33m...[39mdefaultProps} onBetAreaPress[33m=[39m{onBetAreaPress} [33m/[39m[33m>[39m
     [90m 183 |[39m       )[33m;[39m
     [90m 184 |[39m[0m

      at Object.process.env.NODE_ENV.exports.create (node_modules/react-test-renderer/cjs/react-test-renderer.development.js:14598:17)
      at create (node_modules/@testing-library/react-native/src/render-act.ts:15:29)
      at callback (node_modules/@testing-library/react-native/src/act.ts:31:24)
      at process.env.NODE_ENV.exports.act (node_modules/react/cjs/react.development.js:789:22)
      at actImplementation (node_modules/@testing-library/react-native/src/act.ts:30:25)
      at renderWithAct (node_modules/@testing-library/react-native/src/render-act.ts:13:11)
      at renderInternal (node_modules/@testing-library/react-native/src/render.tsx:69:33)
      at renderInternal (node_modules/@testing-library/react-native/src/render.tsx:44:10)
      at Object.<anonymous> (src/components/roulette/RouletteOutsideBets.test.tsx:181:35)

  console.error
    react-test-renderer is deprecated. See https://react.dev/warnings/react-test-renderer

    [0m [90m  6 |[39m
     [90m  7 |[39m [36mconst[39m renderWithProviders [33m=[39m (component[33m:[39m [33mReact[39m[33m.[39m[33mReactElement[39m) [33m=>[39m {
    [31m[1m>[22m[39m[90m  8 |[39m   [36mreturn[39m render(
     [90m    |[39m                [31m[1m^[22m[39m
     [90m  9 |[39m     [33m<[39m[33mSettingsProvider[39m[33m>[39m
     [90m 10 |[39m       [33m<[39m[33mThemeProvider[39m[33m>[39m{component}[33m<[39m[33m/[39m[33mThemeProvider[39m[33m>[39m
     [90m 11 |[39m     [33m<[39m[33m/[39m[33mSettingsProvider[39m[33m>[39m[0m

      at Object.process.env.NODE_ENV.exports.create (node_modules/react-test-renderer/cjs/react-test-renderer.development.js:14598:17)
      at create (node_modules/@testing-library/react-native/src/render-act.ts:15:29)
      at callback (node_modules/@testing-library/react-native/src/act.ts:31:24)
      at process.env.NODE_ENV.exports.act (node_modules/react/cjs/react.development.js:789:22)
      at actImplementation (node_modules/@testing-library/react-native/src/act.ts:30:25)
      at renderWithAct (node_modules/@testing-library/react-native/src/render-act.ts:13:11)
      at renderInternal (node_modules/@testing-library/react-native/src/render.tsx:69:33)
      at renderInternal (node_modules/@testing-library/react-native/src/render.tsx:44:10)
      at renderWithProviders (src/features/racetrack-sector-training/screens/SectorTrainingScreen/SectorTrainingScreen.test.tsx:8:16)
      at Object.renderWithProviders (src/features/racetrack-sector-training/screens/SectorTrainingScreen/SectorTrainingScreen.test.tsx:66:26)

  console.error
    react-test-renderer is deprecated. See https://react.dev/warnings/react-test-renderer

    [0m [90m 93 |[39m
     [90m 94 |[39m     it([32m'should render zero label'[39m[33m,[39m () [33m=>[39m {
    [31m[1m>[22m[39m[90m 95 |[39m       [36mconst[39m { root } [33m=[39m render([33m<[39m[33mRacetrackTrackSvg[39m width[33m=[39m{[35m350[39m} height[33m=[39m{[35m140[39m} [33m/[39m[33m>[39m)[33m;[39m
     [90m    |[39m                              [31m[1m^[22m[39m
     [90m 96 |[39m       expect(root)[33m.[39mtoBeDefined()[33m;[39m
     [90m 97 |[39m     })[33m;[39m
     [90m 98 |[39m   })[33m;[39m[0m

      at Object.process.env.NODE_ENV.exports.create (node_modules/react-test-renderer/cjs/react-test-renderer.development.js:14598:17)
      at create (node_modules/@testing-library/react-native/src/render-act.ts:15:29)
      at callback (node_modules/@testing-library/react-native/src/act.ts:31:24)
      at process.env.NODE_ENV.exports.act (node_modules/react/cjs/react.development.js:789:22)
      at actImplementation (node_modules/@testing-library/react-native/src/act.ts:30:25)
      at renderWithAct (node_modules/@testing-library/react-native/src/render-act.ts:13:11)
      at renderInternal (node_modules/@testing-library/react-native/src/render.tsx:69:33)
      at renderInternal (node_modules/@testing-library/react-native/src/render.tsx:44:10)
      at Object.<anonymous> (src/features/racetrack/components/RacetrackTrackSvg/RacetrackTrackSvg.test.tsx:95:30)

  console.error
    react-test-renderer is deprecated. See https://react.dev/warnings/react-test-renderer

    [0m [90m 190 |[39m     it([32m'should call onBetAreaPress with DOZEN and correct second dozen when 2nd 12 pressed'[39m[33m,[39m () [33m=>[39m {
     [90m 191 |[39m       [36mconst[39m onBetAreaPress [33m=[39m jest[33m.[39mfn()[33m;[39m
    [31m[1m>[22m[39m[90m 192 |[39m       [36mconst[39m { getByText } [33m=[39m render(
     [90m     |[39m                                   [31m[1m^[22m[39m
     [90m 193 |[39m         [33m<[39m[33mRouletteOutsideBets[39m {[33m...[39mdefaultProps} onBetAreaPress[33m=[39m{onBetAreaPress} [33m/[39m[33m>[39m
     [90m 194 |[39m       )[33m;[39m
     [90m 195 |[39m[0m

      at Object.process.env.NODE_ENV.exports.create (node_modules/react-test-renderer/cjs/react-test-renderer.development.js:14598:17)
      at create (node_modules/@testing-library/react-native/src/render-act.ts:15:29)
      at callback (node_modules/@testing-library/react-native/src/act.ts:31:24)
      at process.env.NODE_ENV.exports.act (node_modules/react/cjs/react.development.js:789:22)
      at actImplementation (node_modules/@testing-library/react-native/src/act.ts:30:25)
      at renderWithAct (node_modules/@testing-library/react-native/src/render-act.ts:13:11)
      at renderInternal (node_modules/@testing-library/react-native/src/render.tsx:69:33)
      at renderInternal (node_modules/@testing-library/react-native/src/render.tsx:44:10)
      at Object.<anonymous> (src/components/roulette/RouletteOutsideBets.test.tsx:192:35)

  console.error
    react-test-renderer is deprecated. See https://react.dev/warnings/react-test-renderer

    [0m [90m 201 |[39m     it([32m'should call onBetAreaPress with DOZEN and correct third dozen when 3rd 12 pressed'[39m[33m,[39m () [33m=>[39m {
     [90m 202 |[39m       [36mconst[39m onBetAreaPress [33m=[39m jest[33m.[39mfn()[33m;[39m
    [31m[1m>[22m[39m[90m 203 |[39m       [36mconst[39m { getByText } [33m=[39m render(
     [90m     |[39m                                   [31m[1m^[22m[39m
     [90m 204 |[39m         [33m<[39m[33mRouletteOutsideBets[39m {[33m...[39mdefaultProps} onBetAreaPress[33m=[39m{onBetAreaPress} [33m/[39m[33m>[39m
     [90m 205 |[39m       )[33m;[39m
     [90m 206 |[39m[0m

      at Object.process.env.NODE_ENV.exports.create (node_modules/react-test-renderer/cjs/react-test-renderer.development.js:14598:17)
      at create (node_modules/@testing-library/react-native/src/render-act.ts:15:29)
      at callback (node_modules/@testing-library/react-native/src/act.ts:31:24)
      at process.env.NODE_ENV.exports.act (node_modules/react/cjs/react.development.js:789:22)
      at actImplementation (node_modules/@testing-library/react-native/src/act.ts:30:25)
      at renderWithAct (node_modules/@testing-library/react-native/src/render-act.ts:13:11)
      at renderInternal (node_modules/@testing-library/react-native/src/render.tsx:69:33)
      at renderInternal (node_modules/@testing-library/react-native/src/render.tsx:44:10)
      at Object.<anonymous> (src/components/roulette/RouletteOutsideBets.test.tsx:203:35)

  console.error
    react-test-renderer is deprecated. See https://react.dev/warnings/react-test-renderer

    [0m [90m  5 |[39m
     [90m  6 |[39m [36mconst[39m renderWithTheme [33m=[39m (component[33m:[39m [33mReact[39m[33m.[39m[33mReactElement[39m) [33m=>[39m {
    [31m[1m>[22m[39m[90m  7 |[39m   [36mreturn[39m render([33m<[39m[33mThemeProvider[39m[33m>[39m{component}[33m<[39m[33m/[39m[33mThemeProvider[39m[33m>[39m)[33m;[39m
     [90m    |[39m                [31m[1m^[22m[39m
     [90m  8 |[39m }[33m;[39m
     [90m  9 |[39m
     [90m 10 |[39m describe([32m'PositionTrainingScreen'[39m[33m,[39m () [33m=>[39m {[0m

      at Object.process.env.NODE_ENV.exports.create (node_modules/react-test-renderer/cjs/react-test-renderer.development.js:14598:17)
      at create (node_modules/@testing-library/react-native/src/render-act.ts:15:29)
      at callback (node_modules/@testing-library/react-native/src/act.ts:31:24)
      at process.env.NODE_ENV.exports.act (node_modules/react/cjs/react.development.js:789:22)
      at actImplementation (node_modules/@testing-library/react-native/src/act.ts:30:25)
      at renderWithAct (node_modules/@testing-library/react-native/src/render-act.ts:13:11)
      at renderInternal (node_modules/@testing-library/react-native/src/render.tsx:69:33)
      at renderInternal (node_modules/@testing-library/react-native/src/render.tsx:44:10)
      at renderWithTheme (src/features/racetrack-position-training/screens/PositionTrainingScreen/PositionTrainingScreen.test.tsx:7:16)
      at Object.renderWithTheme (src/features/racetrack-position-training/screens/PositionTrainingScreen/PositionTrainingScreen.test.tsx:69:29)

  console.error
    react-test-renderer is deprecated. See https://react.dev/warnings/react-test-renderer

    [0m [90m 213 |[39m   describe([32m'edge cases'[39m[33m,[39m () [33m=>[39m {
     [90m 214 |[39m     it([32m'should not crash when onBetAreaPress is undefined'[39m[33m,[39m () [33m=>[39m {
    [31m[1m>[22m[39m[90m 215 |[39m       [36mconst[39m { getByText } [33m=[39m render(
     [90m     |[39m                                   [31m[1m^[22m[39m
     [90m 216 |[39m         [33m<[39m[33mRouletteOutsideBets[39m {[33m...[39mdefaultProps} onBetAreaPress[33m=[39m{undefined} [33m/[39m[33m>[39m
     [90m 217 |[39m       )[33m;[39m
     [90m 218 |[39m[0m

      at Object.process.env.NODE_ENV.exports.create (node_modules/react-test-renderer/cjs/react-test-renderer.development.js:14598:17)
      at create (node_modules/@testing-library/react-native/src/render-act.ts:15:29)
      at callback (node_modules/@testing-library/react-native/src/act.ts:31:24)
      at process.env.NODE_ENV.exports.act (node_modules/react/cjs/react.development.js:789:22)
      at actImplementation (node_modules/@testing-library/react-native/src/act.ts:30:25)
      at renderWithAct (node_modules/@testing-library/react-native/src/render-act.ts:13:11)
      at renderInternal (node_modules/@testing-library/react-native/src/render.tsx:69:33)
      at renderInternal (node_modules/@testing-library/react-native/src/render.tsx:44:10)
      at Object.<anonymous> (src/components/roulette/RouletteOutsideBets.test.tsx:215:35)

  console.error
    react-test-renderer is deprecated. See https://react.dev/warnings/react-test-renderer

    [0m [90m 100 |[39m   describe([32m'color and styling'[39m[33m,[39m () [33m=>[39m {
     [90m 101 |[39m     it([32m'should render with gold stroke color'[39m[33m,[39m () [33m=>[39m {
    [31m[1m>[22m[39m[90m 102 |[39m       [36mconst[39m { root } [33m=[39m render([33m<[39m[33mRacetrackTrackSvg[39m width[33m=[39m{[35m350[39m} height[33m=[39m{[35m140[39m} [33m/[39m[33m>[39m)[33m;[39m
     [90m     |[39m                              [31m[1m^[22m[39m
     [90m 103 |[39m       expect(root)[33m.[39mtoBeDefined()[33m;[39m
     [90m 104 |[39m     })[33m;[39m
     [90m 105 |[39m[0m

      at Object.process.env.NODE_ENV.exports.create (node_modules/react-test-renderer/cjs/react-test-renderer.development.js:14598:17)
      at create (node_modules/@testing-library/react-native/src/render-act.ts:15:29)
      at callback (node_modules/@testing-library/react-native/src/act.ts:31:24)
      at process.env.NODE_ENV.exports.act (node_modules/react/cjs/react.development.js:789:22)
      at actImplementation (node_modules/@testing-library/react-native/src/act.ts:30:25)
      at renderWithAct (node_modules/@testing-library/react-native/src/render-act.ts:13:11)
      at renderInternal (node_modules/@testing-library/react-native/src/render.tsx:69:33)
      at renderInternal (node_modules/@testing-library/react-native/src/render.tsx:44:10)
      at Object.<anonymous> (src/features/racetrack/components/RacetrackTrackSvg/RacetrackTrackSvg.test.tsx:102:30)

  console.error
    An update to SettingsProvider inside a test was not wrapped in act(...).
    
    When testing, code that causes React state updates should be wrapped into act(...):
    
    act(() => {
      /* fire events that update state */
    });
    /* assert on the output */
    
    This ensures that you're testing the behavior the user would see in the browser. Learn more at https://react.dev/link/wrap-tests-with-act

    [0m [90m 30 |[39m         [90m// Use defaults if load fails[39m
     [90m 31 |[39m       } [36mfinally[39m {
    [31m[1m>[22m[39m[90m 32 |[39m         setIsLoaded([36mtrue[39m)[33m;[39m
     [90m    |[39m         [31m[1m^[22m[39m
     [90m 33 |[39m       }
     [90m 34 |[39m     }[33m;[39m
     [90m 35 |[39m     loadSettings()[33m;[39m[0m

      at node_modules/react-test-renderer/cjs/react-test-renderer.development.js:11801:19
      at runWithFiberInDEV (node_modules/react-test-renderer/cjs/react-test-renderer.development.js:1574:13)
      at warnIfUpdatesNotWrappedWithActDEV (node_modules/react-test-renderer/cjs/react-test-renderer.development.js:11800:9)
      at scheduleUpdateOnFiber (node_modules/react-test-renderer/cjs/react-test-renderer.development.js:10326:9)
      at dispatchSetStateInternal (node_modules/react-test-renderer/cjs/react-test-renderer.development.js:4148:13)
      at dispatchSetState (node_modules/react-test-renderer/cjs/react-test-renderer.development.js:4107:7)
      at setIsLoaded (src/contexts/SettingsContext.tsx:32:9)

FAIL src/features/roulette-knowledge-training/screens/RKDrillScreen/RKDrillScreen.test.tsx
  ΓùÅ Test suite failed to run

    SyntaxError: C:\Users\ivans\Desktop\Dev\CasinoTrainingApp\src\styles\textStyles.ts: Unexpected token, expected "(" (22:9)

      20 |     marginBottom: 4,
      21 |   } as TextStyle,
    > 22 |    * Size: 18px, Weight: 700, Color: Gold
         |          ^
      23 |    */
      24 |   goldTitle: {
      25 |     fontSize: 18,

      27 |
      28 | // Text style factories
    > 29 | export { createTextStyles } from './textStyles';
         | ^
      30 | export type { TextStyles } from './textStyles';
      31 |

      at constructor (node_modules/@babel/parser/src/parse-error.ts:95:45)
      at TypeScriptParserMixin.toParseError [as raise] (node_modules/@babel/parser/src/tokenizer/index.ts:1504:19)
      at TypeScriptParserMixin.raise [as unexpected] (node_modules/@babel/parser/src/tokenizer/index.ts:1544:16)
      at TypeScriptParserMixin.unexpected [as expect] (node_modules/@babel/parser/src/parser/util.ts:157:12)
      at TypeScriptParserMixin.expect (node_modules/@babel/parser/src/parser/statement.ts:1726:10)
      at TypeScriptParserMixin.parseFunctionParams (node_modules/@babel/parser/src/plugins/typescript/index.ts:3692:13)
      at TypeScriptParserMixin.parseFunctionParams (node_modules/@babel/parser/src/parser/expression.ts:2491:10)
      at TypeScriptParserMixin.parseMethod (node_modules/@babel/parser/src/plugins/typescript/index.ts:4312:28)
      at TypeScriptParserMixin.parseMethod [as parseObjectMethod] (node_modules/@babel/parser/src/parser/expression.ts:2300:19)
      at TypeScriptParserMixin.parseObjectMethod (node_modules/@babel/parser/src/parser/expression.ts:2381:24)
      at TypeScriptParserMixin.parseObjPropValue (node_modules/@babel/parser/src/plugins/typescript/index.ts:3675:20)
      at TypeScriptParserMixin.parseObjPropValue [as parsePropertyDefinition] (node_modules/@babel/parser/src/parser/expression.ts:2228:17)
      at TypeScriptParserMixin.parsePropertyDefinition [as parseObjectLike] (node_modules/@babel/parser/src/parser/expression.ts:2095:21)
      at TypeScriptParserMixin.parseObjectLike [as parseExprAtom] (node_modules/@babel/parser/src/parser/expression.ts:1181:21)
      at TypeScriptParserMixin.parseExprAtom [as parseExprSubscripts] (node_modules/@babel/parser/src/parser/expression.ts:742:23)
      at TypeScriptParserMixin.parseExprSubscripts [as parseUpdate] (node_modules/@babel/parser/src/parser/expression.ts:721:21)
      at TypeScriptParserMixin.parseUpdate (node_modules/@babel/parser/src/parser/expression.ts:683:23)
      at TypeScriptParserMixin.parseMaybeUnary (node_modules/@babel/parser/src/plugins/typescript/index.ts:3893:20)
      at TypeScriptParserMixin.parseMaybeUnary [as parseMaybeUnaryOrPrivate] (node_modules/@babel/parser/src/parser/expression.ts:417:14)
      at TypeScriptParserMixin.parseMaybeUnaryOrPrivate [as parseExprOps] (node_modules/@babel/parser/src/parser/expression.ts:429:23)
      at TypeScriptParserMixin.parseExprOps [as parseMaybeConditional] (node_modules/@babel/parser/src/parser/expression.ts:384:23)
      at TypeScriptParserMixin.parseMaybeConditional (node_modules/@babel/parser/src/parser/expression.ts:301:21)
      at TypeScriptParserMixin.parseMaybeAssign (node_modules/@babel/parser/src/plugins/typescript/index.ts:3764:22)
      at parseMaybeAssign (node_modules/@babel/parser/src/parser/expression.ts:257:12)
      at TypeScriptParserMixin.callback [as allowInAnd] (node_modules/@babel/parser/src/parser/expression.ts:3194:12)
      at TypeScriptParserMixin.allowInAnd [as parseMaybeAssignAllowIn] (node_modules/@babel/parser/src/parser/expression.ts:256:17)
      at TypeScriptParserMixin.parseMaybeAssignAllowIn [as parseMaybeAssignAllowInOrVoidPattern] (node_modules/@babel/parser/src/parser/expression.ts:3308:17)
      at TypeScriptParserMixin.parseMaybeAssignAllowInOrVoidPattern [as parseParenAndDistinguishExpression] (node_modules/@babel/parser/src/parser/expression.ts:1822:16)
      at TypeScriptParserMixin.parseParenAndDistinguishExpression [as parseExprAtom] (node_modules/@babel/parser/src/parser/expression.ts:1170:21)
      at TypeScriptParserMixin.parseExprAtom [as parseExprSubscripts] (node_modules/@babel/parser/src/parser/expression.ts:742:23)
      at TypeScriptParserMixin.parseExprSubscripts [as parseUpdate] (node_modules/@babel/parser/src/parser/expression.ts:721:21)
      at TypeScriptParserMixin.parseUpdate (node_modules/@babel/parser/src/parser/expression.ts:683:23)
      at TypeScriptParserMixin.parseMaybeUnary (node_modules/@babel/parser/src/plugins/typescript/index.ts:3893:20)
      at TypeScriptParserMixin.parseMaybeUnary [as parseMaybeUnaryOrPrivate] (node_modules/@babel/parser/src/parser/expression.ts:417:14)
      at TypeScriptParserMixin.parseMaybeUnaryOrPrivate [as parseExprOps] (node_modules/@babel/parser/src/parser/expression.ts:429:23)
      at TypeScriptParserMixin.parseExprOps [as parseMaybeConditional] (node_modules/@babel/parser/src/parser/expression.ts:384:23)
      at TypeScriptParserMixin.parseMaybeConditional (node_modules/@babel/parser/src/parser/expression.ts:301:21)
      at TypeScriptParserMixin.parseMaybeAssign (node_modules/@babel/parser/src/plugins/typescript/index.ts:3764:22)
      at TypeScriptParserMixin.parseMaybeAssign [as parseFunctionBody] (node_modules/@babel/parser/src/parser/expression.ts:2604:14)
      at TypeScriptParserMixin.parseFunctionBody [as parseArrowExpression] (node_modules/@babel/parser/src/parser/expression.ts:2559:10)
      at TypeScriptParserMixin.parseArrowExpression [as parseParenAndDistinguishExpression] (node_modules/@babel/parser/src/parser/expression.ts:1847:12)
      at TypeScriptParserMixin.parseParenAndDistinguishExpression [as parseExprAtom] (node_modules/@babel/parser/src/parser/expression.ts:1170:21)
      at TypeScriptParserMixin.parseExprAtom [as parseExprSubscripts] (node_modules/@babel/parser/src/parser/expression.ts:742:23)
      at TypeScriptParserMixin.parseExprSubscripts [as parseUpdate] (node_modules/@babel/parser/src/parser/expression.ts:721:21)
      at TypeScriptParserMixin.parseUpdate (node_modules/@babel/parser/src/parser/expression.ts:683:23)
      at TypeScriptParserMixin.parseMaybeUnary (node_modules/@babel/parser/src/plugins/typescript/index.ts:3893:20)
      at TypeScriptParserMixin.parseMaybeUnary [as parseMaybeUnaryOrPrivate] (node_modules/@babel/parser/src/parser/expression.ts:417:14)
      at TypeScriptParserMixin.parseMaybeUnaryOrPrivate [as parseExprOps] (node_modules/@babel/parser/src/parser/expression.ts:429:23)
      at TypeScriptParserMixin.parseExprOps [as parseMaybeConditional] (node_modules/@babel/parser/src/parser/expression.ts:384:23)
      at TypeScriptParserMixin.parseMaybeConditional (node_modules/@babel/parser/src/parser/expression.ts:301:21)
      at TypeScriptParserMixin.parseMaybeAssign (node_modules/@babel/parser/src/plugins/typescript/index.ts:3764:22)
      at parseMaybeAssign (node_modules/@babel/parser/src/parser/expression.ts:257:12)
      at TypeScriptParserMixin.callback [as allowInAnd] (node_modules/@babel/parser/src/parser/expression.ts:3189:16)
      at TypeScriptParserMixin.allowInAnd [as parseMaybeAssignAllowIn] (node_modules/@babel/parser/src/parser/expression.ts:256:17)
      at TypeScriptParserMixin.parseMaybeAssignAllowIn [as parseVar] (node_modules/@babel/parser/src/parser/statement.ts:1587:18)
      at TypeScriptParserMixin.parseVar (node_modules/@babel/parser/src/parser/statement.ts:1251:10)
      at TypeScriptParserMixin.parseVarStatement (node_modules/@babel/parser/src/plugins/typescript/index.ts:3085:33)
      at TypeScriptParserMixin.parseVarStatement (node_modules/@babel/parser/src/parser/statement.ts:612:21)
      at TypeScriptParserMixin.parseStatementContent (node_modules/@babel/parser/src/plugins/typescript/index.ts:3220:20)
      at TypeScriptParserMixin.parseStatementContent [as parseStatementLike] (node_modules/@babel/parser/src/parser/statement.ts:482:17)
      at TypeScriptParserMixin.parseStatementLike [as parseStatementListItem] (node_modules/@babel/parser/src/parser/statement.ts:431:17)
      at TypeScriptParserMixin.parseStatementListItem (node_modules/@babel/parser/src/parser/statement.ts:2635:17)
      at TypeScriptParserMixin.parseExportDeclaration (node_modules/@babel/parser/src/plugins/typescript/index.ts:3447:15)
      at TypeScriptParserMixin.parseExportDeclaration [as maybeParseExportDeclaration] (node_modules/@babel/parser/src/parser/statement.ts:2551:31)
      at TypeScriptParserMixin.maybeParseExportDeclaration (node_modules/@babel/parser/src/parser/statement.ts:2432:29)
      at TypeScriptParserMixin.parseExport (node_modules/@babel/parser/src/plugins/typescript/index.ts:3046:22)
      at TypeScriptParserMixin.parseExport (node_modules/@babel/parser/src/parser/statement.ts:649:25)
      at TypeScriptParserMixin.parseStatementContent (node_modules/@babel/parser/src/plugins/typescript/index.ts:3220:20)
      at TypeScriptParserMixin.parseStatementContent [as parseStatementLike] (node_modules/@babel/parser/src/parser/statement.ts:482:17)
      at TypeScriptParserMixin.parseStatementLike [as parseModuleItem] (node_modules/@babel/parser/src/parser/statement.ts:419:17)
      at TypeScriptParserMixin.parseModuleItem [as parseBlockOrModuleBlockBody] (node_modules/@babel/parser/src/parser/statement.ts:1443:16)
      at TypeScriptParserMixin.parseBlockOrModuleBlockBody [as parseBlockBody] (node_modules/@babel/parser/src/parser/statement.ts:1417:10)
      at TypeScriptParserMixin.parseBlockBody [as parseProgram] (node_modules/@babel/parser/src/parser/statement.ts:229:10)
  console.error
    react-test-renderer is deprecated. See https://react.dev/warnings/react-test-renderer

    [0m [90m 221 |[39m
     [90m 222 |[39m     it([32m'should call getBetAmount for each bet area'[39m[33m,[39m () [33m=>[39m {
    [31m[1m>[22m[39m[90m 223 |[39m       render([33m<[39m[33mRouletteOutsideBets[39m {[33m...[39mdefaultProps} [33m/[39m[33m>[39m)[33m;[39m
     [90m     |[39m             [31m[1m^[22m[39m
     [90m 224 |[39m       [90m// 6 even money bets + 3 dozens = 9 bet areas[39m
     [90m 225 |[39m       [90m// Each bet area calls getBetAmount twice: once for accessibilityState, once for RouletteChip[39m
     [90m 226 |[39m       [90m// So total calls = 9 * 2 = 18[39m[0m

      at Object.process.env.NODE_ENV.exports.create (node_modules/react-test-renderer/cjs/react-test-renderer.development.js:14598:17)
      at create (node_modules/@testing-library/react-native/src/render-act.ts:15:29)
      at TypeScriptParserMixin.parseProgram [as parseTopLevel] (node_modules/@babel/parser/src/parser/statement.ts:203:25)
      at TypeScriptParserMixin.parseTopLevel (node_modules/@babel/parser/src/parser/index.ts:83:25)
      at TypeScriptParserMixin.parse (node_modules/@babel/parser/src/plugins/typescript/index.ts:4354:20)
      at parse (node_modules/@babel/parser/src/index.ts:86:38)
      at parser (node_modules/@babel/core/src/parser/index.ts:29:19)
          at parser.next (<anonymous>)
      at normalizeFile (node_modules/@babel/core/src/transformation/normalize-file.ts:50:24)
          at normalizeFile.next (<anonymous>)
      at run (node_modules/@babel/core/src/transformation/index.ts:41:36)
          at run.next (<anonymous>)
      at transform (node_modules/@babel/core/src/transform.ts:29:20)
          at transform.next (<anonymous>)
      at evaluateSync (node_modules/gensync/index.js:251:28)
      at sync (node_modules/gensync/index.js:89:14)
      at fn (node_modules/@babel/core/src/errors/rewrite-stack-trace.ts:99:14)
      at callback (node_modules/@testing-library/react-native/src/act.ts:31:24)
      at process.env.NODE_ENV.exports.act (node_modules/react/cjs/react.development.js:789:22)
      at actImplementation (node_modules/@testing-library/react-native/src/act.ts:30:25)
      at renderWithAct (node_modules/@testing-library/react-native/src/render-act.ts:13:11)
      at renderInternal (node_modules/@testing-library/react-native/src/render.tsx:69:33)
      at renderInternal (node_modules/@testing-library/react-native/src/render.tsx:44:10)
      at Object.<anonymous> (src/components/roulette/RouletteOutsideBets.test.tsx:223:13)

      at transformSync (node_modules/@babel/core/src/transform.ts:66:52)
      at Object.require (src/styles/index.ts:29:1)

  console.error
    react-test-renderer is deprecated. See https://react.dev/warnings/react-test-renderer

    [0m [90m 231 |[39m   describe([32m'accessibility'[39m[33m,[39m () [33m=>[39m {
     [90m 232 |[39m     it([32m'should have accessibility labels on even money bets'[39m[33m,[39m () [33m=>[39m {
    [31m[1m>[22m[39m[90m 233 |[39m       [36mconst[39m { getByLabelText } [33m=[39m render([33m<[39m[33mRouletteOutsideBets[39m {[33m...[39mdefaultProps} [33m/[39m[33m>[39m)[33m;[39m
     [90m     |[39m                                        [31m[1m^[22m[39m
     [90m 234 |[39m
     [90m 235 |[39m       expect(getByLabelText([32m'Low, 1 to 18'[39m))[33m.[39mtoBeTruthy()[33m;[39m
     [90m 236 |[39m       expect(getByLabelText([32m'Even numbers'[39m))[33m.[39mtoBeTruthy()[33m;[39m[0m

      at Object.process.env.NODE_ENV.exports.create (node_modules/react-test-renderer/cjs/react-test-renderer.development.js:14598:17)
      at create (node_modules/@testing-library/react-native/src/render-act.ts:15:29)
      at callback (node_modules/@testing-library/react-native/src/act.ts:31:24)
      at process.env.NODE_ENV.exports.act (node_modules/react/cjs/react.development.js:789:22)
      at actImplementation (node_modules/@testing-library/react-native/src/act.ts:30:25)
      at renderWithAct (node_modules/@testing-library/react-native/src/render-act.ts:13:11)
      at renderInternal (node_modules/@testing-library/react-native/src/render.tsx:69:33)
      at renderInternal (node_modules/@testing-library/react-native/src/render.tsx:44:10)
      at Object.<anonymous> (src/components/roulette/RouletteOutsideBets.test.tsx:233:40)

  console.error
    react-test-renderer is deprecated. See https://react.dev/warnings/react-test-renderer

    [0m [90m  6 |[39m
     [90m  7 |[39m [36mconst[39m renderWithProviders [33m=[39m (component[33m:[39m [33mReact[39m[33m.[39m[33mReactElement[39m) [33m=>[39m {
    [31m[1m>[22m[39m[90m  8 |[39m   [36mreturn[39m render(
     [90m    |[39m                [31m[1m^[22m[39m
     [90m  9 |[39m     [33m<[39m[33mSettingsProvider[39m[33m>[39m
     [90m 10 |[39m       [33m<[39m[33mThemeProvider[39m[33m>[39m{component}[33m<[39m[33m/[39m[33mThemeProvider[39m[33m>[39m
     [90m 11 |[39m     [33m<[39m[33m/[39m[33mSettingsProvider[39m[33m>[39m[0m

      at Object.process.env.NODE_ENV.exports.create (node_modules/react-test-renderer/cjs/react-test-renderer.development.js:14598:17)
      at create (node_modules/@testing-library/react-native/src/render-act.ts:15:29)
      at callback (node_modules/@testing-library/react-native/src/act.ts:31:24)
      at process.env.NODE_ENV.exports.act (node_modules/react/cjs/react.development.js:789:22)
      at actImplementation (node_modules/@testing-library/react-native/src/act.ts:30:25)
      at renderWithAct (node_modules/@testing-library/react-native/src/render-act.ts:13:11)
      at renderInternal (node_modules/@testing-library/react-native/src/render.tsx:69:33)
      at renderInternal (node_modules/@testing-library/react-native/src/render.tsx:44:10)
      at renderWithProviders (src/features/racetrack-sector-training/screens/SectorTrainingScreen/SectorTrainingScreen.test.tsx:8:16)
      at Object.renderWithProviders (src/features/racetrack-sector-training/screens/SectorTrainingScreen/SectorTrainingScreen.test.tsx:74:26)

  console.error
    react-test-renderer is deprecated. See https://react.dev/warnings/react-test-renderer

    [0m [90m 242 |[39m
     [90m 243 |[39m     it([32m'should have accessibility labels on dozen bets'[39m[33m,[39m () [33m=>[39m {
    [31m[1m>[22m[39m[90m 244 |[39m       [36mconst[39m { getByLabelText } [33m=[39m render([33m<[39m[33mRouletteOutsideBets[39m {[33m...[39mdefaultProps} [33m/[39m[33m>[39m)[33m;[39m
     [90m     |[39m                                        [31m[1m^[22m[39m
     [90m 245 |[39m
     [90m 246 |[39m       expect(getByLabelText([32m'First dozen, 1 to 12'[39m))[33m.[39mtoBeTruthy()[33m;[39m
     [90m 247 |[39m       expect(getByLabelText([32m'Second dozen, 13 to 24'[39m))[33m.[39mtoBeTruthy()[33m;[39m[0m

      at Object.process.env.NODE_ENV.exports.create (node_modules/react-test-renderer/cjs/react-test-renderer.development.js:14598:17)
      at create (node_modules/@testing-library/react-native/src/render-act.ts:15:29)
      at callback (node_modules/@testing-library/react-native/src/act.ts:31:24)
      at process.env.NODE_ENV.exports.act (node_modules/react/cjs/react.development.js:789:22)
      at actImplementation (node_modules/@testing-library/react-native/src/act.ts:30:25)
      at renderWithAct (node_modules/@testing-library/react-native/src/render-act.ts:13:11)
      at renderInternal (node_modules/@testing-library/react-native/src/render.tsx:69:33)
      at renderInternal (node_modules/@testing-library/react-native/src/render.tsx:44:10)
      at Object.<anonymous> (src/components/roulette/RouletteOutsideBets.test.tsx:244:40)

  console.error
    react-test-renderer is deprecated. See https://react.dev/warnings/react-test-renderer

    [0m [90m 105 |[39m
     [90m 106 |[39m     it([32m'should render with green background'[39m[33m,[39m () [33m=>[39m {
    [31m[1m>[22m[39m[90m 107 |[39m       [36mconst[39m { root } [33m=[39m render([33m<[39m[33mRacetrackTrackSvg[39m width[33m=[39m{[35m350[39m} height[33m=[39m{[35m140[39m} [33m/[39m[33m>[39m)[33m;[39m
     [90m     |[39m                              [31m[1m^[22m[39m
     [90m 108 |[39m       expect(root)[33m.[39mtoBeDefined()[33m;[39m
     [90m 109 |[39m     })[33m;[39m
     [90m 110 |[39m   })[33m;[39m[0m

      at Object.process.env.NODE_ENV.exports.create (node_modules/react-test-renderer/cjs/react-test-renderer.development.js:14598:17)
      at create (node_modules/@testing-library/react-native/src/render-act.ts:15:29)
      at callback (node_modules/@testing-library/react-native/src/act.ts:31:24)
      at process.env.NODE_ENV.exports.act (node_modules/react/cjs/react.development.js:789:22)
      at actImplementation (node_modules/@testing-library/react-native/src/act.ts:30:25)
      at renderWithAct (node_modules/@testing-library/react-native/src/render-act.ts:13:11)
      at renderInternal (node_modules/@testing-library/react-native/src/render.tsx:69:33)
      at renderInternal (node_modules/@testing-library/react-native/src/render.tsx:44:10)
      at Object.<anonymous> (src/features/racetrack/components/RacetrackTrackSvg/RacetrackTrackSvg.test.tsx:107:30)

  console.error
    react-test-renderer is deprecated. See https://react.dev/warnings/react-test-renderer

    [0m [90m 250 |[39m
     [90m 251 |[39m     it([32m'should have button accessibility role on all bet buttons'[39m[33m,[39m () [33m=>[39m {
    [31m[1m>[22m[39m[90m 252 |[39m       [36mconst[39m { getByLabelText } [33m=[39m render([33m<[39m[33mRouletteOutsideBets[39m {[33m...[39mdefaultProps} [33m/[39m[33m>[39m)[33m;[39m
     [90m     |[39m                                        [31m[1m^[22m[39m
     [90m 253 |[39m
     [90m 254 |[39m       [36mconst[39m lowBet [33m=[39m getByLabelText([32m'Low, 1 to 18'[39m)[33m;[39m
     [90m 255 |[39m       expect(lowBet[33m.[39mprops[33m.[39maccessibilityRole)[33m.[39mtoBe([32m'button'[39m)[33m;[39m[0m

      at Object.process.env.NODE_ENV.exports.create (node_modules/react-test-renderer/cjs/react-test-renderer.development.js:14598:17)
      at create (node_modules/@testing-library/react-native/src/render-act.ts:15:29)
      at callback (node_modules/@testing-library/react-native/src/act.ts:31:24)
      at process.env.NODE_ENV.exports.act (node_modules/react/cjs/react.development.js:789:22)
      at actImplementation (node_modules/@testing-library/react-native/src/act.ts:30:25)
      at renderWithAct (node_modules/@testing-library/react-native/src/render-act.ts:13:11)
      at renderInternal (node_modules/@testing-library/react-native/src/render.tsx:69:33)
      at renderInternal (node_modules/@testing-library/react-native/src/render.tsx:44:10)
      at Object.<anonymous> (src/components/roulette/RouletteOutsideBets.test.tsx:252:40)

FAIL src/features/cash-conversion-training/screens/CashConversionMenuScreen/CashConversionMenuScreen.test.tsx
  ΓùÅ Test suite failed to run

    SyntaxError: C:\Users\ivans\Desktop\Dev\CasinoTrainingApp\src\styles\textStyles.ts: Unexpected token, expected "(" (22:9)

      20 |     marginBottom: 4,
      21 |   } as TextStyle,
    > 22 |    * Size: 18px, Weight: 700, Color: Gold
         |          ^
      23 |    */
      24 |   goldTitle: {
      25 |     fontSize: 18,

      27 |
      28 | // Text style factories
    > 29 | export { createTextStyles } from './textStyles';
         | ^
      30 | export type { TextStyles } from './textStyles';
      31 |

      at constructor (node_modules/@babel/parser/src/parse-error.ts:95:45)
      at TypeScriptParserMixin.toParseError [as raise] (node_modules/@babel/parser/src/tokenizer/index.ts:1504:19)
      at TypeScriptParserMixin.raise [as unexpected] (node_modules/@babel/parser/src/tokenizer/index.ts:1544:16)
      at TypeScriptParserMixin.unexpected [as expect] (node_modules/@babel/parser/src/parser/util.ts:157:12)
      at TypeScriptParserMixin.expect (node_modules/@babel/parser/src/parser/statement.ts:1726:10)
      at TypeScriptParserMixin.parseFunctionParams (node_modules/@babel/parser/src/plugins/typescript/index.ts:3692:13)
      at TypeScriptParserMixin.parseFunctionParams (node_modules/@babel/parser/src/parser/expression.ts:2491:10)
      at TypeScriptParserMixin.parseMethod (node_modules/@babel/parser/src/plugins/typescript/index.ts:4312:28)
      at TypeScriptParserMixin.parseMethod [as parseObjectMethod] (node_modules/@babel/parser/src/parser/expression.ts:2300:19)
      at TypeScriptParserMixin.parseObjectMethod (node_modules/@babel/parser/src/parser/expression.ts:2381:24)
      at TypeScriptParserMixin.parseObjPropValue (node_modules/@babel/parser/src/plugins/typescript/index.ts:3675:20)
      at TypeScriptParserMixin.parseObjPropValue [as parsePropertyDefinition] (node_modules/@babel/parser/src/parser/expression.ts:2228:17)
      at TypeScriptParserMixin.parsePropertyDefinition [as parseObjectLike] (node_modules/@babel/parser/src/parser/expression.ts:2095:21)
      at TypeScriptParserMixin.parseObjectLike [as parseExprAtom] (node_modules/@babel/parser/src/parser/expression.ts:1181:21)
      at TypeScriptParserMixin.parseExprAtom [as parseExprSubscripts] (node_modules/@babel/parser/src/parser/expression.ts:742:23)
      at TypeScriptParserMixin.parseExprSubscripts [as parseUpdate] (node_modules/@babel/parser/src/parser/expression.ts:721:21)
      at TypeScriptParserMixin.parseUpdate (node_modules/@babel/parser/src/parser/expression.ts:683:23)
      at TypeScriptParserMixin.parseMaybeUnary (node_modules/@babel/parser/src/plugins/typescript/index.ts:3893:20)
      at TypeScriptParserMixin.parseMaybeUnary [as parseMaybeUnaryOrPrivate] (node_modules/@babel/parser/src/parser/expression.ts:417:14)
      at TypeScriptParserMixin.parseMaybeUnaryOrPrivate [as parseExprOps] (node_modules/@babel/parser/src/parser/expression.ts:429:23)
      at TypeScriptParserMixin.parseExprOps [as parseMaybeConditional] (node_modules/@babel/parser/src/parser/expression.ts:384:23)
      at TypeScriptParserMixin.parseMaybeConditional (node_modules/@babel/parser/src/parser/expression.ts:301:21)
      at TypeScriptParserMixin.parseMaybeAssign (node_modules/@babel/parser/src/plugins/typescript/index.ts:3764:22)
      at parseMaybeAssign (node_modules/@babel/parser/src/parser/expression.ts:257:12)
      at TypeScriptParserMixin.callback [as allowInAnd] (node_modules/@babel/parser/src/parser/expression.ts:3194:12)
      at TypeScriptParserMixin.allowInAnd [as parseMaybeAssignAllowIn] (node_modules/@babel/parser/src/parser/expression.ts:256:17)
      at TypeScriptParserMixin.parseMaybeAssignAllowIn [as parseMaybeAssignAllowInOrVoidPattern] (node_modules/@babel/parser/src/parser/expression.ts:3308:17)
      at TypeScriptParserMixin.parseMaybeAssignAllowInOrVoidPattern [as parseParenAndDistinguishExpression] (node_modules/@babel/parser/src/parser/expression.ts:1822:16)
      at TypeScriptParserMixin.parseParenAndDistinguishExpression [as parseExprAtom] (node_modules/@babel/parser/src/parser/expression.ts:1170:21)
      at TypeScriptParserMixin.parseExprAtom [as parseExprSubscripts] (node_modules/@babel/parser/src/parser/expression.ts:742:23)
      at TypeScriptParserMixin.parseExprSubscripts [as parseUpdate] (node_modules/@babel/parser/src/parser/expression.ts:721:21)
      at TypeScriptParserMixin.parseUpdate (node_modules/@babel/parser/src/parser/expression.ts:683:23)
      at TypeScriptParserMixin.parseMaybeUnary (node_modules/@babel/parser/src/plugins/typescript/index.ts:3893:20)
      at TypeScriptParserMixin.parseMaybeUnary [as parseMaybeUnaryOrPrivate] (node_modules/@babel/parser/src/parser/expression.ts:417:14)
      at TypeScriptParserMixin.parseMaybeUnaryOrPrivate [as parseExprOps] (node_modules/@babel/parser/src/parser/expression.ts:429:23)
      at TypeScriptParserMixin.parseExprOps [as parseMaybeConditional] (node_modules/@babel/parser/src/parser/expression.ts:384:23)
      at TypeScriptParserMixin.parseMaybeConditional (node_modules/@babel/parser/src/parser/expression.ts:301:21)
      at TypeScriptParserMixin.parseMaybeAssign (node_modules/@babel/parser/src/plugins/typescript/index.ts:3764:22)
      at TypeScriptParserMixin.parseMaybeAssign [as parseFunctionBody] (node_modules/@babel/parser/src/parser/expression.ts:2604:14)
      at TypeScriptParserMixin.parseFunctionBody [as parseArrowExpression] (node_modules/@babel/parser/src/parser/expression.ts:2559:10)
      at TypeScriptParserMixin.parseArrowExpression [as parseParenAndDistinguishExpression] (node_modules/@babel/parser/src/parser/expression.ts:1847:12)
      at TypeScriptParserMixin.parseParenAndDistinguishExpression [as parseExprAtom] (node_modules/@babel/parser/src/parser/expression.ts:1170:21)
      at TypeScriptParserMixin.parseExprAtom [as parseExprSubscripts] (node_modules/@babel/parser/src/parser/expression.ts:742:23)
      at TypeScriptParserMixin.parseExprSubscripts [as parseUpdate] (node_modules/@babel/parser/src/parser/expression.ts:721:21)
      at TypeScriptParserMixin.parseUpdate (node_modules/@babel/parser/src/parser/expression.ts:683:23)
      at TypeScriptParserMixin.parseMaybeUnary (node_modules/@babel/parser/src/plugins/typescript/index.ts:3893:20)
      at TypeScriptParserMixin.parseMaybeUnary [as parseMaybeUnaryOrPrivate] (node_modules/@babel/parser/src/parser/expression.ts:417:14)
      at TypeScriptParserMixin.parseMaybeUnaryOrPrivate [as parseExprOps] (node_modules/@babel/parser/src/parser/expression.ts:429:23)
      at TypeScriptParserMixin.parseExprOps [as parseMaybeConditional] (node_modules/@babel/parser/src/parser/expression.ts:384:23)
      at TypeScriptParserMixin.parseMaybeConditional (node_modules/@babel/parser/src/parser/expression.ts:301:21)
      at TypeScriptParserMixin.parseMaybeAssign (node_modules/@babel/parser/src/plugins/typescript/index.ts:3764:22)
      at parseMaybeAssign (node_modules/@babel/parser/src/parser/expression.ts:257:12)
      at TypeScriptParserMixin.callback [as allowInAnd] (node_modules/@babel/parser/src/parser/expression.ts:3189:16)
      at TypeScriptParserMixin.allowInAnd [as parseMaybeAssignAllowIn] (node_modules/@babel/parser/src/parser/expression.ts:256:17)
      at TypeScriptParserMixin.parseMaybeAssignAllowIn [as parseVar] (node_modules/@babel/parser/src/parser/statement.ts:1587:18)
      at TypeScriptParserMixin.parseVar (node_modules/@babel/parser/src/parser/statement.ts:1251:10)
      at TypeScriptParserMixin.parseVarStatement (node_modules/@babel/parser/src/plugins/typescript/index.ts:3085:33)
      at TypeScriptParserMixin.parseVarStatement (node_modules/@babel/parser/src/parser/statement.ts:612:21)
      at TypeScriptParserMixin.parseStatementContent (node_modules/@babel/parser/src/plugins/typescript/index.ts:3220:20)
      at TypeScriptParserMixin.parseStatementContent [as parseStatementLike] (node_modules/@babel/parser/src/parser/statement.ts:482:17)
      at TypeScriptParserMixin.parseStatementLike [as parseStatementListItem] (node_modules/@babel/parser/src/parser/statement.ts:431:17)
      at TypeScriptParserMixin.parseStatementListItem (node_modules/@babel/parser/src/parser/statement.ts:2635:17)
      at TypeScriptParserMixin.parseExportDeclaration (node_modules/@babel/parser/src/plugins/typescript/index.ts:3447:15)
      at TypeScriptParserMixin.parseExportDeclaration [as maybeParseExportDeclaration] (node_modules/@babel/parser/src/parser/statement.ts:2551:31)
      at TypeScriptParserMixin.maybeParseExportDeclaration (node_modules/@babel/parser/src/parser/statement.ts:2432:29)
      at TypeScriptParserMixin.parseExport (node_modules/@babel/parser/src/plugins/typescript/index.ts:3046:22)
      at TypeScriptParserMixin.parseExport (node_modules/@babel/parser/src/parser/statement.ts:649:25)
      at TypeScriptParserMixin.parseStatementContent (node_modules/@babel/parser/src/plugins/typescript/index.ts:3220:20)
      at TypeScriptParserMixin.parseStatementContent [as parseStatementLike] (node_modules/@babel/parser/src/parser/statement.ts:482:17)
      at TypeScriptParserMixin.parseStatementLike [as parseModuleItem] (node_modules/@babel/parser/src/parser/statement.ts:419:17)
      at TypeScriptParserMixin.parseModuleItem [as parseBlockOrModuleBlockBody] (node_modules/@babel/parser/src/parser/statement.ts:1443:16)
      at TypeScriptParserMixin.parseBlockOrModuleBlockBody [as parseBlockBody] (node_modules/@babel/parser/src/parser/statement.ts:1417:10)
      at TypeScriptParserMixin.parseBlockBody [as parseProgram] (node_modules/@babel/parser/src/parser/statement.ts:229:10)
      at TypeScriptParserMixin.parseProgram [as parseTopLevel] (node_modules/@babel/parser/src/parser/statement.ts:203:25)
      at TypeScriptParserMixin.parseTopLevel (node_modules/@babel/parser/src/parser/index.ts:83:25)
      at TypeScriptParserMixin.parse (node_modules/@babel/parser/src/plugins/typescript/index.ts:4354:20)
      at parse (node_modules/@babel/parser/src/index.ts:86:38)
      at parser (node_modules/@babel/core/src/parser/index.ts:29:19)
          at parser.next (<anonymous>)
      at normalizeFile (node_modules/@babel/core/src/transformation/normalize-file.ts:50:24)
          at normalizeFile.next (<anonymous>)
      at run (node_modules/@babel/core/src/transformation/index.ts:41:36)
          at run.next (<anonymous>)
      at transform (node_modules/@babel/core/src/transform.ts:29:20)
          at transform.next (<anonymous>)
      at evaluateSync (node_modules/gensync/index.js:251:28)
      at sync (node_modules/gensync/index.js:89:14)
      at fn (node_modules/@babel/core/src/errors/rewrite-stack-trace.ts:99:14)
      at transformSync (node_modules/@babel/core/src/transform.ts:66:52)
      at Object.require (src/styles/index.ts:29:1)

  console.error
    react-test-renderer is deprecated. See https://react.dev/warnings/react-test-renderer

    [0m [90m  5 |[39m
     [90m  6 |[39m [36mconst[39m renderWithTheme [33m=[39m (component[33m:[39m [33mReact[39m[33m.[39m[33mReactElement[39m) [33m=>[39m {
    [31m[1m>[22m[39m[90m  7 |[39m   [36mreturn[39m render([33m<[39m[33mThemeProvider[39m[33m>[39m{component}[33m<[39m[33m/[39m[33mThemeProvider[39m[33m>[39m)[33m;[39m
     [90m    |[39m                [31m[1m^[22m[39m
     [90m  8 |[39m }[33m;[39m
     [90m  9 |[39m
     [90m 10 |[39m describe([32m'PositionTrainingScreen'[39m[33m,[39m () [33m=>[39m {[0m

      at Object.process.env.NODE_ENV.exports.create (node_modules/react-test-renderer/cjs/react-test-renderer.development.js:14598:17)
      at create (node_modules/@testing-library/react-native/src/render-act.ts:15:29)
      at callback (node_modules/@testing-library/react-native/src/act.ts:31:24)
      at process.env.NODE_ENV.exports.act (node_modules/react/cjs/react.development.js:789:22)
      at actImplementation (node_modules/@testing-library/react-native/src/act.ts:30:25)
      at renderWithAct (node_modules/@testing-library/react-native/src/render-act.ts:13:11)
      at renderInternal (node_modules/@testing-library/react-native/src/render.tsx:69:33)
      at renderInternal (node_modules/@testing-library/react-native/src/render.tsx:44:10)
      at renderWithTheme (src/features/racetrack-position-training/screens/PositionTrainingScreen/PositionTrainingScreen.test.tsx:7:16)
      at Object.renderWithTheme (src/features/racetrack-position-training/screens/PositionTrainingScreen/PositionTrainingScreen.test.tsx:77:29)

PASS src/features/racetrack/components/RacetrackTrackSvg/RacetrackTrackSvg.test.tsx
  RacetrackTrackSvg
    rendering
      ΓêÜ should render without crashing (35 ms)
      ΓêÜ should render with different widths (38 ms)
      ΓêÜ should render with different heights (41 ms)
    SVG structure
      ΓêÜ should render Svg element with correct props (50 ms)
      ΓêÜ should render outer oval path (44 ms)
      ΓêÜ should render inner oval path (19 ms)
      ΓêÜ should render vertical divider lines (18 ms)
    number text rendering
      ΓêÜ should render all top numbers (17 ms)
      ΓêÜ should render all bottom numbers (20 ms)
      ΓêÜ should render all left side numbers (23 ms)
      ΓêÜ should render all right side numbers (19 ms)
      ΓêÜ should render section labels (62 ms)
    section labels
      ΓêÜ should render tier label (32 ms)
      ΓêÜ should render orphelins label (19 ms)
      ΓêÜ should render voisins label (30 ms)
      ΓêÜ should render zero label (31 ms)
    color and styling
      ΓêÜ should render with gold stroke color (48 ms)
      ΓêÜ should render with green background (24 ms)

FAIL src/features/racetrack-position-training/screens/PositionMenuScreen/PositionMenuScreen.test.tsx
  ΓùÅ Test suite failed to run

    SyntaxError: C:\Users\ivans\Desktop\Dev\CasinoTrainingApp\src\styles\textStyles.ts: Unexpected token, expected "(" (22:9)

      20 |     marginBottom: 4,
      21 |   } as TextStyle,
    > 22 |    * Size: 18px, Weight: 700, Color: Gold
         |          ^
      23 |    */
      24 |   goldTitle: {
      25 |     fontSize: 18,

      27 |
      28 | // Text style factories
    > 29 | export { createTextStyles } from './textStyles';
         | ^
      30 | export type { TextStyles } from './textStyles';
      31 |

      at constructor (node_modules/@babel/parser/src/parse-error.ts:95:45)
      at TypeScriptParserMixin.toParseError [as raise] (node_modules/@babel/parser/src/tokenizer/index.ts:1504:19)
      at TypeScriptParserMixin.raise [as unexpected] (node_modules/@babel/parser/src/tokenizer/index.ts:1544:16)
      at TypeScriptParserMixin.unexpected [as expect] (node_modules/@babel/parser/src/parser/util.ts:157:12)
      at TypeScriptParserMixin.expect (node_modules/@babel/parser/src/parser/statement.ts:1726:10)
      at TypeScriptParserMixin.parseFunctionParams (node_modules/@babel/parser/src/plugins/typescript/index.ts:3692:13)
      at TypeScriptParserMixin.parseFunctionParams (node_modules/@babel/parser/src/parser/expression.ts:2491:10)
      at TypeScriptParserMixin.parseMethod (node_modules/@babel/parser/src/plugins/typescript/index.ts:4312:28)
      at TypeScriptParserMixin.parseMethod [as parseObjectMethod] (node_modules/@babel/parser/src/parser/expression.ts:2300:19)
      at TypeScriptParserMixin.parseObjectMethod (node_modules/@babel/parser/src/parser/expression.ts:2381:24)
      at TypeScriptParserMixin.parseObjPropValue (node_modules/@babel/parser/src/plugins/typescript/index.ts:3675:20)
      at TypeScriptParserMixin.parseObjPropValue [as parsePropertyDefinition] (node_modules/@babel/parser/src/parser/expression.ts:2228:17)
      at TypeScriptParserMixin.parsePropertyDefinition [as parseObjectLike] (node_modules/@babel/parser/src/parser/expression.ts:2095:21)
      at TypeScriptParserMixin.parseObjectLike [as parseExprAtom] (node_modules/@babel/parser/src/parser/expression.ts:1181:21)
      at TypeScriptParserMixin.parseExprAtom [as parseExprSubscripts] (node_modules/@babel/parser/src/parser/expression.ts:742:23)
      at TypeScriptParserMixin.parseExprSubscripts [as parseUpdate] (node_modules/@babel/parser/src/parser/expression.ts:721:21)
      at TypeScriptParserMixin.parseUpdate (node_modules/@babel/parser/src/parser/expression.ts:683:23)
      at TypeScriptParserMixin.parseMaybeUnary (node_modules/@babel/parser/src/plugins/typescript/index.ts:3893:20)
      at TypeScriptParserMixin.parseMaybeUnary [as parseMaybeUnaryOrPrivate] (node_modules/@babel/parser/src/parser/expression.ts:417:14)
      at TypeScriptParserMixin.parseMaybeUnaryOrPrivate [as parseExprOps] (node_modules/@babel/parser/src/parser/expression.ts:429:23)
      at TypeScriptParserMixin.parseExprOps [as parseMaybeConditional] (node_modules/@babel/parser/src/parser/expression.ts:384:23)
      at TypeScriptParserMixin.parseMaybeConditional (node_modules/@babel/parser/src/parser/expression.ts:301:21)
      at TypeScriptParserMixin.parseMaybeAssign (node_modules/@babel/parser/src/plugins/typescript/index.ts:3764:22)
      at parseMaybeAssign (node_modules/@babel/parser/src/parser/expression.ts:257:12)
      at TypeScriptParserMixin.callback [as allowInAnd] (node_modules/@babel/parser/src/parser/expression.ts:3194:12)
      at TypeScriptParserMixin.allowInAnd [as parseMaybeAssignAllowIn] (node_modules/@babel/parser/src/parser/expression.ts:256:17)
      at TypeScriptParserMixin.parseMaybeAssignAllowIn [as parseMaybeAssignAllowInOrVoidPattern] (node_modules/@babel/parser/src/parser/expression.ts:3308:17)
      at TypeScriptParserMixin.parseMaybeAssignAllowInOrVoidPattern [as parseParenAndDistinguishExpression] (node_modules/@babel/parser/src/parser/expression.ts:1822:16)
      at TypeScriptParserMixin.parseParenAndDistinguishExpression [as parseExprAtom] (node_modules/@babel/parser/src/parser/expression.ts:1170:21)
      at TypeScriptParserMixin.parseExprAtom [as parseExprSubscripts] (node_modules/@babel/parser/src/parser/expression.ts:742:23)
      at TypeScriptParserMixin.parseExprSubscripts [as parseUpdate] (node_modules/@babel/parser/src/parser/expression.ts:721:21)
      at TypeScriptParserMixin.parseUpdate (node_modules/@babel/parser/src/parser/expression.ts:683:23)
      at TypeScriptParserMixin.parseMaybeUnary (node_modules/@babel/parser/src/plugins/typescript/index.ts:3893:20)
      at TypeScriptParserMixin.parseMaybeUnary [as parseMaybeUnaryOrPrivate] (node_modules/@babel/parser/src/parser/expression.ts:417:14)
      at TypeScriptParserMixin.parseMaybeUnaryOrPrivate [as parseExprOps] (node_modules/@babel/parser/src/parser/expression.ts:429:23)
      at TypeScriptParserMixin.parseExprOps [as parseMaybeConditional] (node_modules/@babel/parser/src/parser/expression.ts:384:23)
      at TypeScriptParserMixin.parseMaybeConditional (node_modules/@babel/parser/src/parser/expression.ts:301:21)
      at TypeScriptParserMixin.parseMaybeAssign (node_modules/@babel/parser/src/plugins/typescript/index.ts:3764:22)
      at TypeScriptParserMixin.parseMaybeAssign [as parseFunctionBody] (node_modules/@babel/parser/src/parser/expression.ts:2604:14)
      at TypeScriptParserMixin.parseFunctionBody [as parseArrowExpression] (node_modules/@babel/parser/src/parser/expression.ts:2559:10)
      at TypeScriptParserMixin.parseArrowExpression [as parseParenAndDistinguishExpression] (node_modules/@babel/parser/src/parser/expression.ts:1847:12)
      at TypeScriptParserMixin.parseParenAndDistinguishExpression [as parseExprAtom] (node_modules/@babel/parser/src/parser/expression.ts:1170:21)
      at TypeScriptParserMixin.parseExprAtom [as parseExprSubscripts] (node_modules/@babel/parser/src/parser/expression.ts:742:23)
      at TypeScriptParserMixin.parseExprSubscripts [as parseUpdate] (node_modules/@babel/parser/src/parser/expression.ts:721:21)
      at TypeScriptParserMixin.parseUpdate (node_modules/@babel/parser/src/parser/expression.ts:683:23)
      at TypeScriptParserMixin.parseMaybeUnary (node_modules/@babel/parser/src/plugins/typescript/index.ts:3893:20)
      at TypeScriptParserMixin.parseMaybeUnary [as parseMaybeUnaryOrPrivate] (node_modules/@babel/parser/src/parser/expression.ts:417:14)
      at TypeScriptParserMixin.parseMaybeUnaryOrPrivate [as parseExprOps] (node_modules/@babel/parser/src/parser/expression.ts:429:23)
      at TypeScriptParserMixin.parseExprOps [as parseMaybeConditional] (node_modules/@babel/parser/src/parser/expression.ts:384:23)
      at TypeScriptParserMixin.parseMaybeConditional (node_modules/@babel/parser/src/parser/expression.ts:301:21)
      at TypeScriptParserMixin.parseMaybeAssign (node_modules/@babel/parser/src/plugins/typescript/index.ts:3764:22)
      at parseMaybeAssign (node_modules/@babel/parser/src/parser/expression.ts:257:12)
      at TypeScriptParserMixin.callback [as allowInAnd] (node_modules/@babel/parser/src/parser/expression.ts:3189:16)
      at TypeScriptParserMixin.allowInAnd [as parseMaybeAssignAllowIn] (node_modules/@babel/parser/src/parser/expression.ts:256:17)
      at TypeScriptParserMixin.parseMaybeAssignAllowIn [as parseVar] (node_modules/@babel/parser/src/parser/statement.ts:1587:18)
      at TypeScriptParserMixin.parseVar (node_modules/@babel/parser/src/parser/statement.ts:1251:10)
      at TypeScriptParserMixin.parseVarStatement (node_modules/@babel/parser/src/plugins/typescript/index.ts:3085:33)
      at TypeScriptParserMixin.parseVarStatement (node_modules/@babel/parser/src/parser/statement.ts:612:21)
      at TypeScriptParserMixin.parseStatementContent (node_modules/@babel/parser/src/plugins/typescript/index.ts:3220:20)
      at TypeScriptParserMixin.parseStatementContent [as parseStatementLike] (node_modules/@babel/parser/src/parser/statement.ts:482:17)
      at TypeScriptParserMixin.parseStatementLike [as parseStatementListItem] (node_modules/@babel/parser/src/parser/statement.ts:431:17)
      at TypeScriptParserMixin.parseStatementListItem (node_modules/@babel/parser/src/parser/statement.ts:2635:17)
      at TypeScriptParserMixin.parseExportDeclaration (node_modules/@babel/parser/src/plugins/typescript/index.ts:3447:15)
      at TypeScriptParserMixin.parseExportDeclaration [as maybeParseExportDeclaration] (node_modules/@babel/parser/src/parser/statement.ts:2551:31)
      at TypeScriptParserMixin.maybeParseExportDeclaration (node_modules/@babel/parser/src/parser/statement.ts:2432:29)
      at TypeScriptParserMixin.parseExport (node_modules/@babel/parser/src/plugins/typescript/index.ts:3046:22)
      at TypeScriptParserMixin.parseExport (node_modules/@babel/parser/src/parser/statement.ts:649:25)
      at TypeScriptParserMixin.parseStatementContent (node_modules/@babel/parser/src/plugins/typescript/index.ts:3220:20)
      at TypeScriptParserMixin.parseStatementContent [as parseStatementLike] (node_modules/@babel/parser/src/parser/statement.ts:482:17)
      at TypeScriptParserMixin.parseStatementLike [as parseModuleItem] (node_modules/@babel/parser/src/parser/statement.ts:419:17)
      at TypeScriptParserMixin.parseModuleItem [as parseBlockOrModuleBlockBody] (node_modules/@babel/parser/src/parser/statement.ts:1443:16)
      at TypeScriptParserMixin.parseBlockOrModuleBlockBody [as parseBlockBody] (node_modules/@babel/parser/src/parser/statement.ts:1417:10)
      at TypeScriptParserMixin.parseBlockBody [as parseProgram] (node_modules/@babel/parser/src/parser/statement.ts:229:10)
      at TypeScriptParserMixin.parseProgram [as parseTopLevel] (node_modules/@babel/parser/src/parser/statement.ts:203:25)
      at TypeScriptParserMixin.parseTopLevel (node_modules/@babel/parser/src/parser/index.ts:83:25)
      at TypeScriptParserMixin.parse (node_modules/@babel/parser/src/plugins/typescript/index.ts:4354:20)
      at parse (node_modules/@babel/parser/src/index.ts:86:38)
      at parser (node_modules/@babel/core/src/parser/index.ts:29:19)
          at parser.next (<anonymous>)
      at normalizeFile (node_modules/@babel/core/src/transformation/normalize-file.ts:50:24)
          at normalizeFile.next (<anonymous>)
      at run (node_modules/@babel/core/src/transformation/index.ts:41:36)
          at run.next (<anonymous>)
      at transform (node_modules/@babel/core/src/transform.ts:29:20)
          at transform.next (<anonymous>)
      at evaluateSync (node_modules/gensync/index.js:251:28)
      at sync (node_modules/gensync/index.js:89:14)
      at fn (node_modules/@babel/core/src/errors/rewrite-stack-trace.ts:99:14)
      at transformSync (node_modules/@babel/core/src/transform.ts:66:52)
      at Object.require (src/styles/index.ts:29:1)

  console.error
    react-test-renderer is deprecated. See https://react.dev/warnings/react-test-renderer

    [0m [90m 44 |[39m   describe([32m'rendering'[39m[33m,[39m () [33m=>[39m {
     [90m 45 |[39m     it([32m'should render the title'[39m[33m,[39m () [33m=>[39m {
    [31m[1m>[22m[39m[90m 46 |[39m       [36mconst[39m { getByText } [33m=[39m render([33m<[39m[33mChipSelector[39m {[33m...[39mdefaultProps} [33m/[39m[33m>[39m)[33m;[39m
     [90m    |[39m                                   [31m[1m^[22m[39m
     [90m 47 |[39m
     [90m 48 |[39m       expect(getByText([32m'Select Chip Value'[39m))[33m.[39mtoBeTruthy()[33m;[39m
     [90m 49 |[39m     })[33m;[39m[0m

      at Object.process.env.NODE_ENV.exports.create (node_modules/react-test-renderer/cjs/react-test-renderer.development.js:14598:17)
      at create (node_modules/@testing-library/react-native/src/render-act.ts:15:29)
      at callback (node_modules/@testing-library/react-native/src/act.ts:31:24)
      at process.env.NODE_ENV.exports.act (node_modules/react/cjs/react.development.js:789:22)
      at actImplementation (node_modules/@testing-library/react-native/src/act.ts:30:25)
      at renderWithAct (node_modules/@testing-library/react-native/src/render-act.ts:13:11)
      at renderInternal (node_modules/@testing-library/react-native/src/render.tsx:69:33)
      at renderInternal (node_modules/@testing-library/react-native/src/render.tsx:44:10)
      at Object.<anonymous> (src/components/ChipSelector/ChipSelector.test.tsx:46:35)

  console.error
    react-test-renderer is deprecated. See https://react.dev/warnings/react-test-renderer

    [0m [90m 50 |[39m
     [90m 51 |[39m     it([32m'should render all chip values'[39m[33m,[39m () [33m=>[39m {
    [31m[1m>[22m[39m[90m 52 |[39m       [36mconst[39m { getByText } [33m=[39m render([33m<[39m[33mChipSelector[39m {[33m...[39mdefaultProps} [33m/[39m[33m>[39m)[33m;[39m
     [90m    |[39m                                   [31m[1m^[22m[39m
     [90m 53 |[39m
     [90m 54 |[39m       [36mconst[39m chipValues [33m=[39m [[35m1[39m[33m,[39m [35m5[39m[33m,[39m [35m10[39m[33m,[39m [35m25[39m[33m,[39m [35m100[39m[33m,[39m [35m500[39m[33m,[39m [35m1000[39m][33m;[39m
     [90m 55 |[39m       chipValues[33m.[39mforEach(value [33m=>[39m {[0m

      at Object.process.env.NODE_ENV.exports.create (node_modules/react-test-renderer/cjs/react-test-renderer.development.js:14598:17)
      at create (node_modules/@testing-library/react-native/src/render-act.ts:15:29)
      at callback (node_modules/@testing-library/react-native/src/act.ts:31:24)
      at process.env.NODE_ENV.exports.act (node_modules/react/cjs/react.development.js:789:22)
      at actImplementation (node_modules/@testing-library/react-native/src/act.ts:30:25)
      at renderWithAct (node_modules/@testing-library/react-native/src/render-act.ts:13:11)
      at renderInternal (node_modules/@testing-library/react-native/src/render.tsx:69:33)
      at renderInternal (node_modules/@testing-library/react-native/src/render.tsx:44:10)
      at Object.<anonymous> (src/components/ChipSelector/ChipSelector.test.tsx:52:35)

  console.error
    An update to SettingsProvider inside a test was not wrapped in act(...).
    
    When testing, code that causes React state updates should be wrapped into act(...):
    
    act(() => {
      /* fire events that update state */
    });
    /* assert on the output */
    
    This ensures that you're testing the behavior the user would see in the browser. Learn more at https://react.dev/link/wrap-tests-with-act

    [0m [90m 30 |[39m         [90m// Use defaults if load fails[39m
     [90m 31 |[39m       } [36mfinally[39m {
    [31m[1m>[22m[39m[90m 32 |[39m         setIsLoaded([36mtrue[39m)[33m;[39m
     [90m    |[39m         [31m[1m^[22m[39m
     [90m 33 |[39m       }
     [90m 34 |[39m     }[33m;[39m
     [90m 35 |[39m     loadSettings()[33m;[39m[0m

      at node_modules/react-test-renderer/cjs/react-test-renderer.development.js:11801:19
      at runWithFiberInDEV (node_modules/react-test-renderer/cjs/react-test-renderer.development.js:1574:13)
      at warnIfUpdatesNotWrappedWithActDEV (node_modules/react-test-renderer/cjs/react-test-renderer.development.js:11800:9)
      at scheduleUpdateOnFiber (node_modules/react-test-renderer/cjs/react-test-renderer.development.js:10326:9)
      at dispatchSetStateInternal (node_modules/react-test-renderer/cjs/react-test-renderer.development.js:4148:13)
      at dispatchSetState (node_modules/react-test-renderer/cjs/react-test-renderer.development.js:4107:7)
      at setIsLoaded (src/contexts/SettingsContext.tsx:32:9)

FAIL src/features/blackjack-training/screens/BJMenuScreen/BJMenuScreen.test.tsx
  ΓùÅ Test suite failed to run

    SyntaxError: C:\Users\ivans\Desktop\Dev\CasinoTrainingApp\src\styles\textStyles.ts: Unexpected token, expected "(" (22:9)

      20 |     marginBottom: 4,
      21 |   } as TextStyle,
    > 22 |    * Size: 18px, Weight: 700, Color: Gold
         |          ^
      23 |    */
      24 |   goldTitle: {
      25 |     fontSize: 18,

      27 |
      28 | // Text style factories
    > 29 | export { createTextStyles } from './textStyles';
         | ^
      30 | export type { TextStyles } from './textStyles';
      31 |

      at constructor (node_modules/@babel/parser/src/parse-error.ts:95:45)
      at TypeScriptParserMixin.toParseError [as raise] (node_modules/@babel/parser/src/tokenizer/index.ts:1504:19)
      at TypeScriptParserMixin.raise [as unexpected] (node_modules/@babel/parser/src/tokenizer/index.ts:1544:16)
      at TypeScriptParserMixin.unexpected [as expect] (node_modules/@babel/parser/src/parser/util.ts:157:12)
      at TypeScriptParserMixin.expect (node_modules/@babel/parser/src/parser/statement.ts:1726:10)
      at TypeScriptParserMixin.parseFunctionParams (node_modules/@babel/parser/src/plugins/typescript/index.ts:3692:13)
      at TypeScriptParserMixin.parseFunctionParams (node_modules/@babel/parser/src/parser/expression.ts:2491:10)
      at TypeScriptParserMixin.parseMethod (node_modules/@babel/parser/src/plugins/typescript/index.ts:4312:28)
      at TypeScriptParserMixin.parseMethod [as parseObjectMethod] (node_modules/@babel/parser/src/parser/expression.ts:2300:19)
      at TypeScriptParserMixin.parseObjectMethod (node_modules/@babel/parser/src/parser/expression.ts:2381:24)
      at TypeScriptParserMixin.parseObjPropValue (node_modules/@babel/parser/src/plugins/typescript/index.ts:3675:20)
      at TypeScriptParserMixin.parseObjPropValue [as parsePropertyDefinition] (node_modules/@babel/parser/src/parser/expression.ts:2228:17)
      at TypeScriptParserMixin.parsePropertyDefinition [as parseObjectLike] (node_modules/@babel/parser/src/parser/expression.ts:2095:21)
      at TypeScriptParserMixin.parseObjectLike [as parseExprAtom] (node_modules/@babel/parser/src/parser/expression.ts:1181:21)
      at TypeScriptParserMixin.parseExprAtom [as parseExprSubscripts] (node_modules/@babel/parser/src/parser/expression.ts:742:23)
      at TypeScriptParserMixin.parseExprSubscripts [as parseUpdate] (node_modules/@babel/parser/src/parser/expression.ts:721:21)
      at TypeScriptParserMixin.parseUpdate (node_modules/@babel/parser/src/parser/expression.ts:683:23)
      at TypeScriptParserMixin.parseMaybeUnary (node_modules/@babel/parser/src/plugins/typescript/index.ts:3893:20)
      at TypeScriptParserMixin.parseMaybeUnary [as parseMaybeUnaryOrPrivate] (node_modules/@babel/parser/src/parser/expression.ts:417:14)
      at TypeScriptParserMixin.parseMaybeUnaryOrPrivate [as parseExprOps] (node_modules/@babel/parser/src/parser/expression.ts:429:23)
      at TypeScriptParserMixin.parseExprOps [as parseMaybeConditional] (node_modules/@babel/parser/src/parser/expression.ts:384:23)
      at TypeScriptParserMixin.parseMaybeConditional (node_modules/@babel/parser/src/parser/expression.ts:301:21)
      at TypeScriptParserMixin.parseMaybeAssign (node_modules/@babel/parser/src/plugins/typescript/index.ts:3764:22)
      at parseMaybeAssign (node_modules/@babel/parser/src/parser/expression.ts:257:12)
      at TypeScriptParserMixin.callback [as allowInAnd] (node_modules/@babel/parser/src/parser/expression.ts:3194:12)
      at TypeScriptParserMixin.allowInAnd [as parseMaybeAssignAllowIn] (node_modules/@babel/parser/src/parser/expression.ts:256:17)
      at TypeScriptParserMixin.parseMaybeAssignAllowIn [as parseMaybeAssignAllowInOrVoidPattern] (node_modules/@babel/parser/src/parser/expression.ts:3308:17)
      at TypeScriptParserMixin.parseMaybeAssignAllowInOrVoidPattern [as parseParenAndDistinguishExpression] (node_modules/@babel/parser/src/parser/expression.ts:1822:16)
      at TypeScriptParserMixin.parseParenAndDistinguishExpression [as parseExprAtom] (node_modules/@babel/parser/src/parser/expression.ts:1170:21)
      at TypeScriptParserMixin.parseExprAtom [as parseExprSubscripts] (node_modules/@babel/parser/src/parser/expression.ts:742:23)
      at TypeScriptParserMixin.parseExprSubscripts [as parseUpdate] (node_modules/@babel/parser/src/parser/expression.ts:721:21)
      at TypeScriptParserMixin.parseUpdate (node_modules/@babel/parser/src/parser/expression.ts:683:23)
      at TypeScriptParserMixin.parseMaybeUnary (node_modules/@babel/parser/src/plugins/typescript/index.ts:3893:20)
      at TypeScriptParserMixin.parseMaybeUnary [as parseMaybeUnaryOrPrivate] (node_modules/@babel/parser/src/parser/expression.ts:417:14)
      at TypeScriptParserMixin.parseMaybeUnaryOrPrivate [as parseExprOps] (node_modules/@babel/parser/src/parser/expression.ts:429:23)
      at TypeScriptParserMixin.parseExprOps [as parseMaybeConditional] (node_modules/@babel/parser/src/parser/expression.ts:384:23)
      at TypeScriptParserMixin.parseMaybeConditional (node_modules/@babel/parser/src/parser/expression.ts:301:21)
      at TypeScriptParserMixin.parseMaybeAssign (node_modules/@babel/parser/src/plugins/typescript/index.ts:3764:22)
      at TypeScriptParserMixin.parseMaybeAssign [as parseFunctionBody] (node_modules/@babel/parser/src/parser/expression.ts:2604:14)
      at TypeScriptParserMixin.parseFunctionBody [as parseArrowExpression] (node_modules/@babel/parser/src/parser/expression.ts:2559:10)
      at TypeScriptParserMixin.parseArrowExpression [as parseParenAndDistinguishExpression] (node_modules/@babel/parser/src/parser/expression.ts:1847:12)
      at TypeScriptParserMixin.parseParenAndDistinguishExpression [as parseExprAtom] (node_modules/@babel/parser/src/parser/expression.ts:1170:21)
      at TypeScriptParserMixin.parseExprAtom [as parseExprSubscripts] (node_modules/@babel/parser/src/parser/expression.ts:742:23)
      at TypeScriptParserMixin.parseExprSubscripts [as parseUpdate] (node_modules/@babel/parser/src/parser/expression.ts:721:21)
      at TypeScriptParserMixin.parseUpdate (node_modules/@babel/parser/src/parser/expression.ts:683:23)
      at TypeScriptParserMixin.parseMaybeUnary (node_modules/@babel/parser/src/plugins/typescript/index.ts:3893:20)
      at TypeScriptParserMixin.parseMaybeUnary [as parseMaybeUnaryOrPrivate] (node_modules/@babel/parser/src/parser/expression.ts:417:14)
      at TypeScriptParserMixin.parseMaybeUnaryOrPrivate [as parseExprOps] (node_modules/@babel/parser/src/parser/expression.ts:429:23)
      at TypeScriptParserMixin.parseExprOps [as parseMaybeConditional] (node_modules/@babel/parser/src/parser/expression.ts:384:23)
      at TypeScriptParserMixin.parseMaybeConditional (node_modules/@babel/parser/src/parser/expression.ts:301:21)
      at TypeScriptParserMixin.parseMaybeAssign (node_modules/@babel/parser/src/plugins/typescript/index.ts:3764:22)
      at parseMaybeAssign (node_modules/@babel/parser/src/parser/expression.ts:257:12)
      at TypeScriptParserMixin.callback [as allowInAnd] (node_modules/@babel/parser/src/parser/expression.ts:3189:16)
      at TypeScriptParserMixin.allowInAnd [as parseMaybeAssignAllowIn] (node_modules/@babel/parser/src/parser/expression.ts:256:17)
      at TypeScriptParserMixin.parseMaybeAssignAllowIn [as parseVar] (node_modules/@babel/parser/src/parser/statement.ts:1587:18)
      at TypeScriptParserMixin.parseVar (node_modules/@babel/parser/src/parser/statement.ts:1251:10)
      at TypeScriptParserMixin.parseVarStatement (node_modules/@babel/parser/src/plugins/typescript/index.ts:3085:33)
      at TypeScriptParserMixin.parseVarStatement (node_modules/@babel/parser/src/parser/statement.ts:612:21)
      at TypeScriptParserMixin.parseStatementContent (node_modules/@babel/parser/src/plugins/typescript/index.ts:3220:20)
      at TypeScriptParserMixin.parseStatementContent [as parseStatementLike] (node_modules/@babel/parser/src/parser/statement.ts:482:17)
      at TypeScriptParserMixin.parseStatementLike [as parseStatementListItem] (node_modules/@babel/parser/src/parser/statement.ts:431:17)
      at TypeScriptParserMixin.parseStatementListItem (node_modules/@babel/parser/src/parser/statement.ts:2635:17)
      at TypeScriptParserMixin.parseExportDeclaration (node_modules/@babel/parser/src/plugins/typescript/index.ts:3447:15)
      at TypeScriptParserMixin.parseExportDeclaration [as maybeParseExportDeclaration] (node_modules/@babel/parser/src/parser/statement.ts:2551:31)
      at TypeScriptParserMixin.maybeParseExportDeclaration (node_modules/@babel/parser/src/parser/statement.ts:2432:29)
      at TypeScriptParserMixin.parseExport (node_modules/@babel/parser/src/plugins/typescript/index.ts:3046:22)
      at TypeScriptParserMixin.parseExport (node_modules/@babel/parser/src/parser/statement.ts:649:25)
      at TypeScriptParserMixin.parseStatementContent (node_modules/@babel/parser/src/plugins/typescript/index.ts:3220:20)
      at TypeScriptParserMixin.parseStatementContent [as parseStatementLike] (node_modules/@babel/parser/src/parser/statement.ts:482:17)
      at TypeScriptParserMixin.parseStatementLike [as parseModuleItem] (node_modules/@babel/parser/src/parser/statement.ts:419:17)
      at TypeScriptParserMixin.parseModuleItem [as parseBlockOrModuleBlockBody] (node_modules/@babel/parser/src/parser/statement.ts:1443:16)
      at TypeScriptParserMixin.parseBlockOrModuleBlockBody [as parseBlockBody] (node_modules/@babel/parser/src/parser/statement.ts:1417:10)
      at TypeScriptParserMixin.parseBlockBody [as parseProgram] (node_modules/@babel/parser/src/parser/statement.ts:229:10)
      at TypeScriptParserMixin.parseProgram [as parseTopLevel] (node_modules/@babel/parser/src/parser/statement.ts:203:25)
      at TypeScriptParserMixin.parseTopLevel (node_modules/@babel/parser/src/parser/index.ts:83:25)
      at TypeScriptParserMixin.parse (node_modules/@babel/parser/src/plugins/typescript/index.ts:4354:20)
      at parse (node_modules/@babel/parser/src/index.ts:86:38)
      at parser (node_modules/@babel/core/src/parser/index.ts:29:19)
          at parser.next (<anonymous>)
      at normalizeFile (node_modules/@babel/core/src/transformation/normalize-file.ts:50:24)
          at normalizeFile.next (<anonymous>)
      at run (node_modules/@babel/core/src/transformation/index.ts:41:36)
          at run.next (<anonymous>)
      at transform (node_modules/@babel/core/src/transform.ts:29:20)
          at transform.next (<anonymous>)
      at evaluateSync (node_modules/gensync/index.js:251:28)
      at sync (node_modules/gensync/index.js:89:14)
      at fn (node_modules/@babel/core/src/errors/rewrite-stack-trace.ts:99:14)
      at transformSync (node_modules/@babel/core/src/transform.ts:66:52)
      at Object.require (src/styles/index.ts:29:1)

  console.error
    react-test-renderer is deprecated. See https://react.dev/warnings/react-test-renderer

    [0m [90m  5 |[39m
     [90m  6 |[39m [36mconst[39m renderWithTheme [33m=[39m (component[33m:[39m [33mReact[39m[33m.[39m[33mReactElement[39m) [33m=>[39m {
    [31m[1m>[22m[39m[90m  7 |[39m   [36mreturn[39m render([33m<[39m[33mThemeProvider[39m[33m>[39m{component}[33m<[39m[33m/[39m[33mThemeProvider[39m[33m>[39m)[33m;[39m
     [90m    |[39m                [31m[1m^[22m[39m
     [90m  8 |[39m }[33m;[39m
     [90m  9 |[39m
     [90m 10 |[39m describe([32m'PositionTrainingScreen'[39m[33m,[39m () [33m=>[39m {[0m

      at Object.process.env.NODE_ENV.exports.create (node_modules/react-test-renderer/cjs/react-test-renderer.development.js:14598:17)
      at create (node_modules/@testing-library/react-native/src/render-act.ts:15:29)
      at callback (node_modules/@testing-library/react-native/src/act.ts:31:24)
      at process.env.NODE_ENV.exports.act (node_modules/react/cjs/react.development.js:789:22)
      at actImplementation (node_modules/@testing-library/react-native/src/act.ts:30:25)
      at renderWithAct (node_modules/@testing-library/react-native/src/render-act.ts:13:11)
      at renderInternal (node_modules/@testing-library/react-native/src/render.tsx:69:33)
      at renderInternal (node_modules/@testing-library/react-native/src/render.tsx:44:10)
      at renderWithTheme (src/features/racetrack-position-training/screens/PositionTrainingScreen/PositionTrainingScreen.test.tsx:7:16)
      at Object.renderWithTheme (src/features/racetrack-position-training/screens/PositionTrainingScreen/PositionTrainingScreen.test.tsx:84:29)

  console.error
    react-test-renderer is deprecated. See https://react.dev/warnings/react-test-renderer

    [0m [90m 59 |[39m
     [90m 60 |[39m     it([32m'should render chips with correct colors'[39m[33m,[39m () [33m=>[39m {
    [31m[1m>[22m[39m[90m 61 |[39m       [36mconst[39m { getByText } [33m=[39m render([33m<[39m[33mChipSelector[39m {[33m...[39mdefaultProps} [33m/[39m[33m>[39m)[33m;[39m
     [90m    |[39m                                   [31m[1m^[22m[39m
     [90m 62 |[39m
     [90m 63 |[39m       [90m// Each chip should be rendered[39m
     [90m 64 |[39m       expect(getByText([32m'1'[39m))[33m.[39mtoBeTruthy()[33m;[39m [90m// White chip[39m[0m

      at Object.process.env.NODE_ENV.exports.create (node_modules/react-test-renderer/cjs/react-test-renderer.development.js:14598:17)
      at create (node_modules/@testing-library/react-native/src/render-act.ts:15:29)
      at callback (node_modules/@testing-library/react-native/src/act.ts:31:24)
      at process.env.NODE_ENV.exports.act (node_modules/react/cjs/react.development.js:789:22)
      at actImplementation (node_modules/@testing-library/react-native/src/act.ts:30:25)
      at renderWithAct (node_modules/@testing-library/react-native/src/render-act.ts:13:11)
      at renderInternal (node_modules/@testing-library/react-native/src/render.tsx:69:33)
      at renderInternal (node_modules/@testing-library/react-native/src/render.tsx:44:10)
      at Object.<anonymous> (src/components/ChipSelector/ChipSelector.test.tsx:61:35)

  console.error
    react-test-renderer is deprecated. See https://react.dev/warnings/react-test-renderer

    [0m [90m 70 |[39m   describe([32m'selection'[39m[33m,[39m () [33m=>[39m {
     [90m 71 |[39m     it([32m'should highlight the selected chip'[39m[33m,[39m () [33m=>[39m {
    [31m[1m>[22m[39m[90m 72 |[39m       [36mconst[39m { getByText } [33m=[39m render([33m<[39m[33mChipSelector[39m {[33m...[39mdefaultProps} [33m/[39m[33m>[39m)[33m;[39m
     [90m    |[39m                                   [31m[1m^[22m[39m
     [90m 73 |[39m
     [90m 74 |[39m       [90m// The selected chip (5) should have the selected accessibility state[39m
     [90m 75 |[39m       [36mconst[39m selectedChip [33m=[39m getByText([32m'5'[39m)[33m;[39m[0m

      at Object.process.env.NODE_ENV.exports.create (node_modules/react-test-renderer/cjs/react-test-renderer.development.js:14598:17)
      at create (node_modules/@testing-library/react-native/src/render-act.ts:15:29)
      at callback (node_modules/@testing-library/react-native/src/act.ts:31:24)
      at process.env.NODE_ENV.exports.act (node_modules/react/cjs/react.development.js:789:22)
      at actImplementation (node_modules/@testing-library/react-native/src/act.ts:30:25)
      at renderWithAct (node_modules/@testing-library/react-native/src/render-act.ts:13:11)
      at renderInternal (node_modules/@testing-library/react-native/src/render.tsx:69:33)
      at renderInternal (node_modules/@testing-library/react-native/src/render.tsx:44:10)
      at Object.<anonymous> (src/components/ChipSelector/ChipSelector.test.tsx:72:35)

  console.error
    react-test-renderer is deprecated. See https://react.dev/warnings/react-test-renderer

    [0m [90m 78 |[39m
     [90m 79 |[39m     it([32m'should update selection when different chip is selected'[39m[33m,[39m () [33m=>[39m {
    [31m[1m>[22m[39m[90m 80 |[39m       [36mconst[39m { getByText[33m,[39m rerender } [33m=[39m render([33m<[39m[33mChipSelector[39m {[33m...[39mdefaultProps} [33m/[39m[33m>[39m)[33m;[39m
     [90m    |[39m                                             [31m[1m^[22m[39m
     [90m 81 |[39m
     [90m 82 |[39m       [90m// Initially 5 is selected[39m
     [90m 83 |[39m       expect(getByText([32m'5'[39m))[33m.[39mtoBeTruthy()[33m;[39m[0m

      at Object.process.env.NODE_ENV.exports.create (node_modules/react-test-renderer/cjs/react-test-renderer.development.js:14598:17)
      at create (node_modules/@testing-library/react-native/src/render-act.ts:15:29)
      at callback (node_modules/@testing-library/react-native/src/act.ts:31:24)
      at process.env.NODE_ENV.exports.act (node_modules/react/cjs/react.development.js:789:22)
      at actImplementation (node_modules/@testing-library/react-native/src/act.ts:30:25)
      at renderWithAct (node_modules/@testing-library/react-native/src/render-act.ts:13:11)
      at renderInternal (node_modules/@testing-library/react-native/src/render.tsx:69:33)
      at renderInternal (node_modules/@testing-library/react-native/src/render.tsx:44:10)
      at Object.<anonymous> (src/components/ChipSelector/ChipSelector.test.tsx:80:45)

  console.error
    react-test-renderer is deprecated. See https://react.dev/warnings/react-test-renderer

    [0m [90m 53 |[39m   describe([32m'rendering'[39m[33m,[39m () [33m=>[39m {
     [90m 54 |[39m     it([32m'should render the number correctly'[39m[33m,[39m () [33m=>[39m {
    [31m[1m>[22m[39m[90m 55 |[39m       [36mconst[39m { getByText } [33m=[39m render([33m<[39m[33mRouletteNumberCell[39m {[33m...[39mdefaultProps} [33m/[39m[33m>[39m)[33m;[39m
     [90m    |[39m                                   [31m[1m^[22m[39m
     [90m 56 |[39m
     [90m 57 |[39m       expect(getByText([32m'5'[39m))[33m.[39mtoBeTruthy()[33m;[39m
     [90m 58 |[39m     })[33m;[39m[0m

      at Object.process.env.NODE_ENV.exports.create (node_modules/react-test-renderer/cjs/react-test-renderer.development.js:14598:17)
      at create (node_modules/@testing-library/react-native/src/render-act.ts:15:29)
      at callback (node_modules/@testing-library/react-native/src/act.ts:31:24)
      at process.env.NODE_ENV.exports.act (node_modules/react/cjs/react.development.js:789:22)
      at actImplementation (node_modules/@testing-library/react-native/src/act.ts:30:25)
      at renderWithAct (node_modules/@testing-library/react-native/src/render-act.ts:13:11)
      at renderInternal (node_modules/@testing-library/react-native/src/render.tsx:69:33)
      at renderInternal (node_modules/@testing-library/react-native/src/render.tsx:44:10)
      at Object.<anonymous> (src/components/roulette/RouletteNumberCell.test.tsx:55:35)

  console.error
    react-test-renderer is deprecated. See https://react.dev/warnings/react-test-renderer

    [0m [90m 59 |[39m
     [90m 60 |[39m     it([32m'should render zero correctly'[39m[33m,[39m () [33m=>[39m {
    [31m[1m>[22m[39m[90m 61 |[39m       [36mconst[39m { getByText } [33m=[39m render([33m<[39m[33mRouletteNumberCell[39m {[33m...[39mdefaultProps} number[33m=[39m{[35m0[39m} [33m/[39m[33m>[39m)[33m;[39m
     [90m    |[39m                                   [31m[1m^[22m[39m
     [90m 62 |[39m
     [90m 63 |[39m       expect(getByText([32m'0'[39m))[33m.[39mtoBeTruthy()[33m;[39m
     [90m 64 |[39m     })[33m;[39m[0m

      at Object.process.env.NODE_ENV.exports.create (node_modules/react-test-renderer/cjs/react-test-renderer.development.js:14598:17)
      at create (node_modules/@testing-library/react-native/src/render-act.ts:15:29)
      at callback (node_modules/@testing-library/react-native/src/act.ts:31:24)
      at process.env.NODE_ENV.exports.act (node_modules/react/cjs/react.development.js:789:22)
      at actImplementation (node_modules/@testing-library/react-native/src/act.ts:30:25)
      at renderWithAct (node_modules/@testing-library/react-native/src/render-act.ts:13:11)
      at renderInternal (node_modules/@testing-library/react-native/src/render.tsx:69:33)
      at renderInternal (node_modules/@testing-library/react-native/src/render.tsx:44:10)
      at Object.<anonymous> (src/components/roulette/RouletteNumberCell.test.tsx:61:35)

  console.error
    react-test-renderer is deprecated. See https://react.dev/warnings/react-test-renderer

    [0m [90m 65 |[39m
     [90m 66 |[39m     it([32m'should render double zero correctly'[39m[33m,[39m () [33m=>[39m {
    [31m[1m>[22m[39m[90m 67 |[39m       [36mconst[39m { getByText } [33m=[39m render(
     [90m    |[39m                                   [31m[1m^[22m[39m
     [90m 68 |[39m         [33m<[39m[33mRouletteNumberCell[39m
     [90m 69 |[39m           {[33m...[39mdefaultProps}
     [90m 70 |[39m           number[33m=[39m{[32m'00'[39m [36mas[39m unknown [36mas[39m [33mReact[39m[33m.[39m[33mComponentProps[39m[33m<[39m[36mtypeof[39m [33mRouletteNumberCell[39m[33m>[39m[[32m'number'[39m]}[0m

      at Object.process.env.NODE_ENV.exports.create (node_modules/react-test-renderer/cjs/react-test-renderer.development.js:14598:17)
      at create (node_modules/@testing-library/react-native/src/render-act.ts:15:29)
      at callback (node_modules/@testing-library/react-native/src/act.ts:31:24)
      at process.env.NODE_ENV.exports.act (node_modules/react/cjs/react.development.js:789:22)
      at actImplementation (node_modules/@testing-library/react-native/src/act.ts:30:25)
      at renderWithAct (node_modules/@testing-library/react-native/src/render-act.ts:13:11)
      at renderInternal (node_modules/@testing-library/react-native/src/render.tsx:69:33)
      at renderInternal (node_modules/@testing-library/react-native/src/render.tsx:44:10)
      at Object.<anonymous> (src/components/roulette/RouletteNumberCell.test.tsx:67:35)

  console.error
    react-test-renderer is deprecated. See https://react.dev/warnings/react-test-renderer

    [0m [90m 76 |[39m
     [90m 77 |[39m     it([32m'should render chip when bet amount is greater than 0'[39m[33m,[39m () [33m=>[39m {
    [31m[1m>[22m[39m[90m 78 |[39m       [36mconst[39m { getByTestId } [33m=[39m render([33m<[39m[33mRouletteNumberCell[39m {[33m...[39mdefaultProps} betAmount[33m=[39m{[35m25[39m} [33m/[39m[33m>[39m)[33m;[39m
     [90m    |[39m                                     [31m[1m^[22m[39m
     [90m 79 |[39m
     [90m 80 |[39m       [36mconst[39m chipSize [33m=[39m [35m40[39m [33m*[39m [35m0.4[39m[33m;[39m [90m// cellSize * 0.4[39m
     [90m 81 |[39m       expect(getByTestId([32m`chip-25-${chipSize}`[39m))[33m.[39mtoBeTruthy()[33m;[39m[0m

      at Object.process.env.NODE_ENV.exports.create (node_modules/react-test-renderer/cjs/react-test-renderer.development.js:14598:17)
      at create (node_modules/@testing-library/react-native/src/render-act.ts:15:29)
      at callback (node_modules/@testing-library/react-native/src/act.ts:31:24)
      at process.env.NODE_ENV.exports.act (node_modules/react/cjs/react.development.js:789:22)
      at actImplementation (node_modules/@testing-library/react-native/src/act.ts:30:25)
      at renderWithAct (node_modules/@testing-library/react-native/src/render-act.ts:13:11)
      at renderInternal (node_modules/@testing-library/react-native/src/render.tsx:69:33)
      at renderInternal (node_modules/@testing-library/react-native/src/render.tsx:44:10)
      at Object.<anonymous> (src/components/roulette/RouletteNumberCell.test.tsx:78:37)

  console.error
    react-test-renderer is deprecated. See https://react.dev/warnings/react-test-renderer

    [0m [90m 83 |[39m
     [90m 84 |[39m     it([32m'should render chip with amount 0 when no bet'[39m[33m,[39m () [33m=>[39m {
    [31m[1m>[22m[39m[90m 85 |[39m       [36mconst[39m { getByTestId } [33m=[39m render([33m<[39m[33mRouletteNumberCell[39m {[33m...[39mdefaultProps} [33m/[39m[33m>[39m)[33m;[39m
     [90m    |[39m                                     [31m[1m^[22m[39m
     [90m 86 |[39m
     [90m 87 |[39m       [36mconst[39m chipSize [33m=[39m [35m40[39m [33m*[39m [35m0.4[39m[33m;[39m
     [90m 88 |[39m       expect(getByTestId([32m`chip-0-${chipSize}`[39m))[33m.[39mtoBeTruthy()[33m;[39m[0m

      at Object.process.env.NODE_ENV.exports.create (node_modules/react-test-renderer/cjs/react-test-renderer.development.js:14598:17)
      at create (node_modules/@testing-library/react-native/src/render-act.ts:15:29)
      at callback (node_modules/@testing-library/react-native/src/act.ts:31:24)
      at process.env.NODE_ENV.exports.act (node_modules/react/cjs/react.development.js:789:22)
      at actImplementation (node_modules/@testing-library/react-native/src/act.ts:30:25)
      at renderWithAct (node_modules/@testing-library/react-native/src/render-act.ts:13:11)
      at renderInternal (node_modules/@testing-library/react-native/src/render.tsx:69:33)
      at renderInternal (node_modules/@testing-library/react-native/src/render.tsx:44:10)
      at Object.<anonymous> (src/components/roulette/RouletteNumberCell.test.tsx:85:37)

FAIL src/features/plo-training/screens/PLOMenuScreen/PLOMenuScreen.test.tsx
  ΓùÅ Test suite failed to run

    SyntaxError: C:\Users\ivans\Desktop\Dev\CasinoTrainingApp\src\styles\textStyles.ts: Unexpected token, expected "(" (22:9)

      20 |     marginBottom: 4,
      21 |   } as TextStyle,
    > 22 |    * Size: 18px, Weight: 700, Color: Gold
         |          ^
      23 |    */
      24 |   goldTitle: {
      25 |     fontSize: 18,

      27 |
      28 | // Text style factories
    > 29 | export { createTextStyles } from './textStyles';
         | ^
      30 | export type { TextStyles } from './textStyles';
      31 |

      at constructor (node_modules/@babel/parser/src/parse-error.ts:95:45)
      at TypeScriptParserMixin.toParseError [as raise] (node_modules/@babel/parser/src/tokenizer/index.ts:1504:19)
      at TypeScriptParserMixin.raise [as unexpected] (node_modules/@babel/parser/src/tokenizer/index.ts:1544:16)
      at TypeScriptParserMixin.unexpected [as expect] (node_modules/@babel/parser/src/parser/util.ts:157:12)
      at TypeScriptParserMixin.expect (node_modules/@babel/parser/src/parser/statement.ts:1726:10)
      at TypeScriptParserMixin.parseFunctionParams (node_modules/@babel/parser/src/plugins/typescript/index.ts:3692:13)
      at TypeScriptParserMixin.parseFunctionParams (node_modules/@babel/parser/src/parser/expression.ts:2491:10)
      at TypeScriptParserMixin.parseMethod (node_modules/@babel/parser/src/plugins/typescript/index.ts:4312:28)
      at TypeScriptParserMixin.parseMethod [as parseObjectMethod] (node_modules/@babel/parser/src/parser/expression.ts:2300:19)
      at TypeScriptParserMixin.parseObjectMethod (node_modules/@babel/parser/src/parser/expression.ts:2381:24)
      at TypeScriptParserMixin.parseObjPropValue (node_modules/@babel/parser/src/plugins/typescript/index.ts:3675:20)
      at TypeScriptParserMixin.parseObjPropValue [as parsePropertyDefinition] (node_modules/@babel/parser/src/parser/expression.ts:2228:17)
      at TypeScriptParserMixin.parsePropertyDefinition [as parseObjectLike] (node_modules/@babel/parser/src/parser/expression.ts:2095:21)
      at TypeScriptParserMixin.parseObjectLike [as parseExprAtom] (node_modules/@babel/parser/src/parser/expression.ts:1181:21)
      at TypeScriptParserMixin.parseExprAtom [as parseExprSubscripts] (node_modules/@babel/parser/src/parser/expression.ts:742:23)
      at TypeScriptParserMixin.parseExprSubscripts [as parseUpdate] (node_modules/@babel/parser/src/parser/expression.ts:721:21)
      at TypeScriptParserMixin.parseUpdate (node_modules/@babel/parser/src/parser/expression.ts:683:23)
      at TypeScriptParserMixin.parseMaybeUnary (node_modules/@babel/parser/src/plugins/typescript/index.ts:3893:20)
      at TypeScriptParserMixin.parseMaybeUnary [as parseMaybeUnaryOrPrivate] (node_modules/@babel/parser/src/parser/expression.ts:417:14)
      at TypeScriptParserMixin.parseMaybeUnaryOrPrivate [as parseExprOps] (node_modules/@babel/parser/src/parser/expression.ts:429:23)
      at TypeScriptParserMixin.parseExprOps [as parseMaybeConditional] (node_modules/@babel/parser/src/parser/expression.ts:384:23)
      at TypeScriptParserMixin.parseMaybeConditional (node_modules/@babel/parser/src/parser/expression.ts:301:21)
      at TypeScriptParserMixin.parseMaybeAssign (node_modules/@babel/parser/src/plugins/typescript/index.ts:3764:22)
      at parseMaybeAssign (node_modules/@babel/parser/src/parser/expression.ts:257:12)
      at TypeScriptParserMixin.callback [as allowInAnd] (node_modules/@babel/parser/src/parser/expression.ts:3194:12)
      at TypeScriptParserMixin.allowInAnd [as parseMaybeAssignAllowIn] (node_modules/@babel/parser/src/parser/expression.ts:256:17)
      at TypeScriptParserMixin.parseMaybeAssignAllowIn [as parseMaybeAssignAllowInOrVoidPattern] (node_modules/@babel/parser/src/parser/expression.ts:3308:17)
      at TypeScriptParserMixin.parseMaybeAssignAllowInOrVoidPattern [as parseParenAndDistinguishExpression] (node_modules/@babel/parser/src/parser/expression.ts:1822:16)
      at TypeScriptParserMixin.parseParenAndDistinguishExpression [as parseExprAtom] (node_modules/@babel/parser/src/parser/expression.ts:1170:21)
      at TypeScriptParserMixin.parseExprAtom [as parseExprSubscripts] (node_modules/@babel/parser/src/parser/expression.ts:742:23)
      at TypeScriptParserMixin.parseExprSubscripts [as parseUpdate] (node_modules/@babel/parser/src/parser/expression.ts:721:21)
      at TypeScriptParserMixin.parseUpdate (node_modules/@babel/parser/src/parser/expression.ts:683:23)
      at TypeScriptParserMixin.parseMaybeUnary (node_modules/@babel/parser/src/plugins/typescript/index.ts:3893:20)
      at TypeScriptParserMixin.parseMaybeUnary [as parseMaybeUnaryOrPrivate] (node_modules/@babel/parser/src/parser/expression.ts:417:14)
      at TypeScriptParserMixin.parseMaybeUnaryOrPrivate [as parseExprOps] (node_modules/@babel/parser/src/parser/expression.ts:429:23)
      at TypeScriptParserMixin.parseExprOps [as parseMaybeConditional] (node_modules/@babel/parser/src/parser/expression.ts:384:23)
      at TypeScriptParserMixin.parseMaybeConditional (node_modules/@babel/parser/src/parser/expression.ts:301:21)
      at TypeScriptParserMixin.parseMaybeAssign (node_modules/@babel/parser/src/plugins/typescript/index.ts:3764:22)
      at TypeScriptParserMixin.parseMaybeAssign [as parseFunctionBody] (node_modules/@babel/parser/src/parser/expression.ts:2604:14)
      at TypeScriptParserMixin.parseFunctionBody [as parseArrowExpression] (node_modules/@babel/parser/src/parser/expression.ts:2559:10)
      at TypeScriptParserMixin.parseArrowExpression [as parseParenAndDistinguishExpression] (node_modules/@babel/parser/src/parser/expression.ts:1847:12)
      at TypeScriptParserMixin.parseParenAndDistinguishExpression [as parseExprAtom] (node_modules/@babel/parser/src/parser/expression.ts:1170:21)
      at TypeScriptParserMixin.parseExprAtom [as parseExprSubscripts] (node_modules/@babel/parser/src/parser/expression.ts:742:23)
      at TypeScriptParserMixin.parseExprSubscripts [as parseUpdate] (node_modules/@babel/parser/src/parser/expression.ts:721:21)
      at TypeScriptParserMixin.parseUpdate (node_modules/@babel/parser/src/parser/expression.ts:683:23)
      at TypeScriptParserMixin.parseMaybeUnary (node_modules/@babel/parser/src/plugins/typescript/index.ts:3893:20)
      at TypeScriptParserMixin.parseMaybeUnary [as parseMaybeUnaryOrPrivate] (node_modules/@babel/parser/src/parser/expression.ts:417:14)
      at TypeScriptParserMixin.parseMaybeUnaryOrPrivate [as parseExprOps] (node_modules/@babel/parser/src/parser/expression.ts:429:23)
      at TypeScriptParserMixin.parseExprOps [as parseMaybeConditional] (node_modules/@babel/parser/src/parser/expression.ts:384:23)
      at TypeScriptParserMixin.parseMaybeConditional (node_modules/@babel/parser/src/parser/expression.ts:301:21)
      at TypeScriptParserMixin.parseMaybeAssign (node_modules/@babel/parser/src/plugins/typescript/index.ts:3764:22)
      at parseMaybeAssign (node_modules/@babel/parser/src/parser/expression.ts:257:12)
      at TypeScriptParserMixin.callback [as allowInAnd] (node_modules/@babel/parser/src/parser/expression.ts:3189:16)
      at TypeScriptParserMixin.allowInAnd [as parseMaybeAssignAllowIn] (node_modules/@babel/parser/src/parser/expression.ts:256:17)
      at TypeScriptParserMixin.parseMaybeAssignAllowIn [as parseVar] (node_modules/@babel/parser/src/parser/statement.ts:1587:18)
      at TypeScriptParserMixin.parseVar (node_modules/@babel/parser/src/parser/statement.ts:1251:10)
      at TypeScriptParserMixin.parseVarStatement (node_modules/@babel/parser/src/plugins/typescript/index.ts:3085:33)
      at TypeScriptParserMixin.parseVarStatement (node_modules/@babel/parser/src/parser/statement.ts:612:21)
      at TypeScriptParserMixin.parseStatementContent (node_modules/@babel/parser/src/plugins/typescript/index.ts:3220:20)
      at TypeScriptParserMixin.parseStatementContent [as parseStatementLike] (node_modules/@babel/parser/src/parser/statement.ts:482:17)
      at TypeScriptParserMixin.parseStatementLike [as parseStatementListItem] (node_modules/@babel/parser/src/parser/statement.ts:431:17)
      at TypeScriptParserMixin.parseStatementListItem (node_modules/@babel/parser/src/parser/statement.ts:2635:17)
      at TypeScriptParserMixin.parseExportDeclaration (node_modules/@babel/parser/src/plugins/typescript/index.ts:3447:15)
      at TypeScriptParserMixin.parseExportDeclaration [as maybeParseExportDeclaration] (node_modules/@babel/parser/src/parser/statement.ts:2551:31)
      at TypeScriptParserMixin.maybeParseExportDeclaration (node_modules/@babel/parser/src/parser/statement.ts:2432:29)
      at TypeScriptParserMixin.parseExport (node_modules/@babel/parser/src/plugins/typescript/index.ts:3046:22)
      at TypeScriptParserMixin.parseExport (node_modules/@babel/parser/src/parser/statement.ts:649:25)
      at TypeScriptParserMixin.parseStatementContent (node_modules/@babel/parser/src/plugins/typescript/index.ts:3220:20)
      at TypeScriptParserMixin.parseStatementContent [as parseStatementLike] (node_modules/@babel/parser/src/parser/statement.ts:482:17)
      at TypeScriptParserMixin.parseStatementLike [as parseModuleItem] (node_modules/@babel/parser/src/parser/statement.ts:419:17)
      at TypeScriptParserMixin.parseModuleItem [as parseBlockOrModuleBlockBody] (node_modules/@babel/parser/src/parser/statement.ts:1443:16)
      at TypeScriptParserMixin.parseBlockOrModuleBlockBody [as parseBlockBody] (node_modules/@babel/parser/src/parser/statement.ts:1417:10)
      at TypeScriptParserMixin.parseBlockBody [as parseProgram] (node_modules/@babel/parser/src/parser/statement.ts:229:10)
      at TypeScriptParserMixin.parseProgram [as parseTopLevel] (node_modules/@babel/parser/src/parser/statement.ts:203:25)
      at TypeScriptParserMixin.parseTopLevel (node_modules/@babel/parser/src/parser/index.ts:83:25)
      at TypeScriptParserMixin.parse (node_modules/@babel/parser/src/plugins/typescript/index.ts:4354:20)
      at parse (node_modules/@babel/parser/src/index.ts:86:38)
      at parser (node_modules/@babel/core/src/parser/index.ts:29:19)
          at parser.next (<anonymous>)
      at normalizeFile (node_modules/@babel/core/src/transformation/normalize-file.ts:50:24)
          at normalizeFile.next (<anonymous>)
      at run (node_modules/@babel/core/src/transformation/index.ts:41:36)
          at run.next (<anonymous>)
      at transform (node_modules/@babel/core/src/transform.ts:29:20)
          at transform.next (<anonymous>)
      at evaluateSync (node_modules/gensync/index.js:251:28)
      at sync (node_modules/gensync/index.js:89:14)
      at fn (node_modules/@babel/core/src/errors/rewrite-stack-trace.ts:99:14)
      at transformSync (node_modules/@babel/core/src/transform.ts:66:52)
      at Object.require (src/styles/index.ts:29:1)

  console.error
    react-test-renderer is deprecated. See https://react.dev/warnings/react-test-renderer

    [0m [90m 258 |[39m     it([32m'should indicate selected state when bet has amount'[39m[33m,[39m () [33m=>[39m {
     [90m 259 |[39m       [36mconst[39m getBetAmount [33m=[39m jest[33m.[39mfn(numbers [33m=>[39m (numbers [33m===[39m [33mLOW_NUMBERS[39m [33m?[39m [35m50[39m [33m:[39m [35m0[39m))[33m;[39m
    [31m[1m>[22m[39m[90m 260 |[39m       [36mconst[39m { getByLabelText } [33m=[39m render(
     [90m     |[39m                                        [31m[1m^[22m[39m
     [90m 261 |[39m         [33m<[39m[33mRouletteOutsideBets[39m {[33m...[39mdefaultProps} getBetAmount[33m=[39m{getBetAmount} [33m/[39m[33m>[39m
     [90m 262 |[39m       )[33m;[39m
     [90m 263 |[39m[0m

      at Object.process.env.NODE_ENV.exports.create (node_modules/react-test-renderer/cjs/react-test-renderer.development.js:14598:17)
      at create (node_modules/@testing-library/react-native/src/render-act.ts:15:29)
      at callback (node_modules/@testing-library/react-native/src/act.ts:31:24)
      at process.env.NODE_ENV.exports.act (node_modules/react/cjs/react.development.js:789:22)
      at actImplementation (node_modules/@testing-library/react-native/src/act.ts:30:25)
      at renderWithAct (node_modules/@testing-library/react-native/src/render-act.ts:13:11)
      at renderInternal (node_modules/@testing-library/react-native/src/render.tsx:69:33)
      at renderInternal (node_modules/@testing-library/react-native/src/render.tsx:44:10)
      at Object.<anonymous> (src/components/roulette/RouletteOutsideBets.test.tsx:260:40)

  console.error
    react-test-renderer is deprecated. See https://react.dev/warnings/react-test-renderer

    [0m [90m 267 |[39m
     [90m 268 |[39m     it([32m'should not have selected state when bet has no amount'[39m[33m,[39m () [33m=>[39m {
    [31m[1m>[22m[39m[90m 269 |[39m       [36mconst[39m { getByLabelText } [33m=[39m render([33m<[39m[33mRouletteOutsideBets[39m {[33m...[39mdefaultProps} [33m/[39m[33m>[39m)[33m;[39m
     [90m     |[39m                                        [31m[1m^[22m[39m
     [90m 270 |[39m
     [90m 271 |[39m       [36mconst[39m lowBet [33m=[39m getByLabelText([32m'Low, 1 to 18'[39m)[33m;[39m
     [90m 272 |[39m       expect(lowBet[33m.[39mprops[33m.[39maccessibilityState)[33m.[39mtoBeUndefined()[33m;[39m[0m

      at Object.process.env.NODE_ENV.exports.create (node_modules/react-test-renderer/cjs/react-test-renderer.development.js:14598:17)
      at create (node_modules/@testing-library/react-native/src/render-act.ts:15:29)
      at callback (node_modules/@testing-library/react-native/src/act.ts:31:24)
      at process.env.NODE_ENV.exports.act (node_modules/react/cjs/react.development.js:789:22)
      at actImplementation (node_modules/@testing-library/react-native/src/act.ts:30:25)
      at renderWithAct (node_modules/@testing-library/react-native/src/render-act.ts:13:11)
      at renderInternal (node_modules/@testing-library/react-native/src/render.tsx:69:33)
      at renderInternal (node_modules/@testing-library/react-native/src/render.tsx:44:10)
      at Object.<anonymous> (src/components/roulette/RouletteOutsideBets.test.tsx:269:40)

  console.error
    react-test-renderer is deprecated. See https://react.dev/warnings/react-test-renderer

    [0m [90m  6 |[39m
     [90m  7 |[39m [36mconst[39m renderWithProviders [33m=[39m (component[33m:[39m [33mReact[39m[33m.[39m[33mReactElement[39m) [33m=>[39m {
    [31m[1m>[22m[39m[90m  8 |[39m   [36mreturn[39m render(
     [90m    |[39m                [31m[1m^[22m[39m
     [90m  9 |[39m     [33m<[39m[33mSettingsProvider[39m[33m>[39m
     [90m 10 |[39m       [33m<[39m[33mThemeProvider[39m[33m>[39m{component}[33m<[39m[33m/[39m[33mThemeProvider[39m[33m>[39m
     [90m 11 |[39m     [33m<[39m[33m/[39m[33mSettingsProvider[39m[33m>[39m[0m

      at Object.process.env.NODE_ENV.exports.create (node_modules/react-test-renderer/cjs/react-test-renderer.development.js:14598:17)
      at create (node_modules/@testing-library/react-native/src/render-act.ts:15:29)
      at callback (node_modules/@testing-library/react-native/src/act.ts:31:24)
      at process.env.NODE_ENV.exports.act (node_modules/react/cjs/react.development.js:789:22)
      at actImplementation (node_modules/@testing-library/react-native/src/act.ts:30:25)
      at renderWithAct (node_modules/@testing-library/react-native/src/render-act.ts:13:11)
      at renderInternal (node_modules/@testing-library/react-native/src/render.tsx:69:33)
      at renderInternal (node_modules/@testing-library/react-native/src/render.tsx:44:10)
      at renderWithProviders (src/features/racetrack-sector-training/screens/SectorTrainingScreen/SectorTrainingScreen.test.tsx:8:16)
      at Object.renderWithProviders (src/features/racetrack-sector-training/screens/SectorTrainingScreen/SectorTrainingScreen.test.tsx:82:26)

  console.error
    An update to SettingsProvider inside a test was not wrapped in act(...).
    
    When testing, code that causes React state updates should be wrapped into act(...):
    
    act(() => {
      /* fire events that update state */
    });
    /* assert on the output */
    
    This ensures that you're testing the behavior the user would see in the browser. Learn more at https://react.dev/link/wrap-tests-with-act

    [0m [90m 30 |[39m         [90m// Use defaults if load fails[39m
     [90m 31 |[39m       } [36mfinally[39m {
    [31m[1m>[22m[39m[90m 32 |[39m         setIsLoaded([36mtrue[39m)[33m;[39m
     [90m    |[39m         [31m[1m^[22m[39m
     [90m 33 |[39m       }
     [90m 34 |[39m     }[33m;[39m
     [90m 35 |[39m     loadSettings()[33m;[39m[0m

      at node_modules/react-test-renderer/cjs/react-test-renderer.development.js:11801:19
      at runWithFiberInDEV (node_modules/react-test-renderer/cjs/react-test-renderer.development.js:1574:13)
      at warnIfUpdatesNotWrappedWithActDEV (node_modules/react-test-renderer/cjs/react-test-renderer.development.js:11800:9)
      at scheduleUpdateOnFiber (node_modules/react-test-renderer/cjs/react-test-renderer.development.js:10326:9)
      at dispatchSetStateInternal (node_modules/react-test-renderer/cjs/react-test-renderer.development.js:4148:13)
      at dispatchSetState (node_modules/react-test-renderer/cjs/react-test-renderer.development.js:4107:7)
      at setIsLoaded (src/contexts/SettingsContext.tsx:32:9)

  console.error
    react-test-renderer is deprecated. See https://react.dev/warnings/react-test-renderer

    [0m [90m  6 |[39m
     [90m  7 |[39m [36mconst[39m renderWithProviders [33m=[39m (component[33m:[39m [33mReact[39m[33m.[39m[33mReactElement[39m) [33m=>[39m {
    [31m[1m>[22m[39m[90m  8 |[39m   [36mreturn[39m render(
     [90m    |[39m                [31m[1m^[22m[39m
     [90m  9 |[39m     [33m<[39m[33mSettingsProvider[39m[33m>[39m
     [90m 10 |[39m       [33m<[39m[33mThemeProvider[39m[33m>[39m{component}[33m<[39m[33m/[39m[33mThemeProvider[39m[33m>[39m
     [90m 11 |[39m     [33m<[39m[33m/[39m[33mSettingsProvider[39m[33m>[39m[0m

      at Object.process.env.NODE_ENV.exports.create (node_modules/react-test-renderer/cjs/react-test-renderer.development.js:14598:17)
      at create (node_modules/@testing-library/react-native/src/render-act.ts:15:29)
      at callback (node_modules/@testing-library/react-native/src/act.ts:31:24)
      at process.env.NODE_ENV.exports.act (node_modules/react/cjs/react.development.js:789:22)
      at actImplementation (node_modules/@testing-library/react-native/src/act.ts:30:25)
      at renderWithAct (node_modules/@testing-library/react-native/src/render-act.ts:13:11)
      at renderInternal (node_modules/@testing-library/react-native/src/render.tsx:69:33)
      at renderInternal (node_modules/@testing-library/react-native/src/render.tsx:44:10)
      at renderWithProviders (src/features/racetrack-sector-training/screens/SectorTrainingScreen/SectorTrainingScreen.test.tsx:8:16)
      at Object.renderWithProviders (src/features/racetrack-sector-training/screens/SectorTrainingScreen/SectorTrainingScreen.test.tsx:90:26)

FAIL src/features/cash-conversion-training/components/AnswerInput/AnswerInput.test.tsx
  ΓùÅ Test suite failed to run

    SyntaxError: C:\Users\ivans\Desktop\Dev\CasinoTrainingApp\src\styles\textStyles.ts: Unexpected token, expected "(" (22:9)

      20 |     marginBottom: 4,
      21 |   } as TextStyle,
    > 22 |    * Size: 18px, Weight: 700, Color: Gold
         |          ^
      23 |    */
      24 |   goldTitle: {
      25 |     fontSize: 18,

      27 |
      28 | // Text style factories
    > 29 | export { createTextStyles } from './textStyles';
         | ^
      30 | export type { TextStyles } from './textStyles';
      31 |

      at constructor (node_modules/@babel/parser/src/parse-error.ts:95:45)
      at TypeScriptParserMixin.toParseError [as raise] (node_modules/@babel/parser/src/tokenizer/index.ts:1504:19)
      at TypeScriptParserMixin.raise [as unexpected] (node_modules/@babel/parser/src/tokenizer/index.ts:1544:16)
      at TypeScriptParserMixin.unexpected [as expect] (node_modules/@babel/parser/src/parser/util.ts:157:12)
      at TypeScriptParserMixin.expect (node_modules/@babel/parser/src/parser/statement.ts:1726:10)
      at TypeScriptParserMixin.parseFunctionParams (node_modules/@babel/parser/src/plugins/typescript/index.ts:3692:13)
      at TypeScriptParserMixin.parseFunctionParams (node_modules/@babel/parser/src/parser/expression.ts:2491:10)
      at TypeScriptParserMixin.parseMethod (node_modules/@babel/parser/src/plugins/typescript/index.ts:4312:28)
      at TypeScriptParserMixin.parseMethod [as parseObjectMethod] (node_modules/@babel/parser/src/parser/expression.ts:2300:19)
      at TypeScriptParserMixin.parseObjectMethod (node_modules/@babel/parser/src/parser/expression.ts:2381:24)
      at TypeScriptParserMixin.parseObjPropValue (node_modules/@babel/parser/src/plugins/typescript/index.ts:3675:20)
      at TypeScriptParserMixin.parseObjPropValue [as parsePropertyDefinition] (node_modules/@babel/parser/src/parser/expression.ts:2228:17)
      at TypeScriptParserMixin.parsePropertyDefinition [as parseObjectLike] (node_modules/@babel/parser/src/parser/expression.ts:2095:21)
      at TypeScriptParserMixin.parseObjectLike [as parseExprAtom] (node_modules/@babel/parser/src/parser/expression.ts:1181:21)
      at TypeScriptParserMixin.parseExprAtom [as parseExprSubscripts] (node_modules/@babel/parser/src/parser/expression.ts:742:23)
      at TypeScriptParserMixin.parseExprSubscripts [as parseUpdate] (node_modules/@babel/parser/src/parser/expression.ts:721:21)
      at TypeScriptParserMixin.parseUpdate (node_modules/@babel/parser/src/parser/expression.ts:683:23)
      at TypeScriptParserMixin.parseMaybeUnary (node_modules/@babel/parser/src/plugins/typescript/index.ts:3893:20)
      at TypeScriptParserMixin.parseMaybeUnary [as parseMaybeUnaryOrPrivate] (node_modules/@babel/parser/src/parser/expression.ts:417:14)
      at TypeScriptParserMixin.parseMaybeUnaryOrPrivate [as parseExprOps] (node_modules/@babel/parser/src/parser/expression.ts:429:23)
      at TypeScriptParserMixin.parseExprOps [as parseMaybeConditional] (node_modules/@babel/parser/src/parser/expression.ts:384:23)
      at TypeScriptParserMixin.parseMaybeConditional (node_modules/@babel/parser/src/parser/expression.ts:301:21)
      at TypeScriptParserMixin.parseMaybeAssign (node_modules/@babel/parser/src/plugins/typescript/index.ts:3764:22)
      at parseMaybeAssign (node_modules/@babel/parser/src/parser/expression.ts:257:12)
      at TypeScriptParserMixin.callback [as allowInAnd] (node_modules/@babel/parser/src/parser/expression.ts:3194:12)
      at TypeScriptParserMixin.allowInAnd [as parseMaybeAssignAllowIn] (node_modules/@babel/parser/src/parser/expression.ts:256:17)
      at TypeScriptParserMixin.parseMaybeAssignAllowIn [as parseMaybeAssignAllowInOrVoidPattern] (node_modules/@babel/parser/src/parser/expression.ts:3308:17)
      at TypeScriptParserMixin.parseMaybeAssignAllowInOrVoidPattern [as parseParenAndDistinguishExpression] (node_modules/@babel/parser/src/parser/expression.ts:1822:16)
      at TypeScriptParserMixin.parseParenAndDistinguishExpression [as parseExprAtom] (node_modules/@babel/parser/src/parser/expression.ts:1170:21)
      at TypeScriptParserMixin.parseExprAtom [as parseExprSubscripts] (node_modules/@babel/parser/src/parser/expression.ts:742:23)
      at TypeScriptParserMixin.parseExprSubscripts [as parseUpdate] (node_modules/@babel/parser/src/parser/expression.ts:721:21)
      at TypeScriptParserMixin.parseUpdate (node_modules/@babel/parser/src/parser/expression.ts:683:23)
      at TypeScriptParserMixin.parseMaybeUnary (node_modules/@babel/parser/src/plugins/typescript/index.ts:3893:20)
      at TypeScriptParserMixin.parseMaybeUnary [as parseMaybeUnaryOrPrivate] (node_modules/@babel/parser/src/parser/expression.ts:417:14)
      at TypeScriptParserMixin.parseMaybeUnaryOrPrivate [as parseExprOps] (node_modules/@babel/parser/src/parser/expression.ts:429:23)
      at TypeScriptParserMixin.parseExprOps [as parseMaybeConditional] (node_modules/@babel/parser/src/parser/expression.ts:384:23)
      at TypeScriptParserMixin.parseMaybeConditional (node_modules/@babel/parser/src/parser/expression.ts:301:21)
      at TypeScriptParserMixin.parseMaybeAssign (node_modules/@babel/parser/src/plugins/typescript/index.ts:3764:22)
      at TypeScriptParserMixin.parseMaybeAssign [as parseFunctionBody] (node_modules/@babel/parser/src/parser/expression.ts:2604:14)
      at TypeScriptParserMixin.parseFunctionBody [as parseArrowExpression] (node_modules/@babel/parser/src/parser/expression.ts:2559:10)
      at TypeScriptParserMixin.parseArrowExpression [as parseParenAndDistinguishExpression] (node_modules/@babel/parser/src/parser/expression.ts:1847:12)
      at TypeScriptParserMixin.parseParenAndDistinguishExpression [as parseExprAtom] (node_modules/@babel/parser/src/parser/expression.ts:1170:21)
      at TypeScriptParserMixin.parseExprAtom [as parseExprSubscripts] (node_modules/@babel/parser/src/parser/expression.ts:742:23)
      at TypeScriptParserMixin.parseExprSubscripts [as parseUpdate] (node_modules/@babel/parser/src/parser/expression.ts:721:21)
      at TypeScriptParserMixin.parseUpdate (node_modules/@babel/parser/src/parser/expression.ts:683:23)
      at TypeScriptParserMixin.parseMaybeUnary (node_modules/@babel/parser/src/plugins/typescript/index.ts:3893:20)
      at TypeScriptParserMixin.parseMaybeUnary [as parseMaybeUnaryOrPrivate] (node_modules/@babel/parser/src/parser/expression.ts:417:14)
      at TypeScriptParserMixin.parseMaybeUnaryOrPrivate [as parseExprOps] (node_modules/@babel/parser/src/parser/expression.ts:429:23)
      at TypeScriptParserMixin.parseExprOps [as parseMaybeConditional] (node_modules/@babel/parser/src/parser/expression.ts:384:23)
      at TypeScriptParserMixin.parseMaybeConditional (node_modules/@babel/parser/src/parser/expression.ts:301:21)
      at TypeScriptParserMixin.parseMaybeAssign (node_modules/@babel/parser/src/plugins/typescript/index.ts:3764:22)
      at parseMaybeAssign (node_modules/@babel/parser/src/parser/expression.ts:257:12)
      at TypeScriptParserMixin.callback [as allowInAnd] (node_modules/@babel/parser/src/parser/expression.ts:3189:16)
      at TypeScriptParserMixin.allowInAnd [as parseMaybeAssignAllowIn] (node_modules/@babel/parser/src/parser/expression.ts:256:17)
      at TypeScriptParserMixin.parseMaybeAssignAllowIn [as parseVar] (node_modules/@babel/parser/src/parser/statement.ts:1587:18)
      at TypeScriptParserMixin.parseVar (node_modules/@babel/parser/src/parser/statement.ts:1251:10)
      at TypeScriptParserMixin.parseVarStatement (node_modules/@babel/parser/src/plugins/typescript/index.ts:3085:33)
      at TypeScriptParserMixin.parseVarStatement (node_modules/@babel/parser/src/parser/statement.ts:612:21)
      at TypeScriptParserMixin.parseStatementContent (node_modules/@babel/parser/src/plugins/typescript/index.ts:3220:20)
      at TypeScriptParserMixin.parseStatementContent [as parseStatementLike] (node_modules/@babel/parser/src/parser/statement.ts:482:17)
      at TypeScriptParserMixin.parseStatementLike [as parseStatementListItem] (node_modules/@babel/parser/src/parser/statement.ts:431:17)
      at TypeScriptParserMixin.parseStatementListItem (node_modules/@babel/parser/src/parser/statement.ts:2635:17)
      at TypeScriptParserMixin.parseExportDeclaration (node_modules/@babel/parser/src/plugins/typescript/index.ts:3447:15)
      at TypeScriptParserMixin.parseExportDeclaration [as maybeParseExportDeclaration] (node_modules/@babel/parser/src/parser/statement.ts:2551:31)
      at TypeScriptParserMixin.maybeParseExportDeclaration (node_modules/@babel/parser/src/parser/statement.ts:2432:29)
      at TypeScriptParserMixin.parseExport (node_modules/@babel/parser/src/plugins/typescript/index.ts:3046:22)
      at TypeScriptParserMixin.parseExport (node_modules/@babel/parser/src/parser/statement.ts:649:25)
      at TypeScriptParserMixin.parseStatementContent (node_modules/@babel/parser/src/plugins/typescript/index.ts:3220:20)
      at TypeScriptParserMixin.parseStatementContent [as parseStatementLike] (node_modules/@babel/parser/src/parser/statement.ts:482:17)
      at TypeScriptParserMixin.parseStatementLike [as parseModuleItem] (node_modules/@babel/parser/src/parser/statement.ts:419:17)
      at TypeScriptParserMixin.parseModuleItem [as parseBlockOrModuleBlockBody] (node_modules/@babel/parser/src/parser/statement.ts:1443:16)
      at TypeScriptParserMixin.parseBlockOrModuleBlockBody [as parseBlockBody] (node_modules/@babel/parser/src/parser/statement.ts:1417:10)
      at TypeScriptParserMixin.parseBlockBody [as parseProgram] (node_modules/@babel/parser/src/parser/statement.ts:229:10)
      at TypeScriptParserMixin.parseProgram [as parseTopLevel] (node_modules/@babel/parser/src/parser/statement.ts:203:25)
      at TypeScriptParserMixin.parseTopLevel (node_modules/@babel/parser/src/parser/index.ts:83:25)
      at TypeScriptParserMixin.parse (node_modules/@babel/parser/src/plugins/typescript/index.ts:4354:20)
      at parse (node_modules/@babel/parser/src/index.ts:86:38)
      at parser (node_modules/@babel/core/src/parser/index.ts:29:19)
          at parser.next (<anonymous>)
      at normalizeFile (node_modules/@babel/core/src/transformation/normalize-file.ts:50:24)
          at normalizeFile.next (<anonymous>)
      at run (node_modules/@babel/core/src/transformation/index.ts:41:36)
          at run.next (<anonymous>)
      at transform (node_modules/@babel/core/src/transform.ts:29:20)
          at transform.next (<anonymous>)
      at evaluateSync (node_modules/gensync/index.js:251:28)
      at sync (node_modules/gensync/index.js:89:14)
      at fn (node_modules/@babel/core/src/errors/rewrite-stack-trace.ts:99:14)
      at transformSync (node_modules/@babel/core/src/transform.ts:66:52)
      at Object.require (src/styles/index.ts:29:1)

  console.error
    react-test-renderer is deprecated. See https://react.dev/warnings/react-test-renderer

    [0m [90m 43 |[39m
     [90m 44 |[39m   it([32m'renders when visible'[39m[33m,[39m () [33m=>[39m {
    [31m[1m>[22m[39m[90m 45 |[39m     [36mconst[39m { getByText } [33m=[39m render(
     [90m    |[39m                                 [31m[1m^[22m[39m
     [90m 46 |[39m       [33m<[39m[33mThemeProvider[39m[33m>[39m
     [90m 47 |[39m         [33m<[39m[33mCashConversionTrainingModal[39m visible[33m=[39m{[36mtrue[39m} onClose[33m=[39m{mockOnClose} [33m/[39m[33m>[39m
     [90m 48 |[39m       [33m<[39m[33m/[39m[33mThemeProvider[39m[33m>[39m[0m

      at Object.process.env.NODE_ENV.exports.create (node_modules/react-test-renderer/cjs/react-test-renderer.development.js:14598:17)
      at create (node_modules/@testing-library/react-native/src/render-act.ts:15:29)
      at callback (node_modules/@testing-library/react-native/src/act.ts:31:24)
      at process.env.NODE_ENV.exports.act (node_modules/react/cjs/react.development.js:789:22)
      at actImplementation (node_modules/@testing-library/react-native/src/act.ts:30:25)
      at renderWithAct (node_modules/@testing-library/react-native/src/render-act.ts:13:11)
      at renderInternal (node_modules/@testing-library/react-native/src/render.tsx:69:33)
      at renderInternal (node_modules/@testing-library/react-native/src/render.tsx:44:10)
      at Object.<anonymous> (src/features/cash-conversion-training/components/CashConversionTrainingModal/CashConversionTrainingModal.test.tsx:45:33)

  console.error
    react-test-renderer is deprecated. See https://react.dev/warnings/react-test-renderer

    [0m [90m 53 |[39m
     [90m 54 |[39m   it([32m'does not render when not visible'[39m[33m,[39m () [33m=>[39m {
    [31m[1m>[22m[39m[90m 55 |[39m     [36mconst[39m { queryByText } [33m=[39m render(
     [90m    |[39m                                   [31m[1m^[22m[39m
     [90m 56 |[39m       [33m<[39m[33mThemeProvider[39m[33m>[39m
     [90m 57 |[39m         [33m<[39m[33mCashConversionTrainingModal[39m visible[33m=[39m{[36mfalse[39m} onClose[33m=[39m{mockOnClose} [33m/[39m[33m>[39m
     [90m 58 |[39m       [33m<[39m[33m/[39m[33mThemeProvider[39m[33m>[39m[0m

      at Object.process.env.NODE_ENV.exports.create (node_modules/react-test-renderer/cjs/react-test-renderer.development.js:14598:17)
      at create (node_modules/@testing-library/react-native/src/render-act.ts:15:29)
      at callback (node_modules/@testing-library/react-native/src/act.ts:31:24)
      at process.env.NODE_ENV.exports.act (node_modules/react/cjs/react.development.js:789:22)
      at actImplementation (node_modules/@testing-library/react-native/src/act.ts:30:25)
      at renderWithAct (node_modules/@testing-library/react-native/src/render-act.ts:13:11)
      at renderInternal (node_modules/@testing-library/react-native/src/render.tsx:69:33)
      at renderInternal (node_modules/@testing-library/react-native/src/render.tsx:44:10)
      at Object.<anonymous> (src/features/cash-conversion-training/components/CashConversionTrainingModal/CashConversionTrainingModal.test.tsx:55:35)

  console.error
    react-test-renderer is deprecated. See https://react.dev/warnings/react-test-renderer

    [0m [90m 63 |[39m
     [90m 64 |[39m   it([32m'calls onClose when close is pressed'[39m[33m,[39m () [33m=>[39m {
    [31m[1m>[22m[39m[90m 65 |[39m     [36mconst[39m { getByLabelText } [33m=[39m render(
     [90m    |[39m                                      [31m[1m^[22m[39m
     [90m 66 |[39m       [33m<[39m[33mThemeProvider[39m[33m>[39m
     [90m 67 |[39m         [33m<[39m[33mCashConversionTrainingModal[39m visible[33m=[39m{[36mtrue[39m} onClose[33m=[39m{mockOnClose} [33m/[39m[33m>[39m
     [90m 68 |[39m       [33m<[39m[33m/[39m[33mThemeProvider[39m[33m>[39m[0m

      at Object.process.env.NODE_ENV.exports.create (node_modules/react-test-renderer/cjs/react-test-renderer.development.js:14598:17)
      at create (node_modules/@testing-library/react-native/src/render-act.ts:15:29)
      at callback (node_modules/@testing-library/react-native/src/act.ts:31:24)
      at process.env.NODE_ENV.exports.act (node_modules/react/cjs/react.development.js:789:22)
      at actImplementation (node_modules/@testing-library/react-native/src/act.ts:30:25)
      at renderWithAct (node_modules/@testing-library/react-native/src/render-act.ts:13:11)
      at renderInternal (node_modules/@testing-library/react-native/src/render.tsx:69:33)
      at renderInternal (node_modules/@testing-library/react-native/src/render.tsx:44:10)
      at Object.<anonymous> (src/features/cash-conversion-training/components/CashConversionTrainingModal/CashConversionTrainingModal.test.tsx:65:38)

  console.error
    react-test-renderer is deprecated. See https://react.dev/warnings/react-test-renderer

    [0m [90m 93 |[39m     it([32m'should call onNumberPress when pressed'[39m[33m,[39m () [33m=>[39m {
     [90m 94 |[39m       [36mconst[39m onNumberPress [33m=[39m jest[33m.[39mfn()[33m;[39m
    [31m[1m>[22m[39m[90m 95 |[39m       [36mconst[39m { getByText } [33m=[39m render(
     [90m    |[39m                                   [31m[1m^[22m[39m
     [90m 96 |[39m         [33m<[39m[33mRouletteNumberCell[39m {[33m...[39mdefaultProps} onNumberPress[33m=[39m{onNumberPress} [33m/[39m[33m>[39m
     [90m 97 |[39m       )[33m;[39m
     [90m 98 |[39m[0m

      at Object.process.env.NODE_ENV.exports.create (node_modules/react-test-renderer/cjs/react-test-renderer.development.js:14598:17)
      at create (node_modules/@testing-library/react-native/src/render-act.ts:15:29)
      at callback (node_modules/@testing-library/react-native/src/act.ts:31:24)
      at process.env.NODE_ENV.exports.act (node_modules/react/cjs/react.development.js:789:22)
      at actImplementation (node_modules/@testing-library/react-native/src/act.ts:30:25)
      at renderWithAct (node_modules/@testing-library/react-native/src/render-act.ts:13:11)
      at renderInternal (node_modules/@testing-library/react-native/src/render.tsx:69:33)
      at renderInternal (node_modules/@testing-library/react-native/src/render.tsx:44:10)
      at Object.<anonymous> (src/components/roulette/RouletteNumberCell.test.tsx:95:35)

PASS src/features/racetrack-position-training/screens/PositionTrainingScreen/PositionTrainingScreen.test.tsx
  PositionTrainingScreen
    Rendering
      ΓêÜ renders without crashing (176 ms)
      ΓêÜ renders with single mode param (64 ms)
    Mode Handling
      ΓêÜ handles random mode (52 ms)
      ΓêÜ handles single mode (59 ms)
      ΓêÜ uses random mode as default if not provided (67 ms)
    HUD Elements
      ΓêÜ displays score section (92 ms)
      ΓêÜ displays target section (49 ms)
      ΓêÜ displays on the racetrack instruction (80 ms)

PASS src/components/roulette/RouletteOutsideBets.test.tsx
  RouletteOutsideBets
    rendering - even money bets
      ΓêÜ should render 1-18 bet (73 ms)
      ΓêÜ should render EVEN bet (15 ms)
      ΓêÜ should render ODD bet (21 ms)
      ΓêÜ should render 19-36 bet (91 ms)
      ΓêÜ should render red diamond symbol (12 ms)
    rendering - dozens
      ΓêÜ should render 1st 12 bet (10 ms)
      ΓêÜ should render 2nd 12 bet (10 ms)
      ΓêÜ should render 3rd 12 bet (11 ms)
    interactions - even money bets
      ΓêÜ should call onBetAreaPress with HIGH_LOW and correct low numbers when 1-18 pressed (44 ms)
      ΓêÜ should call onBetAreaPress with EVEN_ODD and correct even numbers when EVEN pressed (12 ms)
      ΓêÜ should call onBetAreaPress with RED_BLACK and correct red numbers when red diamond pressed (11 ms)
      ΓêÜ should call onBetAreaPress with RED_BLACK and correct black numbers when black diamond pressed (16 ms)
      ΓêÜ should call onBetAreaPress with EVEN_ODD and correct odd numbers when ODD pressed (12 ms)
      ΓêÜ should call onBetAreaPress with HIGH_LOW and correct high numbers when 19-36 pressed (28 ms)
    interactions - dozens
      ΓêÜ should call onBetAreaPress with DOZEN and correct first dozen when 1st 12 pressed (20 ms)
      ΓêÜ should call onBetAreaPress with DOZEN and correct second dozen when 2nd 12 pressed (10 ms)
      ΓêÜ should call onBetAreaPress with DOZEN and correct third dozen when 3rd 12 pressed (9 ms)
    edge cases
      ΓêÜ should not crash when onBetAreaPress is undefined (28 ms)
      ΓêÜ should call getBetAmount for each bet area (15 ms)
    accessibility
      ΓêÜ should have accessibility labels on even money bets (11 ms)
      ΓêÜ should have accessibility labels on dozen bets (10 ms)
      ΓêÜ should have button accessibility role on all bet buttons (16 ms)
      ΓêÜ should indicate selected state when bet has amount (98 ms)
      ΓêÜ should not have selected state when bet has no amount (54 ms)

PASS src/features/cash-conversion-training/components/CashConversionTrainingModal/CashConversionTrainingModal.test.tsx
  CashConversionTrainingModal
    ΓêÜ renders when visible (103 ms)
    ΓêÜ does not render when not visible (6 ms)
    ΓêÜ calls onClose when close is pressed (8 ms)

  console.error
    react-test-renderer is deprecated. See https://react.dev/warnings/react-test-renderer

    [0m [90m 104 |[39m     it([32m'should call onBetAreaPress when pressed'[39m[33m,[39m () [33m=>[39m {
     [90m 105 |[39m       [36mconst[39m onBetAreaPress [33m=[39m jest[33m.[39mfn()[33m;[39m
    [31m[1m>[22m[39m[90m 106 |[39m       [36mconst[39m { getByText } [33m=[39m render(
     [90m     |[39m                                   [31m[1m^[22m[39m
     [90m 107 |[39m         [33m<[39m[33mRouletteNumberCell[39m {[33m...[39mdefaultProps} onBetAreaPress[33m=[39m{onBetAreaPress} [33m/[39m[33m>[39m
     [90m 108 |[39m       )[33m;[39m
     [90m 109 |[39m[0m

      at Object.process.env.NODE_ENV.exports.create (node_modules/react-test-renderer/cjs/react-test-renderer.development.js:14598:17)
      at create (node_modules/@testing-library/react-native/src/render-act.ts:15:29)
      at callback (node_modules/@testing-library/react-native/src/act.ts:31:24)
      at process.env.NODE_ENV.exports.act (node_modules/react/cjs/react.development.js:789:22)
      at actImplementation (node_modules/@testing-library/react-native/src/act.ts:30:25)
      at renderWithAct (node_modules/@testing-library/react-native/src/render-act.ts:13:11)
      at renderInternal (node_modules/@testing-library/react-native/src/render.tsx:69:33)
      at renderInternal (node_modules/@testing-library/react-native/src/render.tsx:44:10)
      at Object.<anonymous> (src/components/roulette/RouletteNumberCell.test.tsx:106:35)

  console.error
    An update to SettingsProvider inside a test was not wrapped in act(...).
    
    When testing, code that causes React state updates should be wrapped into act(...):
    
    act(() => {
      /* fire events that update state */
    });
    /* assert on the output */
    
    This ensures that you're testing the behavior the user would see in the browser. Learn more at https://react.dev/link/wrap-tests-with-act

    [0m [90m 30 |[39m         [90m// Use defaults if load fails[39m
     [90m 31 |[39m       } [36mfinally[39m {
    [31m[1m>[22m[39m[90m 32 |[39m         setIsLoaded([36mtrue[39m)[33m;[39m
     [90m    |[39m         [31m[1m^[22m[39m
     [90m 33 |[39m       }
     [90m 34 |[39m     }[33m;[39m
     [90m 35 |[39m     loadSettings()[33m;[39m[0m

      at node_modules/react-test-renderer/cjs/react-test-renderer.development.js:11801:19
      at runWithFiberInDEV (node_modules/react-test-renderer/cjs/react-test-renderer.development.js:1574:13)
      at warnIfUpdatesNotWrappedWithActDEV (node_modules/react-test-renderer/cjs/react-test-renderer.development.js:11800:9)
      at scheduleUpdateOnFiber (node_modules/react-test-renderer/cjs/react-test-renderer.development.js:10326:9)
      at dispatchSetStateInternal (node_modules/react-test-renderer/cjs/react-test-renderer.development.js:4148:13)
      at dispatchSetState (node_modules/react-test-renderer/cjs/react-test-renderer.development.js:4107:7)
      at setIsLoaded (src/contexts/SettingsContext.tsx:32:9)

  console.error
    react-test-renderer is deprecated. See https://react.dev/warnings/react-test-renderer

    [0m [90m 115 |[39m     it([32m'should handle press without onBetAreaPress callback'[39m[33m,[39m () [33m=>[39m {
     [90m 116 |[39m       [36mconst[39m onNumberPress [33m=[39m jest[33m.[39mfn()[33m;[39m
    [31m[1m>[22m[39m[90m 117 |[39m       [36mconst[39m { getByText } [33m=[39m render(
     [90m     |[39m                                   [31m[1m^[22m[39m
     [90m 118 |[39m         [33m<[39m[33mRouletteNumberCell[39m
     [90m 119 |[39m           {[33m...[39mdefaultProps}
     [90m 120 |[39m           onNumberPress[33m=[39m{onNumberPress}[0m

      at Object.process.env.NODE_ENV.exports.create (node_modules/react-test-renderer/cjs/react-test-renderer.development.js:14598:17)
      at create (node_modules/@testing-library/react-native/src/render-act.ts:15:29)
      at callback (node_modules/@testing-library/react-native/src/act.ts:31:24)
      at process.env.NODE_ENV.exports.act (node_modules/react/cjs/react.development.js:789:22)
      at actImplementation (node_modules/@testing-library/react-native/src/act.ts:30:25)
      at renderWithAct (node_modules/@testing-library/react-native/src/render-act.ts:13:11)
      at renderInternal (node_modules/@testing-library/react-native/src/render.tsx:69:33)
      at renderInternal (node_modules/@testing-library/react-native/src/render.tsx:44:10)
      at Object.<anonymous> (src/components/roulette/RouletteNumberCell.test.tsx:117:35)

  console.error
    react-test-renderer is deprecated. See https://react.dev/warnings/react-test-renderer

    [0m [90m 131 |[39m   describe([32m'accessibility'[39m[33m,[39m () [33m=>[39m {
     [90m 132 |[39m     it([32m'should have correct accessibility label for red number without bet'[39m[33m,[39m () [33m=>[39m {
    [31m[1m>[22m[39m[90m 133 |[39m       [36mconst[39m { getByLabelText } [33m=[39m render([33m<[39m[33mRouletteNumberCell[39m {[33m...[39mdefaultProps} number[33m=[39m{[35m1[39m} [33m/[39m[33m>[39m)[33m;[39m
     [90m     |[39m                                        [31m[1m^[22m[39m
     [90m 134 |[39m
     [90m 135 |[39m       expect(getByLabelText([32m'Number 1, red'[39m))[33m.[39mtoBeTruthy()[33m;[39m
     [90m 136 |[39m     })[33m;[39m[0m

      at Object.process.env.NODE_ENV.exports.create (node_modules/react-test-renderer/cjs/react-test-renderer.development.js:14598:17)
      at create (node_modules/@testing-library/react-native/src/render-act.ts:15:29)
      at callback (node_modules/@testing-library/react-native/src/act.ts:31:24)
      at process.env.NODE_ENV.exports.act (node_modules/react/cjs/react.development.js:789:22)
      at actImplementation (node_modules/@testing-library/react-native/src/act.ts:30:25)
      at renderWithAct (node_modules/@testing-library/react-native/src/render-act.ts:13:11)
      at renderInternal (node_modules/@testing-library/react-native/src/render.tsx:69:33)
      at renderInternal (node_modules/@testing-library/react-native/src/render.tsx:44:10)
      at Object.<anonymous> (src/components/roulette/RouletteNumberCell.test.tsx:133:40)

  console.error
    react-test-renderer is deprecated. See https://react.dev/warnings/react-test-renderer

    [0m [90m 137 |[39m
     [90m 138 |[39m     it([32m'should have correct accessibility label for black number without bet'[39m[33m,[39m () [33m=>[39m {
    [31m[1m>[22m[39m[90m 139 |[39m       [36mconst[39m { getByLabelText } [33m=[39m render([33m<[39m[33mRouletteNumberCell[39m {[33m...[39mdefaultProps} number[33m=[39m{[35m2[39m} [33m/[39m[33m>[39m)[33m;[39m
     [90m     |[39m                                        [31m[1m^[22m[39m
     [90m 140 |[39m
     [90m 141 |[39m       expect(getByLabelText([32m'Number 2, black'[39m))[33m.[39mtoBeTruthy()[33m;[39m
     [90m 142 |[39m     })[33m;[39m[0m

      at Object.process.env.NODE_ENV.exports.create (node_modules/react-test-renderer/cjs/react-test-renderer.development.js:14598:17)
      at create (node_modules/@testing-library/react-native/src/render-act.ts:15:29)
      at callback (node_modules/@testing-library/react-native/src/act.ts:31:24)
      at process.env.NODE_ENV.exports.act (node_modules/react/cjs/react.development.js:789:22)
      at actImplementation (node_modules/@testing-library/react-native/src/act.ts:30:25)
      at renderWithAct (node_modules/@testing-library/react-native/src/render-act.ts:13:11)
      at renderInternal (node_modules/@testing-library/react-native/src/render.tsx:69:33)
      at renderInternal (node_modules/@testing-library/react-native/src/render.tsx:44:10)
      at Object.<anonymous> (src/components/roulette/RouletteNumberCell.test.tsx:139:40)

  console.error
    react-test-renderer is deprecated. See https://react.dev/warnings/react-test-renderer

    [0m [90m  6 |[39m
     [90m  7 |[39m [36mconst[39m renderWithProviders [33m=[39m (component[33m:[39m [33mReact[39m[33m.[39m[33mReactElement[39m) [33m=>[39m {
    [31m[1m>[22m[39m[90m  8 |[39m   [36mreturn[39m render(
     [90m    |[39m                [31m[1m^[22m[39m
     [90m  9 |[39m     [33m<[39m[33mSettingsProvider[39m[33m>[39m
     [90m 10 |[39m       [33m<[39m[33mThemeProvider[39m[33m>[39m{component}[33m<[39m[33m/[39m[33mThemeProvider[39m[33m>[39m
     [90m 11 |[39m     [33m<[39m[33m/[39m[33mSettingsProvider[39m[33m>[39m[0m

      at Object.process.env.NODE_ENV.exports.create (node_modules/react-test-renderer/cjs/react-test-renderer.development.js:14598:17)
      at create (node_modules/@testing-library/react-native/src/render-act.ts:15:29)
      at callback (node_modules/@testing-library/react-native/src/act.ts:31:24)
      at process.env.NODE_ENV.exports.act (node_modules/react/cjs/react.development.js:789:22)
      at actImplementation (node_modules/@testing-library/react-native/src/act.ts:30:25)
      at renderWithAct (node_modules/@testing-library/react-native/src/render-act.ts:13:11)
      at renderInternal (node_modules/@testing-library/react-native/src/render.tsx:69:33)
      at renderInternal (node_modules/@testing-library/react-native/src/render.tsx:44:10)
      at renderWithProviders (src/features/racetrack-sector-training/screens/SectorTrainingScreen/SectorTrainingScreen.test.tsx:8:16)
      at Object.renderWithProviders (src/features/racetrack-sector-training/screens/SectorTrainingScreen/SectorTrainingScreen.test.tsx:99:29)

FAIL src/features/blackjack-training/screens/BJDrillScreen/BJDrillScreen.test.tsx
  ΓùÅ Test suite failed to run

    SyntaxError: C:\Users\ivans\Desktop\Dev\CasinoTrainingApp\src\styles\textStyles.ts: Unexpected token, expected "(" (22:9)

      20 |     marginBottom: 4,
      21 |   } as TextStyle,
    > 22 |    * Size: 18px, Weight: 700, Color: Gold
         |          ^
      23 |    */
      24 |   goldTitle: {
      25 |     fontSize: 18,

      27 |
      28 | // Text style factories
    > 29 | export { createTextStyles } from './textStyles';
         | ^
      30 | export type { TextStyles } from './textStyles';
      31 |

      at constructor (node_modules/@babel/parser/src/parse-error.ts:95:45)
      at TypeScriptParserMixin.toParseError [as raise] (node_modules/@babel/parser/src/tokenizer/index.ts:1504:19)
      at TypeScriptParserMixin.raise [as unexpected] (node_modules/@babel/parser/src/tokenizer/index.ts:1544:16)
      at TypeScriptParserMixin.unexpected [as expect] (node_modules/@babel/parser/src/parser/util.ts:157:12)
      at TypeScriptParserMixin.expect (node_modules/@babel/parser/src/parser/statement.ts:1726:10)
      at TypeScriptParserMixin.parseFunctionParams (node_modules/@babel/parser/src/plugins/typescript/index.ts:3692:13)
      at TypeScriptParserMixin.parseFunctionParams (node_modules/@babel/parser/src/parser/expression.ts:2491:10)
      at TypeScriptParserMixin.parseMethod (node_modules/@babel/parser/src/plugins/typescript/index.ts:4312:28)
      at TypeScriptParserMixin.parseMethod [as parseObjectMethod] (node_modules/@babel/parser/src/parser/expression.ts:2300:19)
      at TypeScriptParserMixin.parseObjectMethod (node_modules/@babel/parser/src/parser/expression.ts:2381:24)
      at TypeScriptParserMixin.parseObjPropValue (node_modules/@babel/parser/src/plugins/typescript/index.ts:3675:20)
      at TypeScriptParserMixin.parseObjPropValue [as parsePropertyDefinition] (node_modules/@babel/parser/src/parser/expression.ts:2228:17)
      at TypeScriptParserMixin.parsePropertyDefinition [as parseObjectLike] (node_modules/@babel/parser/src/parser/expression.ts:2095:21)
      at TypeScriptParserMixin.parseObjectLike [as parseExprAtom] (node_modules/@babel/parser/src/parser/expression.ts:1181:21)
      at TypeScriptParserMixin.parseExprAtom [as parseExprSubscripts] (node_modules/@babel/parser/src/parser/expression.ts:742:23)
      at TypeScriptParserMixin.parseExprSubscripts [as parseUpdate] (node_modules/@babel/parser/src/parser/expression.ts:721:21)
      at TypeScriptParserMixin.parseUpdate (node_modules/@babel/parser/src/parser/expression.ts:683:23)
      at TypeScriptParserMixin.parseMaybeUnary (node_modules/@babel/parser/src/plugins/typescript/index.ts:3893:20)
      at TypeScriptParserMixin.parseMaybeUnary [as parseMaybeUnaryOrPrivate] (node_modules/@babel/parser/src/parser/expression.ts:417:14)
      at TypeScriptParserMixin.parseMaybeUnaryOrPrivate [as parseExprOps] (node_modules/@babel/parser/src/parser/expression.ts:429:23)
      at TypeScriptParserMixin.parseExprOps [as parseMaybeConditional] (node_modules/@babel/parser/src/parser/expression.ts:384:23)
      at TypeScriptParserMixin.parseMaybeConditional (node_modules/@babel/parser/src/parser/expression.ts:301:21)
      at TypeScriptParserMixin.parseMaybeAssign (node_modules/@babel/parser/src/plugins/typescript/index.ts:3764:22)
      at parseMaybeAssign (node_modules/@babel/parser/src/parser/expression.ts:257:12)
      at TypeScriptParserMixin.callback [as allowInAnd] (node_modules/@babel/parser/src/parser/expression.ts:3194:12)
      at TypeScriptParserMixin.allowInAnd [as parseMaybeAssignAllowIn] (node_modules/@babel/parser/src/parser/expression.ts:256:17)
      at TypeScriptParserMixin.parseMaybeAssignAllowIn [as parseMaybeAssignAllowInOrVoidPattern] (node_modules/@babel/parser/src/parser/expression.ts:3308:17)
      at TypeScriptParserMixin.parseMaybeAssignAllowInOrVoidPattern [as parseParenAndDistinguishExpression] (node_modules/@babel/parser/src/parser/expression.ts:1822:16)
      at TypeScriptParserMixin.parseParenAndDistinguishExpression [as parseExprAtom] (node_modules/@babel/parser/src/parser/expression.ts:1170:21)
      at TypeScriptParserMixin.parseExprAtom [as parseExprSubscripts] (node_modules/@babel/parser/src/parser/expression.ts:742:23)
      at TypeScriptParserMixin.parseExprSubscripts [as parseUpdate] (node_modules/@babel/parser/src/parser/expression.ts:721:21)
      at TypeScriptParserMixin.parseUpdate (node_modules/@babel/parser/src/parser/expression.ts:683:23)
      at TypeScriptParserMixin.parseMaybeUnary (node_modules/@babel/parser/src/plugins/typescript/index.ts:3893:20)
      at TypeScriptParserMixin.parseMaybeUnary [as parseMaybeUnaryOrPrivate] (node_modules/@babel/parser/src/parser/expression.ts:417:14)
      at TypeScriptParserMixin.parseMaybeUnaryOrPrivate [as parseExprOps] (node_modules/@babel/parser/src/parser/expression.ts:429:23)
      at TypeScriptParserMixin.parseExprOps [as parseMaybeConditional] (node_modules/@babel/parser/src/parser/expression.ts:384:23)
      at TypeScriptParserMixin.parseMaybeConditional (node_modules/@babel/parser/src/parser/expression.ts:301:21)
      at TypeScriptParserMixin.parseMaybeAssign (node_modules/@babel/parser/src/plugins/typescript/index.ts:3764:22)
      at TypeScriptParserMixin.parseMaybeAssign [as parseFunctionBody] (node_modules/@babel/parser/src/parser/expression.ts:2604:14)
      at TypeScriptParserMixin.parseFunctionBody [as parseArrowExpression] (node_modules/@babel/parser/src/parser/expression.ts:2559:10)
      at TypeScriptParserMixin.parseArrowExpression [as parseParenAndDistinguishExpression] (node_modules/@babel/parser/src/parser/expression.ts:1847:12)
      at TypeScriptParserMixin.parseParenAndDistinguishExpression [as parseExprAtom] (node_modules/@babel/parser/src/parser/expression.ts:1170:21)
      at TypeScriptParserMixin.parseExprAtom [as parseExprSubscripts] (node_modules/@babel/parser/src/parser/expression.ts:742:23)
      at TypeScriptParserMixin.parseExprSubscripts [as parseUpdate] (node_modules/@babel/parser/src/parser/expression.ts:721:21)
      at TypeScriptParserMixin.parseUpdate (node_modules/@babel/parser/src/parser/expression.ts:683:23)
      at TypeScriptParserMixin.parseMaybeUnary (node_modules/@babel/parser/src/plugins/typescript/index.ts:3893:20)
      at TypeScriptParserMixin.parseMaybeUnary [as parseMaybeUnaryOrPrivate] (node_modules/@babel/parser/src/parser/expression.ts:417:14)
      at TypeScriptParserMixin.parseMaybeUnaryOrPrivate [as parseExprOps] (node_modules/@babel/parser/src/parser/expression.ts:429:23)
      at TypeScriptParserMixin.parseExprOps [as parseMaybeConditional] (node_modules/@babel/parser/src/parser/expression.ts:384:23)
      at TypeScriptParserMixin.parseMaybeConditional (node_modules/@babel/parser/src/parser/expression.ts:301:21)
      at TypeScriptParserMixin.parseMaybeAssign (node_modules/@babel/parser/src/plugins/typescript/index.ts:3764:22)
      at parseMaybeAssign (node_modules/@babel/parser/src/parser/expression.ts:257:12)
      at TypeScriptParserMixin.callback [as allowInAnd] (node_modules/@babel/parser/src/parser/expression.ts:3189:16)
      at TypeScriptParserMixin.allowInAnd [as parseMaybeAssignAllowIn] (node_modules/@babel/parser/src/parser/expression.ts:256:17)
      at TypeScriptParserMixin.parseMaybeAssignAllowIn [as parseVar] (node_modules/@babel/parser/src/parser/statement.ts:1587:18)
      at TypeScriptParserMixin.parseVar (node_modules/@babel/parser/src/parser/statement.ts:1251:10)
      at TypeScriptParserMixin.parseVarStatement (node_modules/@babel/parser/src/plugins/typescript/index.ts:3085:33)
      at TypeScriptParserMixin.parseVarStatement (node_modules/@babel/parser/src/parser/statement.ts:612:21)
      at TypeScriptParserMixin.parseStatementContent (node_modules/@babel/parser/src/plugins/typescript/index.ts:3220:20)
      at TypeScriptParserMixin.parseStatementContent [as parseStatementLike] (node_modules/@babel/parser/src/parser/statement.ts:482:17)
      at TypeScriptParserMixin.parseStatementLike [as parseStatementListItem] (node_modules/@babel/parser/src/parser/statement.ts:431:17)
      at TypeScriptParserMixin.parseStatementListItem (node_modules/@babel/parser/src/parser/statement.ts:2635:17)
      at TypeScriptParserMixin.parseExportDeclaration (node_modules/@babel/parser/src/plugins/typescript/index.ts:3447:15)
      at TypeScriptParserMixin.parseExportDeclaration [as maybeParseExportDeclaration] (node_modules/@babel/parser/src/parser/statement.ts:2551:31)
      at TypeScriptParserMixin.maybeParseExportDeclaration (node_modules/@babel/parser/src/parser/statement.ts:2432:29)
      at TypeScriptParserMixin.parseExport (node_modules/@babel/parser/src/plugins/typescript/index.ts:3046:22)
      at TypeScriptParserMixin.parseExport (node_modules/@babel/parser/src/parser/statement.ts:649:25)
      at TypeScriptParserMixin.parseStatementContent (node_modules/@babel/parser/src/plugins/typescript/index.ts:3220:20)
      at TypeScriptParserMixin.parseStatementContent [as parseStatementLike] (node_modules/@babel/parser/src/parser/statement.ts:482:17)
      at TypeScriptParserMixin.parseStatementLike [as parseModuleItem] (node_modules/@babel/parser/src/parser/statement.ts:419:17)
      at TypeScriptParserMixin.parseModuleItem [as parseBlockOrModuleBlockBody] (node_modules/@babel/parser/src/parser/statement.ts:1443:16)
      at TypeScriptParserMixin.parseBlockOrModuleBlockBody [as parseBlockBody] (node_modules/@babel/parser/src/parser/statement.ts:1417:10)
      at TypeScriptParserMixin.parseBlockBody [as parseProgram] (node_modules/@babel/parser/src/parser/statement.ts:229:10)
      at TypeScriptParserMixin.parseProgram [as parseTopLevel] (node_modules/@babel/parser/src/parser/statement.ts:203:25)
      at TypeScriptParserMixin.parseTopLevel (node_modules/@babel/parser/src/parser/index.ts:83:25)
      at TypeScriptParserMixin.parse (node_modules/@babel/parser/src/plugins/typescript/index.ts:4354:20)
      at parse (node_modules/@babel/parser/src/index.ts:86:38)
      at parser (node_modules/@babel/core/src/parser/index.ts:29:19)
          at parser.next (<anonymous>)
      at normalizeFile (node_modules/@babel/core/src/transformation/normalize-file.ts:50:24)
          at normalizeFile.next (<anonymous>)
      at run (node_modules/@babel/core/src/transformation/index.ts:41:36)
          at run.next (<anonymous>)
      at transform (node_modules/@babel/core/src/transform.ts:29:20)
          at transform.next (<anonymous>)
      at evaluateSync (node_modules/gensync/index.js:251:28)
      at sync (node_modules/gensync/index.js:89:14)
      at fn (node_modules/@babel/core/src/errors/rewrite-stack-trace.ts:99:14)
      at transformSync (node_modules/@babel/core/src/transform.ts:66:52)
      at Object.require (src/styles/index.ts:29:1)

  console.error
    react-test-renderer is deprecated. See https://react.dev/warnings/react-test-renderer

    [0m [90m 143 |[39m
     [90m 144 |[39m     it([32m'should have correct accessibility label for green number (zero)'[39m[33m,[39m () [33m=>[39m {
    [31m[1m>[22m[39m[90m 145 |[39m       [36mconst[39m { getByLabelText } [33m=[39m render([33m<[39m[33mRouletteNumberCell[39m {[33m...[39mdefaultProps} number[33m=[39m{[35m0[39m} [33m/[39m[33m>[39m)[33m;[39m
     [90m     |[39m                                        [31m[1m^[22m[39m
     [90m 146 |[39m
     [90m 147 |[39m       expect(getByLabelText([32m'Number 0, green'[39m))[33m.[39mtoBeTruthy()[33m;[39m
     [90m 148 |[39m     })[33m;[39m[0m

      at Object.process.env.NODE_ENV.exports.create (node_modules/react-test-renderer/cjs/react-test-renderer.development.js:14598:17)
      at create (node_modules/@testing-library/react-native/src/render-act.ts:15:29)
      at callback (node_modules/@testing-library/react-native/src/act.ts:31:24)
      at process.env.NODE_ENV.exports.act (node_modules/react/cjs/react.development.js:789:22)
      at actImplementation (node_modules/@testing-library/react-native/src/act.ts:30:25)
      at renderWithAct (node_modules/@testing-library/react-native/src/render-act.ts:13:11)
      at renderInternal (node_modules/@testing-library/react-native/src/render.tsx:69:33)
      at renderInternal (node_modules/@testing-library/react-native/src/render.tsx:44:10)
      at Object.<anonymous> (src/components/roulette/RouletteNumberCell.test.tsx:145:40)

  console.error
    react-test-renderer is deprecated. See https://react.dev/warnings/react-test-renderer

    [0m [90m 149 |[39m
     [90m 150 |[39m     it([32m'should include bet amount in accessibility label when bet is placed'[39m[33m,[39m () [33m=>[39m {
    [31m[1m>[22m[39m[90m 151 |[39m       [36mconst[39m { getByLabelText } [33m=[39m render([33m<[39m[33mRouletteNumberCell[39m {[33m...[39mdefaultProps} betAmount[33m=[39m{[35m50[39m} [33m/[39m[33m>[39m)[33m;[39m
     [90m     |[39m                                        [31m[1m^[22m[39m
     [90m 152 |[39m
     [90m 153 |[39m       expect(getByLabelText([32m'Number 5, red, $50 bet placed'[39m))[33m.[39mtoBeTruthy()[33m;[39m
     [90m 154 |[39m     })[33m;[39m[0m

      at Object.process.env.NODE_ENV.exports.create (node_modules/react-test-renderer/cjs/react-test-renderer.development.js:14598:17)
      at create (node_modules/@testing-library/react-native/src/render-act.ts:15:29)
      at callback (node_modules/@testing-library/react-native/src/act.ts:31:24)
      at process.env.NODE_ENV.exports.act (node_modules/react/cjs/react.development.js:789:22)
      at actImplementation (node_modules/@testing-library/react-native/src/act.ts:30:25)
      at renderWithAct (node_modules/@testing-library/react-native/src/render-act.ts:13:11)
      at renderInternal (node_modules/@testing-library/react-native/src/render.tsx:69:33)
      at renderInternal (node_modules/@testing-library/react-native/src/render.tsx:44:10)
      at Object.<anonymous> (src/components/roulette/RouletteNumberCell.test.tsx:151:40)

FAIL src/features/call-bets-training/components/ResultFeedback/ResultFeedback.test.tsx
  ΓùÅ Test suite failed to run

    SyntaxError: C:\Users\ivans\Desktop\Dev\CasinoTrainingApp\src\styles\textStyles.ts: Unexpected token, expected "(" (22:9)

      20 |     marginBottom: 4,
      21 |   } as TextStyle,
    > 22 |    * Size: 18px, Weight: 700, Color: Gold
         |          ^
      23 |    */
      24 |   goldTitle: {
      25 |     fontSize: 18,

      27 |
      28 | // Text style factories
    > 29 | export { createTextStyles } from './textStyles';
         | ^
      30 | export type { TextStyles } from './textStyles';
      31 |

      at constructor (node_modules/@babel/parser/src/parse-error.ts:95:45)
      at TypeScriptParserMixin.toParseError [as raise] (node_modules/@babel/parser/src/tokenizer/index.ts:1504:19)
      at TypeScriptParserMixin.raise [as unexpected] (node_modules/@babel/parser/src/tokenizer/index.ts:1544:16)
      at TypeScriptParserMixin.unexpected [as expect] (node_modules/@babel/parser/src/parser/util.ts:157:12)
      at TypeScriptParserMixin.expect (node_modules/@babel/parser/src/parser/statement.ts:1726:10)
      at TypeScriptParserMixin.parseFunctionParams (node_modules/@babel/parser/src/plugins/typescript/index.ts:3692:13)
      at TypeScriptParserMixin.parseFunctionParams (node_modules/@babel/parser/src/parser/expression.ts:2491:10)
      at TypeScriptParserMixin.parseMethod (node_modules/@babel/parser/src/plugins/typescript/index.ts:4312:28)
      at TypeScriptParserMixin.parseMethod [as parseObjectMethod] (node_modules/@babel/parser/src/parser/expression.ts:2300:19)
      at TypeScriptParserMixin.parseObjectMethod (node_modules/@babel/parser/src/parser/expression.ts:2381:24)
      at TypeScriptParserMixin.parseObjPropValue (node_modules/@babel/parser/src/plugins/typescript/index.ts:3675:20)
      at TypeScriptParserMixin.parseObjPropValue [as parsePropertyDefinition] (node_modules/@babel/parser/src/parser/expression.ts:2228:17)
      at TypeScriptParserMixin.parsePropertyDefinition [as parseObjectLike] (node_modules/@babel/parser/src/parser/expression.ts:2095:21)
      at TypeScriptParserMixin.parseObjectLike [as parseExprAtom] (node_modules/@babel/parser/src/parser/expression.ts:1181:21)
      at TypeScriptParserMixin.parseExprAtom [as parseExprSubscripts] (node_modules/@babel/parser/src/parser/expression.ts:742:23)
      at TypeScriptParserMixin.parseExprSubscripts [as parseUpdate] (node_modules/@babel/parser/src/parser/expression.ts:721:21)
      at TypeScriptParserMixin.parseUpdate (node_modules/@babel/parser/src/parser/expression.ts:683:23)
      at TypeScriptParserMixin.parseMaybeUnary (node_modules/@babel/parser/src/plugins/typescript/index.ts:3893:20)
      at TypeScriptParserMixin.parseMaybeUnary [as parseMaybeUnaryOrPrivate] (node_modules/@babel/parser/src/parser/expression.ts:417:14)
      at TypeScriptParserMixin.parseMaybeUnaryOrPrivate [as parseExprOps] (node_modules/@babel/parser/src/parser/expression.ts:429:23)
      at TypeScriptParserMixin.parseExprOps [as parseMaybeConditional] (node_modules/@babel/parser/src/parser/expression.ts:384:23)
      at TypeScriptParserMixin.parseMaybeConditional (node_modules/@babel/parser/src/parser/expression.ts:301:21)
      at TypeScriptParserMixin.parseMaybeAssign (node_modules/@babel/parser/src/plugins/typescript/index.ts:3764:22)
      at parseMaybeAssign (node_modules/@babel/parser/src/parser/expression.ts:257:12)
      at TypeScriptParserMixin.callback [as allowInAnd] (node_modules/@babel/parser/src/parser/expression.ts:3194:12)
      at TypeScriptParserMixin.allowInAnd [as parseMaybeAssignAllowIn] (node_modules/@babel/parser/src/parser/expression.ts:256:17)
      at TypeScriptParserMixin.parseMaybeAssignAllowIn [as parseMaybeAssignAllowInOrVoidPattern] (node_modules/@babel/parser/src/parser/expression.ts:3308:17)
      at TypeScriptParserMixin.parseMaybeAssignAllowInOrVoidPattern [as parseParenAndDistinguishExpression] (node_modules/@babel/parser/src/parser/expression.ts:1822:16)
      at TypeScriptParserMixin.parseParenAndDistinguishExpression [as parseExprAtom] (node_modules/@babel/parser/src/parser/expression.ts:1170:21)
      at TypeScriptParserMixin.parseExprAtom [as parseExprSubscripts] (node_modules/@babel/parser/src/parser/expression.ts:742:23)
      at TypeScriptParserMixin.parseExprSubscripts [as parseUpdate] (node_modules/@babel/parser/src/parser/expression.ts:721:21)
      at TypeScriptParserMixin.parseUpdate (node_modules/@babel/parser/src/parser/expression.ts:683:23)
      at TypeScriptParserMixin.parseMaybeUnary (node_modules/@babel/parser/src/plugins/typescript/index.ts:3893:20)
      at TypeScriptParserMixin.parseMaybeUnary [as parseMaybeUnaryOrPrivate] (node_modules/@babel/parser/src/parser/expression.ts:417:14)
      at TypeScriptParserMixin.parseMaybeUnaryOrPrivate [as parseExprOps] (node_modules/@babel/parser/src/parser/expression.ts:429:23)
      at TypeScriptParserMixin.parseExprOps [as parseMaybeConditional] (node_modules/@babel/parser/src/parser/expression.ts:384:23)
      at TypeScriptParserMixin.parseMaybeConditional (node_modules/@babel/parser/src/parser/expression.ts:301:21)
      at TypeScriptParserMixin.parseMaybeAssign (node_modules/@babel/parser/src/plugins/typescript/index.ts:3764:22)
      at TypeScriptParserMixin.parseMaybeAssign [as parseFunctionBody] (node_modules/@babel/parser/src/parser/expression.ts:2604:14)
      at TypeScriptParserMixin.parseFunctionBody [as parseArrowExpression] (node_modules/@babel/parser/src/parser/expression.ts:2559:10)
      at TypeScriptParserMixin.parseArrowExpression [as parseParenAndDistinguishExpression] (node_modules/@babel/parser/src/parser/expression.ts:1847:12)
      at TypeScriptParserMixin.parseParenAndDistinguishExpression [as parseExprAtom] (node_modules/@babel/parser/src/parser/expression.ts:1170:21)
      at TypeScriptParserMixin.parseExprAtom [as parseExprSubscripts] (node_modules/@babel/parser/src/parser/expression.ts:742:23)
      at TypeScriptParserMixin.parseExprSubscripts [as parseUpdate] (node_modules/@babel/parser/src/parser/expression.ts:721:21)
      at TypeScriptParserMixin.parseUpdate (node_modules/@babel/parser/src/parser/expression.ts:683:23)
      at TypeScriptParserMixin.parseMaybeUnary (node_modules/@babel/parser/src/plugins/typescript/index.ts:3893:20)
      at TypeScriptParserMixin.parseMaybeUnary [as parseMaybeUnaryOrPrivate] (node_modules/@babel/parser/src/parser/expression.ts:417:14)
      at TypeScriptParserMixin.parseMaybeUnaryOrPrivate [as parseExprOps] (node_modules/@babel/parser/src/parser/expression.ts:429:23)
      at TypeScriptParserMixin.parseExprOps [as parseMaybeConditional] (node_modules/@babel/parser/src/parser/expression.ts:384:23)
      at TypeScriptParserMixin.parseMaybeConditional (node_modules/@babel/parser/src/parser/expression.ts:301:21)
      at TypeScriptParserMixin.parseMaybeAssign (node_modules/@babel/parser/src/plugins/typescript/index.ts:3764:22)
      at parseMaybeAssign (node_modules/@babel/parser/src/parser/expression.ts:257:12)
      at TypeScriptParserMixin.callback [as allowInAnd] (node_modules/@babel/parser/src/parser/expression.ts:3189:16)
      at TypeScriptParserMixin.allowInAnd [as parseMaybeAssignAllowIn] (node_modules/@babel/parser/src/parser/expression.ts:256:17)
      at TypeScriptParserMixin.parseMaybeAssignAllowIn [as parseVar] (node_modules/@babel/parser/src/parser/statement.ts:1587:18)
      at TypeScriptParserMixin.parseVar (node_modules/@babel/parser/src/parser/statement.ts:1251:10)
      at TypeScriptParserMixin.parseVarStatement (node_modules/@babel/parser/src/plugins/typescript/index.ts:3085:33)
      at TypeScriptParserMixin.parseVarStatement (node_modules/@babel/parser/src/parser/statement.ts:612:21)
      at TypeScriptParserMixin.parseStatementContent (node_modules/@babel/parser/src/plugins/typescript/index.ts:3220:20)
      at TypeScriptParserMixin.parseStatementContent [as parseStatementLike] (node_modules/@babel/parser/src/parser/statement.ts:482:17)
      at TypeScriptParserMixin.parseStatementLike [as parseStatementListItem] (node_modules/@babel/parser/src/parser/statement.ts:431:17)
      at TypeScriptParserMixin.parseStatementListItem (node_modules/@babel/parser/src/parser/statement.ts:2635:17)
      at TypeScriptParserMixin.parseExportDeclaration (node_modules/@babel/parser/src/plugins/typescript/index.ts:3447:15)
      at TypeScriptParserMixin.parseExportDeclaration [as maybeParseExportDeclaration] (node_modules/@babel/parser/src/parser/statement.ts:2551:31)
      at TypeScriptParserMixin.maybeParseExportDeclaration (node_modules/@babel/parser/src/parser/statement.ts:2432:29)
      at TypeScriptParserMixin.parseExport (node_modules/@babel/parser/src/plugins/typescript/index.ts:3046:22)
      at TypeScriptParserMixin.parseExport (node_modules/@babel/parser/src/parser/statement.ts:649:25)
      at TypeScriptParserMixin.parseStatementContent (node_modules/@babel/parser/src/plugins/typescript/index.ts:3220:20)
      at TypeScriptParserMixin.parseStatementContent [as parseStatementLike] (node_modules/@babel/parser/src/parser/statement.ts:482:17)
      at TypeScriptParserMixin.parseStatementLike [as parseModuleItem] (node_modules/@babel/parser/src/parser/statement.ts:419:17)
      at TypeScriptParserMixin.parseModuleItem [as parseBlockOrModuleBlockBody] (node_modules/@babel/parser/src/parser/statement.ts:1443:16)
      at TypeScriptParserMixin.parseBlockOrModuleBlockBody [as parseBlockBody] (node_modules/@babel/parser/src/parser/statement.ts:1417:10)
      at TypeScriptParserMixin.parseBlockBody [as parseProgram] (node_modules/@babel/parser/src/parser/statement.ts:229:10)
      at TypeScriptParserMixin.parseProgram [as parseTopLevel] (node_modules/@babel/parser/src/parser/statement.ts:203:25)
      at TypeScriptParserMixin.parseTopLevel (node_modules/@babel/parser/src/parser/index.ts:83:25)
      at TypeScriptParserMixin.parse (node_modules/@babel/parser/src/plugins/typescript/index.ts:4354:20)
      at parse (node_modules/@babel/parser/src/index.ts:86:38)
      at parser (node_modules/@babel/core/src/parser/index.ts:29:19)
          at parser.next (<anonymous>)
      at normalizeFile (node_modules/@babel/core/src/transformation/normalize-file.ts:50:24)
          at normalizeFile.next (<anonymous>)
      at run (node_modules/@babel/core/src/transformation/index.ts:41:36)
          at run.next (<anonymous>)
      at transform (node_modules/@babel/core/src/transform.ts:29:20)
          at transform.next (<anonymous>)
      at evaluateSync (node_modules/gensync/index.js:251:28)
      at sync (node_modules/gensync/index.js:89:14)
      at fn (node_modules/@babel/core/src/errors/rewrite-stack-trace.ts:99:14)
      at transformSync (node_modules/@babel/core/src/transform.ts:66:52)
      at Object.require (src/styles/index.ts:29:1)

  console.error
    react-test-renderer is deprecated. See https://react.dev/warnings/react-test-renderer

    [0m [90m 92 |[39m   describe([32m'interactions'[39m[33m,[39m () [33m=>[39m {
     [90m 93 |[39m     it([32m'should call onSelectChip when a chip is pressed'[39m[33m,[39m () [33m=>[39m {
    [31m[1m>[22m[39m[90m 94 |[39m       [36mconst[39m { getByText } [33m=[39m render([33m<[39m[33mChipSelector[39m {[33m...[39mdefaultProps} [33m/[39m[33m>[39m)[33m;[39m
     [90m    |[39m                                   [31m[1m^[22m[39m
     [90m 95 |[39m
     [90m 96 |[39m       fireEvent[33m.[39mpress(getByText([32m'10'[39m))[33m;[39m
     [90m 97 |[39m[0m

      at Object.process.env.NODE_ENV.exports.create (node_modules/react-test-renderer/cjs/react-test-renderer.development.js:14598:17)
      at create (node_modules/@testing-library/react-native/src/render-act.ts:15:29)
      at callback (node_modules/@testing-library/react-native/src/act.ts:31:24)
      at process.env.NODE_ENV.exports.act (node_modules/react/cjs/react.development.js:789:22)
      at actImplementation (node_modules/@testing-library/react-native/src/act.ts:30:25)
      at renderWithAct (node_modules/@testing-library/react-native/src/render-act.ts:13:11)
      at renderInternal (node_modules/@testing-library/react-native/src/render.tsx:69:33)
      at renderInternal (node_modules/@testing-library/react-native/src/render.tsx:44:10)
      at Object.<anonymous> (src/components/ChipSelector/ChipSelector.test.tsx:94:35)

  console.error
    react-test-renderer is deprecated. See https://react.dev/warnings/react-test-renderer

    [0m [90m 155 |[39m
     [90m 156 |[39m     it([32m'should have button accessibility role'[39m[33m,[39m () [33m=>[39m {
    [31m[1m>[22m[39m[90m 157 |[39m       [36mconst[39m { getByLabelText } [33m=[39m render([33m<[39m[33mRouletteNumberCell[39m {[33m...[39mdefaultProps} [33m/[39m[33m>[39m)[33m;[39m
     [90m     |[39m                                        [31m[1m^[22m[39m
     [90m 158 |[39m
     [90m 159 |[39m       [90m// The accessibilityRole is set to 'button' in the component[39m
     [90m 160 |[39m       [36mconst[39m button [33m=[39m getByLabelText([32m'Number 5, red'[39m)[33m;[39m[0m

      at Object.process.env.NODE_ENV.exports.create (node_modules/react-test-renderer/cjs/react-test-renderer.development.js:14598:17)
      at create (node_modules/@testing-library/react-native/src/render-act.ts:15:29)
      at callback (node_modules/@testing-library/react-native/src/act.ts:31:24)
      at process.env.NODE_ENV.exports.act (node_modules/react/cjs/react.development.js:789:22)
      at actImplementation (node_modules/@testing-library/react-native/src/act.ts:30:25)
      at renderWithAct (node_modules/@testing-library/react-native/src/render-act.ts:13:11)
      at renderInternal (node_modules/@testing-library/react-native/src/render.tsx:69:33)
      at renderInternal (node_modules/@testing-library/react-native/src/render.tsx:44:10)
      at Object.<anonymous> (src/components/roulette/RouletteNumberCell.test.tsx:157:40)

  console.error
    An update to SettingsProvider inside a test was not wrapped in act(...).
    
    When testing, code that causes React state updates should be wrapped into act(...):
    
    act(() => {
      /* fire events that update state */
    });
    /* assert on the output */
    
    This ensures that you're testing the behavior the user would see in the browser. Learn more at https://react.dev/link/wrap-tests-with-act

    [0m [90m 30 |[39m         [90m// Use defaults if load fails[39m
     [90m 31 |[39m       } [36mfinally[39m {
    [31m[1m>[22m[39m[90m 32 |[39m         setIsLoaded([36mtrue[39m)[33m;[39m
     [90m    |[39m         [31m[1m^[22m[39m
     [90m 33 |[39m       }
     [90m 34 |[39m     }[33m;[39m
     [90m 35 |[39m     loadSettings()[33m;[39m[0m

      at node_modules/react-test-renderer/cjs/react-test-renderer.development.js:11801:19
      at runWithFiberInDEV (node_modules/react-test-renderer/cjs/react-test-renderer.development.js:1574:13)
      at warnIfUpdatesNotWrappedWithActDEV (node_modules/react-test-renderer/cjs/react-test-renderer.development.js:11800:9)
      at scheduleUpdateOnFiber (node_modules/react-test-renderer/cjs/react-test-renderer.development.js:10326:9)
      at dispatchSetStateInternal (node_modules/react-test-renderer/cjs/react-test-renderer.development.js:4148:13)
      at dispatchSetState (node_modules/react-test-renderer/cjs/react-test-renderer.development.js:4107:7)
      at setIsLoaded (src/contexts/SettingsContext.tsx:32:9)

  console.error
    react-test-renderer is deprecated. See https://react.dev/warnings/react-test-renderer

    [0m [90m 101 |[39m
     [90m 102 |[39m     it([32m'should call onSelectChip with correct value for each chip'[39m[33m,[39m () [33m=>[39m {
    [31m[1m>[22m[39m[90m 103 |[39m       [36mconst[39m { getByText } [33m=[39m render([33m<[39m[33mChipSelector[39m {[33m...[39mdefaultProps} [33m/[39m[33m>[39m)[33m;[39m
     [90m     |[39m                                   [31m[1m^[22m[39m
     [90m 104 |[39m
     [90m 105 |[39m       [36mconst[39m chipValues [33m=[39m [[35m1[39m[33m,[39m [35m5[39m[33m,[39m [35m10[39m[33m,[39m [35m25[39m[33m,[39m [35m100[39m[33m,[39m [35m500[39m[33m,[39m [35m1000[39m][33m;[39m
     [90m 106 |[39m[0m

      at Object.process.env.NODE_ENV.exports.create (node_modules/react-test-renderer/cjs/react-test-renderer.development.js:14598:17)
      at create (node_modules/@testing-library/react-native/src/render-act.ts:15:29)
      at callback (node_modules/@testing-library/react-native/src/act.ts:31:24)
      at process.env.NODE_ENV.exports.act (node_modules/react/cjs/react.development.js:789:22)
      at actImplementation (node_modules/@testing-library/react-native/src/act.ts:30:25)
      at renderWithAct (node_modules/@testing-library/react-native/src/render-act.ts:13:11)
      at renderInternal (node_modules/@testing-library/react-native/src/render.tsx:69:33)
      at renderInternal (node_modules/@testing-library/react-native/src/render.tsx:44:10)
      at Object.<anonymous> (src/components/ChipSelector/ChipSelector.test.tsx:103:35)

  console.error
    react-test-renderer is deprecated. See https://react.dev/warnings/react-test-renderer

    [0m [90m 116 |[39m
     [90m 117 |[39m     it([32m'should allow selecting the same chip multiple times'[39m[33m,[39m () [33m=>[39m {
    [31m[1m>[22m[39m[90m 118 |[39m       [36mconst[39m { getByText } [33m=[39m render([33m<[39m[33mChipSelector[39m {[33m...[39mdefaultProps} [33m/[39m[33m>[39m)[33m;[39m
     [90m     |[39m                                   [31m[1m^[22m[39m
     [90m 119 |[39m
     [90m 120 |[39m       fireEvent[33m.[39mpress(getByText([32m'5'[39m))[33m;[39m
     [90m 121 |[39m       fireEvent[33m.[39mpress(getByText([32m'5'[39m))[33m;[39m[0m

      at Object.process.env.NODE_ENV.exports.create (node_modules/react-test-renderer/cjs/react-test-renderer.development.js:14598:17)
      at create (node_modules/@testing-library/react-native/src/render-act.ts:15:29)
      at callback (node_modules/@testing-library/react-native/src/act.ts:31:24)
      at process.env.NODE_ENV.exports.act (node_modules/react/cjs/react.development.js:789:22)
      at actImplementation (node_modules/@testing-library/react-native/src/act.ts:30:25)
      at renderWithAct (node_modules/@testing-library/react-native/src/render-act.ts:13:11)
      at renderInternal (node_modules/@testing-library/react-native/src/render.tsx:69:33)
      at renderInternal (node_modules/@testing-library/react-native/src/render.tsx:44:10)
      at Object.<anonymous> (src/components/ChipSelector/ChipSelector.test.tsx:118:35)

  console.error
    react-test-renderer is deprecated. See https://react.dev/warnings/react-test-renderer

    [0m [90m 127 |[39m   describe([32m'accessibility'[39m[33m,[39m () [33m=>[39m {
     [90m 128 |[39m     it([32m'should have correct accessibility label for unselected chip'[39m[33m,[39m () [33m=>[39m {
    [31m[1m>[22m[39m[90m 129 |[39m       [36mconst[39m { getByLabelText } [33m=[39m render([33m<[39m[33mChipSelector[39m {[33m...[39mdefaultProps} [33m/[39m[33m>[39m)[33m;[39m
     [90m     |[39m                                        [31m[1m^[22m[39m
     [90m 130 |[39m
     [90m 131 |[39m       [90m// 10 is not selected[39m
     [90m 132 |[39m       [36mconst[39m chip10 [33m=[39m getByLabelText([32m'Select $10 chip'[39m)[33m;[39m[0m

      at Object.process.env.NODE_ENV.exports.create (node_modules/react-test-renderer/cjs/react-test-renderer.development.js:14598:17)
      at create (node_modules/@testing-library/react-native/src/render-act.ts:15:29)
      at callback (node_modules/@testing-library/react-native/src/act.ts:31:24)
      at process.env.NODE_ENV.exports.act (node_modules/react/cjs/react.development.js:789:22)
      at actImplementation (node_modules/@testing-library/react-native/src/act.ts:30:25)
      at renderWithAct (node_modules/@testing-library/react-native/src/render-act.ts:13:11)
      at renderInternal (node_modules/@testing-library/react-native/src/render.tsx:69:33)
      at renderInternal (node_modules/@testing-library/react-native/src/render.tsx:44:10)
      at Object.<anonymous> (src/components/ChipSelector/ChipSelector.test.tsx:129:40)

  console.error
    react-test-renderer is deprecated. See https://react.dev/warnings/react-test-renderer

    [0m [90m 163 |[39m
     [90m 164 |[39m     it([32m'should have accessibility hint for placing bets'[39m[33m,[39m () [33m=>[39m {
    [31m[1m>[22m[39m[90m 165 |[39m       [36mconst[39m { getByHintText } [33m=[39m render([33m<[39m[33mRouletteNumberCell[39m {[33m...[39mdefaultProps} [33m/[39m[33m>[39m)[33m;[39m
     [90m     |[39m                                       [31m[1m^[22m[39m
     [90m 166 |[39m
     [90m 167 |[39m       expect(getByHintText([32m'Double tap to place a bet on this number'[39m))[33m.[39mtoBeTruthy()[33m;[39m
     [90m 168 |[39m     })[33m;[39m[0m

      at Object.process.env.NODE_ENV.exports.create (node_modules/react-test-renderer/cjs/react-test-renderer.development.js:14598:17)
      at create (node_modules/@testing-library/react-native/src/render-act.ts:15:29)
      at callback (node_modules/@testing-library/react-native/src/act.ts:31:24)
      at process.env.NODE_ENV.exports.act (node_modules/react/cjs/react.development.js:789:22)
      at actImplementation (node_modules/@testing-library/react-native/src/act.ts:30:25)
      at renderWithAct (node_modules/@testing-library/react-native/src/render-act.ts:13:11)
      at renderInternal (node_modules/@testing-library/react-native/src/render.tsx:69:33)
      at renderInternal (node_modules/@testing-library/react-native/src/render.tsx:44:10)
      at Object.<anonymous> (src/components/roulette/RouletteNumberCell.test.tsx:165:39)

PASS src/features/racetrack-sector-training/screens/SectorTrainingScreen/SectorTrainingScreen.test.tsx
  SectorTrainingScreen
    Rendering
      ΓêÜ renders without crashing (430 ms)
      ΓêÜ renders with different sector modes (426 ms)
    Mode Handling
      ΓêÜ handles voisins mode (185 ms)
      ΓêÜ handles tier mode (68 ms)
      ΓêÜ handles orphelins mode (145 ms)
      ΓêÜ handles zero mode (61 ms)
      ΓêÜ uses random mode as default if not provided (58 ms)
    HUD Elements
      ΓêÜ displays score section (86 ms)

  console.error
    react-test-renderer is deprecated. See https://react.dev/warnings/react-test-renderer

    [0m [90m 135 |[39m
     [90m 136 |[39m     it([32m'should have correct accessibility label for selected chip'[39m[33m,[39m () [33m=>[39m {
    [31m[1m>[22m[39m[90m 137 |[39m       [36mconst[39m { getByLabelText } [33m=[39m render([33m<[39m[33mChipSelector[39m {[33m...[39mdefaultProps} [33m/[39m[33m>[39m)[33m;[39m
     [90m     |[39m                                        [31m[1m^[22m[39m
     [90m 138 |[39m
     [90m 139 |[39m       [90m// 5 is selected[39m
     [90m 140 |[39m       [36mconst[39m chip5 [33m=[39m getByLabelText([32m'Select $5 chip, selected'[39m)[33m;[39m[0m

      at Object.process.env.NODE_ENV.exports.create (node_modules/react-test-renderer/cjs/react-test-renderer.development.js:14598:17)
      at create (node_modules/@testing-library/react-native/src/render-act.ts:15:29)
      at callback (node_modules/@testing-library/react-native/src/act.ts:31:24)
      at process.env.NODE_ENV.exports.act (node_modules/react/cjs/react.development.js:789:22)
      at actImplementation (node_modules/@testing-library/react-native/src/act.ts:30:25)
      at renderWithAct (node_modules/@testing-library/react-native/src/render-act.ts:13:11)
      at renderInternal (node_modules/@testing-library/react-native/src/render.tsx:69:33)
      at renderInternal (node_modules/@testing-library/react-native/src/render.tsx:44:10)
      at Object.<anonymous> (src/components/ChipSelector/ChipSelector.test.tsx:137:40)

  console.error
    react-test-renderer is deprecated. See https://react.dev/warnings/react-test-renderer

    [0m [90m 171 |[39m   describe([32m'memoization'[39m[33m,[39m () [33m=>[39m {
     [90m 172 |[39m     it([32m'should not re-render when same props are passed'[39m[33m,[39m () [33m=>[39m {
    [31m[1m>[22m[39m[90m 173 |[39m       [36mconst[39m { rerender[33m,[39m getByText } [33m=[39m render([33m<[39m[33mRouletteNumberCell[39m {[33m...[39mdefaultProps} [33m/[39m[33m>[39m)[33m;[39m
     [90m     |[39m                                             [31m[1m^[22m[39m
     [90m 174 |[39m
     [90m 175 |[39m       rerender([33m<[39m[33mRouletteNumberCell[39m {[33m...[39mdefaultProps} [33m/[39m[33m>[39m)[33m;[39m
     [90m 176 |[39m[0m

      at Object.process.env.NODE_ENV.exports.create (node_modules/react-test-renderer/cjs/react-test-renderer.development.js:14598:17)
      at create (node_modules/@testing-library/react-native/src/render-act.ts:15:29)
      at callback (node_modules/@testing-library/react-native/src/act.ts:31:24)
      at process.env.NODE_ENV.exports.act (node_modules/react/cjs/react.development.js:789:22)
      at actImplementation (node_modules/@testing-library/react-native/src/act.ts:30:25)
      at renderWithAct (node_modules/@testing-library/react-native/src/render-act.ts:13:11)
      at renderInternal (node_modules/@testing-library/react-native/src/render.tsx:69:33)
      at renderInternal (node_modules/@testing-library/react-native/src/render.tsx:44:10)
      at Object.<anonymous> (src/components/roulette/RouletteNumberCell.test.tsx:173:45)

  console.error
    react-test-renderer is deprecated. See https://react.dev/warnings/react-test-renderer

    [0m [90m 143 |[39m
     [90m 144 |[39m     it([32m'should have accessibility hint for all chips'[39m[33m,[39m () [33m=>[39m {
    [31m[1m>[22m[39m[90m 145 |[39m       [36mconst[39m { getByLabelText } [33m=[39m render([33m<[39m[33mChipSelector[39m {[33m...[39mdefaultProps} [33m/[39m[33m>[39m)[33m;[39m
     [90m     |[39m                                        [31m[1m^[22m[39m
     [90m 146 |[39m
     [90m 147 |[39m       [36mconst[39m chip [33m=[39m getByLabelText([32m'Select $10 chip'[39m)[33m;[39m
     [90m 148 |[39m       expect(chip)[33m.[39mtoBeTruthy()[33m;[39m[0m

      at Object.process.env.NODE_ENV.exports.create (node_modules/react-test-renderer/cjs/react-test-renderer.development.js:14598:17)
      at create (node_modules/@testing-library/react-native/src/render-act.ts:15:29)
      at callback (node_modules/@testing-library/react-native/src/act.ts:31:24)
      at process.env.NODE_ENV.exports.act (node_modules/react/cjs/react.development.js:789:22)
      at actImplementation (node_modules/@testing-library/react-native/src/act.ts:30:25)
      at renderWithAct (node_modules/@testing-library/react-native/src/render-act.ts:13:11)
      at renderInternal (node_modules/@testing-library/react-native/src/render.tsx:69:33)
      at renderInternal (node_modules/@testing-library/react-native/src/render.tsx:44:10)
      at Object.<anonymous> (src/components/ChipSelector/ChipSelector.test.tsx:145:40)

  console.error
    react-test-renderer is deprecated. See https://react.dev/warnings/react-test-renderer

    [0m [90m 179 |[39m
     [90m 180 |[39m     it([32m'should re-render when number changes'[39m[33m,[39m () [33m=>[39m {
    [31m[1m>[22m[39m[90m 181 |[39m       [36mconst[39m { rerender[33m,[39m getByText[33m,[39m queryByText } [33m=[39m render([33m<[39m[33mRouletteNumberCell[39m {[33m...[39mdefaultProps} [33m/[39m[33m>[39m)[33m;[39m
     [90m     |[39m                                                          [31m[1m^[22m[39m
     [90m 182 |[39m
     [90m 183 |[39m       expect(getByText([32m'5'[39m))[33m.[39mtoBeTruthy()[33m;[39m
     [90m 184 |[39m[0m

      at Object.process.env.NODE_ENV.exports.create (node_modules/react-test-renderer/cjs/react-test-renderer.development.js:14598:17)
      at create (node_modules/@testing-library/react-native/src/render-act.ts:15:29)
      at callback (node_modules/@testing-library/react-native/src/act.ts:31:24)
      at process.env.NODE_ENV.exports.act (node_modules/react/cjs/react.development.js:789:22)
      at actImplementation (node_modules/@testing-library/react-native/src/act.ts:30:25)
      at renderWithAct (node_modules/@testing-library/react-native/src/render-act.ts:13:11)
      at renderInternal (node_modules/@testing-library/react-native/src/render.tsx:69:33)
      at renderInternal (node_modules/@testing-library/react-native/src/render.tsx:44:10)
      at Object.<anonymous> (src/components/roulette/RouletteNumberCell.test.tsx:181:58)

  console.error
    react-test-renderer is deprecated. See https://react.dev/warnings/react-test-renderer

    [0m [90m 150 |[39m
     [90m 151 |[39m     it([32m'should have button accessibility role'[39m[33m,[39m () [33m=>[39m {
    [31m[1m>[22m[39m[90m 152 |[39m       [36mconst[39m { getByLabelText } [33m=[39m render([33m<[39m[33mChipSelector[39m {[33m...[39mdefaultProps} [33m/[39m[33m>[39m)[33m;[39m
     [90m     |[39m                                        [31m[1m^[22m[39m
     [90m 153 |[39m
     [90m 154 |[39m       [36mconst[39m chip [33m=[39m getByLabelText([32m'Select $10 chip'[39m)[33m;[39m
     [90m 155 |[39m       expect(chip[33m.[39mprops[33m.[39maccessibilityRole)[33m.[39mtoBe([32m'button'[39m)[33m;[39m[0m

      at Object.process.env.NODE_ENV.exports.create (node_modules/react-test-renderer/cjs/react-test-renderer.development.js:14598:17)
      at create (node_modules/@testing-library/react-native/src/render-act.ts:15:29)
      at callback (node_modules/@testing-library/react-native/src/act.ts:31:24)
      at process.env.NODE_ENV.exports.act (node_modules/react/cjs/react.development.js:789:22)
      at actImplementation (node_modules/@testing-library/react-native/src/act.ts:30:25)
      at renderWithAct (node_modules/@testing-library/react-native/src/render-act.ts:13:11)
      at renderInternal (node_modules/@testing-library/react-native/src/render.tsx:69:33)
      at renderInternal (node_modules/@testing-library/react-native/src/render.tsx:44:10)
      at Object.<anonymous> (src/components/ChipSelector/ChipSelector.test.tsx:152:40)

  console.error
    react-test-renderer is deprecated. See https://react.dev/warnings/react-test-renderer

    [0m [90m 39 |[39m   describe([32m'rendering'[39m[33m,[39m () [33m=>[39m {
     [90m 40 |[39m     it([32m'should render zero cell'[39m[33m,[39m () [33m=>[39m {
    [31m[1m>[22m[39m[90m 41 |[39m       [36mconst[39m { getByText } [33m=[39m render([33m<[39m[33mRouletteZeroColumn[39m {[33m...[39mdefaultProps} [33m/[39m[33m>[39m)[33m;[39m
     [90m    |[39m                                   [31m[1m^[22m[39m
     [90m 42 |[39m       expect(getByText([32m'0'[39m))[33m.[39mtoBeTruthy()[33m;[39m
     [90m 43 |[39m     })[33m;[39m
     [90m 44 |[39m[0m

      at Object.process.env.NODE_ENV.exports.create (node_modules/react-test-renderer/cjs/react-test-renderer.development.js:14598:17)
      at create (node_modules/@testing-library/react-native/src/render-act.ts:15:29)
      at callback (node_modules/@testing-library/react-native/src/act.ts:31:24)
      at process.env.NODE_ENV.exports.act (node_modules/react/cjs/react.development.js:789:22)
      at actImplementation (node_modules/@testing-library/react-native/src/act.ts:30:25)
      at renderWithAct (node_modules/@testing-library/react-native/src/render-act.ts:13:11)
      at renderInternal (node_modules/@testing-library/react-native/src/render.tsx:69:33)
      at renderInternal (node_modules/@testing-library/react-native/src/render.tsx:44:10)
      at Object.<anonymous> (src/components/roulette/RouletteZeroColumn.test.tsx:41:35)

  console.error
    react-test-renderer is deprecated. See https://react.dev/warnings/react-test-renderer

    [0m [90m 190 |[39m
     [90m 191 |[39m     it([32m'should re-render when bet amount changes'[39m[33m,[39m () [33m=>[39m {
    [31m[1m>[22m[39m[90m 192 |[39m       [36mconst[39m { rerender[33m,[39m getByTestId } [33m=[39m render([33m<[39m[33mRouletteNumberCell[39m {[33m...[39mdefaultProps} [33m/[39m[33m>[39m)[33m;[39m
     [90m     |[39m                                               [31m[1m^[22m[39m
     [90m 193 |[39m
     [90m 194 |[39m       [36mconst[39m chipSize [33m=[39m [35m40[39m [33m*[39m [35m0.4[39m[33m;[39m
     [90m 195 |[39m       expect(getByTestId([32m`chip-0-${chipSize}`[39m))[33m.[39mtoBeTruthy()[33m;[39m[0m

      at Object.process.env.NODE_ENV.exports.create (node_modules/react-test-renderer/cjs/react-test-renderer.development.js:14598:17)
      at create (node_modules/@testing-library/react-native/src/render-act.ts:15:29)
      at callback (node_modules/@testing-library/react-native/src/act.ts:31:24)
      at process.env.NODE_ENV.exports.act (node_modules/react/cjs/react.development.js:789:22)
      at actImplementation (node_modules/@testing-library/react-native/src/act.ts:30:25)
      at renderWithAct (node_modules/@testing-library/react-native/src/render-act.ts:13:11)
      at renderInternal (node_modules/@testing-library/react-native/src/render.tsx:69:33)
      at renderInternal (node_modules/@testing-library/react-native/src/render.tsx:44:10)
      at Object.<anonymous> (src/components/roulette/RouletteNumberCell.test.tsx:192:47)

  console.error
    react-test-renderer is deprecated. See https://react.dev/warnings/react-test-renderer

    [0m [90m 44 |[39m
     [90m 45 |[39m     it([32m'should call getBetAmount with zero'[39m[33m,[39m () [33m=>[39m {
    [31m[1m>[22m[39m[90m 46 |[39m       render([33m<[39m[33mRouletteZeroColumn[39m {[33m...[39mdefaultProps} [33m/[39m[33m>[39m)[33m;[39m
     [90m    |[39m             [31m[1m^[22m[39m
     [90m 47 |[39m       expect(defaultProps[33m.[39mgetBetAmount)[33m.[39mtoHaveBeenCalledWith([[35m0[39m])[33m;[39m
     [90m 48 |[39m     })[33m;[39m
     [90m 49 |[39m   })[33m;[39m[0m

      at Object.process.env.NODE_ENV.exports.create (node_modules/react-test-renderer/cjs/react-test-renderer.development.js:14598:17)
      at create (node_modules/@testing-library/react-native/src/render-act.ts:15:29)
      at callback (node_modules/@testing-library/react-native/src/act.ts:31:24)
      at process.env.NODE_ENV.exports.act (node_modules/react/cjs/react.development.js:789:22)
      at actImplementation (node_modules/@testing-library/react-native/src/act.ts:30:25)
      at renderWithAct (node_modules/@testing-library/react-native/src/render-act.ts:13:11)
      at renderInternal (node_modules/@testing-library/react-native/src/render.tsx:69:33)
      at renderInternal (node_modules/@testing-library/react-native/src/render.tsx:44:10)
      at Object.<anonymous> (src/components/roulette/RouletteZeroColumn.test.tsx:46:13)

FAIL src/features/call-bets-training/components/ChallengeDisplay/ChallengeDisplay.test.tsx
  ΓùÅ Test suite failed to run

    SyntaxError: C:\Users\ivans\Desktop\Dev\CasinoTrainingApp\src\styles\textStyles.ts: Unexpected token, expected "(" (22:9)

      20 |     marginBottom: 4,
      21 |   } as TextStyle,
    > 22 |    * Size: 18px, Weight: 700, Color: Gold
         |          ^
      23 |    */
      24 |   goldTitle: {
      25 |     fontSize: 18,

      27 |
      28 | // Text style factories
    > 29 | export { createTextStyles } from './textStyles';
         | ^
      30 | export type { TextStyles } from './textStyles';
      31 |

      at constructor (node_modules/@babel/parser/src/parse-error.ts:95:45)
      at TypeScriptParserMixin.toParseError [as raise] (node_modules/@babel/parser/src/tokenizer/index.ts:1504:19)
      at TypeScriptParserMixin.raise [as unexpected] (node_modules/@babel/parser/src/tokenizer/index.ts:1544:16)
      at TypeScriptParserMixin.unexpected [as expect] (node_modules/@babel/parser/src/parser/util.ts:157:12)
      at TypeScriptParserMixin.expect (node_modules/@babel/parser/src/parser/statement.ts:1726:10)
      at TypeScriptParserMixin.parseFunctionParams (node_modules/@babel/parser/src/plugins/typescript/index.ts:3692:13)
      at TypeScriptParserMixin.parseFunctionParams (node_modules/@babel/parser/src/parser/expression.ts:2491:10)
      at TypeScriptParserMixin.parseMethod (node_modules/@babel/parser/src/plugins/typescript/index.ts:4312:28)
      at TypeScriptParserMixin.parseMethod [as parseObjectMethod] (node_modules/@babel/parser/src/parser/expression.ts:2300:19)
      at TypeScriptParserMixin.parseObjectMethod (node_modules/@babel/parser/src/parser/expression.ts:2381:24)
      at TypeScriptParserMixin.parseObjPropValue (node_modules/@babel/parser/src/plugins/typescript/index.ts:3675:20)
      at TypeScriptParserMixin.parseObjPropValue [as parsePropertyDefinition] (node_modules/@babel/parser/src/parser/expression.ts:2228:17)
      at TypeScriptParserMixin.parsePropertyDefinition [as parseObjectLike] (node_modules/@babel/parser/src/parser/expression.ts:2095:21)
      at TypeScriptParserMixin.parseObjectLike [as parseExprAtom] (node_modules/@babel/parser/src/parser/expression.ts:1181:21)
      at TypeScriptParserMixin.parseExprAtom [as parseExprSubscripts] (node_modules/@babel/parser/src/parser/expression.ts:742:23)
      at TypeScriptParserMixin.parseExprSubscripts [as parseUpdate] (node_modules/@babel/parser/src/parser/expression.ts:721:21)
      at TypeScriptParserMixin.parseUpdate (node_modules/@babel/parser/src/parser/expression.ts:683:23)
      at TypeScriptParserMixin.parseMaybeUnary (node_modules/@babel/parser/src/plugins/typescript/index.ts:3893:20)
      at TypeScriptParserMixin.parseMaybeUnary [as parseMaybeUnaryOrPrivate] (node_modules/@babel/parser/src/parser/expression.ts:417:14)
      at TypeScriptParserMixin.parseMaybeUnaryOrPrivate [as parseExprOps] (node_modules/@babel/parser/src/parser/expression.ts:429:23)
      at TypeScriptParserMixin.parseExprOps [as parseMaybeConditional] (node_modules/@babel/parser/src/parser/expression.ts:384:23)
      at TypeScriptParserMixin.parseMaybeConditional (node_modules/@babel/parser/src/parser/expression.ts:301:21)
      at TypeScriptParserMixin.parseMaybeAssign (node_modules/@babel/parser/src/plugins/typescript/index.ts:3764:22)
      at parseMaybeAssign (node_modules/@babel/parser/src/parser/expression.ts:257:12)
      at TypeScriptParserMixin.callback [as allowInAnd] (node_modules/@babel/parser/src/parser/expression.ts:3194:12)
      at TypeScriptParserMixin.allowInAnd [as parseMaybeAssignAllowIn] (node_modules/@babel/parser/src/parser/expression.ts:256:17)
      at TypeScriptParserMixin.parseMaybeAssignAllowIn [as parseMaybeAssignAllowInOrVoidPattern] (node_modules/@babel/parser/src/parser/expression.ts:3308:17)
      at TypeScriptParserMixin.parseMaybeAssignAllowInOrVoidPattern [as parseParenAndDistinguishExpression] (node_modules/@babel/parser/src/parser/expression.ts:1822:16)
      at TypeScriptParserMixin.parseParenAndDistinguishExpression [as parseExprAtom] (node_modules/@babel/parser/src/parser/expression.ts:1170:21)
      at TypeScriptParserMixin.parseExprAtom [as parseExprSubscripts] (node_modules/@babel/parser/src/parser/expression.ts:742:23)
      at TypeScriptParserMixin.parseExprSubscripts [as parseUpdate] (node_modules/@babel/parser/src/parser/expression.ts:721:21)
      at TypeScriptParserMixin.parseUpdate (node_modules/@babel/parser/src/parser/expression.ts:683:23)
      at TypeScriptParserMixin.parseMaybeUnary (node_modules/@babel/parser/src/plugins/typescript/index.ts:3893:20)
      at TypeScriptParserMixin.parseMaybeUnary [as parseMaybeUnaryOrPrivate] (node_modules/@babel/parser/src/parser/expression.ts:417:14)
      at TypeScriptParserMixin.parseMaybeUnaryOrPrivate [as parseExprOps] (node_modules/@babel/parser/src/parser/expression.ts:429:23)
      at TypeScriptParserMixin.parseExprOps [as parseMaybeConditional] (node_modules/@babel/parser/src/parser/expression.ts:384:23)
      at TypeScriptParserMixin.parseMaybeConditional (node_modules/@babel/parser/src/parser/expression.ts:301:21)
      at TypeScriptParserMixin.parseMaybeAssign (node_modules/@babel/parser/src/plugins/typescript/index.ts:3764:22)
      at TypeScriptParserMixin.parseMaybeAssign [as parseFunctionBody] (node_modules/@babel/parser/src/parser/expression.ts:2604:14)
      at TypeScriptParserMixin.parseFunctionBody [as parseArrowExpression] (node_modules/@babel/parser/src/parser/expression.ts:2559:10)
      at TypeScriptParserMixin.parseArrowExpression [as parseParenAndDistinguishExpression] (node_modules/@babel/parser/src/parser/expression.ts:1847:12)
      at TypeScriptParserMixin.parseParenAndDistinguishExpression [as parseExprAtom] (node_modules/@babel/parser/src/parser/expression.ts:1170:21)
      at TypeScriptParserMixin.parseExprAtom [as parseExprSubscripts] (node_modules/@babel/parser/src/parser/expression.ts:742:23)
      at TypeScriptParserMixin.parseExprSubscripts [as parseUpdate] (node_modules/@babel/parser/src/parser/expression.ts:721:21)
      at TypeScriptParserMixin.parseUpdate (node_modules/@babel/parser/src/parser/expression.ts:683:23)
      at TypeScriptParserMixin.parseMaybeUnary (node_modules/@babel/parser/src/plugins/typescript/index.ts:3893:20)
      at TypeScriptParserMixin.parseMaybeUnary [as parseMaybeUnaryOrPrivate] (node_modules/@babel/parser/src/parser/expression.ts:417:14)
      at TypeScriptParserMixin.parseMaybeUnaryOrPrivate [as parseExprOps] (node_modules/@babel/parser/src/parser/expression.ts:429:23)
      at TypeScriptParserMixin.parseExprOps [as parseMaybeConditional] (node_modules/@babel/parser/src/parser/expression.ts:384:23)
      at TypeScriptParserMixin.parseMaybeConditional (node_modules/@babel/parser/src/parser/expression.ts:301:21)
      at TypeScriptParserMixin.parseMaybeAssign (node_modules/@babel/parser/src/plugins/typescript/index.ts:3764:22)
      at parseMaybeAssign (node_modules/@babel/parser/src/parser/expression.ts:257:12)
      at TypeScriptParserMixin.callback [as allowInAnd] (node_modules/@babel/parser/src/parser/expression.ts:3189:16)
      at TypeScriptParserMixin.allowInAnd [as parseMaybeAssignAllowIn] (node_modules/@babel/parser/src/parser/expression.ts:256:17)
      at TypeScriptParserMixin.parseMaybeAssignAllowIn [as parseVar] (node_modules/@babel/parser/src/parser/statement.ts:1587:18)
      at TypeScriptParserMixin.parseVar (node_modules/@babel/parser/src/parser/statement.ts:1251:10)
      at TypeScriptParserMixin.parseVarStatement (node_modules/@babel/parser/src/plugins/typescript/index.ts:3085:33)
      at TypeScriptParserMixin.parseVarStatement (node_modules/@babel/parser/src/parser/statement.ts:612:21)
      at TypeScriptParserMixin.parseStatementContent (node_modules/@babel/parser/src/plugins/typescript/index.ts:3220:20)
      at TypeScriptParserMixin.parseStatementContent [as parseStatementLike] (node_modules/@babel/parser/src/parser/statement.ts:482:17)
      at TypeScriptParserMixin.parseStatementLike [as parseStatementListItem] (node_modules/@babel/parser/src/parser/statement.ts:431:17)
      at TypeScriptParserMixin.parseStatementListItem (node_modules/@babel/parser/src/parser/statement.ts:2635:17)
      at TypeScriptParserMixin.parseExportDeclaration (node_modules/@babel/parser/src/plugins/typescript/index.ts:3447:15)
      at TypeScriptParserMixin.parseExportDeclaration [as maybeParseExportDeclaration] (node_modules/@babel/parser/src/parser/statement.ts:2551:31)
      at TypeScriptParserMixin.maybeParseExportDeclaration (node_modules/@babel/parser/src/parser/statement.ts:2432:29)
      at TypeScriptParserMixin.parseExport (node_modules/@babel/parser/src/plugins/typescript/index.ts:3046:22)
      at TypeScriptParserMixin.parseExport (node_modules/@babel/parser/src/parser/statement.ts:649:25)
      at TypeScriptParserMixin.parseStatementContent (node_modules/@babel/parser/src/plugins/typescript/index.ts:3220:20)
      at TypeScriptParserMixin.parseStatementContent [as parseStatementLike] (node_modules/@babel/parser/src/parser/statement.ts:482:17)
      at TypeScriptParserMixin.parseStatementLike [as parseModuleItem] (node_modules/@babel/parser/src/parser/statement.ts:419:17)
      at TypeScriptParserMixin.parseModuleItem [as parseBlockOrModuleBlockBody] (node_modules/@babel/parser/src/parser/statement.ts:1443:16)
      at TypeScriptParserMixin.parseBlockOrModuleBlockBody [as parseBlockBody] (node_modules/@babel/parser/src/parser/statement.ts:1417:10)
      at TypeScriptParserMixin.parseBlockBody [as parseProgram] (node_modules/@babel/parser/src/parser/statement.ts:229:10)
      at TypeScriptParserMixin.parseProgram [as parseTopLevel] (node_modules/@babel/parser/src/parser/statement.ts:203:25)
      at TypeScriptParserMixin.parseTopLevel (node_modules/@babel/parser/src/parser/index.ts:83:25)
      at TypeScriptParserMixin.parse (node_modules/@babel/parser/src/plugins/typescript/index.ts:4354:20)
      at parse (node_modules/@babel/parser/src/index.ts:86:38)
      at parser (node_modules/@babel/core/src/parser/index.ts:29:19)
          at parser.next (<anonymous>)
      at normalizeFile (node_modules/@babel/core/src/transformation/normalize-file.ts:50:24)
          at normalizeFile.next (<anonymous>)
      at run (node_modules/@babel/core/src/transformation/index.ts:41:36)
          at run.next (<anonymous>)
      at transform (node_modules/@babel/core/src/transform.ts:29:20)
          at transform.next (<anonymous>)
      at evaluateSync (node_modules/gensync/index.js:251:28)
      at sync (node_modules/gensync/index.js:89:14)
      at fn (node_modules/@babel/core/src/errors/rewrite-stack-trace.ts:99:14)
      at transformSync (node_modules/@babel/core/src/transform.ts:66:52)
      at Object.require (src/styles/index.ts:29:1)

  console.error
    react-test-renderer is deprecated. See https://react.dev/warnings/react-test-renderer

    [0m [90m 20 |[39m   describe([32m'handleSectionPress'[39m[33m,[39m () [33m=>[39m {
     [90m 21 |[39m     it([32m'should place tier bets correctly'[39m[33m,[39m () [33m=>[39m {
    [31m[1m>[22m[39m[90m 22 |[39m       [36mconst[39m { result } [33m=[39m renderHook(() [33m=>[39m useAnnouncedBets(defaultProps))[33m;[39m
     [90m    |[39m                                    [31m[1m^[22m[39m
     [90m 23 |[39m
     [90m 24 |[39m       act(() [33m=>[39m {
     [90m 25 |[39m         result[33m.[39mcurrent[33m.[39mhandleSectionPress([32m'tier'[39m)[33m;[39m[0m

      at Object.process.env.NODE_ENV.exports.create (node_modules/react-test-renderer/cjs/react-test-renderer.development.js:14598:17)
      at create (node_modules/@testing-library/react-native/src/render-act.ts:15:29)
      at callback (node_modules/@testing-library/react-native/src/act.ts:31:24)
      at process.env.NODE_ENV.exports.act (node_modules/react/cjs/react.development.js:789:22)
      at actImplementation (node_modules/@testing-library/react-native/src/act.ts:30:25)
      at renderWithAct (node_modules/@testing-library/react-native/src/render-act.ts:13:11)
      at renderInternal (node_modules/@testing-library/react-native/src/render.tsx:69:33)
      at renderInternal (node_modules/@testing-library/react-native/src/render.tsx:44:10)
      at renderHook (node_modules/@testing-library/react-native/src/render-hook.tsx:55:58)
      at Object.<anonymous> (src/features/racetrack/hooks/__tests__/useAnnouncedBets.test.ts:22:36)

  console.error
    react-test-renderer is deprecated. See https://react.dev/warnings/react-test-renderer

    [0m [90m 203 |[39m   describe([32m'different cell sizes'[39m[33m,[39m () [33m=>[39m {
     [90m 204 |[39m     it([32m'should render with small cell size'[39m[33m,[39m () [33m=>[39m {
    [31m[1m>[22m[39m[90m 205 |[39m       [36mconst[39m { getByText } [33m=[39m render([33m<[39m[33mRouletteNumberCell[39m {[33m...[39mdefaultProps} cellSize[33m=[39m{[35m30[39m} [33m/[39m[33m>[39m)[33m;[39m
     [90m     |[39m                                   [31m[1m^[22m[39m
     [90m 206 |[39m
     [90m 207 |[39m       expect(getByText([32m'5'[39m))[33m.[39mtoBeTruthy()[33m;[39m
     [90m 208 |[39m     })[33m;[39m[0m

      at Object.process.env.NODE_ENV.exports.create (node_modules/react-test-renderer/cjs/react-test-renderer.development.js:14598:17)
      at create (node_modules/@testing-library/react-native/src/render-act.ts:15:29)
      at callback (node_modules/@testing-library/react-native/src/act.ts:31:24)
      at process.env.NODE_ENV.exports.act (node_modules/react/cjs/react.development.js:789:22)
      at actImplementation (node_modules/@testing-library/react-native/src/act.ts:30:25)
      at renderWithAct (node_modules/@testing-library/react-native/src/render-act.ts:13:11)
      at renderInternal (node_modules/@testing-library/react-native/src/render.tsx:69:33)
      at renderInternal (node_modules/@testing-library/react-native/src/render.tsx:44:10)
      at Object.<anonymous> (src/components/roulette/RouletteNumberCell.test.tsx:205:35)

  console.error
    react-test-renderer is deprecated. See https://react.dev/warnings/react-test-renderer

    [0m [90m 39 |[39m
     [90m 40 |[39m     it([32m'should place orphelins bets correctly'[39m[33m,[39m () [33m=>[39m {
    [31m[1m>[22m[39m[90m 41 |[39m       [36mconst[39m { result } [33m=[39m renderHook(() [33m=>[39m useAnnouncedBets(defaultProps))[33m;[39m
     [90m    |[39m                                    [31m[1m^[22m[39m
     [90m 42 |[39m
     [90m 43 |[39m       act(() [33m=>[39m {
     [90m 44 |[39m         result[33m.[39mcurrent[33m.[39mhandleSectionPress([32m'orphelins'[39m)[33m;[39m[0m

      at Object.process.env.NODE_ENV.exports.create (node_modules/react-test-renderer/cjs/react-test-renderer.development.js:14598:17)
      at create (node_modules/@testing-library/react-native/src/render-act.ts:15:29)
      at callback (node_modules/@testing-library/react-native/src/act.ts:31:24)
      at process.env.NODE_ENV.exports.act (node_modules/react/cjs/react.development.js:789:22)
      at actImplementation (node_modules/@testing-library/react-native/src/act.ts:30:25)
      at renderWithAct (node_modules/@testing-library/react-native/src/render-act.ts:13:11)
      at renderInternal (node_modules/@testing-library/react-native/src/render.tsx:69:33)
      at renderInternal (node_modules/@testing-library/react-native/src/render.tsx:44:10)
      at renderHook (node_modules/@testing-library/react-native/src/render-hook.tsx:55:58)
      at Object.<anonymous> (src/features/racetrack/hooks/__tests__/useAnnouncedBets.test.ts:41:36)

  console.error
    react-test-renderer is deprecated. See https://react.dev/warnings/react-test-renderer

    [0m [90m 54 |[39m
     [90m 55 |[39m     it([32m'should place zero game bets correctly'[39m[33m,[39m () [33m=>[39m {
    [31m[1m>[22m[39m[90m 56 |[39m       [36mconst[39m { result } [33m=[39m renderHook(() [33m=>[39m useAnnouncedBets(defaultProps))[33m;[39m
     [90m    |[39m                                    [31m[1m^[22m[39m
     [90m 57 |[39m
     [90m 58 |[39m       act(() [33m=>[39m {
     [90m 59 |[39m         result[33m.[39mcurrent[33m.[39mhandleSectionPress([32m'zero'[39m)[33m;[39m[0m

      at Object.process.env.NODE_ENV.exports.create (node_modules/react-test-renderer/cjs/react-test-renderer.development.js:14598:17)
      at create (node_modules/@testing-library/react-native/src/render-act.ts:15:29)
      at callback (node_modules/@testing-library/react-native/src/act.ts:31:24)
      at process.env.NODE_ENV.exports.act (node_modules/react/cjs/react.development.js:789:22)
      at actImplementation (node_modules/@testing-library/react-native/src/act.ts:30:25)
      at renderWithAct (node_modules/@testing-library/react-native/src/render-act.ts:13:11)
      at renderInternal (node_modules/@testing-library/react-native/src/render.tsx:69:33)
      at renderInternal (node_modules/@testing-library/react-native/src/render.tsx:44:10)
      at renderHook (node_modules/@testing-library/react-native/src/render-hook.tsx:55:58)
      at Object.<anonymous> (src/features/racetrack/hooks/__tests__/useAnnouncedBets.test.ts:56:36)

  console.error
    react-test-renderer is deprecated. See https://react.dev/warnings/react-test-renderer

    [0m [90m 52 |[39m     it([32m'should call onNumberPress with 0 when pressed'[39m[33m,[39m () [33m=>[39m {
     [90m 53 |[39m       [36mconst[39m onNumberPress [33m=[39m jest[33m.[39mfn()[33m;[39m
    [31m[1m>[22m[39m[90m 54 |[39m       [36mconst[39m { getByText } [33m=[39m render(
     [90m    |[39m                                   [31m[1m^[22m[39m
     [90m 55 |[39m         [33m<[39m[33mRouletteZeroColumn[39m {[33m...[39mdefaultProps} onNumberPress[33m=[39m{onNumberPress} [33m/[39m[33m>[39m
     [90m 56 |[39m       )[33m;[39m
     [90m 57 |[39m[0m

      at Object.process.env.NODE_ENV.exports.create (node_modules/react-test-renderer/cjs/react-test-renderer.development.js:14598:17)
      at create (node_modules/@testing-library/react-native/src/render-act.ts:15:29)
      at callback (node_modules/@testing-library/react-native/src/act.ts:31:24)
      at process.env.NODE_ENV.exports.act (node_modules/react/cjs/react.development.js:789:22)
      at actImplementation (node_modules/@testing-library/react-native/src/act.ts:30:25)
      at renderWithAct (node_modules/@testing-library/react-native/src/render-act.ts:13:11)
      at renderInternal (node_modules/@testing-library/react-native/src/render.tsx:69:33)
      at renderInternal (node_modules/@testing-library/react-native/src/render.tsx:44:10)
      at Object.<anonymous> (src/components/roulette/RouletteZeroColumn.test.tsx:54:35)

  console.error
    react-test-renderer is deprecated. See https://react.dev/warnings/react-test-renderer

    [0m [90m 68 |[39m
     [90m 69 |[39m     it([32m'should place voisins bets correctly'[39m[33m,[39m () [33m=>[39m {
    [31m[1m>[22m[39m[90m 70 |[39m       [36mconst[39m { result } [33m=[39m renderHook(() [33m=>[39m useAnnouncedBets(defaultProps))[33m;[39m
     [90m    |[39m                                    [31m[1m^[22m[39m
     [90m 71 |[39m
     [90m 72 |[39m       act(() [33m=>[39m {
     [90m 73 |[39m         result[33m.[39mcurrent[33m.[39mhandleSectionPress([32m'voisins'[39m)[33m;[39m[0m

      at Object.process.env.NODE_ENV.exports.create (node_modules/react-test-renderer/cjs/react-test-renderer.development.js:14598:17)
      at create (node_modules/@testing-library/react-native/src/render-act.ts:15:29)
      at callback (node_modules/@testing-library/react-native/src/act.ts:31:24)
      at process.env.NODE_ENV.exports.act (node_modules/react/cjs/react.development.js:789:22)
      at actImplementation (node_modules/@testing-library/react-native/src/act.ts:30:25)
      at renderWithAct (node_modules/@testing-library/react-native/src/render-act.ts:13:11)
      at renderInternal (node_modules/@testing-library/react-native/src/render.tsx:69:33)
      at renderInternal (node_modules/@testing-library/react-native/src/render.tsx:44:10)
      at renderHook (node_modules/@testing-library/react-native/src/render-hook.tsx:55:58)
      at Object.<anonymous> (src/features/racetrack/hooks/__tests__/useAnnouncedBets.test.ts:70:36)

  console.error
    react-test-renderer is deprecated. See https://react.dev/warnings/react-test-renderer

    [0m [90m 209 |[39m
     [90m 210 |[39m     it([32m'should render with large cell size'[39m[33m,[39m () [33m=>[39m {
    [31m[1m>[22m[39m[90m 211 |[39m       [36mconst[39m { getByText } [33m=[39m render([33m<[39m[33mRouletteNumberCell[39m {[33m...[39mdefaultProps} cellSize[33m=[39m{[35m60[39m} [33m/[39m[33m>[39m)[33m;[39m
     [90m     |[39m                                   [31m[1m^[22m[39m
     [90m 212 |[39m
     [90m 213 |[39m       expect(getByText([32m'5'[39m))[33m.[39mtoBeTruthy()[33m;[39m
     [90m 214 |[39m     })[33m;[39m[0m

      at Object.process.env.NODE_ENV.exports.create (node_modules/react-test-renderer/cjs/react-test-renderer.development.js:14598:17)
      at create (node_modules/@testing-library/react-native/src/render-act.ts:15:29)
      at callback (node_modules/@testing-library/react-native/src/act.ts:31:24)
      at process.env.NODE_ENV.exports.act (node_modules/react/cjs/react.development.js:789:22)
      at actImplementation (node_modules/@testing-library/react-native/src/act.ts:30:25)
      at renderWithAct (node_modules/@testing-library/react-native/src/render-act.ts:13:11)
      at renderInternal (node_modules/@testing-library/react-native/src/render.tsx:69:33)
      at renderInternal (node_modules/@testing-library/react-native/src/render.tsx:44:10)
      at Object.<anonymous> (src/components/roulette/RouletteNumberCell.test.tsx:211:35)

FAIL src/features/roulette-knowledge-training/screens/RKMenuScreen/RKMenuScreen.test.tsx
  ΓùÅ Test suite failed to run

    SyntaxError: C:\Users\ivans\Desktop\Dev\CasinoTrainingApp\src\styles\textStyles.ts: Unexpected token, expected "(" (22:9)

      20 |     marginBottom: 4,
      21 |   } as TextStyle,
    > 22 |    * Size: 18px, Weight: 700, Color: Gold
         |          ^
      23 |    */
      24 |   goldTitle: {
      25 |     fontSize: 18,

      27 |
      28 | // Text style factories
    > 29 | export { createTextStyles } from './textStyles';
         | ^
      30 | export type { TextStyles } from './textStyles';
      31 |

      at constructor (node_modules/@babel/parser/src/parse-error.ts:95:45)
      at TypeScriptParserMixin.toParseError [as raise] (node_modules/@babel/parser/src/tokenizer/index.ts:1504:19)
      at TypeScriptParserMixin.raise [as unexpected] (node_modules/@babel/parser/src/tokenizer/index.ts:1544:16)
      at TypeScriptParserMixin.unexpected [as expect] (node_modules/@babel/parser/src/parser/util.ts:157:12)
      at TypeScriptParserMixin.expect (node_modules/@babel/parser/src/parser/statement.ts:1726:10)
      at TypeScriptParserMixin.parseFunctionParams (node_modules/@babel/parser/src/plugins/typescript/index.ts:3692:13)
      at TypeScriptParserMixin.parseFunctionParams (node_modules/@babel/parser/src/parser/expression.ts:2491:10)
      at TypeScriptParserMixin.parseMethod (node_modules/@babel/parser/src/plugins/typescript/index.ts:4312:28)
      at TypeScriptParserMixin.parseMethod [as parseObjectMethod] (node_modules/@babel/parser/src/parser/expression.ts:2300:19)
      at TypeScriptParserMixin.parseObjectMethod (node_modules/@babel/parser/src/parser/expression.ts:2381:24)
      at TypeScriptParserMixin.parseObjPropValue (node_modules/@babel/parser/src/plugins/typescript/index.ts:3675:20)
      at TypeScriptParserMixin.parseObjPropValue [as parsePropertyDefinition] (node_modules/@babel/parser/src/parser/expression.ts:2228:17)
      at TypeScriptParserMixin.parsePropertyDefinition [as parseObjectLike] (node_modules/@babel/parser/src/parser/expression.ts:2095:21)
      at TypeScriptParserMixin.parseObjectLike [as parseExprAtom] (node_modules/@babel/parser/src/parser/expression.ts:1181:21)
      at TypeScriptParserMixin.parseExprAtom [as parseExprSubscripts] (node_modules/@babel/parser/src/parser/expression.ts:742:23)
      at TypeScriptParserMixin.parseExprSubscripts [as parseUpdate] (node_modules/@babel/parser/src/parser/expression.ts:721:21)
      at TypeScriptParserMixin.parseUpdate (node_modules/@babel/parser/src/parser/expression.ts:683:23)
      at TypeScriptParserMixin.parseMaybeUnary (node_modules/@babel/parser/src/plugins/typescript/index.ts:3893:20)
      at TypeScriptParserMixin.parseMaybeUnary [as parseMaybeUnaryOrPrivate] (node_modules/@babel/parser/src/parser/expression.ts:417:14)
      at TypeScriptParserMixin.parseMaybeUnaryOrPrivate [as parseExprOps] (node_modules/@babel/parser/src/parser/expression.ts:429:23)
      at TypeScriptParserMixin.parseExprOps [as parseMaybeConditional] (node_modules/@babel/parser/src/parser/expression.ts:384:23)
      at TypeScriptParserMixin.parseMaybeConditional (node_modules/@babel/parser/src/parser/expression.ts:301:21)
      at TypeScriptParserMixin.parseMaybeAssign (node_modules/@babel/parser/src/plugins/typescript/index.ts:3764:22)
      at parseMaybeAssign (node_modules/@babel/parser/src/parser/expression.ts:257:12)
      at TypeScriptParserMixin.callback [as allowInAnd] (node_modules/@babel/parser/src/parser/expression.ts:3194:12)
      at TypeScriptParserMixin.allowInAnd [as parseMaybeAssignAllowIn] (node_modules/@babel/parser/src/parser/expression.ts:256:17)
      at TypeScriptParserMixin.parseMaybeAssignAllowIn [as parseMaybeAssignAllowInOrVoidPattern] (node_modules/@babel/parser/src/parser/expression.ts:3308:17)
      at TypeScriptParserMixin.parseMaybeAssignAllowInOrVoidPattern [as parseParenAndDistinguishExpression] (node_modules/@babel/parser/src/parser/expression.ts:1822:16)
      at TypeScriptParserMixin.parseParenAndDistinguishExpression [as parseExprAtom] (node_modules/@babel/parser/src/parser/expression.ts:1170:21)
      at TypeScriptParserMixin.parseExprAtom [as parseExprSubscripts] (node_modules/@babel/parser/src/parser/expression.ts:742:23)
      at TypeScriptParserMixin.parseExprSubscripts [as parseUpdate] (node_modules/@babel/parser/src/parser/expression.ts:721:21)
      at TypeScriptParserMixin.parseUpdate (node_modules/@babel/parser/src/parser/expression.ts:683:23)
      at TypeScriptParserMixin.parseMaybeUnary (node_modules/@babel/parser/src/plugins/typescript/index.ts:3893:20)
      at TypeScriptParserMixin.parseMaybeUnary [as parseMaybeUnaryOrPrivate] (node_modules/@babel/parser/src/parser/expression.ts:417:14)
      at TypeScriptParserMixin.parseMaybeUnaryOrPrivate [as parseExprOps] (node_modules/@babel/parser/src/parser/expression.ts:429:23)
      at TypeScriptParserMixin.parseExprOps [as parseMaybeConditional] (node_modules/@babel/parser/src/parser/expression.ts:384:23)
      at TypeScriptParserMixin.parseMaybeConditional (node_modules/@babel/parser/src/parser/expression.ts:301:21)
      at TypeScriptParserMixin.parseMaybeAssign (node_modules/@babel/parser/src/plugins/typescript/index.ts:3764:22)
      at TypeScriptParserMixin.parseMaybeAssign [as parseFunctionBody] (node_modules/@babel/parser/src/parser/expression.ts:2604:14)
      at TypeScriptParserMixin.parseFunctionBody [as parseArrowExpression] (node_modules/@babel/parser/src/parser/expression.ts:2559:10)
      at TypeScriptParserMixin.parseArrowExpression [as parseParenAndDistinguishExpression] (node_modules/@babel/parser/src/parser/expression.ts:1847:12)
      at TypeScriptParserMixin.parseParenAndDistinguishExpression [as parseExprAtom] (node_modules/@babel/parser/src/parser/expression.ts:1170:21)
      at TypeScriptParserMixin.parseExprAtom [as parseExprSubscripts] (node_modules/@babel/parser/src/parser/expression.ts:742:23)
      at TypeScriptParserMixin.parseExprSubscripts [as parseUpdate] (node_modules/@babel/parser/src/parser/expression.ts:721:21)
      at TypeScriptParserMixin.parseUpdate (node_modules/@babel/parser/src/parser/expression.ts:683:23)
      at TypeScriptParserMixin.parseMaybeUnary (node_modules/@babel/parser/src/plugins/typescript/index.ts:3893:20)
      at TypeScriptParserMixin.parseMaybeUnary [as parseMaybeUnaryOrPrivate] (node_modules/@babel/parser/src/parser/expression.ts:417:14)
      at TypeScriptParserMixin.parseMaybeUnaryOrPrivate [as parseExprOps] (node_modules/@babel/parser/src/parser/expression.ts:429:23)
      at TypeScriptParserMixin.parseExprOps [as parseMaybeConditional] (node_modules/@babel/parser/src/parser/expression.ts:384:23)
      at TypeScriptParserMixin.parseMaybeConditional (node_modules/@babel/parser/src/parser/expression.ts:301:21)
      at TypeScriptParserMixin.parseMaybeAssign (node_modules/@babel/parser/src/plugins/typescript/index.ts:3764:22)
      at parseMaybeAssign (node_modules/@babel/parser/src/parser/expression.ts:257:12)
      at TypeScriptParserMixin.callback [as allowInAnd] (node_modules/@babel/parser/src/parser/expression.ts:3189:16)
      at TypeScriptParserMixin.allowInAnd [as parseMaybeAssignAllowIn] (node_modules/@babel/parser/src/parser/expression.ts:256:17)
      at TypeScriptParserMixin.parseMaybeAssignAllowIn [as parseVar] (node_modules/@babel/parser/src/parser/statement.ts:1587:18)
      at TypeScriptParserMixin.parseVar (node_modules/@babel/parser/src/parser/statement.ts:1251:10)
      at TypeScriptParserMixin.parseVarStatement (node_modules/@babel/parser/src/plugins/typescript/index.ts:3085:33)
      at TypeScriptParserMixin.parseVarStatement (node_modules/@babel/parser/src/parser/statement.ts:612:21)
      at TypeScriptParserMixin.parseStatementContent (node_modules/@babel/parser/src/plugins/typescript/index.ts:3220:20)
      at TypeScriptParserMixin.parseStatementContent [as parseStatementLike] (node_modules/@babel/parser/src/parser/statement.ts:482:17)
      at TypeScriptParserMixin.parseStatementLike [as parseStatementListItem] (node_modules/@babel/parser/src/parser/statement.ts:431:17)
      at TypeScriptParserMixin.parseStatementListItem (node_modules/@babel/parser/src/parser/statement.ts:2635:17)
      at TypeScriptParserMixin.parseExportDeclaration (node_modules/@babel/parser/src/plugins/typescript/index.ts:3447:15)
      at TypeScriptParserMixin.parseExportDeclaration [as maybeParseExportDeclaration] (node_modules/@babel/parser/src/parser/statement.ts:2551:31)
      at TypeScriptParserMixin.maybeParseExportDeclaration (node_modules/@babel/parser/src/parser/statement.ts:2432:29)
      at TypeScriptParserMixin.parseExport (node_modules/@babel/parser/src/plugins/typescript/index.ts:3046:22)
      at TypeScriptParserMixin.parseExport (node_modules/@babel/parser/src/parser/statement.ts:649:25)
      at TypeScriptParserMixin.parseStatementContent (node_modules/@babel/parser/src/plugins/typescript/index.ts:3220:20)
      at TypeScriptParserMixin.parseStatementContent [as parseStatementLike] (node_modules/@babel/parser/src/parser/statement.ts:482:17)
      at TypeScriptParserMixin.parseStatementLike [as parseModuleItem] (node_modules/@babel/parser/src/parser/statement.ts:419:17)
      at TypeScriptParserMixin.parseModuleItem [as parseBlockOrModuleBlockBody] (node_modules/@babel/parser/src/parser/statement.ts:1443:16)
      at TypeScriptParserMixin.parseBlockOrModuleBlockBody [as parseBlockBody] (node_modules/@babel/parser/src/parser/statement.ts:1417:10)
      at TypeScriptParserMixin.parseBlockBody [as parseProgram] (node_modules/@babel/parser/src/parser/statement.ts:229:10)
      at TypeScriptParserMixin.parseProgram [as parseTopLevel] (node_modules/@babel/parser/src/parser/statement.ts:203:25)
      at TypeScriptParserMixin.parseTopLevel (node_modules/@babel/parser/src/parser/index.ts:83:25)
      at TypeScriptParserMixin.parse (node_modules/@babel/parser/src/plugins/typescript/index.ts:4354:20)
      at parse (node_modules/@babel/parser/src/index.ts:86:38)
      at parser (node_modules/@babel/core/src/parser/index.ts:29:19)
          at parser.next (<anonymous>)
      at normalizeFile (node_modules/@babel/core/src/transformation/normalize-file.ts:50:24)
          at normalizeFile.next (<anonymous>)
      at run (node_modules/@babel/core/src/transformation/index.ts:41:36)
          at run.next (<anonymous>)
      at transform (node_modules/@babel/core/src/transform.ts:29:20)
          at transform.next (<anonymous>)
      at evaluateSync (node_modules/gensync/index.js:251:28)
      at sync (node_modules/gensync/index.js:89:14)
      at fn (node_modules/@babel/core/src/errors/rewrite-stack-trace.ts:99:14)
      at transformSync (node_modules/@babel/core/src/transform.ts:66:52)
      at Object.require (src/styles/index.ts:29:1)

  console.error
    react-test-renderer is deprecated. See https://react.dev/warnings/react-test-renderer

    [0m [90m 215 |[39m
     [90m 216 |[39m     it([32m'should calculate chip size based on cell size'[39m[33m,[39m () [33m=>[39m {
    [31m[1m>[22m[39m[90m 217 |[39m       [36mconst[39m { getByTestId } [33m=[39m render(
     [90m     |[39m                                     [31m[1m^[22m[39m
     [90m 218 |[39m         [33m<[39m[33mRouletteNumberCell[39m {[33m...[39mdefaultProps} cellSize[33m=[39m{[35m50[39m} betAmount[33m=[39m{[35m10[39m} [33m/[39m[33m>[39m
     [90m 219 |[39m       )[33m;[39m
     [90m 220 |[39m[0m

      at Object.process.env.NODE_ENV.exports.create (node_modules/react-test-renderer/cjs/react-test-renderer.development.js:14598:17)
      at create (node_modules/@testing-library/react-native/src/render-act.ts:15:29)
      at callback (node_modules/@testing-library/react-native/src/act.ts:31:24)
      at process.env.NODE_ENV.exports.act (node_modules/react/cjs/react.development.js:789:22)
      at actImplementation (node_modules/@testing-library/react-native/src/act.ts:30:25)
      at renderWithAct (node_modules/@testing-library/react-native/src/render-act.ts:13:11)
      at renderInternal (node_modules/@testing-library/react-native/src/render.tsx:69:33)
      at renderInternal (node_modules/@testing-library/react-native/src/render.tsx:44:10)
      at Object.<anonymous> (src/components/roulette/RouletteNumberCell.test.tsx:217:37)

  console.error
    react-test-renderer is deprecated. See https://react.dev/warnings/react-test-renderer

    [0m [90m 62 |[39m     it([32m'should call onBetAreaPress when pressed'[39m[33m,[39m () [33m=>[39m {
     [90m 63 |[39m       [36mconst[39m onBetAreaPress [33m=[39m jest[33m.[39mfn()[33m;[39m
    [31m[1m>[22m[39m[90m 64 |[39m       [36mconst[39m { getByText } [33m=[39m render(
     [90m    |[39m                                   [31m[1m^[22m[39m
     [90m 65 |[39m         [33m<[39m[33mRouletteZeroColumn[39m {[33m...[39mdefaultProps} onBetAreaPress[33m=[39m{onBetAreaPress} [33m/[39m[33m>[39m
     [90m 66 |[39m       )[33m;[39m
     [90m 67 |[39m[0m

      at Object.process.env.NODE_ENV.exports.create (node_modules/react-test-renderer/cjs/react-test-renderer.development.js:14598:17)
      at create (node_modules/@testing-library/react-native/src/render-act.ts:15:29)
      at callback (node_modules/@testing-library/react-native/src/act.ts:31:24)
      at process.env.NODE_ENV.exports.act (node_modules/react/cjs/react.development.js:789:22)
      at actImplementation (node_modules/@testing-library/react-native/src/act.ts:30:25)
      at renderWithAct (node_modules/@testing-library/react-native/src/render-act.ts:13:11)
      at renderInternal (node_modules/@testing-library/react-native/src/render.tsx:69:33)
      at renderInternal (node_modules/@testing-library/react-native/src/render.tsx:44:10)
      at Object.<anonymous> (src/components/roulette/RouletteZeroColumn.test.tsx:64:35)

FAIL src/features/texas-holdem-ultimate-training/screens/THUMenuScreen/THUMenuScreen.test.tsx
  ΓùÅ Test suite failed to run

    SyntaxError: C:\Users\ivans\Desktop\Dev\CasinoTrainingApp\src\styles\textStyles.ts: Unexpected token, expected "(" (22:9)

      20 |     marginBottom: 4,
      21 |   } as TextStyle,
    > 22 |    * Size: 18px, Weight: 700, Color: Gold
         |          ^
      23 |    */
      24 |   goldTitle: {
      25 |     fontSize: 18,

      27 |
      28 | // Text style factories
    > 29 | export { createTextStyles } from './textStyles';
         | ^
      30 | export type { TextStyles } from './textStyles';
      31 |

      at constructor (node_modules/@babel/parser/src/parse-error.ts:95:45)
      at TypeScriptParserMixin.toParseError [as raise] (node_modules/@babel/parser/src/tokenizer/index.ts:1504:19)
      at TypeScriptParserMixin.raise [as unexpected] (node_modules/@babel/parser/src/tokenizer/index.ts:1544:16)
      at TypeScriptParserMixin.unexpected [as expect] (node_modules/@babel/parser/src/parser/util.ts:157:12)
      at TypeScriptParserMixin.expect (node_modules/@babel/parser/src/parser/statement.ts:1726:10)
      at TypeScriptParserMixin.parseFunctionParams (node_modules/@babel/parser/src/plugins/typescript/index.ts:3692:13)
      at TypeScriptParserMixin.parseFunctionParams (node_modules/@babel/parser/src/parser/expression.ts:2491:10)
      at TypeScriptParserMixin.parseMethod (node_modules/@babel/parser/src/plugins/typescript/index.ts:4312:28)
      at TypeScriptParserMixin.parseMethod [as parseObjectMethod] (node_modules/@babel/parser/src/parser/expression.ts:2300:19)
      at TypeScriptParserMixin.parseObjectMethod (node_modules/@babel/parser/src/parser/expression.ts:2381:24)
      at TypeScriptParserMixin.parseObjPropValue (node_modules/@babel/parser/src/plugins/typescript/index.ts:3675:20)
      at TypeScriptParserMixin.parseObjPropValue [as parsePropertyDefinition] (node_modules/@babel/parser/src/parser/expression.ts:2228:17)
      at TypeScriptParserMixin.parsePropertyDefinition [as parseObjectLike] (node_modules/@babel/parser/src/parser/expression.ts:2095:21)
      at TypeScriptParserMixin.parseObjectLike [as parseExprAtom] (node_modules/@babel/parser/src/parser/expression.ts:1181:21)
      at TypeScriptParserMixin.parseExprAtom [as parseExprSubscripts] (node_modules/@babel/parser/src/parser/expression.ts:742:23)
      at TypeScriptParserMixin.parseExprSubscripts [as parseUpdate] (node_modules/@babel/parser/src/parser/expression.ts:721:21)
      at TypeScriptParserMixin.parseUpdate (node_modules/@babel/parser/src/parser/expression.ts:683:23)
      at TypeScriptParserMixin.parseMaybeUnary (node_modules/@babel/parser/src/plugins/typescript/index.ts:3893:20)
      at TypeScriptParserMixin.parseMaybeUnary [as parseMaybeUnaryOrPrivate] (node_modules/@babel/parser/src/parser/expression.ts:417:14)
      at TypeScriptParserMixin.parseMaybeUnaryOrPrivate [as parseExprOps] (node_modules/@babel/parser/src/parser/expression.ts:429:23)
      at TypeScriptParserMixin.parseExprOps [as parseMaybeConditional] (node_modules/@babel/parser/src/parser/expression.ts:384:23)
      at TypeScriptParserMixin.parseMaybeConditional (node_modules/@babel/parser/src/parser/expression.ts:301:21)
      at TypeScriptParserMixin.parseMaybeAssign (node_modules/@babel/parser/src/plugins/typescript/index.ts:3764:22)
      at parseMaybeAssign (node_modules/@babel/parser/src/parser/expression.ts:257:12)
      at TypeScriptParserMixin.callback [as allowInAnd] (node_modules/@babel/parser/src/parser/expression.ts:3194:12)
      at TypeScriptParserMixin.allowInAnd [as parseMaybeAssignAllowIn] (node_modules/@babel/parser/src/parser/expression.ts:256:17)
      at TypeScriptParserMixin.parseMaybeAssignAllowIn [as parseMaybeAssignAllowInOrVoidPattern] (node_modules/@babel/parser/src/parser/expression.ts:3308:17)
      at TypeScriptParserMixin.parseMaybeAssignAllowInOrVoidPattern [as parseParenAndDistinguishExpression] (node_modules/@babel/parser/src/parser/expression.ts:1822:16)
      at TypeScriptParserMixin.parseParenAndDistinguishExpression [as parseExprAtom] (node_modules/@babel/parser/src/parser/expression.ts:1170:21)
      at TypeScriptParserMixin.parseExprAtom [as parseExprSubscripts] (node_modules/@babel/parser/src/parser/expression.ts:742:23)
      at TypeScriptParserMixin.parseExprSubscripts [as parseUpdate] (node_modules/@babel/parser/src/parser/expression.ts:721:21)
      at TypeScriptParserMixin.parseUpdate (node_modules/@babel/parser/src/parser/expression.ts:683:23)
      at TypeScriptParserMixin.parseMaybeUnary (node_modules/@babel/parser/src/plugins/typescript/index.ts:3893:20)
      at TypeScriptParserMixin.parseMaybeUnary [as parseMaybeUnaryOrPrivate] (node_modules/@babel/parser/src/parser/expression.ts:417:14)
      at TypeScriptParserMixin.parseMaybeUnaryOrPrivate [as parseExprOps] (node_modules/@babel/parser/src/parser/expression.ts:429:23)
      at TypeScriptParserMixin.parseExprOps [as parseMaybeConditional] (node_modules/@babel/parser/src/parser/expression.ts:384:23)
      at TypeScriptParserMixin.parseMaybeConditional (node_modules/@babel/parser/src/parser/expression.ts:301:21)
      at TypeScriptParserMixin.parseMaybeAssign (node_modules/@babel/parser/src/plugins/typescript/index.ts:3764:22)
      at TypeScriptParserMixin.parseMaybeAssign [as parseFunctionBody] (node_modules/@babel/parser/src/parser/expression.ts:2604:14)
      at TypeScriptParserMixin.parseFunctionBody [as parseArrowExpression] (node_modules/@babel/parser/src/parser/expression.ts:2559:10)
      at TypeScriptParserMixin.parseArrowExpression [as parseParenAndDistinguishExpression] (node_modules/@babel/parser/src/parser/expression.ts:1847:12)
      at TypeScriptParserMixin.parseParenAndDistinguishExpression [as parseExprAtom] (node_modules/@babel/parser/src/parser/expression.ts:1170:21)
      at TypeScriptParserMixin.parseExprAtom [as parseExprSubscripts] (node_modules/@babel/parser/src/parser/expression.ts:742:23)
      at TypeScriptParserMixin.parseExprSubscripts [as parseUpdate] (node_modules/@babel/parser/src/parser/expression.ts:721:21)
      at TypeScriptParserMixin.parseUpdate (node_modules/@babel/parser/src/parser/expression.ts:683:23)
      at TypeScriptParserMixin.parseMaybeUnary (node_modules/@babel/parser/src/plugins/typescript/index.ts:3893:20)
      at TypeScriptParserMixin.parseMaybeUnary [as parseMaybeUnaryOrPrivate] (node_modules/@babel/parser/src/parser/expression.ts:417:14)
      at TypeScriptParserMixin.parseMaybeUnaryOrPrivate [as parseExprOps] (node_modules/@babel/parser/src/parser/expression.ts:429:23)
      at TypeScriptParserMixin.parseExprOps [as parseMaybeConditional] (node_modules/@babel/parser/src/parser/expression.ts:384:23)
      at TypeScriptParserMixin.parseMaybeConditional (node_modules/@babel/parser/src/parser/expression.ts:301:21)
      at TypeScriptParserMixin.parseMaybeAssign (node_modules/@babel/parser/src/plugins/typescript/index.ts:3764:22)
      at parseMaybeAssign (node_modules/@babel/parser/src/parser/expression.ts:257:12)
      at TypeScriptParserMixin.callback [as allowInAnd] (node_modules/@babel/parser/src/parser/expression.ts:3189:16)
      at TypeScriptParserMixin.allowInAnd [as parseMaybeAssignAllowIn] (node_modules/@babel/parser/src/parser/expression.ts:256:17)
      at TypeScriptParserMixin.parseMaybeAssignAllowIn [as parseVar] (node_modules/@babel/parser/src/parser/statement.ts:1587:18)
      at TypeScriptParserMixin.parseVar (node_modules/@babel/parser/src/parser/statement.ts:1251:10)
      at TypeScriptParserMixin.parseVarStatement (node_modules/@babel/parser/src/plugins/typescript/index.ts:3085:33)
      at TypeScriptParserMixin.parseVarStatement (node_modules/@babel/parser/src/parser/statement.ts:612:21)
      at TypeScriptParserMixin.parseStatementContent (node_modules/@babel/parser/src/plugins/typescript/index.ts:3220:20)
      at TypeScriptParserMixin.parseStatementContent [as parseStatementLike] (node_modules/@babel/parser/src/parser/statement.ts:482:17)
      at TypeScriptParserMixin.parseStatementLike [as parseStatementListItem] (node_modules/@babel/parser/src/parser/statement.ts:431:17)
      at TypeScriptParserMixin.parseStatementListItem (node_modules/@babel/parser/src/parser/statement.ts:2635:17)
      at TypeScriptParserMixin.parseExportDeclaration (node_modules/@babel/parser/src/plugins/typescript/index.ts:3447:15)
      at TypeScriptParserMixin.parseExportDeclaration [as maybeParseExportDeclaration] (node_modules/@babel/parser/src/parser/statement.ts:2551:31)
      at TypeScriptParserMixin.maybeParseExportDeclaration (node_modules/@babel/parser/src/parser/statement.ts:2432:29)
      at TypeScriptParserMixin.parseExport (node_modules/@babel/parser/src/plugins/typescript/index.ts:3046:22)
      at TypeScriptParserMixin.parseExport (node_modules/@babel/parser/src/parser/statement.ts:649:25)
      at TypeScriptParserMixin.parseStatementContent (node_modules/@babel/parser/src/plugins/typescript/index.ts:3220:20)
      at TypeScriptParserMixin.parseStatementContent [as parseStatementLike] (node_modules/@babel/parser/src/parser/statement.ts:482:17)
      at TypeScriptParserMixin.parseStatementLike [as parseModuleItem] (node_modules/@babel/parser/src/parser/statement.ts:419:17)
      at TypeScriptParserMixin.parseModuleItem [as parseBlockOrModuleBlockBody] (node_modules/@babel/parser/src/parser/statement.ts:1443:16)
      at TypeScriptParserMixin.parseBlockOrModuleBlockBody [as parseBlockBody] (node_modules/@babel/parser/src/parser/statement.ts:1417:10)
      at TypeScriptParserMixin.parseBlockBody [as parseProgram] (node_modules/@babel/parser/src/parser/statement.ts:229:10)
      at TypeScriptParserMixin.parseProgram [as parseTopLevel] (node_modules/@babel/parser/src/parser/statement.ts:203:25)
      at TypeScriptParserMixin.parseTopLevel (node_modules/@babel/parser/src/parser/index.ts:83:25)
      at TypeScriptParserMixin.parse (node_modules/@babel/parser/src/plugins/typescript/index.ts:4354:20)
      at parse (node_modules/@babel/parser/src/index.ts:86:38)
      at parser (node_modules/@babel/core/src/parser/index.ts:29:19)
          at parser.next (<anonymous>)
      at normalizeFile (node_modules/@babel/core/src/transformation/normalize-file.ts:50:24)
          at normalizeFile.next (<anonymous>)
      at run (node_modules/@babel/core/src/transformation/index.ts:41:36)
          at run.next (<anonymous>)
      at transform (node_modules/@babel/core/src/transform.ts:29:20)
          at transform.next (<anonymous>)
      at evaluateSync (node_modules/gensync/index.js:251:28)
      at sync (node_modules/gensync/index.js:89:14)
      at fn (node_modules/@babel/core/src/errors/rewrite-stack-trace.ts:99:14)
      at transformSync (node_modules/@babel/core/src/transform.ts:66:52)
      at Object.require (src/styles/index.ts:29:1)

  console.error
    react-test-renderer is deprecated. See https://react.dev/warnings/react-test-renderer

    [0m [90m 71 |[39m
     [90m 72 |[39m     it([32m'should not crash when onBetAreaPress is undefined'[39m[33m,[39m () [33m=>[39m {
    [31m[1m>[22m[39m[90m 73 |[39m       [36mconst[39m { getByText } [33m=[39m render(
     [90m    |[39m                                   [31m[1m^[22m[39m
     [90m 74 |[39m         [33m<[39m[33mRouletteZeroColumn[39m {[33m...[39mdefaultProps} onBetAreaPress[33m=[39m{undefined} [33m/[39m[33m>[39m
     [90m 75 |[39m       )[33m;[39m
     [90m 76 |[39m[0m

      at Object.process.env.NODE_ENV.exports.create (node_modules/react-test-renderer/cjs/react-test-renderer.development.js:14598:17)
      at create (node_modules/@testing-library/react-native/src/render-act.ts:15:29)
      at callback (node_modules/@testing-library/react-native/src/act.ts:31:24)
      at process.env.NODE_ENV.exports.act (node_modules/react/cjs/react.development.js:789:22)
      at actImplementation (node_modules/@testing-library/react-native/src/act.ts:30:25)
      at renderWithAct (node_modules/@testing-library/react-native/src/render-act.ts:13:11)
      at renderInternal (node_modules/@testing-library/react-native/src/render.tsx:69:33)
      at renderInternal (node_modules/@testing-library/react-native/src/render.tsx:44:10)
      at Object.<anonymous> (src/components/roulette/RouletteZeroColumn.test.tsx:73:35)

  console.error
    react-test-renderer is deprecated. See https://react.dev/warnings/react-test-renderer

    [0m [90m 87 |[39m       }[33m;[39m
     [90m 88 |[39m
    [31m[1m>[22m[39m[90m 89 |[39m       [36mconst[39m { result } [33m=[39m renderHook(() [33m=>[39m useAnnouncedBets(props))[33m;[39m
     [90m    |[39m                                    [31m[1m^[22m[39m
     [90m 90 |[39m
     [90m 91 |[39m       act(() [33m=>[39m {
     [90m 92 |[39m         result[33m.[39mcurrent[33m.[39mhandleSectionPress([32m'tier'[39m)[33m;[39m[0m

      at Object.process.env.NODE_ENV.exports.create (node_modules/react-test-renderer/cjs/react-test-renderer.development.js:14598:17)
      at create (node_modules/@testing-library/react-native/src/render-act.ts:15:29)
      at callback (node_modules/@testing-library/react-native/src/act.ts:31:24)
      at process.env.NODE_ENV.exports.act (node_modules/react/cjs/react.development.js:789:22)
      at actImplementation (node_modules/@testing-library/react-native/src/act.ts:30:25)
      at renderWithAct (node_modules/@testing-library/react-native/src/render-act.ts:13:11)
      at renderInternal (node_modules/@testing-library/react-native/src/render.tsx:69:33)
      at renderInternal (node_modules/@testing-library/react-native/src/render.tsx:44:10)
      at renderHook (node_modules/@testing-library/react-native/src/render-hook.tsx:55:58)
      at Object.<anonymous> (src/features/racetrack/hooks/__tests__/useAnnouncedBets.test.ts:89:36)

PASS src/components/roulette/RouletteNumberCell.test.tsx
  RouletteNumberCell
    rendering
      ΓêÜ should render the number correctly (58 ms)
      ΓêÜ should render zero correctly (20 ms)
      ΓêÜ should render double zero correctly (10 ms)
      ΓêÜ should render chip when bet amount is greater than 0 (9 ms)
      ΓêÜ should render chip with amount 0 when no bet (14 ms)
    interactions
      ΓêÜ should call onNumberPress when pressed (55 ms)
      ΓêÜ should call onBetAreaPress when pressed (7 ms)
      ΓêÜ should handle press without onBetAreaPress callback (6 ms)
    accessibility
      ΓêÜ should have correct accessibility label for red number without bet (7 ms)
      ΓêÜ should have correct accessibility label for black number without bet (7 ms)
      ΓêÜ should have correct accessibility label for green number (zero) (11 ms)
      ΓêÜ should include bet amount in accessibility label when bet is placed (9 ms)
      ΓêÜ should have button accessibility role (14 ms)
      ΓêÜ should have accessibility hint for placing bets (55 ms)
    memoization
      ΓêÜ should not re-render when same props are passed (9 ms)
      ΓêÜ should re-render when number changes (15 ms)
      ΓêÜ should re-render when bet amount changes (17 ms)
    different cell sizes
      ΓêÜ should render with small cell size (31 ms)
      ΓêÜ should render with large cell size (7 ms)
      ΓêÜ should calculate chip size based on cell size (35 ms)

FAIL src/features/cash-conversion-training/components/ResultFeedback/ResultFeedback.test.tsx
  ΓùÅ Test suite failed to run

    SyntaxError: C:\Users\ivans\Desktop\Dev\CasinoTrainingApp\src\styles\textStyles.ts: Unexpected token, expected "(" (22:9)

      20 |     marginBottom: 4,
      21 |   } as TextStyle,
    > 22 |    * Size: 18px, Weight: 700, Color: Gold
         |          ^
      23 |    */
      24 |   goldTitle: {
      25 |     fontSize: 18,

      27 |
      28 | // Text style factories
    > 29 | export { createTextStyles } from './textStyles';
         | ^
      30 | export type { TextStyles } from './textStyles';
      31 |

      at constructor (node_modules/@babel/parser/src/parse-error.ts:95:45)
      at TypeScriptParserMixin.toParseError [as raise] (node_modules/@babel/parser/src/tokenizer/index.ts:1504:19)
      at TypeScriptParserMixin.raise [as unexpected] (node_modules/@babel/parser/src/tokenizer/index.ts:1544:16)
      at TypeScriptParserMixin.unexpected [as expect] (node_modules/@babel/parser/src/parser/util.ts:157:12)
      at TypeScriptParserMixin.expect (node_modules/@babel/parser/src/parser/statement.ts:1726:10)
      at TypeScriptParserMixin.parseFunctionParams (node_modules/@babel/parser/src/plugins/typescript/index.ts:3692:13)
      at TypeScriptParserMixin.parseFunctionParams (node_modules/@babel/parser/src/parser/expression.ts:2491:10)
      at TypeScriptParserMixin.parseMethod (node_modules/@babel/parser/src/plugins/typescript/index.ts:4312:28)
      at TypeScriptParserMixin.parseMethod [as parseObjectMethod] (node_modules/@babel/parser/src/parser/expression.ts:2300:19)
      at TypeScriptParserMixin.parseObjectMethod (node_modules/@babel/parser/src/parser/expression.ts:2381:24)
      at TypeScriptParserMixin.parseObjPropValue (node_modules/@babel/parser/src/plugins/typescript/index.ts:3675:20)
      at TypeScriptParserMixin.parseObjPropValue [as parsePropertyDefinition] (node_modules/@babel/parser/src/parser/expression.ts:2228:17)
      at TypeScriptParserMixin.parsePropertyDefinition [as parseObjectLike] (node_modules/@babel/parser/src/parser/expression.ts:2095:21)
      at TypeScriptParserMixin.parseObjectLike [as parseExprAtom] (node_modules/@babel/parser/src/parser/expression.ts:1181:21)
      at TypeScriptParserMixin.parseExprAtom [as parseExprSubscripts] (node_modules/@babel/parser/src/parser/expression.ts:742:23)
      at TypeScriptParserMixin.parseExprSubscripts [as parseUpdate] (node_modules/@babel/parser/src/parser/expression.ts:721:21)
      at TypeScriptParserMixin.parseUpdate (node_modules/@babel/parser/src/parser/expression.ts:683:23)
      at TypeScriptParserMixin.parseMaybeUnary (node_modules/@babel/parser/src/plugins/typescript/index.ts:3893:20)
      at TypeScriptParserMixin.parseMaybeUnary [as parseMaybeUnaryOrPrivate] (node_modules/@babel/parser/src/parser/expression.ts:417:14)
      at TypeScriptParserMixin.parseMaybeUnaryOrPrivate [as parseExprOps] (node_modules/@babel/parser/src/parser/expression.ts:429:23)
      at TypeScriptParserMixin.parseExprOps [as parseMaybeConditional] (node_modules/@babel/parser/src/parser/expression.ts:384:23)
      at TypeScriptParserMixin.parseMaybeConditional (node_modules/@babel/parser/src/parser/expression.ts:301:21)
      at TypeScriptParserMixin.parseMaybeAssign (node_modules/@babel/parser/src/plugins/typescript/index.ts:3764:22)
      at parseMaybeAssign (node_modules/@babel/parser/src/parser/expression.ts:257:12)
      at TypeScriptParserMixin.callback [as allowInAnd] (node_modules/@babel/parser/src/parser/expression.ts:3194:12)
      at TypeScriptParserMixin.allowInAnd [as parseMaybeAssignAllowIn] (node_modules/@babel/parser/src/parser/expression.ts:256:17)
      at TypeScriptParserMixin.parseMaybeAssignAllowIn [as parseMaybeAssignAllowInOrVoidPattern] (node_modules/@babel/parser/src/parser/expression.ts:3308:17)
      at TypeScriptParserMixin.parseMaybeAssignAllowInOrVoidPattern [as parseParenAndDistinguishExpression] (node_modules/@babel/parser/src/parser/expression.ts:1822:16)
      at TypeScriptParserMixin.parseParenAndDistinguishExpression [as parseExprAtom] (node_modules/@babel/parser/src/parser/expression.ts:1170:21)
      at TypeScriptParserMixin.parseExprAtom [as parseExprSubscripts] (node_modules/@babel/parser/src/parser/expression.ts:742:23)
      at TypeScriptParserMixin.parseExprSubscripts [as parseUpdate] (node_modules/@babel/parser/src/parser/expression.ts:721:21)
      at TypeScriptParserMixin.parseUpdate (node_modules/@babel/parser/src/parser/expression.ts:683:23)
      at TypeScriptParserMixin.parseMaybeUnary (node_modules/@babel/parser/src/plugins/typescript/index.ts:3893:20)
      at TypeScriptParserMixin.parseMaybeUnary [as parseMaybeUnaryOrPrivate] (node_modules/@babel/parser/src/parser/expression.ts:417:14)
      at TypeScriptParserMixin.parseMaybeUnaryOrPrivate [as parseExprOps] (node_modules/@babel/parser/src/parser/expression.ts:429:23)
      at TypeScriptParserMixin.parseExprOps [as parseMaybeConditional] (node_modules/@babel/parser/src/parser/expression.ts:384:23)
      at TypeScriptParserMixin.parseMaybeConditional (node_modules/@babel/parser/src/parser/expression.ts:301:21)
      at TypeScriptParserMixin.parseMaybeAssign (node_modules/@babel/parser/src/plugins/typescript/index.ts:3764:22)
      at TypeScriptParserMixin.parseMaybeAssign [as parseFunctionBody] (node_modules/@babel/parser/src/parser/expression.ts:2604:14)
      at TypeScriptParserMixin.parseFunctionBody [as parseArrowExpression] (node_modules/@babel/parser/src/parser/expression.ts:2559:10)
      at TypeScriptParserMixin.parseArrowExpression [as parseParenAndDistinguishExpression] (node_modules/@babel/parser/src/parser/expression.ts:1847:12)
      at TypeScriptParserMixin.parseParenAndDistinguishExpression [as parseExprAtom] (node_modules/@babel/parser/src/parser/expression.ts:1170:21)
      at TypeScriptParserMixin.parseExprAtom [as parseExprSubscripts] (node_modules/@babel/parser/src/parser/expression.ts:742:23)
      at TypeScriptParserMixin.parseExprSubscripts [as parseUpdate] (node_modules/@babel/parser/src/parser/expression.ts:721:21)
      at TypeScriptParserMixin.parseUpdate (node_modules/@babel/parser/src/parser/expression.ts:683:23)
      at TypeScriptParserMixin.parseMaybeUnary (node_modules/@babel/parser/src/plugins/typescript/index.ts:3893:20)
      at TypeScriptParserMixin.parseMaybeUnary [as parseMaybeUnaryOrPrivate] (node_modules/@babel/parser/src/parser/expression.ts:417:14)
      at TypeScriptParserMixin.parseMaybeUnaryOrPrivate [as parseExprOps] (node_modules/@babel/parser/src/parser/expression.ts:429:23)
      at TypeScriptParserMixin.parseExprOps [as parseMaybeConditional] (node_modules/@babel/parser/src/parser/expression.ts:384:23)
      at TypeScriptParserMixin.parseMaybeConditional (node_modules/@babel/parser/src/parser/expression.ts:301:21)
      at TypeScriptParserMixin.parseMaybeAssign (node_modules/@babel/parser/src/plugins/typescript/index.ts:3764:22)
      at parseMaybeAssign (node_modules/@babel/parser/src/parser/expression.ts:257:12)
      at TypeScriptParserMixin.callback [as allowInAnd] (node_modules/@babel/parser/src/parser/expression.ts:3189:16)
      at TypeScriptParserMixin.allowInAnd [as parseMaybeAssignAllowIn] (node_modules/@babel/parser/src/parser/expression.ts:256:17)
      at TypeScriptParserMixin.parseMaybeAssignAllowIn [as parseVar] (node_modules/@babel/parser/src/parser/statement.ts:1587:18)
      at TypeScriptParserMixin.parseVar (node_modules/@babel/parser/src/parser/statement.ts:1251:10)
      at TypeScriptParserMixin.parseVarStatement (node_modules/@babel/parser/src/plugins/typescript/index.ts:3085:33)
      at TypeScriptParserMixin.parseVarStatement (node_modules/@babel/parser/src/parser/statement.ts:612:21)
      at TypeScriptParserMixin.parseStatementContent (node_modules/@babel/parser/src/plugins/typescript/index.ts:3220:20)
      at TypeScriptParserMixin.parseStatementContent [as parseStatementLike] (node_modules/@babel/parser/src/parser/statement.ts:482:17)
      at TypeScriptParserMixin.parseStatementLike [as parseStatementListItem] (node_modules/@babel/parser/src/parser/statement.ts:431:17)
      at TypeScriptParserMixin.parseStatementListItem (node_modules/@babel/parser/src/parser/statement.ts:2635:17)
      at TypeScriptParserMixin.parseExportDeclaration (node_modules/@babel/parser/src/plugins/typescript/index.ts:3447:15)
      at TypeScriptParserMixin.parseExportDeclaration [as maybeParseExportDeclaration] (node_modules/@babel/parser/src/parser/statement.ts:2551:31)
      at TypeScriptParserMixin.maybeParseExportDeclaration (node_modules/@babel/parser/src/parser/statement.ts:2432:29)
      at TypeScriptParserMixin.parseExport (node_modules/@babel/parser/src/plugins/typescript/index.ts:3046:22)
      at TypeScriptParserMixin.parseExport (node_modules/@babel/parser/src/parser/statement.ts:649:25)
      at TypeScriptParserMixin.parseStatementContent (node_modules/@babel/parser/src/plugins/typescript/index.ts:3220:20)
      at TypeScriptParserMixin.parseStatementContent [as parseStatementLike] (node_modules/@babel/parser/src/parser/statement.ts:482:17)
      at TypeScriptParserMixin.parseStatementLike [as parseModuleItem] (node_modules/@babel/parser/src/parser/statement.ts:419:17)
      at TypeScriptParserMixin.parseModuleItem [as parseBlockOrModuleBlockBody] (node_modules/@babel/parser/src/parser/statement.ts:1443:16)
      at TypeScriptParserMixin.parseBlockOrModuleBlockBody [as parseBlockBody] (node_modules/@babel/parser/src/parser/statement.ts:1417:10)
      at TypeScriptParserMixin.parseBlockBody [as parseProgram] (node_modules/@babel/parser/src/parser/statement.ts:229:10)
      at TypeScriptParserMixin.parseProgram [as parseTopLevel] (node_modules/@babel/parser/src/parser/statement.ts:203:25)
      at TypeScriptParserMixin.parseTopLevel (node_modules/@babel/parser/src/parser/index.ts:83:25)
      at TypeScriptParserMixin.parse (node_modules/@babel/parser/src/plugins/typescript/index.ts:4354:20)
      at parse (node_modules/@babel/parser/src/index.ts:86:38)
      at parser (node_modules/@babel/core/src/parser/index.ts:29:19)
          at parser.next (<anonymous>)
      at normalizeFile (node_modules/@babel/core/src/transformation/normalize-file.ts:50:24)
          at normalizeFile.next (<anonymous>)
      at run (node_modules/@babel/core/src/transformation/index.ts:41:36)
          at run.next (<anonymous>)
      at transform (node_modules/@babel/core/src/transform.ts:29:20)
          at transform.next (<anonymous>)
      at evaluateSync (node_modules/gensync/index.js:251:28)
      at sync (node_modules/gensync/index.js:89:14)
      at fn (node_modules/@babel/core/src/errors/rewrite-stack-trace.ts:99:14)
      at transformSync (node_modules/@babel/core/src/transform.ts:66:52)
      at Object.require (src/styles/index.ts:29:1)

  console.error
    react-test-renderer is deprecated. See https://react.dev/warnings/react-test-renderer

    [0m [90m 105 |[39m       }[33m;[39m
     [90m 106 |[39m
    [31m[1m>[22m[39m[90m 107 |[39m       [36mconst[39m { result } [33m=[39m renderHook(() [33m=>[39m useAnnouncedBets(props))[33m;[39m
     [90m     |[39m                                    [31m[1m^[22m[39m
     [90m 108 |[39m
     [90m 109 |[39m       act(() [33m=>[39m {
     [90m 110 |[39m         result[33m.[39mcurrent[33m.[39mhandleSectionPress([32m'voisins'[39m)[33m;[39m[0m

      at Object.process.env.NODE_ENV.exports.create (node_modules/react-test-renderer/cjs/react-test-renderer.development.js:14598:17)
      at create (node_modules/@testing-library/react-native/src/render-act.ts:15:29)
      at callback (node_modules/@testing-library/react-native/src/act.ts:31:24)
      at process.env.NODE_ENV.exports.act (node_modules/react/cjs/react.development.js:789:22)
      at actImplementation (node_modules/@testing-library/react-native/src/act.ts:30:25)
      at renderWithAct (node_modules/@testing-library/react-native/src/render-act.ts:13:11)
      at renderInternal (node_modules/@testing-library/react-native/src/render.tsx:69:33)
      at renderInternal (node_modules/@testing-library/react-native/src/render.tsx:44:10)
      at renderHook (node_modules/@testing-library/react-native/src/render-hook.tsx:55:58)
      at Object.<anonymous> (src/features/racetrack/hooks/__tests__/useAnnouncedBets.test.ts:107:36)

  console.error
    react-test-renderer is deprecated. See https://react.dev/warnings/react-test-renderer

    [0m [90m 81 |[39m       [36mconst[39m onNumberPress [33m=[39m jest[33m.[39mfn()[33m;[39m
     [90m 82 |[39m       [36mconst[39m onBetAreaPress [33m=[39m jest[33m.[39mfn()[33m;[39m
    [31m[1m>[22m[39m[90m 83 |[39m       [36mconst[39m { getByText } [33m=[39m render(
     [90m    |[39m                                   [31m[1m^[22m[39m
     [90m 84 |[39m         [33m<[39m[33mRouletteZeroColumn[39m
     [90m 85 |[39m           {[33m...[39mdefaultProps}
     [90m 86 |[39m           onNumberPress[33m=[39m{onNumberPress}[0m

      at Object.process.env.NODE_ENV.exports.create (node_modules/react-test-renderer/cjs/react-test-renderer.development.js:14598:17)
      at create (node_modules/@testing-library/react-native/src/render-act.ts:15:29)
      at callback (node_modules/@testing-library/react-native/src/act.ts:31:24)
      at process.env.NODE_ENV.exports.act (node_modules/react/cjs/react.development.js:789:22)
      at actImplementation (node_modules/@testing-library/react-native/src/act.ts:30:25)
      at renderWithAct (node_modules/@testing-library/react-native/src/render-act.ts:13:11)
      at renderInternal (node_modules/@testing-library/react-native/src/render.tsx:69:33)
      at renderInternal (node_modules/@testing-library/react-native/src/render.tsx:44:10)
      at Object.<anonymous> (src/components/roulette/RouletteZeroColumn.test.tsx:83:35)

  console.error
    react-test-renderer is deprecated. See https://react.dev/warnings/react-test-renderer

    [0m [90m  5 |[39m
     [90m  6 |[39m [36mconst[39m renderWithTheme [33m=[39m (component[33m:[39m [33mReact[39m[33m.[39m[33mReactElement[39m) [33m=>[39m {
    [31m[1m>[22m[39m[90m  7 |[39m   [36mreturn[39m render([33m<[39m[33mThemeProvider[39m[33m>[39m{component}[33m<[39m[33m/[39m[33mThemeProvider[39m[33m>[39m)[33m;[39m
     [90m    |[39m                [31m[1m^[22m[39m
     [90m  8 |[39m }[33m;[39m
     [90m  9 |[39m
     [90m 10 |[39m describe([32m'CashDisplay'[39m[33m,[39m () [33m=>[39m {[0m

      at Object.process.env.NODE_ENV.exports.create (node_modules/react-test-renderer/cjs/react-test-renderer.development.js:14598:17)
      at create (node_modules/@testing-library/react-native/src/render-act.ts:15:29)
      at callback (node_modules/@testing-library/react-native/src/act.ts:31:24)
      at process.env.NODE_ENV.exports.act (node_modules/react/cjs/react.development.js:789:22)
      at actImplementation (node_modules/@testing-library/react-native/src/act.ts:30:25)
      at renderWithAct (node_modules/@testing-library/react-native/src/render-act.ts:13:11)
      at renderInternal (node_modules/@testing-library/react-native/src/render.tsx:69:33)
      at renderInternal (node_modules/@testing-library/react-native/src/render.tsx:44:10)
      at renderWithTheme (src/features/cash-conversion-training/components/CashDisplay/CashDisplay.test.tsx:7:16)
      at Object.renderWithTheme (src/features/cash-conversion-training/components/CashDisplay/CashDisplay.test.tsx:12:27)

  console.error
    react-test-renderer is deprecated. See https://react.dev/warnings/react-test-renderer

    [0m [90m 126 |[39m
     [90m 127 |[39m     it([32m'should not place bets for invalid section'[39m[33m,[39m () [33m=>[39m {
    [31m[1m>[22m[39m[90m 128 |[39m       [36mconst[39m { result } [33m=[39m renderHook(() [33m=>[39m useAnnouncedBets(defaultProps))[33m;[39m
     [90m     |[39m                                    [31m[1m^[22m[39m
     [90m 129 |[39m
     [90m 130 |[39m       act(() [33m=>[39m {
     [90m 131 |[39m         result[33m.[39mcurrent[33m.[39mhandleSectionPress([0m

      at Object.process.env.NODE_ENV.exports.create (node_modules/react-test-renderer/cjs/react-test-renderer.development.js:14598:17)
      at create (node_modules/@testing-library/react-native/src/render-act.ts:15:29)
      at callback (node_modules/@testing-library/react-native/src/act.ts:31:24)
      at process.env.NODE_ENV.exports.act (node_modules/react/cjs/react.development.js:789:22)
      at actImplementation (node_modules/@testing-library/react-native/src/act.ts:30:25)
      at renderWithAct (node_modules/@testing-library/react-native/src/render-act.ts:13:11)
      at renderInternal (node_modules/@testing-library/react-native/src/render.tsx:69:33)
      at renderInternal (node_modules/@testing-library/react-native/src/render.tsx:44:10)
      at renderHook (node_modules/@testing-library/react-native/src/render-hook.tsx:55:58)
      at Object.<anonymous> (src/features/racetrack/hooks/__tests__/useAnnouncedBets.test.ts:128:36)

  console.error
    react-test-renderer is deprecated. See https://react.dev/warnings/react-test-renderer

    [0m [90m  99 |[39m     it([32m'should display bet amount from getBetAmount'[39m[33m,[39m () [33m=>[39m {
     [90m 100 |[39m       [36mconst[39m getBetAmount [33m=[39m jest[33m.[39mfn(() [33m=>[39m [35m50[39m)[33m;[39m
    [31m[1m>[22m[39m[90m 101 |[39m       render([33m<[39m[33mRouletteZeroColumn[39m {[33m...[39mdefaultProps} getBetAmount[33m=[39m{getBetAmount} [33m/[39m[33m>[39m)[33m;[39m
     [90m     |[39m             [31m[1m^[22m[39m
     [90m 102 |[39m
     [90m 103 |[39m       expect(getBetAmount)[33m.[39mtoHaveBeenCalledWith([[35m0[39m])[33m;[39m
     [90m 104 |[39m     })[33m;[39m[0m

      at Object.process.env.NODE_ENV.exports.create (node_modules/react-test-renderer/cjs/react-test-renderer.development.js:14598:17)
      at create (node_modules/@testing-library/react-native/src/render-act.ts:15:29)
      at callback (node_modules/@testing-library/react-native/src/act.ts:31:24)
      at process.env.NODE_ENV.exports.act (node_modules/react/cjs/react.development.js:789:22)
      at actImplementation (node_modules/@testing-library/react-native/src/act.ts:30:25)
      at renderWithAct (node_modules/@testing-library/react-native/src/render-act.ts:13:11)
      at renderInternal (node_modules/@testing-library/react-native/src/render.tsx:69:33)
      at renderInternal (node_modules/@testing-library/react-native/src/render.tsx:44:10)
      at Object.<anonymous> (src/components/roulette/RouletteZeroColumn.test.tsx:101:13)

  console.error
    react-test-renderer is deprecated. See https://react.dev/warnings/react-test-renderer

    [0m [90m 140 |[39m   describe([32m'handleNumberPress'[39m[33m,[39m () [33m=>[39m {
     [90m 141 |[39m     it([32m'should place neighbor bets for valid number'[39m[33m,[39m () [33m=>[39m {
    [31m[1m>[22m[39m[90m 142 |[39m       [36mconst[39m { result } [33m=[39m renderHook(() [33m=>[39m useAnnouncedBets(defaultProps))[33m;[39m
     [90m     |[39m                                    [31m[1m^[22m[39m
     [90m 143 |[39m
     [90m 144 |[39m       act(() [33m=>[39m {
     [90m 145 |[39m         result[33m.[39mcurrent[33m.[39mhandleNumberPress([32m'17'[39m)[33m;[39m[0m

      at Object.process.env.NODE_ENV.exports.create (node_modules/react-test-renderer/cjs/react-test-renderer.development.js:14598:17)
      at create (node_modules/@testing-library/react-native/src/render-act.ts:15:29)
      at callback (node_modules/@testing-library/react-native/src/act.ts:31:24)
      at process.env.NODE_ENV.exports.act (node_modules/react/cjs/react.development.js:789:22)
      at actImplementation (node_modules/@testing-library/react-native/src/act.ts:30:25)
      at renderWithAct (node_modules/@testing-library/react-native/src/render-act.ts:13:11)
      at renderInternal (node_modules/@testing-library/react-native/src/render.tsx:69:33)
      at renderInternal (node_modules/@testing-library/react-native/src/render.tsx:44:10)
      at renderHook (node_modules/@testing-library/react-native/src/render-hook.tsx:55:58)
      at Object.<anonymous> (src/features/racetrack/hooks/__tests__/useAnnouncedBets.test.ts:142:36)

  console.error
    react-test-renderer is deprecated. See https://react.dev/warnings/react-test-renderer

    [0m [90m 13 |[39m   describe([32m'rendering'[39m[33m,[39m () [33m=>[39m {
     [90m 14 |[39m     it([32m'should render without crashing'[39m[33m,[39m () [33m=>[39m {
    [31m[1m>[22m[39m[90m 15 |[39m       [36mconst[39m { toJSON } [33m=[39m render([33m<[39m[33mRacetrackOverlays[39m width[33m=[39m{[35m350[39m} height[33m=[39m{[35m140[39m} [33m/[39m[33m>[39m)[33m;[39m
     [90m    |[39m                                [31m[1m^[22m[39m
     [90m 16 |[39m       expect(toJSON())[33m.[39mtoBeNull()[33m;[39m
     [90m 17 |[39m     })[33m;[39m
     [90m 18 |[39m[0m

      at Object.process.env.NODE_ENV.exports.create (node_modules/react-test-renderer/cjs/react-test-renderer.development.js:14598:17)
      at create (node_modules/@testing-library/react-native/src/render-act.ts:15:29)
      at callback (node_modules/@testing-library/react-native/src/act.ts:31:24)
      at process.env.NODE_ENV.exports.act (node_modules/react/cjs/react.development.js:789:22)
      at actImplementation (node_modules/@testing-library/react-native/src/act.ts:30:25)
      at renderWithAct (node_modules/@testing-library/react-native/src/render-act.ts:13:11)
      at renderInternal (node_modules/@testing-library/react-native/src/render.tsx:69:33)
      at renderInternal (node_modules/@testing-library/react-native/src/render.tsx:44:10)
      at Object.<anonymous> (src/features/racetrack/components/RacetrackOverlays/RacetrackOverlays.test.tsx:15:32)

  console.error
    react-test-renderer is deprecated. See https://react.dev/warnings/react-test-renderer

    [0m [90m 105 |[39m
     [90m 106 |[39m     it([32m'should calculate chip size based on cellSize'[39m[33m,[39m () [33m=>[39m {
    [31m[1m>[22m[39m[90m 107 |[39m       [36mconst[39m { [33mUNSAFE_root[39m } [33m=[39m render([33m<[39m[33mRouletteZeroColumn[39m {[33m...[39mdefaultProps} cellSize[33m=[39m{[35m50[39m} [33m/[39m[33m>[39m)[33m;[39m
     [90m     |[39m                                     [31m[1m^[22m[39m
     [90m 108 |[39m
     [90m 109 |[39m       [90m// Component renders without errors[39m
     [90m 110 |[39m       expect([33mUNSAFE_root[39m)[33m.[39mtoBeTruthy()[33m;[39m[0m

      at Object.process.env.NODE_ENV.exports.create (node_modules/react-test-renderer/cjs/react-test-renderer.development.js:14598:17)
      at create (node_modules/@testing-library/react-native/src/render-act.ts:15:29)
      at callback (node_modules/@testing-library/react-native/src/act.ts:31:24)
      at process.env.NODE_ENV.exports.act (node_modules/react/cjs/react.development.js:789:22)
      at actImplementation (node_modules/@testing-library/react-native/src/act.ts:30:25)
      at renderWithAct (node_modules/@testing-library/react-native/src/render-act.ts:13:11)
      at renderInternal (node_modules/@testing-library/react-native/src/render.tsx:69:33)
      at renderInternal (node_modules/@testing-library/react-native/src/render.tsx:44:10)
      at Object.<anonymous> (src/components/roulette/RouletteZeroColumn.test.tsx:107:37)

  console.error
    react-test-renderer is deprecated. See https://react.dev/warnings/react-test-renderer

    [0m [90m  5 |[39m
     [90m  6 |[39m [36mconst[39m renderWithTheme [33m=[39m (component[33m:[39m [33mReact[39m[33m.[39m[33mReactElement[39m) [33m=>[39m {
    [31m[1m>[22m[39m[90m  7 |[39m   [36mreturn[39m render([33m<[39m[33mThemeProvider[39m[33m>[39m{component}[33m<[39m[33m/[39m[33mThemeProvider[39m[33m>[39m)[33m;[39m
     [90m    |[39m                [31m[1m^[22m[39m
     [90m  8 |[39m }[33m;[39m
     [90m  9 |[39m
     [90m 10 |[39m describe([32m'CashDisplay'[39m[33m,[39m () [33m=>[39m {[0m

      at Object.process.env.NODE_ENV.exports.create (node_modules/react-test-renderer/cjs/react-test-renderer.development.js:14598:17)
      at create (node_modules/@testing-library/react-native/src/render-act.ts:15:29)
      at callback (node_modules/@testing-library/react-native/src/act.ts:31:24)
      at process.env.NODE_ENV.exports.act (node_modules/react/cjs/react.development.js:789:22)
      at actImplementation (node_modules/@testing-library/react-native/src/act.ts:30:25)
      at renderWithAct (node_modules/@testing-library/react-native/src/render-act.ts:13:11)
      at renderInternal (node_modules/@testing-library/react-native/src/render.tsx:69:33)
      at renderInternal (node_modules/@testing-library/react-native/src/render.tsx:44:10)
      at renderWithTheme (src/features/cash-conversion-training/components/CashDisplay/CashDisplay.test.tsx:7:16)
      at Object.renderWithTheme (src/features/cash-conversion-training/components/CashDisplay/CashDisplay.test.tsx:18:27)

  console.error
    react-test-renderer is deprecated. See https://react.dev/warnings/react-test-renderer

    [0m [90m 18 |[39m
     [90m 19 |[39m     it([32m'should render section buttons when onSectionPress is provided'[39m[33m,[39m () [33m=>[39m {
    [31m[1m>[22m[39m[90m 20 |[39m       [36mconst[39m { toJSON } [33m=[39m render(
     [90m    |[39m                                [31m[1m^[22m[39m
     [90m 21 |[39m         [33m<[39m[33mRacetrackOverlays[39m width[33m=[39m{[35m350[39m} height[33m=[39m{[35m140[39m} onSectionPress[33m=[39m{mockOnSectionPress} [33m/[39m[33m>[39m
     [90m 22 |[39m       )[33m;[39m
     [90m 23 |[39m       expect(toJSON())[33m.[39mtoBeTruthy()[33m;[39m[0m

      at Object.process.env.NODE_ENV.exports.create (node_modules/react-test-renderer/cjs/react-test-renderer.development.js:14598:17)
      at create (node_modules/@testing-library/react-native/src/render-act.ts:15:29)
      at callback (node_modules/@testing-library/react-native/src/act.ts:31:24)
      at process.env.NODE_ENV.exports.act (node_modules/react/cjs/react.development.js:789:22)
      at actImplementation (node_modules/@testing-library/react-native/src/act.ts:30:25)
      at renderWithAct (node_modules/@testing-library/react-native/src/render-act.ts:13:11)
      at renderInternal (node_modules/@testing-library/react-native/src/render.tsx:69:33)
      at renderInternal (node_modules/@testing-library/react-native/src/render.tsx:44:10)
      at Object.<anonymous> (src/features/racetrack/components/RacetrackOverlays/RacetrackOverlays.test.tsx:20:32)

  console.error
    react-test-renderer is deprecated. See https://react.dev/warnings/react-test-renderer

    [0m [90m 157 |[39m
     [90m 158 |[39m     it([32m'should have correct accessibility state for selected chip'[39m[33m,[39m () [33m=>[39m {
    [31m[1m>[22m[39m[90m 159 |[39m       [36mconst[39m { getByLabelText } [33m=[39m render([33m<[39m[33mChipSelector[39m {[33m...[39mdefaultProps} [33m/[39m[33m>[39m)[33m;[39m
     [90m     |[39m                                        [31m[1m^[22m[39m
     [90m 160 |[39m
     [90m 161 |[39m       [36mconst[39m selectedChip [33m=[39m getByLabelText([32m'Select $5 chip, selected'[39m)[33m;[39m
     [90m 162 |[39m       expect(selectedChip[33m.[39mprops[33m.[39maccessibilityState)[33m.[39mtoEqual({ selected[33m:[39m [36mtrue[39m })[33m;[39m[0m

      at Object.process.env.NODE_ENV.exports.create (node_modules/react-test-renderer/cjs/react-test-renderer.development.js:14598:17)
      at create (node_modules/@testing-library/react-native/src/render-act.ts:15:29)
      at callback (node_modules/@testing-library/react-native/src/act.ts:31:24)
      at process.env.NODE_ENV.exports.act (node_modules/react/cjs/react.development.js:789:22)
      at actImplementation (node_modules/@testing-library/react-native/src/act.ts:30:25)
      at renderWithAct (node_modules/@testing-library/react-native/src/render-act.ts:13:11)
      at renderInternal (node_modules/@testing-library/react-native/src/render.tsx:69:33)
      at renderInternal (node_modules/@testing-library/react-native/src/render.tsx:44:10)
      at Object.<anonymous> (src/components/ChipSelector/ChipSelector.test.tsx:159:40)

  console.error
    react-test-renderer is deprecated. See https://react.dev/warnings/react-test-renderer

    [0m [90m 114 |[39m   describe([32m'accessibility'[39m[33m,[39m () [33m=>[39m {
     [90m 115 |[39m     it([32m'should have accessibility label on zero cell'[39m[33m,[39m () [33m=>[39m {
    [31m[1m>[22m[39m[90m 116 |[39m       [36mconst[39m { getByLabelText } [33m=[39m render([33m<[39m[33mRouletteZeroColumn[39m {[33m...[39mdefaultProps} [33m/[39m[33m>[39m)[33m;[39m
     [90m     |[39m                                        [31m[1m^[22m[39m
     [90m 117 |[39m
     [90m 118 |[39m       expect(getByLabelText([32m'Zero, number 0'[39m))[33m.[39mtoBeTruthy()[33m;[39m
     [90m 119 |[39m     })[33m;[39m[0m

      at Object.process.env.NODE_ENV.exports.create (node_modules/react-test-renderer/cjs/react-test-renderer.development.js:14598:17)
      at create (node_modules/@testing-library/react-native/src/render-act.ts:15:29)
      at callback (node_modules/@testing-library/react-native/src/act.ts:31:24)
      at process.env.NODE_ENV.exports.act (node_modules/react/cjs/react.development.js:789:22)
      at actImplementation (node_modules/@testing-library/react-native/src/act.ts:30:25)
      at renderWithAct (node_modules/@testing-library/react-native/src/render-act.ts:13:11)
      at renderInternal (node_modules/@testing-library/react-native/src/render.tsx:69:33)
      at renderInternal (node_modules/@testing-library/react-native/src/render.tsx:44:10)
      at Object.<anonymous> (src/components/roulette/RouletteZeroColumn.test.tsx:116:40)

  console.error
    react-test-renderer is deprecated. See https://react.dev/warnings/react-test-renderer

    [0m [90m 25 |[39m
     [90m 26 |[39m     it([32m'should render number buttons when onNumberPress is provided'[39m[33m,[39m () [33m=>[39m {
    [31m[1m>[22m[39m[90m 27 |[39m       [36mconst[39m { toJSON } [33m=[39m render(
     [90m    |[39m                                [31m[1m^[22m[39m
     [90m 28 |[39m         [33m<[39m[33mRacetrackOverlays[39m width[33m=[39m{[35m350[39m} height[33m=[39m{[35m140[39m} onNumberPress[33m=[39m{mockOnNumberPress} [33m/[39m[33m>[39m
     [90m 29 |[39m       )[33m;[39m
     [90m 30 |[39m       expect(toJSON())[33m.[39mtoBeTruthy()[33m;[39m[0m

      at Object.process.env.NODE_ENV.exports.create (node_modules/react-test-renderer/cjs/react-test-renderer.development.js:14598:17)
      at create (node_modules/@testing-library/react-native/src/render-act.ts:15:29)
      at callback (node_modules/@testing-library/react-native/src/act.ts:31:24)
      at process.env.NODE_ENV.exports.act (node_modules/react/cjs/react.development.js:789:22)
      at actImplementation (node_modules/@testing-library/react-native/src/act.ts:30:25)
      at renderWithAct (node_modules/@testing-library/react-native/src/render-act.ts:13:11)
      at renderInternal (node_modules/@testing-library/react-native/src/render.tsx:69:33)
      at renderInternal (node_modules/@testing-library/react-native/src/render.tsx:44:10)
      at Object.<anonymous> (src/features/racetrack/components/RacetrackOverlays/RacetrackOverlays.test.tsx:27:32)

  console.error
    react-test-renderer is deprecated. See https://react.dev/warnings/react-test-renderer

    [0m [90m  5 |[39m
     [90m  6 |[39m [36mconst[39m renderWithTheme [33m=[39m (component[33m:[39m [33mReact[39m[33m.[39m[33mReactElement[39m) [33m=>[39m {
    [31m[1m>[22m[39m[90m  7 |[39m   [36mreturn[39m render([33m<[39m[33mThemeProvider[39m[33m>[39m{component}[33m<[39m[33m/[39m[33mThemeProvider[39m[33m>[39m)[33m;[39m
     [90m    |[39m                [31m[1m^[22m[39m
     [90m  8 |[39m }[33m;[39m
     [90m  9 |[39m
     [90m 10 |[39m describe([32m'CashDisplay'[39m[33m,[39m () [33m=>[39m {[0m

      at Object.process.env.NODE_ENV.exports.create (node_modules/react-test-renderer/cjs/react-test-renderer.development.js:14598:17)
      at create (node_modules/@testing-library/react-native/src/render-act.ts:15:29)
      at callback (node_modules/@testing-library/react-native/src/act.ts:31:24)
      at process.env.NODE_ENV.exports.act (node_modules/react/cjs/react.development.js:789:22)
      at actImplementation (node_modules/@testing-library/react-native/src/act.ts:30:25)
      at renderWithAct (node_modules/@testing-library/react-native/src/render-act.ts:13:11)
      at renderInternal (node_modules/@testing-library/react-native/src/render.tsx:69:33)
      at renderInternal (node_modules/@testing-library/react-native/src/render.tsx:44:10)
      at renderWithTheme (src/features/cash-conversion-training/components/CashDisplay/CashDisplay.test.tsx:7:16)
      at Object.renderWithTheme (src/features/cash-conversion-training/components/CashDisplay/CashDisplay.test.tsx:24:27)

  console.error
    react-test-renderer is deprecated. See https://react.dev/warnings/react-test-renderer

    [0m [90m 164 |[39m
     [90m 165 |[39m     it([32m'should have correct accessibility state for unselected chip'[39m[33m,[39m () [33m=>[39m {
    [31m[1m>[22m[39m[90m 166 |[39m       [36mconst[39m { getByLabelText } [33m=[39m render([33m<[39m[33mChipSelector[39m {[33m...[39mdefaultProps} [33m/[39m[33m>[39m)[33m;[39m
     [90m     |[39m                                        [31m[1m^[22m[39m
     [90m 167 |[39m
     [90m 168 |[39m       [36mconst[39m unselectedChip [33m=[39m getByLabelText([32m'Select $10 chip'[39m)[33m;[39m
     [90m 169 |[39m       expect(unselectedChip[33m.[39mprops[33m.[39maccessibilityState)[33m.[39mtoEqual({ selected[33m:[39m [36mfalse[39m })[33m;[39m[0m

      at Object.process.env.NODE_ENV.exports.create (node_modules/react-test-renderer/cjs/react-test-renderer.development.js:14598:17)
      at create (node_modules/@testing-library/react-native/src/render-act.ts:15:29)
      at callback (node_modules/@testing-library/react-native/src/act.ts:31:24)
      at process.env.NODE_ENV.exports.act (node_modules/react/cjs/react.development.js:789:22)
      at actImplementation (node_modules/@testing-library/react-native/src/act.ts:30:25)
      at renderWithAct (node_modules/@testing-library/react-native/src/render-act.ts:13:11)
      at renderInternal (node_modules/@testing-library/react-native/src/render.tsx:69:33)
      at renderInternal (node_modules/@testing-library/react-native/src/render.tsx:44:10)
      at Object.<anonymous> (src/components/ChipSelector/ChipSelector.test.tsx:166:40)

  console.error
    react-test-renderer is deprecated. See https://react.dev/warnings/react-test-renderer

    [0m [90m  5 |[39m
     [90m  6 |[39m [36mconst[39m renderWithTheme [33m=[39m (component[33m:[39m [33mReact[39m[33m.[39m[33mReactElement[39m) [33m=>[39m {
    [31m[1m>[22m[39m[90m  7 |[39m   [36mreturn[39m render([33m<[39m[33mThemeProvider[39m[33m>[39m{component}[33m<[39m[33m/[39m[33mThemeProvider[39m[33m>[39m)[33m;[39m
     [90m    |[39m                [31m[1m^[22m[39m
     [90m  8 |[39m }[33m;[39m
     [90m  9 |[39m
     [90m 10 |[39m describe([32m'CashDisplay'[39m[33m,[39m () [33m=>[39m {[0m

      at Object.process.env.NODE_ENV.exports.create (node_modules/react-test-renderer/cjs/react-test-renderer.development.js:14598:17)
      at create (node_modules/@testing-library/react-native/src/render-act.ts:15:29)
      at callback (node_modules/@testing-library/react-native/src/act.ts:31:24)
      at process.env.NODE_ENV.exports.act (node_modules/react/cjs/react.development.js:789:22)
      at actImplementation (node_modules/@testing-library/react-native/src/act.ts:30:25)
      at renderWithAct (node_modules/@testing-library/react-native/src/render-act.ts:13:11)
      at renderInternal (node_modules/@testing-library/react-native/src/render.tsx:69:33)
      at renderInternal (node_modules/@testing-library/react-native/src/render.tsx:44:10)
      at renderWithTheme (src/features/cash-conversion-training/components/CashDisplay/CashDisplay.test.tsx:7:16)
      at Object.renderWithTheme (src/features/cash-conversion-training/components/CashDisplay/CashDisplay.test.tsx:31:27)

  console.error
    react-test-renderer is deprecated. See https://react.dev/warnings/react-test-renderer

    [0m [90m 173 |[39m   describe([32m'edge cases'[39m[33m,[39m () [33m=>[39m {
     [90m 174 |[39m     it([32m'should handle chip value of 0'[39m[33m,[39m () [33m=>[39m {
    [31m[1m>[22m[39m[90m 175 |[39m       [36mconst[39m { getByText } [33m=[39m render([33m<[39m[33mChipSelector[39m {[33m...[39mdefaultProps} selectedValue[33m=[39m{[35m0[39m} [33m/[39m[33m>[39m)[33m;[39m
     [90m     |[39m                                   [31m[1m^[22m[39m
     [90m 176 |[39m
     [90m 177 |[39m       [90m// No chip should be selected (0 is not in CHIP_VALUES)[39m
     [90m 178 |[39m       expect(getByText([32m'1'[39m))[33m.[39mtoBeTruthy()[33m;[39m[0m

      at Object.process.env.NODE_ENV.exports.create (node_modules/react-test-renderer/cjs/react-test-renderer.development.js:14598:17)
      at create (node_modules/@testing-library/react-native/src/render-act.ts:15:29)
      at callback (node_modules/@testing-library/react-native/src/act.ts:31:24)
      at process.env.NODE_ENV.exports.act (node_modules/react/cjs/react.development.js:789:22)
      at actImplementation (node_modules/@testing-library/react-native/src/act.ts:30:25)
      at renderWithAct (node_modules/@testing-library/react-native/src/render-act.ts:13:11)
      at renderInternal (node_modules/@testing-library/react-native/src/render.tsx:69:33)
      at renderInternal (node_modules/@testing-library/react-native/src/render.tsx:44:10)
      at Object.<anonymous> (src/components/ChipSelector/ChipSelector.test.tsx:175:35)

  console.error
    react-test-renderer is deprecated. See https://react.dev/warnings/react-test-renderer

    [0m [90m 120 |[39m
     [90m 121 |[39m     it([32m'should have button accessibility role on zero cell'[39m[33m,[39m () [33m=>[39m {
    [31m[1m>[22m[39m[90m 122 |[39m       [36mconst[39m { getByLabelText } [33m=[39m render([33m<[39m[33mRouletteZeroColumn[39m {[33m...[39mdefaultProps} [33m/[39m[33m>[39m)[33m;[39m
     [90m     |[39m                                        [31m[1m^[22m[39m
     [90m 123 |[39m
     [90m 124 |[39m       [36mconst[39m zeroCell [33m=[39m getByLabelText([32m'Zero, number 0'[39m)[33m;[39m
     [90m 125 |[39m       expect(zeroCell[33m.[39mprops[33m.[39maccessibilityRole)[33m.[39mtoBe([32m'button'[39m)[33m;[39m[0m

      at Object.process.env.NODE_ENV.exports.create (node_modules/react-test-renderer/cjs/react-test-renderer.development.js:14598:17)
      at create (node_modules/@testing-library/react-native/src/render-act.ts:15:29)
      at callback (node_modules/@testing-library/react-native/src/act.ts:31:24)
      at process.env.NODE_ENV.exports.act (node_modules/react/cjs/react.development.js:789:22)
      at actImplementation (node_modules/@testing-library/react-native/src/act.ts:30:25)
      at renderWithAct (node_modules/@testing-library/react-native/src/render-act.ts:13:11)
      at renderInternal (node_modules/@testing-library/react-native/src/render.tsx:69:33)
      at renderInternal (node_modules/@testing-library/react-native/src/render.tsx:44:10)
      at Object.<anonymous> (src/components/roulette/RouletteZeroColumn.test.tsx:122:40)

  console.error
    react-test-renderer is deprecated. See https://react.dev/warnings/react-test-renderer

    [0m [90m  5 |[39m   describe([32m'initialization'[39m[33m,[39m () [33m=>[39m {
     [90m  6 |[39m     it([32m'should initialize with default values'[39m[33m,[39m () [33m=>[39m {
    [31m[1m>[22m[39m[90m  7 |[39m       [36mconst[39m { result } [33m=[39m renderHook(() [33m=>[39m
     [90m    |[39m                                    [31m[1m^[22m[39m
     [90m  8 |[39m         useCashConversionState({ difficulty[33m:[39m [32m'easy'[39m[33m,[39m sector[33m:[39m [32m'voisins'[39m })
     [90m  9 |[39m       )[33m;[39m
     [90m 10 |[39m[0m

      at Object.process.env.NODE_ENV.exports.create (node_modules/react-test-renderer/cjs/react-test-renderer.development.js:14598:17)
      at create (node_modules/@testing-library/react-native/src/render-act.ts:15:29)
      at callback (node_modules/@testing-library/react-native/src/act.ts:31:24)
      at process.env.NODE_ENV.exports.act (node_modules/react/cjs/react.development.js:789:22)
      at actImplementation (node_modules/@testing-library/react-native/src/act.ts:30:25)
      at renderWithAct (node_modules/@testing-library/react-native/src/render-act.ts:13:11)
      at renderInternal (node_modules/@testing-library/react-native/src/render.tsx:69:33)
      at renderInternal (node_modules/@testing-library/react-native/src/render.tsx:44:10)
      at renderHook (node_modules/@testing-library/react-native/src/render-hook.tsx:55:58)
      at Object.<anonymous> (src/features/cash-conversion-training/screens/CashConversionTrainingScreen/useCashConversionState.test.ts:7:36)

  console.error
    react-test-renderer is deprecated. See https://react.dev/warnings/react-test-renderer

    [0m [90m  5 |[39m
     [90m  6 |[39m [36mconst[39m renderWithTheme [33m=[39m (component[33m:[39m [33mReact[39m[33m.[39m[33mReactElement[39m) [33m=>[39m {
    [31m[1m>[22m[39m[90m  7 |[39m   [36mreturn[39m render([33m<[39m[33mThemeProvider[39m[33m>[39m{component}[33m<[39m[33m/[39m[33mThemeProvider[39m[33m>[39m)[33m;[39m
     [90m    |[39m                [31m[1m^[22m[39m
     [90m  8 |[39m }[33m;[39m
     [90m  9 |[39m
     [90m 10 |[39m describe([32m'CashDisplay'[39m[33m,[39m () [33m=>[39m {[0m

      at Object.process.env.NODE_ENV.exports.create (node_modules/react-test-renderer/cjs/react-test-renderer.development.js:14598:17)
      at create (node_modules/@testing-library/react-native/src/render-act.ts:15:29)
      at callback (node_modules/@testing-library/react-native/src/act.ts:31:24)
      at process.env.NODE_ENV.exports.act (node_modules/react/cjs/react.development.js:789:22)
      at actImplementation (node_modules/@testing-library/react-native/src/act.ts:30:25)
      at renderWithAct (node_modules/@testing-library/react-native/src/render-act.ts:13:11)
      at renderInternal (node_modules/@testing-library/react-native/src/render.tsx:69:33)
      at renderInternal (node_modules/@testing-library/react-native/src/render.tsx:44:10)
      at renderWithTheme (src/features/cash-conversion-training/components/CashDisplay/CashDisplay.test.tsx:7:16)
      at Object.renderWithTheme (src/features/cash-conversion-training/components/CashDisplay/CashDisplay.test.tsx:37:27)

  console.error
    react-test-renderer is deprecated. See https://react.dev/warnings/react-test-renderer

    [0m [90m 180 |[39m
     [90m 181 |[39m     it([32m'should handle very large chip values'[39m[33m,[39m () [33m=>[39m {
    [31m[1m>[22m[39m[90m 182 |[39m       [36mconst[39m { getByText } [33m=[39m render([33m<[39m[33mChipSelector[39m {[33m...[39mdefaultProps} selectedValue[33m=[39m{[35m1000[39m} [33m/[39m[33m>[39m)[33m;[39m
     [90m     |[39m                                   [31m[1m^[22m[39m
     [90m 183 |[39m
     [90m 184 |[39m       [90m// 1000 chip should be selected[39m
     [90m 185 |[39m       [36mconst[39m chip1000 [33m=[39m getByText([32m'1000'[39m)[33m;[39m[0m

      at Object.process.env.NODE_ENV.exports.create (node_modules/react-test-renderer/cjs/react-test-renderer.development.js:14598:17)
      at create (node_modules/@testing-library/react-native/src/render-act.ts:15:29)
      at callback (node_modules/@testing-library/react-native/src/act.ts:31:24)
      at process.env.NODE_ENV.exports.act (node_modules/react/cjs/react.development.js:789:22)
      at actImplementation (node_modules/@testing-library/react-native/src/act.ts:30:25)
      at renderWithAct (node_modules/@testing-library/react-native/src/render-act.ts:13:11)
      at renderInternal (node_modules/@testing-library/react-native/src/render.tsx:69:33)
      at renderInternal (node_modules/@testing-library/react-native/src/render.tsx:44:10)
      at Object.<anonymous> (src/components/ChipSelector/ChipSelector.test.tsx:182:35)

  console.error
    react-test-renderer is deprecated. See https://react.dev/warnings/react-test-renderer

    [0m [90m 32 |[39m
     [90m 33 |[39m     it([32m'should not render section overlay when onSectionPress is undefined'[39m[33m,[39m () [33m=>[39m {
    [31m[1m>[22m[39m[90m 34 |[39m       [36mconst[39m { toJSON } [33m=[39m render(
     [90m    |[39m                                [31m[1m^[22m[39m
     [90m 35 |[39m         [33m<[39m[33mRacetrackOverlays[39m width[33m=[39m{[35m350[39m} height[33m=[39m{[35m140[39m} onNumberPress[33m=[39m{mockOnNumberPress} [33m/[39m[33m>[39m
     [90m 36 |[39m       )[33m;[39m
     [90m 37 |[39m       expect(toJSON())[33m.[39mtoBeTruthy()[33m;[39m[0m

      at Object.process.env.NODE_ENV.exports.create (node_modules/react-test-renderer/cjs/react-test-renderer.development.js:14598:17)
      at create (node_modules/@testing-library/react-native/src/render-act.ts:15:29)
      at callback (node_modules/@testing-library/react-native/src/act.ts:31:24)
      at process.env.NODE_ENV.exports.act (node_modules/react/cjs/react.development.js:789:22)
      at actImplementation (node_modules/@testing-library/react-native/src/act.ts:30:25)
      at renderWithAct (node_modules/@testing-library/react-native/src/render-act.ts:13:11)
      at renderInternal (node_modules/@testing-library/react-native/src/render.tsx:69:33)
      at renderInternal (node_modules/@testing-library/react-native/src/render.tsx:44:10)
      at Object.<anonymous> (src/features/racetrack/components/RacetrackOverlays/RacetrackOverlays.test.tsx:34:32)

  console.error
    react-test-renderer is deprecated. See https://react.dev/warnings/react-test-renderer

    [0m [90m  5 |[39m
     [90m  6 |[39m [36mconst[39m renderWithTheme [33m=[39m (component[33m:[39m [33mReact[39m[33m.[39m[33mReactElement[39m) [33m=>[39m {
    [31m[1m>[22m[39m[90m  7 |[39m   [36mreturn[39m render([33m<[39m[33mThemeProvider[39m[33m>[39m{component}[33m<[39m[33m/[39m[33mThemeProvider[39m[33m>[39m)[33m;[39m
     [90m    |[39m                [31m[1m^[22m[39m
     [90m  8 |[39m }[33m;[39m
     [90m  9 |[39m
     [90m 10 |[39m describe([32m'CashDisplay'[39m[33m,[39m () [33m=>[39m {[0m

      at Object.process.env.NODE_ENV.exports.create (node_modules/react-test-renderer/cjs/react-test-renderer.development.js:14598:17)
      at create (node_modules/@testing-library/react-native/src/render-act.ts:15:29)
      at callback (node_modules/@testing-library/react-native/src/act.ts:31:24)
      at process.env.NODE_ENV.exports.act (node_modules/react/cjs/react.development.js:789:22)
      at actImplementation (node_modules/@testing-library/react-native/src/act.ts:30:25)
      at renderWithAct (node_modules/@testing-library/react-native/src/render-act.ts:13:11)
      at renderInternal (node_modules/@testing-library/react-native/src/render.tsx:69:33)
      at renderInternal (node_modules/@testing-library/react-native/src/render.tsx:44:10)
      at renderWithTheme (src/features/cash-conversion-training/components/CashDisplay/CashDisplay.test.tsx:7:16)
      at Object.renderWithTheme (src/features/cash-conversion-training/components/CashDisplay/CashDisplay.test.tsx:43:27)

  console.error
    react-test-renderer is deprecated. See https://react.dev/warnings/react-test-renderer

    [0m [90m 128 |[39m     it([32m'should indicate selected state when zero has a bet'[39m[33m,[39m () [33m=>[39m {
     [90m 129 |[39m       [36mconst[39m getBetAmount [33m=[39m jest[33m.[39mfn(() [33m=>[39m [35m100[39m)[33m;[39m
    [31m[1m>[22m[39m[90m 130 |[39m       [36mconst[39m { getByLabelText } [33m=[39m render(
     [90m     |[39m                                        [31m[1m^[22m[39m
     [90m 131 |[39m         [33m<[39m[33mRouletteZeroColumn[39m {[33m...[39mdefaultProps} getBetAmount[33m=[39m{getBetAmount} [33m/[39m[33m>[39m
     [90m 132 |[39m       )[33m;[39m
     [90m 133 |[39m[0m

      at Object.process.env.NODE_ENV.exports.create (node_modules/react-test-renderer/cjs/react-test-renderer.development.js:14598:17)
      at create (node_modules/@testing-library/react-native/src/render-act.ts:15:29)
      at callback (node_modules/@testing-library/react-native/src/act.ts:31:24)
      at process.env.NODE_ENV.exports.act (node_modules/react/cjs/react.development.js:789:22)
      at actImplementation (node_modules/@testing-library/react-native/src/act.ts:30:25)
      at renderWithAct (node_modules/@testing-library/react-native/src/render-act.ts:13:11)
      at renderInternal (node_modules/@testing-library/react-native/src/render.tsx:69:33)
      at renderInternal (node_modules/@testing-library/react-native/src/render.tsx:44:10)
      at Object.<anonymous> (src/components/roulette/RouletteZeroColumn.test.tsx:130:40)

  console.error
    react-test-renderer is deprecated. See https://react.dev/warnings/react-test-renderer

    [0m [90m 159 |[39m
     [90m 160 |[39m     it([32m'should place neighbor bets for zero'[39m[33m,[39m () [33m=>[39m {
    [31m[1m>[22m[39m[90m 161 |[39m       [36mconst[39m { result } [33m=[39m renderHook(() [33m=>[39m useAnnouncedBets(defaultProps))[33m;[39m
     [90m     |[39m                                    [31m[1m^[22m[39m
     [90m 162 |[39m
     [90m 163 |[39m       act(() [33m=>[39m {
     [90m 164 |[39m         result[33m.[39mcurrent[33m.[39mhandleNumberPress([32m'0'[39m)[33m;[39m[0m

      at Object.process.env.NODE_ENV.exports.create (node_modules/react-test-renderer/cjs/react-test-renderer.development.js:14598:17)
      at create (node_modules/@testing-library/react-native/src/render-act.ts:15:29)
      at callback (node_modules/@testing-library/react-native/src/act.ts:31:24)
      at process.env.NODE_ENV.exports.act (node_modules/react/cjs/react.development.js:789:22)
      at actImplementation (node_modules/@testing-library/react-native/src/act.ts:30:25)
      at renderWithAct (node_modules/@testing-library/react-native/src/render-act.ts:13:11)
      at renderInternal (node_modules/@testing-library/react-native/src/render.tsx:69:33)
      at renderInternal (node_modules/@testing-library/react-native/src/render.tsx:44:10)
      at renderHook (node_modules/@testing-library/react-native/src/render-hook.tsx:55:58)
      at Object.<anonymous> (src/features/racetrack/hooks/__tests__/useAnnouncedBets.test.ts:161:36)

  console.error
    react-test-renderer is deprecated. See https://react.dev/warnings/react-test-renderer

    [0m [90m 188 |[39m
     [90m 189 |[39m     it([32m'should handle rapid chip selection'[39m[33m,[39m () [33m=>[39m {
    [31m[1m>[22m[39m[90m 190 |[39m       [36mconst[39m { getByText } [33m=[39m render([33m<[39m[33mChipSelector[39m {[33m...[39mdefaultProps} [33m/[39m[33m>[39m)[33m;[39m
     [90m     |[39m                                   [31m[1m^[22m[39m
     [90m 191 |[39m
     [90m 192 |[39m       [90m// Rapidly select different chips[39m
     [90m 193 |[39m       fireEvent[33m.[39mpress(getByText([32m'1'[39m))[33m;[39m[0m

      at Object.process.env.NODE_ENV.exports.create (node_modules/react-test-renderer/cjs/react-test-renderer.development.js:14598:17)
      at create (node_modules/@testing-library/react-native/src/render-act.ts:15:29)
      at callback (node_modules/@testing-library/react-native/src/act.ts:31:24)
      at process.env.NODE_ENV.exports.act (node_modules/react/cjs/react.development.js:789:22)
      at actImplementation (node_modules/@testing-library/react-native/src/act.ts:30:25)
      at renderWithAct (node_modules/@testing-library/react-native/src/render-act.ts:13:11)
      at renderInternal (node_modules/@testing-library/react-native/src/render.tsx:69:33)
      at renderInternal (node_modules/@testing-library/react-native/src/render.tsx:44:10)
      at Object.<anonymous> (src/components/ChipSelector/ChipSelector.test.tsx:190:35)

  console.error
    react-test-renderer is deprecated. See https://react.dev/warnings/react-test-renderer

    [0m [90m 39 |[39m
     [90m 40 |[39m     it([32m'should not render number overlay when onNumberPress is undefined'[39m[33m,[39m () [33m=>[39m {
    [31m[1m>[22m[39m[90m 41 |[39m       [36mconst[39m { toJSON } [33m=[39m render(
     [90m    |[39m                                [31m[1m^[22m[39m
     [90m 42 |[39m         [33m<[39m[33mRacetrackOverlays[39m width[33m=[39m{[35m350[39m} height[33m=[39m{[35m140[39m} onSectionPress[33m=[39m{mockOnSectionPress} [33m/[39m[33m>[39m
     [90m 43 |[39m       )[33m;[39m
     [90m 44 |[39m       expect(toJSON())[33m.[39mtoBeTruthy()[33m;[39m[0m

      at Object.process.env.NODE_ENV.exports.create (node_modules/react-test-renderer/cjs/react-test-renderer.development.js:14598:17)
      at create (node_modules/@testing-library/react-native/src/render-act.ts:15:29)
      at callback (node_modules/@testing-library/react-native/src/act.ts:31:24)
      at process.env.NODE_ENV.exports.act (node_modules/react/cjs/react.development.js:789:22)
      at actImplementation (node_modules/@testing-library/react-native/src/act.ts:30:25)
      at renderWithAct (node_modules/@testing-library/react-native/src/render-act.ts:13:11)
      at renderInternal (node_modules/@testing-library/react-native/src/render.tsx:69:33)
      at renderInternal (node_modules/@testing-library/react-native/src/render.tsx:44:10)
      at Object.<anonymous> (src/features/racetrack/components/RacetrackOverlays/RacetrackOverlays.test.tsx:41:32)

  console.error
    react-test-renderer is deprecated. See https://react.dev/warnings/react-test-renderer

    [0m [90m 138 |[39m     it([32m'should not have selected state when zero has no bet'[39m[33m,[39m () [33m=>[39m {
     [90m 139 |[39m       [36mconst[39m getBetAmount [33m=[39m jest[33m.[39mfn(() [33m=>[39m [35m0[39m)[33m;[39m
    [31m[1m>[22m[39m[90m 140 |[39m       [36mconst[39m { getByLabelText } [33m=[39m render(
     [90m     |[39m                                        [31m[1m^[22m[39m
     [90m 141 |[39m         [33m<[39m[33mRouletteZeroColumn[39m {[33m...[39mdefaultProps} getBetAmount[33m=[39m{getBetAmount} [33m/[39m[33m>[39m
     [90m 142 |[39m       )[33m;[39m
     [90m 143 |[39m[0m

      at Object.process.env.NODE_ENV.exports.create (node_modules/react-test-renderer/cjs/react-test-renderer.development.js:14598:17)
      at create (node_modules/@testing-library/react-native/src/render-act.ts:15:29)
      at callback (node_modules/@testing-library/react-native/src/act.ts:31:24)
      at process.env.NODE_ENV.exports.act (node_modules/react/cjs/react.development.js:789:22)
      at actImplementation (node_modules/@testing-library/react-native/src/act.ts:30:25)
      at renderWithAct (node_modules/@testing-library/react-native/src/render-act.ts:13:11)
      at renderInternal (node_modules/@testing-library/react-native/src/render.tsx:69:33)
      at renderInternal (node_modules/@testing-library/react-native/src/render.tsx:44:10)
      at Object.<anonymous> (src/components/roulette/RouletteZeroColumn.test.tsx:140:40)

PASS src/components/ChipSelector/ChipSelector.test.tsx
  ChipSelector
    rendering
      ΓêÜ should render the title (17 ms)
      ΓêÜ should render all chip values (28 ms)
      ΓêÜ should render chips with correct colors (9 ms)
    selection
      ΓêÜ should highlight the selected chip (8 ms)
      ΓêÜ should update selection when different chip is selected (91 ms)
    interactions
      ΓêÜ should call onSelectChip when a chip is pressed (95 ms)
      ΓêÜ should call onSelectChip with correct value for each chip (17 ms)
      ΓêÜ should allow selecting the same chip multiple times (10 ms)
    accessibility
      ΓêÜ should have correct accessibility label for unselected chip (9 ms)
      ΓêÜ should have correct accessibility label for selected chip (8 ms)
      ΓêÜ should have accessibility hint for all chips (10 ms)
      ΓêÜ should have button accessibility role (54 ms)
      ΓêÜ should have correct accessibility state for selected chip (120 ms)
      ΓêÜ should have correct accessibility state for unselected chip (9 ms)
    edge cases
      ΓêÜ should handle chip value of 0 (9 ms)
      ΓêÜ should handle very large chip values (9 ms)
      ΓêÜ should handle rapid chip selection (9 ms)

  console.error
    react-test-renderer is deprecated. See https://react.dev/warnings/react-test-renderer

    [0m [90m 178 |[39m       }[33m;[39m
     [90m 179 |[39m
    [31m[1m>[22m[39m[90m 180 |[39m       [36mconst[39m { result } [33m=[39m renderHook(() [33m=>[39m useAnnouncedBets(props))[33m;[39m
     [90m     |[39m                                    [31m[1m^[22m[39m
     [90m 181 |[39m
     [90m 182 |[39m       act(() [33m=>[39m {
     [90m 183 |[39m         result[33m.[39mcurrent[33m.[39mhandleNumberPress([32m'17'[39m)[33m;[39m[0m

      at Object.process.env.NODE_ENV.exports.create (node_modules/react-test-renderer/cjs/react-test-renderer.development.js:14598:17)
      at create (node_modules/@testing-library/react-native/src/render-act.ts:15:29)
      at callback (node_modules/@testing-library/react-native/src/act.ts:31:24)
      at process.env.NODE_ENV.exports.act (node_modules/react/cjs/react.development.js:789:22)
      at actImplementation (node_modules/@testing-library/react-native/src/act.ts:30:25)
      at renderWithAct (node_modules/@testing-library/react-native/src/render-act.ts:13:11)
      at renderInternal (node_modules/@testing-library/react-native/src/render.tsx:69:33)
      at renderInternal (node_modules/@testing-library/react-native/src/render.tsx:44:10)
      at renderHook (node_modules/@testing-library/react-native/src/render-hook.tsx:55:58)
      at Object.<anonymous> (src/features/racetrack/hooks/__tests__/useAnnouncedBets.test.ts:180:36)

  console.error
    react-test-renderer is deprecated. See https://react.dev/warnings/react-test-renderer

    [0m [90m  5 |[39m
     [90m  6 |[39m [36mconst[39m renderWithTheme [33m=[39m (component[33m:[39m [33mReact[39m[33m.[39m[33mReactElement[39m) [33m=>[39m {
    [31m[1m>[22m[39m[90m  7 |[39m   [36mreturn[39m render([33m<[39m[33mThemeProvider[39m[33m>[39m{component}[33m<[39m[33m/[39m[33mThemeProvider[39m[33m>[39m)[33m;[39m
     [90m    |[39m                [31m[1m^[22m[39m
     [90m  8 |[39m }[33m;[39m
     [90m  9 |[39m
     [90m 10 |[39m describe([32m'CashDisplay'[39m[33m,[39m () [33m=>[39m {[0m

      at Object.process.env.NODE_ENV.exports.create (node_modules/react-test-renderer/cjs/react-test-renderer.development.js:14598:17)
      at create (node_modules/@testing-library/react-native/src/render-act.ts:15:29)
      at callback (node_modules/@testing-library/react-native/src/act.ts:31:24)
      at process.env.NODE_ENV.exports.act (node_modules/react/cjs/react.development.js:789:22)
      at actImplementation (node_modules/@testing-library/react-native/src/act.ts:30:25)
      at renderWithAct (node_modules/@testing-library/react-native/src/render-act.ts:13:11)
      at renderInternal (node_modules/@testing-library/react-native/src/render.tsx:69:33)
      at renderInternal (node_modules/@testing-library/react-native/src/render.tsx:44:10)
      at renderWithTheme (src/features/cash-conversion-training/components/CashDisplay/CashDisplay.test.tsx:7:16)
      at Object.renderWithTheme (src/features/cash-conversion-training/components/CashDisplay/CashDisplay.test.tsx:49:27)

PASS src/components/roulette/RouletteZeroColumn.test.tsx
  RouletteZeroColumn
    rendering
      ΓêÜ should render zero cell (13 ms)
      ΓêÜ should call getBetAmount with zero (18 ms)
    interactions
      ΓêÜ should call onNumberPress with 0 when pressed (26 ms)
      ΓêÜ should call onBetAreaPress when pressed (22 ms)
      ΓêÜ should not crash when onBetAreaPress is undefined (50 ms)
      ΓêÜ should call both onNumberPress and onBetAreaPress when pressed (11 ms)
    chip display
      ΓêÜ should display bet amount from getBetAmount (11 ms)
      ΓêÜ should calculate chip size based on cellSize (9 ms)
    accessibility
      ΓêÜ should have accessibility label on zero cell (8 ms)
      ΓêÜ should have button accessibility role on zero cell (27 ms)
      ΓêÜ should indicate selected state when zero has a bet (7 ms)
      ΓêÜ should not have selected state when zero has no bet (7 ms)

  console.error
    react-test-renderer is deprecated. See https://react.dev/warnings/react-test-renderer

    [0m [90m 48 |[39m   describe([32m'section press handlers'[39m[33m,[39m () [33m=>[39m {
     [90m 49 |[39m     it([32m'should call onSectionPress with tier when tier button is pressed'[39m[33m,[39m () [33m=>[39m {
    [31m[1m>[22m[39m[90m 50 |[39m       [36mconst[39m { toJSON } [33m=[39m render(
     [90m    |[39m                                [31m[1m^[22m[39m
     [90m 51 |[39m         [33m<[39m[33mRacetrackOverlays[39m width[33m=[39m{[35m350[39m} height[33m=[39m{[35m140[39m} onSectionPress[33m=[39m{mockOnSectionPress} [33m/[39m[33m>[39m
     [90m 52 |[39m       )[33m;[39m
     [90m 53 |[39m       [90m// Note: This test structure assumes TouchableOpacity can be identified[39m[0m

      at Object.process.env.NODE_ENV.exports.create (node_modules/react-test-renderer/cjs/react-test-renderer.development.js:14598:17)
      at create (node_modules/@testing-library/react-native/src/render-act.ts:15:29)
      at callback (node_modules/@testing-library/react-native/src/act.ts:31:24)
      at process.env.NODE_ENV.exports.act (node_modules/react/cjs/react.development.js:789:22)
      at actImplementation (node_modules/@testing-library/react-native/src/act.ts:30:25)
      at renderWithAct (node_modules/@testing-library/react-native/src/render-act.ts:13:11)
      at renderInternal (node_modules/@testing-library/react-native/src/render.tsx:69:33)
      at renderInternal (node_modules/@testing-library/react-native/src/render.tsx:44:10)
      at Object.<anonymous> (src/features/racetrack/components/RacetrackOverlays/RacetrackOverlays.test.tsx:50:32)

  console.error
    react-test-renderer is deprecated. See https://react.dev/warnings/react-test-renderer

    [0m [90m  5 |[39m
     [90m  6 |[39m [36mconst[39m renderWithTheme [33m=[39m (component[33m:[39m [33mReact[39m[33m.[39m[33mReactElement[39m) [33m=>[39m {
    [31m[1m>[22m[39m[90m  7 |[39m   [36mreturn[39m render([33m<[39m[33mThemeProvider[39m[33m>[39m{component}[33m<[39m[33m/[39m[33mThemeProvider[39m[33m>[39m)[33m;[39m
     [90m    |[39m                [31m[1m^[22m[39m
     [90m  8 |[39m }[33m;[39m
     [90m  9 |[39m
     [90m 10 |[39m describe([32m'CashDisplay'[39m[33m,[39m () [33m=>[39m {[0m

      at Object.process.env.NODE_ENV.exports.create (node_modules/react-test-renderer/cjs/react-test-renderer.development.js:14598:17)
      at create (node_modules/@testing-library/react-native/src/render-act.ts:15:29)
      at callback (node_modules/@testing-library/react-native/src/act.ts:31:24)
      at process.env.NODE_ENV.exports.act (node_modules/react/cjs/react.development.js:789:22)
      at actImplementation (node_modules/@testing-library/react-native/src/act.ts:30:25)
      at renderWithAct (node_modules/@testing-library/react-native/src/render-act.ts:13:11)
      at renderInternal (node_modules/@testing-library/react-native/src/render.tsx:69:33)
      at renderInternal (node_modules/@testing-library/react-native/src/render.tsx:44:10)
      at renderWithTheme (src/features/cash-conversion-training/components/CashDisplay/CashDisplay.test.tsx:7:16)
      at Object.renderWithTheme (src/features/cash-conversion-training/components/CashDisplay/CashDisplay.test.tsx:55:27)

  console.error
    react-test-renderer is deprecated. See https://react.dev/warnings/react-test-renderer

    [0m [90m  5 |[39m
     [90m  6 |[39m [36mconst[39m renderWithTheme [33m=[39m (component[33m:[39m [33mReact[39m[33m.[39m[33mReactElement[39m) [33m=>[39m {
    [31m[1m>[22m[39m[90m  7 |[39m   [36mreturn[39m render([33m<[39m[33mThemeProvider[39m[33m>[39m{component}[33m<[39m[33m/[39m[33mThemeProvider[39m[33m>[39m)[33m;[39m
     [90m    |[39m                [31m[1m^[22m[39m
     [90m  8 |[39m }[33m;[39m
     [90m  9 |[39m
     [90m 10 |[39m describe([32m'CashDisplay'[39m[33m,[39m () [33m=>[39m {[0m

      at Object.process.env.NODE_ENV.exports.create (node_modules/react-test-renderer/cjs/react-test-renderer.development.js:14598:17)
      at create (node_modules/@testing-library/react-native/src/render-act.ts:15:29)
      at callback (node_modules/@testing-library/react-native/src/act.ts:31:24)
      at process.env.NODE_ENV.exports.act (node_modules/react/cjs/react.development.js:789:22)
      at actImplementation (node_modules/@testing-library/react-native/src/act.ts:30:25)
      at renderWithAct (node_modules/@testing-library/react-native/src/render-act.ts:13:11)
      at renderInternal (node_modules/@testing-library/react-native/src/render.tsx:69:33)
      at renderInternal (node_modules/@testing-library/react-native/src/render.tsx:44:10)
      at renderWithTheme (src/features/cash-conversion-training/components/CashDisplay/CashDisplay.test.tsx:7:16)
      at Object.renderWithTheme (src/features/cash-conversion-training/components/CashDisplay/CashDisplay.test.tsx:61:27)

  console.error
    react-test-renderer is deprecated. See https://react.dev/warnings/react-test-renderer

    [0m [90m 19 |[39m
     [90m 20 |[39m     it([32m'should generate initial challenge on mount'[39m[33m,[39m () [33m=>[39m {
    [31m[1m>[22m[39m[90m 21 |[39m       [36mconst[39m { result } [33m=[39m renderHook(() [33m=>[39m
     [90m    |[39m                                    [31m[1m^[22m[39m
     [90m 22 |[39m         useCashConversionState({ difficulty[33m:[39m [32m'easy'[39m[33m,[39m sector[33m:[39m [32m'voisins'[39m })
     [90m 23 |[39m       )[33m;[39m
     [90m 24 |[39m[0m

      at Object.process.env.NODE_ENV.exports.create (node_modules/react-test-renderer/cjs/react-test-renderer.development.js:14598:17)
      at create (node_modules/@testing-library/react-native/src/render-act.ts:15:29)
      at callback (node_modules/@testing-library/react-native/src/act.ts:31:24)
      at process.env.NODE_ENV.exports.act (node_modules/react/cjs/react.development.js:789:22)
      at actImplementation (node_modules/@testing-library/react-native/src/act.ts:30:25)
      at renderWithAct (node_modules/@testing-library/react-native/src/render-act.ts:13:11)
      at renderInternal (node_modules/@testing-library/react-native/src/render.tsx:69:33)
      at renderInternal (node_modules/@testing-library/react-native/src/render.tsx:44:10)
      at renderHook (node_modules/@testing-library/react-native/src/render-hook.tsx:55:58)
      at Object.<anonymous> (src/features/cash-conversion-training/screens/CashConversionTrainingScreen/useCashConversionState.test.ts:21:36)

  console.error
    react-test-renderer is deprecated. See https://react.dev/warnings/react-test-renderer

    [0m [90m 57 |[39m
     [90m 58 |[39m     it([32m'should call onSectionPress with orphelins'[39m[33m,[39m () [33m=>[39m {
    [31m[1m>[22m[39m[90m 59 |[39m       render([33m<[39m[33mRacetrackOverlays[39m width[33m=[39m{[35m350[39m} height[33m=[39m{[35m140[39m} onSectionPress[33m=[39m{mockOnSectionPress} [33m/[39m[33m>[39m)[33m;[39m
     [90m    |[39m             [31m[1m^[22m[39m
     [90m 60 |[39m       expect(mockOnSectionPress)[33m.[39mnot[33m.[39mtoHaveBeenCalled()[33m;[39m
     [90m 61 |[39m     })[33m;[39m
     [90m 62 |[39m[0m

      at Object.process.env.NODE_ENV.exports.create (node_modules/react-test-renderer/cjs/react-test-renderer.development.js:14598:17)
      at create (node_modules/@testing-library/react-native/src/render-act.ts:15:29)
      at callback (node_modules/@testing-library/react-native/src/act.ts:31:24)
      at process.env.NODE_ENV.exports.act (node_modules/react/cjs/react.development.js:789:22)
      at actImplementation (node_modules/@testing-library/react-native/src/act.ts:30:25)
      at renderWithAct (node_modules/@testing-library/react-native/src/render-act.ts:13:11)
      at renderInternal (node_modules/@testing-library/react-native/src/render.tsx:69:33)
      at renderInternal (node_modules/@testing-library/react-native/src/render.tsx:44:10)
      at Object.<anonymous> (src/features/racetrack/components/RacetrackOverlays/RacetrackOverlays.test.tsx:59:13)

  console.error
    react-test-renderer is deprecated. See https://react.dev/warnings/react-test-renderer

    [0m [90m  5 |[39m
     [90m  6 |[39m [36mconst[39m renderWithTheme [33m=[39m (component[33m:[39m [33mReact[39m[33m.[39m[33mReactElement[39m) [33m=>[39m {
    [31m[1m>[22m[39m[90m  7 |[39m   [36mreturn[39m render([33m<[39m[33mThemeProvider[39m[33m>[39m{component}[33m<[39m[33m/[39m[33mThemeProvider[39m[33m>[39m)[33m;[39m
     [90m    |[39m                [31m[1m^[22m[39m
     [90m  8 |[39m }[33m;[39m
     [90m  9 |[39m
     [90m 10 |[39m describe([32m'CashDisplay'[39m[33m,[39m () [33m=>[39m {[0m

      at Object.process.env.NODE_ENV.exports.create (node_modules/react-test-renderer/cjs/react-test-renderer.development.js:14598:17)
      at create (node_modules/@testing-library/react-native/src/render-act.ts:15:29)
      at callback (node_modules/@testing-library/react-native/src/act.ts:31:24)
      at process.env.NODE_ENV.exports.act (node_modules/react/cjs/react.development.js:789:22)
      at actImplementation (node_modules/@testing-library/react-native/src/act.ts:30:25)
      at renderWithAct (node_modules/@testing-library/react-native/src/render-act.ts:13:11)
      at renderInternal (node_modules/@testing-library/react-native/src/render.tsx:69:33)
      at renderInternal (node_modules/@testing-library/react-native/src/render.tsx:44:10)
      at renderWithTheme (src/features/cash-conversion-training/components/CashDisplay/CashDisplay.test.tsx:7:16)
      at Object.renderWithTheme (src/features/cash-conversion-training/components/CashDisplay/CashDisplay.test.tsx:67:27)

  console.error
    react-test-renderer is deprecated. See https://react.dev/warnings/react-test-renderer

    [0m [90m 28 |[39m
     [90m 29 |[39m     it([32m'should set default active input based on request type'[39m[33m,[39m () [33m=>[39m {
    [31m[1m>[22m[39m[90m 30 |[39m       [36mconst[39m { result } [33m=[39m renderHook(() [33m=>[39m
     [90m    |[39m                                    [31m[1m^[22m[39m
     [90m 31 |[39m         useCashConversionState({ difficulty[33m:[39m [32m'easy'[39m[33m,[39m sector[33m:[39m [32m'voisins'[39m })
     [90m 32 |[39m       )[33m;[39m
     [90m 33 |[39m[0m

      at Object.process.env.NODE_ENV.exports.create (node_modules/react-test-renderer/cjs/react-test-renderer.development.js:14598:17)
      at create (node_modules/@testing-library/react-native/src/render-act.ts:15:29)
      at callback (node_modules/@testing-library/react-native/src/act.ts:31:24)
      at process.env.NODE_ENV.exports.act (node_modules/react/cjs/react.development.js:789:22)
      at actImplementation (node_modules/@testing-library/react-native/src/act.ts:30:25)
      at renderWithAct (node_modules/@testing-library/react-native/src/render-act.ts:13:11)
      at renderInternal (node_modules/@testing-library/react-native/src/render.tsx:69:33)
      at renderInternal (node_modules/@testing-library/react-native/src/render.tsx:44:10)
      at renderHook (node_modules/@testing-library/react-native/src/render-hook.tsx:55:58)
      at Object.<anonymous> (src/features/cash-conversion-training/screens/CashConversionTrainingScreen/useCashConversionState.test.ts:30:36)

  console.error
    react-test-renderer is deprecated. See https://react.dev/warnings/react-test-renderer

    [0m [90m 10 |[39m   describe([32m'getBetAmount'[39m[33m,[39m () [33m=>[39m {
     [90m 11 |[39m     it([32m'should return 0 for empty placed bets'[39m[33m,[39m () [33m=>[39m {
    [31m[1m>[22m[39m[90m 12 |[39m       [36mconst[39m { result } [33m=[39m renderHook(() [33m=>[39m useRouletteBets([]))[33m;[39m
     [90m    |[39m                                    [31m[1m^[22m[39m
     [90m 13 |[39m
     [90m 14 |[39m       expect(result[33m.[39mcurrent[33m.[39mgetBetAmount([[35m5[39m]))[33m.[39mtoBe([35m0[39m)[33m;[39m
     [90m 15 |[39m     })[33m;[39m[0m

      at Object.process.env.NODE_ENV.exports.create (node_modules/react-test-renderer/cjs/react-test-renderer.development.js:14598:17)
      at create (node_modules/@testing-library/react-native/src/render-act.ts:15:29)
      at callback (node_modules/@testing-library/react-native/src/act.ts:31:24)
      at process.env.NODE_ENV.exports.act (node_modules/react/cjs/react.development.js:789:22)
      at actImplementation (node_modules/@testing-library/react-native/src/act.ts:30:25)
      at renderWithAct (node_modules/@testing-library/react-native/src/render-act.ts:13:11)
      at renderInternal (node_modules/@testing-library/react-native/src/render.tsx:69:33)
      at renderInternal (node_modules/@testing-library/react-native/src/render.tsx:44:10)
      at renderHook (node_modules/@testing-library/react-native/src/render-hook.tsx:55:58)
      at Object.<anonymous> (src/components/roulette/hooks/__tests__/useRouletteBets.test.ts:12:36)

  console.error
    react-test-renderer is deprecated. See https://react.dev/warnings/react-test-renderer

    [0m [90m 39 |[39m   describe([32m'form state management'[39m[33m,[39m () [33m=>[39m {
     [90m 40 |[39m     it([32m'should update totalBet state'[39m[33m,[39m () [33m=>[39m {
    [31m[1m>[22m[39m[90m 41 |[39m       [36mconst[39m { result } [33m=[39m renderHook(() [33m=>[39m
     [90m    |[39m                                    [31m[1m^[22m[39m
     [90m 42 |[39m         useCashConversionState({ difficulty[33m:[39m [32m'easy'[39m[33m,[39m sector[33m:[39m [32m'voisins'[39m })
     [90m 43 |[39m       )[33m;[39m
     [90m 44 |[39m[0m

      at Object.process.env.NODE_ENV.exports.create (node_modules/react-test-renderer/cjs/react-test-renderer.development.js:14598:17)
      at create (node_modules/@testing-library/react-native/src/render-act.ts:15:29)
      at callback (node_modules/@testing-library/react-native/src/act.ts:31:24)
      at process.env.NODE_ENV.exports.act (node_modules/react/cjs/react.development.js:789:22)
      at actImplementation (node_modules/@testing-library/react-native/src/act.ts:30:25)
      at renderWithAct (node_modules/@testing-library/react-native/src/render-act.ts:13:11)
      at renderInternal (node_modules/@testing-library/react-native/src/render.tsx:69:33)
      at renderInternal (node_modules/@testing-library/react-native/src/render.tsx:44:10)
      at renderHook (node_modules/@testing-library/react-native/src/render-hook.tsx:55:58)
      at Object.<anonymous> (src/features/cash-conversion-training/screens/CashConversionTrainingScreen/useCashConversionState.test.ts:41:36)

  console.error
    react-test-renderer is deprecated. See https://react.dev/warnings/react-test-renderer

    [0m [90m  5 |[39m
     [90m  6 |[39m [36mconst[39m renderWithTheme [33m=[39m (component[33m:[39m [33mReact[39m[33m.[39m[33mReactElement[39m) [33m=>[39m {
    [31m[1m>[22m[39m[90m  7 |[39m   [36mreturn[39m render([33m<[39m[33mThemeProvider[39m[33m>[39m{component}[33m<[39m[33m/[39m[33mThemeProvider[39m[33m>[39m)[33m;[39m
     [90m    |[39m                [31m[1m^[22m[39m
     [90m  8 |[39m }[33m;[39m
     [90m  9 |[39m
     [90m 10 |[39m describe([32m'CashDisplay'[39m[33m,[39m () [33m=>[39m {[0m

      at Object.process.env.NODE_ENV.exports.create (node_modules/react-test-renderer/cjs/react-test-renderer.development.js:14598:17)
      at create (node_modules/@testing-library/react-native/src/render-act.ts:15:29)
      at callback (node_modules/@testing-library/react-native/src/act.ts:31:24)
      at process.env.NODE_ENV.exports.act (node_modules/react/cjs/react.development.js:789:22)
      at actImplementation (node_modules/@testing-library/react-native/src/act.ts:30:25)
      at renderWithAct (node_modules/@testing-library/react-native/src/render-act.ts:13:11)
      at renderInternal (node_modules/@testing-library/react-native/src/render.tsx:69:33)
      at renderInternal (node_modules/@testing-library/react-native/src/render.tsx:44:10)
      at renderWithTheme (src/features/cash-conversion-training/components/CashDisplay/CashDisplay.test.tsx:7:16)
      at Object.renderWithTheme (src/features/cash-conversion-training/components/CashDisplay/CashDisplay.test.tsx:74:27)

  console.error
    react-test-renderer is deprecated. See https://react.dev/warnings/react-test-renderer

    [0m [90m 62 |[39m
     [90m 63 |[39m     it([32m'should call onSectionPress with voisins'[39m[33m,[39m () [33m=>[39m {
    [31m[1m>[22m[39m[90m 64 |[39m       render([33m<[39m[33mRacetrackOverlays[39m width[33m=[39m{[35m350[39m} height[33m=[39m{[35m140[39m} onSectionPress[33m=[39m{mockOnSectionPress} [33m/[39m[33m>[39m)[33m;[39m
     [90m    |[39m             [31m[1m^[22m[39m
     [90m 65 |[39m       expect(mockOnSectionPress)[33m.[39mnot[33m.[39mtoHaveBeenCalled()[33m;[39m
     [90m 66 |[39m     })[33m;[39m
     [90m 67 |[39m[0m

      at Object.process.env.NODE_ENV.exports.create (node_modules/react-test-renderer/cjs/react-test-renderer.development.js:14598:17)
      at create (node_modules/@testing-library/react-native/src/render-act.ts:15:29)
      at callback (node_modules/@testing-library/react-native/src/act.ts:31:24)
      at process.env.NODE_ENV.exports.act (node_modules/react/cjs/react.development.js:789:22)
      at actImplementation (node_modules/@testing-library/react-native/src/act.ts:30:25)
      at renderWithAct (node_modules/@testing-library/react-native/src/render-act.ts:13:11)
      at renderInternal (node_modules/@testing-library/react-native/src/render.tsx:69:33)
      at renderInternal (node_modules/@testing-library/react-native/src/render.tsx:44:10)
      at Object.<anonymous> (src/features/racetrack/components/RacetrackOverlays/RacetrackOverlays.test.tsx:64:13)

  console.error
    react-test-renderer is deprecated. See https://react.dev/warnings/react-test-renderer

    [0m [90m  6 |[39m
     [90m  7 |[39m [36mconst[39m renderWithTheme [33m=[39m (component[33m:[39m [33mReact[39m[33m.[39m[33mReactElement[39m) [33m=>[39m {
    [31m[1m>[22m[39m[90m  8 |[39m   [36mreturn[39m render([33m<[39m[33mThemeProvider[39m[33m>[39m{component}[33m<[39m[33m/[39m[33mThemeProvider[39m[33m>[39m)[33m;[39m
     [90m    |[39m                [31m[1m^[22m[39m
     [90m  9 |[39m }[33m;[39m
     [90m 10 |[39m
     [90m 11 |[39m describe([32m'RequestDisplay'[39m[33m,[39m () [33m=>[39m {[0m

      at Object.process.env.NODE_ENV.exports.create (node_modules/react-test-renderer/cjs/react-test-renderer.development.js:14598:17)
      at create (node_modules/@testing-library/react-native/src/render-act.ts:15:29)
      at callback (node_modules/@testing-library/react-native/src/act.ts:31:24)
      at process.env.NODE_ENV.exports.act (node_modules/react/cjs/react.development.js:789:22)
      at actImplementation (node_modules/@testing-library/react-native/src/act.ts:30:25)
      at renderWithAct (node_modules/@testing-library/react-native/src/render-act.ts:13:11)
      at renderInternal (node_modules/@testing-library/react-native/src/render.tsx:69:33)
      at renderInternal (node_modules/@testing-library/react-native/src/render.tsx:44:10)
      at renderWithTheme (src/features/cash-conversion-training/components/RequestDisplay/RequestDisplay.test.tsx:8:16)
      at Object.renderWithTheme (src/features/cash-conversion-training/components/RequestDisplay/RequestDisplay.test.tsx:26:27)

  console.error
    react-test-renderer is deprecated. See https://react.dev/warnings/react-test-renderer

    [0m [90m 51 |[39m
     [90m 52 |[39m     it([32m'should update betPerPosition state'[39m[33m,[39m () [33m=>[39m {
    [31m[1m>[22m[39m[90m 53 |[39m       [36mconst[39m { result } [33m=[39m renderHook(() [33m=>[39m
     [90m    |[39m                                    [31m[1m^[22m[39m
     [90m 54 |[39m         useCashConversionState({ difficulty[33m:[39m [32m'easy'[39m[33m,[39m sector[33m:[39m [32m'voisins'[39m })
     [90m 55 |[39m       )[33m;[39m
     [90m 56 |[39m[0m

      at Object.process.env.NODE_ENV.exports.create (node_modules/react-test-renderer/cjs/react-test-renderer.development.js:14598:17)
      at create (node_modules/@testing-library/react-native/src/render-act.ts:15:29)
      at callback (node_modules/@testing-library/react-native/src/act.ts:31:24)
      at process.env.NODE_ENV.exports.act (node_modules/react/cjs/react.development.js:789:22)
      at actImplementation (node_modules/@testing-library/react-native/src/act.ts:30:25)
      at renderWithAct (node_modules/@testing-library/react-native/src/render-act.ts:13:11)
      at renderInternal (node_modules/@testing-library/react-native/src/render.tsx:69:33)
      at renderInternal (node_modules/@testing-library/react-native/src/render.tsx:44:10)
      at renderHook (node_modules/@testing-library/react-native/src/render-hook.tsx:55:58)
      at Object.<anonymous> (src/features/cash-conversion-training/screens/CashConversionTrainingScreen/useCashConversionState.test.ts:53:36)

  console.error
    react-test-renderer is deprecated. See https://react.dev/warnings/react-test-renderer

    [0m [90m 67 |[39m
     [90m 68 |[39m     it([32m'should call onSectionPress with zero'[39m[33m,[39m () [33m=>[39m {
    [31m[1m>[22m[39m[90m 69 |[39m       render([33m<[39m[33mRacetrackOverlays[39m width[33m=[39m{[35m350[39m} height[33m=[39m{[35m140[39m} onSectionPress[33m=[39m{mockOnSectionPress} [33m/[39m[33m>[39m)[33m;[39m
     [90m    |[39m             [31m[1m^[22m[39m
     [90m 70 |[39m       expect(mockOnSectionPress)[33m.[39mnot[33m.[39mtoHaveBeenCalled()[33m;[39m
     [90m 71 |[39m     })[33m;[39m
     [90m 72 |[39m   })[33m;[39m[0m

      at Object.process.env.NODE_ENV.exports.create (node_modules/react-test-renderer/cjs/react-test-renderer.development.js:14598:17)
      at create (node_modules/@testing-library/react-native/src/render-act.ts:15:29)
      at callback (node_modules/@testing-library/react-native/src/act.ts:31:24)
      at process.env.NODE_ENV.exports.act (node_modules/react/cjs/react.development.js:789:22)
      at actImplementation (node_modules/@testing-library/react-native/src/act.ts:30:25)
      at renderWithAct (node_modules/@testing-library/react-native/src/render-act.ts:13:11)
      at renderInternal (node_modules/@testing-library/react-native/src/render.tsx:69:33)
      at renderInternal (node_modules/@testing-library/react-native/src/render.tsx:44:10)
      at Object.<anonymous> (src/features/racetrack/components/RacetrackOverlays/RacetrackOverlays.test.tsx:69:13)

  console.error
    react-test-renderer is deprecated. See https://react.dev/warnings/react-test-renderer

    [0m [90m 63 |[39m
     [90m 64 |[39m     it([32m'should update change state'[39m[33m,[39m () [33m=>[39m {
    [31m[1m>[22m[39m[90m 65 |[39m       [36mconst[39m { result } [33m=[39m renderHook(() [33m=>[39m
     [90m    |[39m                                    [31m[1m^[22m[39m
     [90m 66 |[39m         useCashConversionState({ difficulty[33m:[39m [32m'easy'[39m[33m,[39m sector[33m:[39m [32m'voisins'[39m })
     [90m 67 |[39m       )[33m;[39m
     [90m 68 |[39m[0m

      at Object.process.env.NODE_ENV.exports.create (node_modules/react-test-renderer/cjs/react-test-renderer.development.js:14598:17)
      at create (node_modules/@testing-library/react-native/src/render-act.ts:15:29)
      at callback (node_modules/@testing-library/react-native/src/act.ts:31:24)
      at process.env.NODE_ENV.exports.act (node_modules/react/cjs/react.development.js:789:22)
      at actImplementation (node_modules/@testing-library/react-native/src/act.ts:30:25)
      at renderWithAct (node_modules/@testing-library/react-native/src/render-act.ts:13:11)
      at renderInternal (node_modules/@testing-library/react-native/src/render.tsx:69:33)
      at renderInternal (node_modules/@testing-library/react-native/src/render.tsx:44:10)
      at renderHook (node_modules/@testing-library/react-native/src/render-hook.tsx:55:58)
      at Object.<anonymous> (src/features/cash-conversion-training/screens/CashConversionTrainingScreen/useCashConversionState.test.ts:65:36)

  console.error
    react-test-renderer is deprecated. See https://react.dev/warnings/react-test-renderer

    [0m [90m  5 |[39m
     [90m  6 |[39m [36mconst[39m renderWithTheme [33m=[39m (component[33m:[39m [33mReact[39m[33m.[39m[33mReactElement[39m) [33m=>[39m {
    [31m[1m>[22m[39m[90m  7 |[39m   [36mreturn[39m render([33m<[39m[33mThemeProvider[39m[33m>[39m{component}[33m<[39m[33m/[39m[33mThemeProvider[39m[33m>[39m)[33m;[39m
     [90m    |[39m                [31m[1m^[22m[39m
     [90m  8 |[39m }[33m;[39m
     [90m  9 |[39m
     [90m 10 |[39m describe([32m'CashDisplay'[39m[33m,[39m () [33m=>[39m {[0m

      at Object.process.env.NODE_ENV.exports.create (node_modules/react-test-renderer/cjs/react-test-renderer.development.js:14598:17)
      at create (node_modules/@testing-library/react-native/src/render-act.ts:15:29)
      at callback (node_modules/@testing-library/react-native/src/act.ts:31:24)
      at process.env.NODE_ENV.exports.act (node_modules/react/cjs/react.development.js:789:22)
      at actImplementation (node_modules/@testing-library/react-native/src/act.ts:30:25)
      at renderWithAct (node_modules/@testing-library/react-native/src/render-act.ts:13:11)
      at renderInternal (node_modules/@testing-library/react-native/src/render.tsx:69:33)
      at renderInternal (node_modules/@testing-library/react-native/src/render.tsx:44:10)
      at renderWithTheme (src/features/cash-conversion-training/components/CashDisplay/CashDisplay.test.tsx:7:16)
      at Object.renderWithTheme (src/features/cash-conversion-training/components/CashDisplay/CashDisplay.test.tsx:81:27)

  console.error
    react-test-renderer is deprecated. See https://react.dev/warnings/react-test-renderer

    [0m [90m  6 |[39m
     [90m  7 |[39m [36mconst[39m renderWithTheme [33m=[39m (component[33m:[39m [33mReact[39m[33m.[39m[33mReactElement[39m) [33m=>[39m {
    [31m[1m>[22m[39m[90m  8 |[39m   [36mreturn[39m render([33m<[39m[33mThemeProvider[39m[33m>[39m{component}[33m<[39m[33m/[39m[33mThemeProvider[39m[33m>[39m)[33m;[39m
     [90m    |[39m                [31m[1m^[22m[39m
     [90m  9 |[39m }[33m;[39m
     [90m 10 |[39m
     [90m 11 |[39m describe([32m'RequestDisplay'[39m[33m,[39m () [33m=>[39m {[0m

      at Object.process.env.NODE_ENV.exports.create (node_modules/react-test-renderer/cjs/react-test-renderer.development.js:14598:17)
      at create (node_modules/@testing-library/react-native/src/render-act.ts:15:29)
      at callback (node_modules/@testing-library/react-native/src/act.ts:31:24)
      at process.env.NODE_ENV.exports.act (node_modules/react/cjs/react.development.js:789:22)
      at actImplementation (node_modules/@testing-library/react-native/src/act.ts:30:25)
      at renderWithAct (node_modules/@testing-library/react-native/src/render-act.ts:13:11)
      at renderInternal (node_modules/@testing-library/react-native/src/render.tsx:69:33)
      at renderInternal (node_modules/@testing-library/react-native/src/render.tsx:44:10)
      at renderWithTheme (src/features/cash-conversion-training/components/RequestDisplay/RequestDisplay.test.tsx:8:16)
      at Object.renderWithTheme (src/features/cash-conversion-training/components/RequestDisplay/RequestDisplay.test.tsx:32:27)

  console.error
    react-test-renderer is deprecated. See https://react.dev/warnings/react-test-renderer

    [0m [90m  5 |[39m
     [90m  6 |[39m [36mconst[39m renderWithTheme [33m=[39m (component[33m:[39m [33mReact[39m[33m.[39m[33mReactElement[39m) [33m=>[39m {
    [31m[1m>[22m[39m[90m  7 |[39m   [36mreturn[39m render([33m<[39m[33mThemeProvider[39m[33m>[39m{component}[33m<[39m[33m/[39m[33mThemeProvider[39m[33m>[39m)[33m;[39m
     [90m    |[39m                [31m[1m^[22m[39m
     [90m  8 |[39m }[33m;[39m
     [90m  9 |[39m
     [90m 10 |[39m describe([32m'CashDisplay'[39m[33m,[39m () [33m=>[39m {[0m

      at Object.process.env.NODE_ENV.exports.create (node_modules/react-test-renderer/cjs/react-test-renderer.development.js:14598:17)
      at create (node_modules/@testing-library/react-native/src/render-act.ts:15:29)
      at callback (node_modules/@testing-library/react-native/src/act.ts:31:24)
      at process.env.NODE_ENV.exports.act (node_modules/react/cjs/react.development.js:789:22)
      at actImplementation (node_modules/@testing-library/react-native/src/act.ts:30:25)
      at renderWithAct (node_modules/@testing-library/react-native/src/render-act.ts:13:11)
      at renderInternal (node_modules/@testing-library/react-native/src/render.tsx:69:33)
      at renderInternal (node_modules/@testing-library/react-native/src/render.tsx:44:10)
      at renderWithTheme (src/features/cash-conversion-training/components/CashDisplay/CashDisplay.test.tsx:7:16)
      at Object.renderWithTheme (src/features/cash-conversion-training/components/CashDisplay/CashDisplay.test.tsx:87:27)

  console.error
    react-test-renderer is deprecated. See https://react.dev/warnings/react-test-renderer

    [0m [90m 191 |[39m
     [90m 192 |[39m     it([32m'should not place bets for invalid number'[39m[33m,[39m () [33m=>[39m {
    [31m[1m>[22m[39m[90m 193 |[39m       [36mconst[39m { result } [33m=[39m renderHook(() [33m=>[39m useAnnouncedBets(defaultProps))[33m;[39m
     [90m     |[39m                                    [31m[1m^[22m[39m
     [90m 194 |[39m
     [90m 195 |[39m       act(() [33m=>[39m {
     [90m 196 |[39m         result[33m.[39mcurrent[33m.[39mhandleNumberPress([32m'37'[39m)[33m;[39m[0m

      at Object.process.env.NODE_ENV.exports.create (node_modules/react-test-renderer/cjs/react-test-renderer.development.js:14598:17)
      at create (node_modules/@testing-library/react-native/src/render-act.ts:15:29)
      at callback (node_modules/@testing-library/react-native/src/act.ts:31:24)
      at process.env.NODE_ENV.exports.act (node_modules/react/cjs/react.development.js:789:22)
      at actImplementation (node_modules/@testing-library/react-native/src/act.ts:30:25)
      at renderWithAct (node_modules/@testing-library/react-native/src/render-act.ts:13:11)
      at renderInternal (node_modules/@testing-library/react-native/src/render.tsx:69:33)
      at renderInternal (node_modules/@testing-library/react-native/src/render.tsx:44:10)
      at renderHook (node_modules/@testing-library/react-native/src/render-hook.tsx:55:58)
      at Object.<anonymous> (src/features/racetrack/hooks/__tests__/useAnnouncedBets.test.ts:193:36)

  console.error
    react-test-renderer is deprecated. See https://react.dev/warnings/react-test-renderer

    [0m [90m 74 |[39m   describe([32m'number press handlers'[39m[33m,[39m () [33m=>[39m {
     [90m 75 |[39m     it([32m'should render top number buttons'[39m[33m,[39m () [33m=>[39m {
    [31m[1m>[22m[39m[90m 76 |[39m       [36mconst[39m { toJSON } [33m=[39m render(
     [90m    |[39m                                [31m[1m^[22m[39m
     [90m 77 |[39m         [33m<[39m[33mRacetrackOverlays[39m width[33m=[39m{[35m350[39m} height[33m=[39m{[35m140[39m} onNumberPress[33m=[39m{mockOnNumberPress} [33m/[39m[33m>[39m
     [90m 78 |[39m       )[33m;[39m
     [90m 79 |[39m       expect(toJSON())[33m.[39mtoBeTruthy()[33m;[39m[0m

      at Object.process.env.NODE_ENV.exports.create (node_modules/react-test-renderer/cjs/react-test-renderer.development.js:14598:17)
      at create (node_modules/@testing-library/react-native/src/render-act.ts:15:29)
      at callback (node_modules/@testing-library/react-native/src/act.ts:31:24)
      at process.env.NODE_ENV.exports.act (node_modules/react/cjs/react.development.js:789:22)
      at actImplementation (node_modules/@testing-library/react-native/src/act.ts:30:25)
      at renderWithAct (node_modules/@testing-library/react-native/src/render-act.ts:13:11)
      at renderInternal (node_modules/@testing-library/react-native/src/render.tsx:69:33)
      at renderInternal (node_modules/@testing-library/react-native/src/render.tsx:44:10)
      at Object.<anonymous> (src/features/racetrack/components/RacetrackOverlays/RacetrackOverlays.test.tsx:76:32)

  console.error
    react-test-renderer is deprecated. See https://react.dev/warnings/react-test-renderer

    [0m [90m  6 |[39m
     [90m  7 |[39m [36mconst[39m renderWithTheme [33m=[39m (component[33m:[39m [33mReact[39m[33m.[39m[33mReactElement[39m) [33m=>[39m {
    [31m[1m>[22m[39m[90m  8 |[39m   [36mreturn[39m render([33m<[39m[33mThemeProvider[39m[33m>[39m{component}[33m<[39m[33m/[39m[33mThemeProvider[39m[33m>[39m)[33m;[39m
     [90m    |[39m                [31m[1m^[22m[39m
     [90m  9 |[39m }[33m;[39m
     [90m 10 |[39m
     [90m 11 |[39m describe([32m'RequestDisplay'[39m[33m,[39m () [33m=>[39m {[0m

      at Object.process.env.NODE_ENV.exports.create (node_modules/react-test-renderer/cjs/react-test-renderer.development.js:14598:17)
      at create (node_modules/@testing-library/react-native/src/render-act.ts:15:29)
      at callback (node_modules/@testing-library/react-native/src/act.ts:31:24)
      at process.env.NODE_ENV.exports.act (node_modules/react/cjs/react.development.js:789:22)
      at actImplementation (node_modules/@testing-library/react-native/src/act.ts:30:25)
      at renderWithAct (node_modules/@testing-library/react-native/src/render-act.ts:13:11)
      at renderInternal (node_modules/@testing-library/react-native/src/render.tsx:69:33)
      at renderInternal (node_modules/@testing-library/react-native/src/render.tsx:44:10)
      at renderWithTheme (src/features/cash-conversion-training/components/RequestDisplay/RequestDisplay.test.tsx:8:16)
      at Object.renderWithTheme (src/features/cash-conversion-training/components/RequestDisplay/RequestDisplay.test.tsx:38:27)

  console.error
    react-test-renderer is deprecated. See https://react.dev/warnings/react-test-renderer

    [0m [90m 35 |[39m   describe([32m'rendering'[39m[33m,[39m () [33m=>[39m {
     [90m 36 |[39m     it([32m'should render three column bet buttons'[39m[33m,[39m () [33m=>[39m {
    [31m[1m>[22m[39m[90m 37 |[39m       [36mconst[39m { getAllByText } [33m=[39m render([33m<[39m[33mRouletteColumnBets[39m {[33m...[39mdefaultProps} [33m/[39m[33m>[39m)[33m;[39m
     [90m    |[39m                                      [31m[1m^[22m[39m
     [90m 38 |[39m       [90m// All three buttons have "2 to 1" text[39m
     [90m 39 |[39m       [36mconst[39m buttons [33m=[39m getAllByText([32m'2 to 1'[39m)[33m;[39m
     [90m 40 |[39m       expect(buttons)[33m.[39mtoHaveLength([35m3[39m)[33m;[39m[0m

      at Object.process.env.NODE_ENV.exports.create (node_modules/react-test-renderer/cjs/react-test-renderer.development.js:14598:17)
      at create (node_modules/@testing-library/react-native/src/render-act.ts:15:29)
      at callback (node_modules/@testing-library/react-native/src/act.ts:31:24)
      at process.env.NODE_ENV.exports.act (node_modules/react/cjs/react.development.js:789:22)
      at actImplementation (node_modules/@testing-library/react-native/src/act.ts:30:25)
      at renderWithAct (node_modules/@testing-library/react-native/src/render-act.ts:13:11)
      at renderInternal (node_modules/@testing-library/react-native/src/render.tsx:69:33)
      at renderInternal (node_modules/@testing-library/react-native/src/render.tsx:44:10)
      at Object.<anonymous> (src/components/roulette/RouletteColumnBets.test.tsx:37:38)

  console.error
    react-test-renderer is deprecated. See https://react.dev/warnings/react-test-renderer

    [0m [90m  5 |[39m
     [90m  6 |[39m [36mconst[39m renderWithTheme [33m=[39m (component[33m:[39m [33mReact[39m[33m.[39m[33mReactElement[39m) [33m=>[39m {
    [31m[1m>[22m[39m[90m  7 |[39m   [36mreturn[39m render([33m<[39m[33mThemeProvider[39m[33m>[39m{component}[33m<[39m[33m/[39m[33mThemeProvider[39m[33m>[39m)[33m;[39m
     [90m    |[39m                [31m[1m^[22m[39m
     [90m  8 |[39m }[33m;[39m
     [90m  9 |[39m
     [90m 10 |[39m describe([32m'CashDisplay'[39m[33m,[39m () [33m=>[39m {[0m

      at Object.process.env.NODE_ENV.exports.create (node_modules/react-test-renderer/cjs/react-test-renderer.development.js:14598:17)
      at create (node_modules/@testing-library/react-native/src/render-act.ts:15:29)
      at callback (node_modules/@testing-library/react-native/src/act.ts:31:24)
      at process.env.NODE_ENV.exports.act (node_modules/react/cjs/react.development.js:789:22)
      at actImplementation (node_modules/@testing-library/react-native/src/act.ts:30:25)
      at renderWithAct (node_modules/@testing-library/react-native/src/render-act.ts:13:11)
      at renderInternal (node_modules/@testing-library/react-native/src/render.tsx:69:33)
      at renderInternal (node_modules/@testing-library/react-native/src/render.tsx:44:10)
      at renderWithTheme (src/features/cash-conversion-training/components/CashDisplay/CashDisplay.test.tsx:7:16)
      at Object.renderWithTheme (src/features/cash-conversion-training/components/CashDisplay/CashDisplay.test.tsx:93:27)

  console.error
    react-test-renderer is deprecated. See https://react.dev/warnings/react-test-renderer

    [0m [90m 75 |[39m
     [90m 76 |[39m     it([32m'should update activeInput state'[39m[33m,[39m () [33m=>[39m {
    [31m[1m>[22m[39m[90m 77 |[39m       [36mconst[39m { result } [33m=[39m renderHook(() [33m=>[39m
     [90m    |[39m                                    [31m[1m^[22m[39m
     [90m 78 |[39m         useCashConversionState({ difficulty[33m:[39m [32m'easy'[39m[33m,[39m sector[33m:[39m [32m'voisins'[39m })
     [90m 79 |[39m       )[33m;[39m
     [90m 80 |[39m[0m

      at Object.process.env.NODE_ENV.exports.create (node_modules/react-test-renderer/cjs/react-test-renderer.development.js:14598:17)
      at create (node_modules/@testing-library/react-native/src/render-act.ts:15:29)
      at callback (node_modules/@testing-library/react-native/src/act.ts:31:24)
      at process.env.NODE_ENV.exports.act (node_modules/react/cjs/react.development.js:789:22)
      at actImplementation (node_modules/@testing-library/react-native/src/act.ts:30:25)
      at renderWithAct (node_modules/@testing-library/react-native/src/render-act.ts:13:11)
      at renderInternal (node_modules/@testing-library/react-native/src/render.tsx:69:33)
      at renderInternal (node_modules/@testing-library/react-native/src/render.tsx:44:10)
      at renderHook (node_modules/@testing-library/react-native/src/render-hook.tsx:55:58)
      at Object.<anonymous> (src/features/cash-conversion-training/screens/CashConversionTrainingScreen/useCashConversionState.test.ts:77:36)

  console.error
    react-test-renderer is deprecated. See https://react.dev/warnings/react-test-renderer

    [0m [90m  5 |[39m
     [90m  6 |[39m [36mconst[39m renderWithTheme [33m=[39m (component[33m:[39m [33mReact[39m[33m.[39m[33mReactElement[39m) [33m=>[39m {
    [31m[1m>[22m[39m[90m  7 |[39m   [36mreturn[39m render([33m<[39m[33mThemeProvider[39m[33m>[39m{component}[33m<[39m[33m/[39m[33mThemeProvider[39m[33m>[39m)[33m;[39m
     [90m    |[39m                [31m[1m^[22m[39m
     [90m  8 |[39m }[33m;[39m
     [90m  9 |[39m
     [90m 10 |[39m describe([32m'CashDisplay'[39m[33m,[39m () [33m=>[39m {[0m

      at Object.process.env.NODE_ENV.exports.create (node_modules/react-test-renderer/cjs/react-test-renderer.development.js:14598:17)
      at create (node_modules/@testing-library/react-native/src/render-act.ts:15:29)
      at callback (node_modules/@testing-library/react-native/src/act.ts:31:24)
      at process.env.NODE_ENV.exports.act (node_modules/react/cjs/react.development.js:789:22)
      at actImplementation (node_modules/@testing-library/react-native/src/act.ts:30:25)
      at renderWithAct (node_modules/@testing-library/react-native/src/render-act.ts:13:11)
      at renderInternal (node_modules/@testing-library/react-native/src/render.tsx:69:33)
      at renderInternal (node_modules/@testing-library/react-native/src/render.tsx:44:10)
      at renderWithTheme (src/features/cash-conversion-training/components/CashDisplay/CashDisplay.test.tsx:7:16)
      at Object.renderWithTheme (src/features/cash-conversion-training/components/CashDisplay/CashDisplay.test.tsx:99:37)

  console.error
    react-test-renderer is deprecated. See https://react.dev/warnings/react-test-renderer

    [0m [90m  6 |[39m
     [90m  7 |[39m [36mconst[39m renderWithTheme [33m=[39m (component[33m:[39m [33mReact[39m[33m.[39m[33mReactElement[39m) [33m=>[39m {
    [31m[1m>[22m[39m[90m  8 |[39m   [36mreturn[39m render([33m<[39m[33mThemeProvider[39m[33m>[39m{component}[33m<[39m[33m/[39m[33mThemeProvider[39m[33m>[39m)[33m;[39m
     [90m    |[39m                [31m[1m^[22m[39m
     [90m  9 |[39m }[33m;[39m
     [90m 10 |[39m
     [90m 11 |[39m describe([32m'RequestDisplay'[39m[33m,[39m () [33m=>[39m {[0m

      at Object.process.env.NODE_ENV.exports.create (node_modules/react-test-renderer/cjs/react-test-renderer.development.js:14598:17)
      at create (node_modules/@testing-library/react-native/src/render-act.ts:15:29)
      at callback (node_modules/@testing-library/react-native/src/act.ts:31:24)
      at process.env.NODE_ENV.exports.act (node_modules/react/cjs/react.development.js:789:22)
      at actImplementation (node_modules/@testing-library/react-native/src/act.ts:30:25)
      at renderWithAct (node_modules/@testing-library/react-native/src/render-act.ts:13:11)
      at renderInternal (node_modules/@testing-library/react-native/src/render.tsx:69:33)
      at renderInternal (node_modules/@testing-library/react-native/src/render.tsx:44:10)
      at renderWithTheme (src/features/cash-conversion-training/components/RequestDisplay/RequestDisplay.test.tsx:8:16)
      at Object.renderWithTheme (src/features/cash-conversion-training/components/RequestDisplay/RequestDisplay.test.tsx:44:27)

  console.error
    react-test-renderer is deprecated. See https://react.dev/warnings/react-test-renderer

    [0m [90m 27 |[39m       ][33m;[39m
     [90m 28 |[39m
    [31m[1m>[22m[39m[90m 29 |[39m       [36mconst[39m { result } [33m=[39m renderHook(() [33m=>[39m useRouletteBets(placedBets))[33m;[39m
     [90m    |[39m                                    [31m[1m^[22m[39m
     [90m 30 |[39m
     [90m 31 |[39m       expect(result[33m.[39mcurrent[33m.[39mgetBetAmount([[35m5[39m]))[33m.[39mtoBe([35m10[39m)[33m;[39m
     [90m 32 |[39m     })[33m;[39m[0m

      at Object.process.env.NODE_ENV.exports.create (node_modules/react-test-renderer/cjs/react-test-renderer.development.js:14598:17)
      at create (node_modules/@testing-library/react-native/src/render-act.ts:15:29)
      at callback (node_modules/@testing-library/react-native/src/act.ts:31:24)
      at process.env.NODE_ENV.exports.act (node_modules/react/cjs/react.development.js:789:22)
      at actImplementation (node_modules/@testing-library/react-native/src/act.ts:30:25)
      at renderWithAct (node_modules/@testing-library/react-native/src/render-act.ts:13:11)
      at renderInternal (node_modules/@testing-library/react-native/src/render.tsx:69:33)
      at renderInternal (node_modules/@testing-library/react-native/src/render.tsx:44:10)
      at renderHook (node_modules/@testing-library/react-native/src/render-hook.tsx:55:58)
      at Object.<anonymous> (src/components/roulette/hooks/__tests__/useRouletteBets.test.ts:29:36)

  console.error
    react-test-renderer is deprecated. See https://react.dev/warnings/react-test-renderer

    [0m [90m 89 |[39m   describe([32m'isFormComplete'[39m[33m,[39m () [33m=>[39m {
     [90m 90 |[39m     it([32m'should be false when form is empty'[39m[33m,[39m () [33m=>[39m {
    [31m[1m>[22m[39m[90m 91 |[39m       [36mconst[39m { result } [33m=[39m renderHook(() [33m=>[39m
     [90m    |[39m                                    [31m[1m^[22m[39m
     [90m 92 |[39m         useCashConversionState({ difficulty[33m:[39m [32m'easy'[39m[33m,[39m sector[33m:[39m [32m'voisins'[39m })
     [90m 93 |[39m       )[33m;[39m
     [90m 94 |[39m[0m

      at Object.process.env.NODE_ENV.exports.create (node_modules/react-test-renderer/cjs/react-test-renderer.development.js:14598:17)
      at create (node_modules/@testing-library/react-native/src/render-act.ts:15:29)
      at callback (node_modules/@testing-library/react-native/src/act.ts:31:24)
      at process.env.NODE_ENV.exports.act (node_modules/react/cjs/react.development.js:789:22)
      at actImplementation (node_modules/@testing-library/react-native/src/act.ts:30:25)
      at renderWithAct (node_modules/@testing-library/react-native/src/render-act.ts:13:11)
      at renderInternal (node_modules/@testing-library/react-native/src/render.tsx:69:33)
      at renderInternal (node_modules/@testing-library/react-native/src/render.tsx:44:10)
      at renderHook (node_modules/@testing-library/react-native/src/render-hook.tsx:55:58)
      at Object.<anonymous> (src/features/cash-conversion-training/screens/CashConversionTrainingScreen/useCashConversionState.test.ts:91:36)

  console.error
    react-test-renderer is deprecated. See https://react.dev/warnings/react-test-renderer

    [0m [90m 42 |[39m
     [90m 43 |[39m     it([32m'should call getBetAmount for each column'[39m[33m,[39m () [33m=>[39m {
    [31m[1m>[22m[39m[90m 44 |[39m       render([33m<[39m[33mRouletteColumnBets[39m {[33m...[39mdefaultProps} [33m/[39m[33m>[39m)[33m;[39m
     [90m    |[39m             [31m[1m^[22m[39m
     [90m 45 |[39m       [90m// getBetAmount is called for each of the 3 columns[39m
     [90m 46 |[39m       expect(defaultProps[33m.[39mgetBetAmount)[33m.[39mtoHaveBeenCalledTimes([35m3[39m)[33m;[39m
     [90m 47 |[39m     })[33m;[39m[0m

      at Object.process.env.NODE_ENV.exports.create (node_modules/react-test-renderer/cjs/react-test-renderer.development.js:14598:17)
      at create (node_modules/@testing-library/react-native/src/render-act.ts:15:29)
      at callback (node_modules/@testing-library/react-native/src/act.ts:31:24)
      at process.env.NODE_ENV.exports.act (node_modules/react/cjs/react.development.js:789:22)
      at actImplementation (node_modules/@testing-library/react-native/src/act.ts:30:25)
      at renderWithAct (node_modules/@testing-library/react-native/src/render-act.ts:13:11)
      at renderInternal (node_modules/@testing-library/react-native/src/render.tsx:69:33)
      at renderInternal (node_modules/@testing-library/react-native/src/render.tsx:44:10)
      at Object.<anonymous> (src/components/roulette/RouletteColumnBets.test.tsx:44:13)

  console.error
    react-test-renderer is deprecated. See https://react.dev/warnings/react-test-renderer

    [0m [90m  5 |[39m
     [90m  6 |[39m [36mconst[39m renderWithTheme [33m=[39m (component[33m:[39m [33mReact[39m[33m.[39m[33mReactElement[39m) [33m=>[39m {
    [31m[1m>[22m[39m[90m  7 |[39m   [36mreturn[39m render([33m<[39m[33mThemeProvider[39m[33m>[39m{component}[33m<[39m[33m/[39m[33mThemeProvider[39m[33m>[39m)[33m;[39m
     [90m    |[39m                [31m[1m^[22m[39m
     [90m  8 |[39m }[33m;[39m
     [90m  9 |[39m
     [90m 10 |[39m describe([32m'CashDisplay'[39m[33m,[39m () [33m=>[39m {[0m

      at Object.process.env.NODE_ENV.exports.create (node_modules/react-test-renderer/cjs/react-test-renderer.development.js:14598:17)
      at create (node_modules/@testing-library/react-native/src/render-act.ts:15:29)
      at callback (node_modules/@testing-library/react-native/src/act.ts:31:24)
      at process.env.NODE_ENV.exports.act (node_modules/react/cjs/react.development.js:789:22)
      at actImplementation (node_modules/@testing-library/react-native/src/act.ts:30:25)
      at renderWithAct (node_modules/@testing-library/react-native/src/render-act.ts:13:11)
      at renderInternal (node_modules/@testing-library/react-native/src/render.tsx:69:33)
      at renderInternal (node_modules/@testing-library/react-native/src/render.tsx:44:10)
      at renderWithTheme (src/features/cash-conversion-training/components/CashDisplay/CashDisplay.test.tsx:7:16)
      at Object.renderWithTheme (src/features/cash-conversion-training/components/CashDisplay/CashDisplay.test.tsx:113:27)

  console.error
    react-test-renderer is deprecated. See https://react.dev/warnings/react-test-renderer

    [0m [90m  6 |[39m
     [90m  7 |[39m [36mconst[39m renderWithTheme [33m=[39m (component[33m:[39m [33mReact[39m[33m.[39m[33mReactElement[39m) [33m=>[39m {
    [31m[1m>[22m[39m[90m  8 |[39m   [36mreturn[39m render([33m<[39m[33mThemeProvider[39m[33m>[39m{component}[33m<[39m[33m/[39m[33mThemeProvider[39m[33m>[39m)[33m;[39m
     [90m    |[39m                [31m[1m^[22m[39m
     [90m  9 |[39m }[33m;[39m
     [90m 10 |[39m
     [90m 11 |[39m describe([32m'RequestDisplay'[39m[33m,[39m () [33m=>[39m {[0m

      at Object.process.env.NODE_ENV.exports.create (node_modules/react-test-renderer/cjs/react-test-renderer.development.js:14598:17)
      at create (node_modules/@testing-library/react-native/src/render-act.ts:15:29)
      at callback (node_modules/@testing-library/react-native/src/act.ts:31:24)
      at process.env.NODE_ENV.exports.act (node_modules/react/cjs/react.development.js:789:22)
      at actImplementation (node_modules/@testing-library/react-native/src/act.ts:30:25)
      at renderWithAct (node_modules/@testing-library/react-native/src/render-act.ts:13:11)
      at renderInternal (node_modules/@testing-library/react-native/src/render.tsx:69:33)
      at renderInternal (node_modules/@testing-library/react-native/src/render.tsx:44:10)
      at renderWithTheme (src/features/cash-conversion-training/components/RequestDisplay/RequestDisplay.test.tsx:8:16)
      at Object.renderWithTheme (src/features/cash-conversion-training/components/RequestDisplay/RequestDisplay.test.tsx:50:27)

  console.error
    react-test-renderer is deprecated. See https://react.dev/warnings/react-test-renderer

    [0m [90m  97 |[39m
     [90m  98 |[39m     it([32m'should be true when all required fields are filled'[39m[33m,[39m () [33m=>[39m {
    [31m[1m>[22m[39m[90m  99 |[39m       [36mconst[39m { result } [33m=[39m renderHook(() [33m=>[39m
     [90m     |[39m                                    [31m[1m^[22m[39m
     [90m 100 |[39m         useCashConversionState({ difficulty[33m:[39m [32m'easy'[39m[33m,[39m sector[33m:[39m [32m'voisins'[39m })
     [90m 101 |[39m       )[33m;[39m
     [90m 102 |[39m[0m

      at Object.process.env.NODE_ENV.exports.create (node_modules/react-test-renderer/cjs/react-test-renderer.development.js:14598:17)
      at create (node_modules/@testing-library/react-native/src/render-act.ts:15:29)
      at callback (node_modules/@testing-library/react-native/src/act.ts:31:24)
      at process.env.NODE_ENV.exports.act (node_modules/react/cjs/react.development.js:789:22)
      at actImplementation (node_modules/@testing-library/react-native/src/act.ts:30:25)
      at renderWithAct (node_modules/@testing-library/react-native/src/render-act.ts:13:11)
      at renderInternal (node_modules/@testing-library/react-native/src/render.tsx:69:33)
      at renderInternal (node_modules/@testing-library/react-native/src/render.tsx:44:10)
      at renderHook (node_modules/@testing-library/react-native/src/render-hook.tsx:55:58)
      at Object.<anonymous> (src/features/cash-conversion-training/screens/CashConversionTrainingScreen/useCashConversionState.test.ts:99:36)

  console.error
    react-test-renderer is deprecated. See https://react.dev/warnings/react-test-renderer

    [0m [90m 81 |[39m
     [90m 82 |[39m     it([32m'should render bottom number buttons'[39m[33m,[39m () [33m=>[39m {
    [31m[1m>[22m[39m[90m 83 |[39m       [36mconst[39m { toJSON } [33m=[39m render(
     [90m    |[39m                                [31m[1m^[22m[39m
     [90m 84 |[39m         [33m<[39m[33mRacetrackOverlays[39m width[33m=[39m{[35m350[39m} height[33m=[39m{[35m140[39m} onNumberPress[33m=[39m{mockOnNumberPress} [33m/[39m[33m>[39m
     [90m 85 |[39m       )[33m;[39m
     [90m 86 |[39m       expect(toJSON())[33m.[39mtoBeTruthy()[33m;[39m[0m

      at Object.process.env.NODE_ENV.exports.create (node_modules/react-test-renderer/cjs/react-test-renderer.development.js:14598:17)
      at create (node_modules/@testing-library/react-native/src/render-act.ts:15:29)
      at callback (node_modules/@testing-library/react-native/src/act.ts:31:24)
      at process.env.NODE_ENV.exports.act (node_modules/react/cjs/react.development.js:789:22)
      at actImplementation (node_modules/@testing-library/react-native/src/act.ts:30:25)
      at renderWithAct (node_modules/@testing-library/react-native/src/render-act.ts:13:11)
      at renderInternal (node_modules/@testing-library/react-native/src/render.tsx:69:33)
      at renderInternal (node_modules/@testing-library/react-native/src/render.tsx:44:10)
      at Object.<anonymous> (src/features/racetrack/components/RacetrackOverlays/RacetrackOverlays.test.tsx:83:32)

  console.error
    react-test-renderer is deprecated. See https://react.dev/warnings/react-test-renderer

    [0m [90m 44 |[39m       ][33m;[39m
     [90m 45 |[39m
    [31m[1m>[22m[39m[90m 46 |[39m       [36mconst[39m { result } [33m=[39m renderHook(() [33m=>[39m useRouletteBets(placedBets))[33m;[39m
     [90m    |[39m                                    [31m[1m^[22m[39m
     [90m 47 |[39m
     [90m 48 |[39m       expect(result[33m.[39mcurrent[33m.[39mgetBetAmount([[35m5[39m[33m,[39m [35m8[39m]))[33m.[39mtoBe([35m25[39m)[33m;[39m
     [90m 49 |[39m     })[33m;[39m[0m

      at Object.process.env.NODE_ENV.exports.create (node_modules/react-test-renderer/cjs/react-test-renderer.development.js:14598:17)
      at create (node_modules/@testing-library/react-native/src/render-act.ts:15:29)
      at callback (node_modules/@testing-library/react-native/src/act.ts:31:24)
      at process.env.NODE_ENV.exports.act (node_modules/react/cjs/react.development.js:789:22)
      at actImplementation (node_modules/@testing-library/react-native/src/act.ts:30:25)
      at renderWithAct (node_modules/@testing-library/react-native/src/render-act.ts:13:11)
      at renderInternal (node_modules/@testing-library/react-native/src/render.tsx:69:33)
      at renderInternal (node_modules/@testing-library/react-native/src/render.tsx:44:10)
      at renderHook (node_modules/@testing-library/react-native/src/render-hook.tsx:55:58)
      at Object.<anonymous> (src/components/roulette/hooks/__tests__/useRouletteBets.test.ts:46:36)

  console.error
    react-test-renderer is deprecated. See https://react.dev/warnings/react-test-renderer

    [0m [90m  5 |[39m
     [90m  6 |[39m [36mconst[39m renderWithTheme [33m=[39m (component[33m:[39m [33mReact[39m[33m.[39m[33mReactElement[39m) [33m=>[39m {
    [31m[1m>[22m[39m[90m  7 |[39m   [36mreturn[39m render([33m<[39m[33mThemeProvider[39m[33m>[39m{component}[33m<[39m[33m/[39m[33mThemeProvider[39m[33m>[39m)[33m;[39m
     [90m    |[39m                [31m[1m^[22m[39m
     [90m  8 |[39m }[33m;[39m
     [90m  9 |[39m
     [90m 10 |[39m describe([32m'CashDisplay'[39m[33m,[39m () [33m=>[39m {[0m

      at Object.process.env.NODE_ENV.exports.create (node_modules/react-test-renderer/cjs/react-test-renderer.development.js:14598:17)
      at create (node_modules/@testing-library/react-native/src/render-act.ts:15:29)
      at callback (node_modules/@testing-library/react-native/src/act.ts:31:24)
      at process.env.NODE_ENV.exports.act (node_modules/react/cjs/react.development.js:789:22)
      at actImplementation (node_modules/@testing-library/react-native/src/act.ts:30:25)
      at renderWithAct (node_modules/@testing-library/react-native/src/render-act.ts:13:11)
      at renderInternal (node_modules/@testing-library/react-native/src/render.tsx:69:33)
      at renderInternal (node_modules/@testing-library/react-native/src/render.tsx:44:10)
      at renderWithTheme (src/features/cash-conversion-training/components/CashDisplay/CashDisplay.test.tsx:7:16)
      at Object.renderWithTheme (src/features/cash-conversion-training/components/CashDisplay/CashDisplay.test.tsx:119:27)

  console.error
    react-test-renderer is deprecated. See https://react.dev/warnings/react-test-renderer

    [0m [90m 56 |[39m     it([32m'should call onBetAreaPress with first column numbers when first button pressed'[39m[33m,[39m () [33m=>[39m {
     [90m 57 |[39m       [36mconst[39m onBetAreaPress [33m=[39m jest[33m.[39mfn()[33m;[39m
    [31m[1m>[22m[39m[90m 58 |[39m       [36mconst[39m { getAllByText } [33m=[39m render(
     [90m    |[39m                                      [31m[1m^[22m[39m
     [90m 59 |[39m         [33m<[39m[33mRouletteColumnBets[39m {[33m...[39mdefaultProps} onBetAreaPress[33m=[39m{onBetAreaPress} [33m/[39m[33m>[39m
     [90m 60 |[39m       )[33m;[39m
     [90m 61 |[39m[0m

      at Object.process.env.NODE_ENV.exports.create (node_modules/react-test-renderer/cjs/react-test-renderer.development.js:14598:17)
      at create (node_modules/@testing-library/react-native/src/render-act.ts:15:29)
      at callback (node_modules/@testing-library/react-native/src/act.ts:31:24)
      at process.env.NODE_ENV.exports.act (node_modules/react/cjs/react.development.js:789:22)
      at actImplementation (node_modules/@testing-library/react-native/src/act.ts:30:25)
      at renderWithAct (node_modules/@testing-library/react-native/src/render-act.ts:13:11)
      at renderInternal (node_modules/@testing-library/react-native/src/render.tsx:69:33)
      at renderInternal (node_modules/@testing-library/react-native/src/render.tsx:44:10)
      at Object.<anonymous> (src/components/roulette/RouletteColumnBets.test.tsx:58:38)

PASS src/features/cash-conversion-training/components/CashDisplay/CashDisplay.test.tsx
  CashDisplay
    ΓêÜ should render title (21 ms)
    ΓêÜ should display total amount (15 ms)
    ΓêÜ should break down amount into chip denominations (6 ms)
    ΓêÜ should handle zero amount (7 ms)
    ΓêÜ should handle single denomination (8 ms)
    ΓêÜ should handle multiple denominations (14 ms)
    ΓêÜ should display chip counts correctly for 200 (15 ms)
    ΓêÜ should display chip counts correctly for 150 (7 ms)
    ΓêÜ should handle large amounts (7 ms)
    ΓêÜ should display chips container with chips (7 ms)
    ΓêÜ should display chip values (16 ms)
    ΓêÜ should calculate correct chip breakdown for 275 (8 ms)
    ΓêÜ should handle exactly divisible amounts (7 ms)
    ΓêÜ should handle odd amounts with remainder (9 ms)
    ΓêÜ should update when amount prop changes (10 ms)
    ΓêÜ should render with proper title styling (13 ms)
    ΓêÜ should display total with gold text color (7 ms)

  console.error
    react-test-renderer is deprecated. See https://react.dev/warnings/react-test-renderer

    [0m [90m 88 |[39m
     [90m 89 |[39m     it([32m'should render left side number buttons'[39m[33m,[39m () [33m=>[39m {
    [31m[1m>[22m[39m[90m 90 |[39m       [36mconst[39m { toJSON } [33m=[39m render(
     [90m    |[39m                                [31m[1m^[22m[39m
     [90m 91 |[39m         [33m<[39m[33mRacetrackOverlays[39m width[33m=[39m{[35m350[39m} height[33m=[39m{[35m140[39m} onNumberPress[33m=[39m{mockOnNumberPress} [33m/[39m[33m>[39m
     [90m 92 |[39m       )[33m;[39m
     [90m 93 |[39m       expect(toJSON())[33m.[39mtoBeTruthy()[33m;[39m[0m

      at Object.process.env.NODE_ENV.exports.create (node_modules/react-test-renderer/cjs/react-test-renderer.development.js:14598:17)
      at create (node_modules/@testing-library/react-native/src/render-act.ts:15:29)
      at callback (node_modules/@testing-library/react-native/src/act.ts:31:24)
      at process.env.NODE_ENV.exports.act (node_modules/react/cjs/react.development.js:789:22)
      at actImplementation (node_modules/@testing-library/react-native/src/act.ts:30:25)
      at renderWithAct (node_modules/@testing-library/react-native/src/render-act.ts:13:11)
      at renderInternal (node_modules/@testing-library/react-native/src/render.tsx:69:33)
      at renderInternal (node_modules/@testing-library/react-native/src/render.tsx:44:10)
      at Object.<anonymous> (src/features/racetrack/components/RacetrackOverlays/RacetrackOverlays.test.tsx:90:32)

  console.error
    react-test-renderer is deprecated. See https://react.dev/warnings/react-test-renderer

    [0m [90m 69 |[39m     it([32m'should call onBetAreaPress with second column numbers when second button pressed'[39m[33m,[39m () [33m=>[39m {
     [90m 70 |[39m       [36mconst[39m onBetAreaPress [33m=[39m jest[33m.[39mfn()[33m;[39m
    [31m[1m>[22m[39m[90m 71 |[39m       [36mconst[39m { getAllByText } [33m=[39m render(
     [90m    |[39m                                      [31m[1m^[22m[39m
     [90m 72 |[39m         [33m<[39m[33mRouletteColumnBets[39m {[33m...[39mdefaultProps} onBetAreaPress[33m=[39m{onBetAreaPress} [33m/[39m[33m>[39m
     [90m 73 |[39m       )[33m;[39m
     [90m 74 |[39m[0m

      at Object.process.env.NODE_ENV.exports.create (node_modules/react-test-renderer/cjs/react-test-renderer.development.js:14598:17)
      at create (node_modules/@testing-library/react-native/src/render-act.ts:15:29)
      at callback (node_modules/@testing-library/react-native/src/act.ts:31:24)
      at process.env.NODE_ENV.exports.act (node_modules/react/cjs/react.development.js:789:22)
      at actImplementation (node_modules/@testing-library/react-native/src/act.ts:30:25)
      at renderWithAct (node_modules/@testing-library/react-native/src/render-act.ts:13:11)
      at renderInternal (node_modules/@testing-library/react-native/src/render.tsx:69:33)
      at renderInternal (node_modules/@testing-library/react-native/src/render.tsx:44:10)
      at Object.<anonymous> (src/components/roulette/RouletteColumnBets.test.tsx:71:38)

  console.error
    react-test-renderer is deprecated. See https://react.dev/warnings/react-test-renderer

    [0m [90m 115 |[39m   describe([32m'generateNewChallenge'[39m[33m,[39m () [33m=>[39m {
     [90m 116 |[39m     it([32m'should clear form inputs'[39m[33m,[39m () [33m=>[39m {
    [31m[1m>[22m[39m[90m 117 |[39m       [36mconst[39m { result } [33m=[39m renderHook(() [33m=>[39m
     [90m     |[39m                                    [31m[1m^[22m[39m
     [90m 118 |[39m         useCashConversionState({ difficulty[33m:[39m [32m'easy'[39m[33m,[39m sector[33m:[39m [32m'voisins'[39m })
     [90m 119 |[39m       )[33m;[39m
     [90m 120 |[39m[0m

      at Object.process.env.NODE_ENV.exports.create (node_modules/react-test-renderer/cjs/react-test-renderer.development.js:14598:17)
      at create (node_modules/@testing-library/react-native/src/render-act.ts:15:29)
      at callback (node_modules/@testing-library/react-native/src/act.ts:31:24)
      at process.env.NODE_ENV.exports.act (node_modules/react/cjs/react.development.js:789:22)
      at actImplementation (node_modules/@testing-library/react-native/src/act.ts:30:25)
      at renderWithAct (node_modules/@testing-library/react-native/src/render-act.ts:13:11)
      at renderInternal (node_modules/@testing-library/react-native/src/render.tsx:69:33)
      at renderInternal (node_modules/@testing-library/react-native/src/render.tsx:44:10)
      at renderHook (node_modules/@testing-library/react-native/src/render-hook.tsx:55:58)
      at Object.<anonymous> (src/features/cash-conversion-training/screens/CashConversionTrainingScreen/useCashConversionState.test.ts:117:36)

  console.error
    react-test-renderer is deprecated. See https://react.dev/warnings/react-test-renderer

    [0m [90m 61 |[39m       ][33m;[39m
     [90m 62 |[39m
    [31m[1m>[22m[39m[90m 63 |[39m       [36mconst[39m { result } [33m=[39m renderHook(() [33m=>[39m useRouletteBets(placedBets))[33m;[39m
     [90m    |[39m                                    [31m[1m^[22m[39m
     [90m 64 |[39m
     [90m 65 |[39m       expect(result[33m.[39mcurrent[33m.[39mgetBetAmount([[35m5[39m[33m,[39m [35m8[39m]))[33m.[39mtoBe([35m25[39m)[33m;[39m
     [90m 66 |[39m     })[33m;[39m[0m

      at Object.process.env.NODE_ENV.exports.create (node_modules/react-test-renderer/cjs/react-test-renderer.development.js:14598:17)
      at create (node_modules/@testing-library/react-native/src/render-act.ts:15:29)
      at callback (node_modules/@testing-library/react-native/src/act.ts:31:24)
      at process.env.NODE_ENV.exports.act (node_modules/react/cjs/react.development.js:789:22)
      at actImplementation (node_modules/@testing-library/react-native/src/act.ts:30:25)
      at renderWithAct (node_modules/@testing-library/react-native/src/render-act.ts:13:11)
      at renderInternal (node_modules/@testing-library/react-native/src/render.tsx:69:33)
      at renderInternal (node_modules/@testing-library/react-native/src/render.tsx:44:10)
      at renderHook (node_modules/@testing-library/react-native/src/render-hook.tsx:55:58)
      at Object.<anonymous> (src/components/roulette/hooks/__tests__/useRouletteBets.test.ts:63:36)

  console.error
    react-test-renderer is deprecated. See https://react.dev/warnings/react-test-renderer

    [0m [90m 140 |[39m
     [90m 141 |[39m     it([32m'should generate new request'[39m[33m,[39m () [33m=>[39m {
    [31m[1m>[22m[39m[90m 142 |[39m       [36mconst[39m { result } [33m=[39m renderHook(() [33m=>[39m
     [90m     |[39m                                    [31m[1m^[22m[39m
     [90m 143 |[39m         useCashConversionState({ difficulty[33m:[39m [32m'easy'[39m[33m,[39m sector[33m:[39m [32m'voisins'[39m })
     [90m 144 |[39m       )[33m;[39m
     [90m 145 |[39m[0m

      at Object.process.env.NODE_ENV.exports.create (node_modules/react-test-renderer/cjs/react-test-renderer.development.js:14598:17)
      at create (node_modules/@testing-library/react-native/src/render-act.ts:15:29)
      at callback (node_modules/@testing-library/react-native/src/act.ts:31:24)
      at process.env.NODE_ENV.exports.act (node_modules/react/cjs/react.development.js:789:22)
      at actImplementation (node_modules/@testing-library/react-native/src/act.ts:30:25)
      at renderWithAct (node_modules/@testing-library/react-native/src/render-act.ts:13:11)
      at renderInternal (node_modules/@testing-library/react-native/src/render.tsx:69:33)
      at renderInternal (node_modules/@testing-library/react-native/src/render.tsx:44:10)
      at renderHook (node_modules/@testing-library/react-native/src/render-hook.tsx:55:58)
      at Object.<anonymous> (src/features/cash-conversion-training/screens/CashConversionTrainingScreen/useCashConversionState.test.ts:142:36)

  console.error
    react-test-renderer is deprecated. See https://react.dev/warnings/react-test-renderer

    [0m [90m 82 |[39m     it([32m'should call onBetAreaPress with third column numbers when third button pressed'[39m[33m,[39m () [33m=>[39m {
     [90m 83 |[39m       [36mconst[39m onBetAreaPress [33m=[39m jest[33m.[39mfn()[33m;[39m
    [31m[1m>[22m[39m[90m 84 |[39m       [36mconst[39m { getAllByText } [33m=[39m render(
     [90m    |[39m                                      [31m[1m^[22m[39m
     [90m 85 |[39m         [33m<[39m[33mRouletteColumnBets[39m {[33m...[39mdefaultProps} onBetAreaPress[33m=[39m{onBetAreaPress} [33m/[39m[33m>[39m
     [90m 86 |[39m       )[33m;[39m
     [90m 87 |[39m[0m

      at Object.process.env.NODE_ENV.exports.create (node_modules/react-test-renderer/cjs/react-test-renderer.development.js:14598:17)
      at create (node_modules/@testing-library/react-native/src/render-act.ts:15:29)
      at callback (node_modules/@testing-library/react-native/src/act.ts:31:24)
      at process.env.NODE_ENV.exports.act (node_modules/react/cjs/react.development.js:789:22)
      at actImplementation (node_modules/@testing-library/react-native/src/act.ts:30:25)
      at renderWithAct (node_modules/@testing-library/react-native/src/render-act.ts:13:11)
      at renderInternal (node_modules/@testing-library/react-native/src/render.tsx:69:33)
      at renderInternal (node_modules/@testing-library/react-native/src/render.tsx:44:10)
      at Object.<anonymous> (src/components/roulette/RouletteColumnBets.test.tsx:84:38)

  console.error
    react-test-renderer is deprecated. See https://react.dev/warnings/react-test-renderer

    [0m [90m 201 |[39m
     [90m 202 |[39m     it([32m'should not place bets for negative number'[39m[33m,[39m () [33m=>[39m {
    [31m[1m>[22m[39m[90m 203 |[39m       [36mconst[39m { result } [33m=[39m renderHook(() [33m=>[39m useAnnouncedBets(defaultProps))[33m;[39m
     [90m     |[39m                                    [31m[1m^[22m[39m
     [90m 204 |[39m
     [90m 205 |[39m       act(() [33m=>[39m {
     [90m 206 |[39m         result[33m.[39mcurrent[33m.[39mhandleNumberPress([32m'-1'[39m)[33m;[39m[0m

      at Object.process.env.NODE_ENV.exports.create (node_modules/react-test-renderer/cjs/react-test-renderer.development.js:14598:17)
      at create (node_modules/@testing-library/react-native/src/render-act.ts:15:29)
      at callback (node_modules/@testing-library/react-native/src/act.ts:31:24)
      at process.env.NODE_ENV.exports.act (node_modules/react/cjs/react.development.js:789:22)
      at actImplementation (node_modules/@testing-library/react-native/src/act.ts:30:25)
      at renderWithAct (node_modules/@testing-library/react-native/src/render-act.ts:13:11)
      at renderInternal (node_modules/@testing-library/react-native/src/render.tsx:69:33)
      at renderInternal (node_modules/@testing-library/react-native/src/render.tsx:44:10)
      at renderHook (node_modules/@testing-library/react-native/src/render-hook.tsx:55:58)
      at Object.<anonymous> (src/features/racetrack/hooks/__tests__/useAnnouncedBets.test.ts:203:36)

  console.error
    react-test-renderer is deprecated. See https://react.dev/warnings/react-test-renderer

    [0m [90m 86 |[39m       ][33m;[39m
     [90m 87 |[39m
    [31m[1m>[22m[39m[90m 88 |[39m       [36mconst[39m { result } [33m=[39m renderHook(() [33m=>[39m useRouletteBets(placedBets))[33m;[39m
     [90m    |[39m                                    [31m[1m^[22m[39m
     [90m 89 |[39m
     [90m 90 |[39m       expect(result[33m.[39mcurrent[33m.[39mgetBetAmount([[35m5[39m]))[33m.[39mtoBe([35m25[39m)[33m;[39m
     [90m 91 |[39m     })[33m;[39m[0m

      at Object.process.env.NODE_ENV.exports.create (node_modules/react-test-renderer/cjs/react-test-renderer.development.js:14598:17)
      at create (node_modules/@testing-library/react-native/src/render-act.ts:15:29)
      at callback (node_modules/@testing-library/react-native/src/act.ts:31:24)
      at process.env.NODE_ENV.exports.act (node_modules/react/cjs/react.development.js:789:22)
      at actImplementation (node_modules/@testing-library/react-native/src/act.ts:30:25)
      at renderWithAct (node_modules/@testing-library/react-native/src/render-act.ts:13:11)
      at renderInternal (node_modules/@testing-library/react-native/src/render.tsx:69:33)
      at renderInternal (node_modules/@testing-library/react-native/src/render.tsx:44:10)
      at renderHook (node_modules/@testing-library/react-native/src/render-hook.tsx:55:58)
      at Object.<anonymous> (src/components/roulette/hooks/__tests__/useRouletteBets.test.ts:88:36)

  console.error
    react-test-renderer is deprecated. See https://react.dev/warnings/react-test-renderer

    [0m [90m 94 |[39m
     [90m 95 |[39m     it([32m'should not crash when onBetAreaPress is undefined'[39m[33m,[39m () [33m=>[39m {
    [31m[1m>[22m[39m[90m 96 |[39m       [36mconst[39m { getAllByText } [33m=[39m render(
     [90m    |[39m                                      [31m[1m^[22m[39m
     [90m 97 |[39m         [33m<[39m[33mRouletteColumnBets[39m {[33m...[39mdefaultProps} onBetAreaPress[33m=[39m{undefined} [33m/[39m[33m>[39m
     [90m 98 |[39m       )[33m;[39m
     [90m 99 |[39m[0m

      at Object.process.env.NODE_ENV.exports.create (node_modules/react-test-renderer/cjs/react-test-renderer.development.js:14598:17)
      at create (node_modules/@testing-library/react-native/src/render-act.ts:15:29)
      at callback (node_modules/@testing-library/react-native/src/act.ts:31:24)
      at process.env.NODE_ENV.exports.act (node_modules/react/cjs/react.development.js:789:22)
      at actImplementation (node_modules/@testing-library/react-native/src/act.ts:30:25)
      at renderWithAct (node_modules/@testing-library/react-native/src/render-act.ts:13:11)
      at renderInternal (node_modules/@testing-library/react-native/src/render.tsx:69:33)
      at renderInternal (node_modules/@testing-library/react-native/src/render.tsx:44:10)
      at Object.<anonymous> (src/components/roulette/RouletteColumnBets.test.tsx:96:38)

  console.error
    react-test-renderer is deprecated. See https://react.dev/warnings/react-test-renderer

    [0m [90m 17 |[39m   it([32m'renders a card face-up with rank and suit'[39m[33m,[39m () [33m=>[39m {
     [90m 18 |[39m     [36mconst[39m card [33m=[39m createCard([32m'A'[39m[33m,[39m [32m'spades'[39m)[33m;[39m
    [31m[1m>[22m[39m[90m 19 |[39m     render(
     [90m    |[39m           [31m[1m^[22m[39m
     [90m 20 |[39m       [33m<[39m[33mWrapper[39m[33m>[39m
     [90m 21 |[39m         [33m<[39m[33mPlayingCard[39m card[33m=[39m{card} [33m/[39m[33m>[39m
     [90m 22 |[39m       [33m<[39m[33m/[39m[33mWrapper[39m[33m>[39m[0m

      at Object.process.env.NODE_ENV.exports.create (node_modules/react-test-renderer/cjs/react-test-renderer.development.js:14598:17)
      at create (node_modules/@testing-library/react-native/src/render-act.ts:15:29)
      at callback (node_modules/@testing-library/react-native/src/act.ts:31:24)
      at process.env.NODE_ENV.exports.act (node_modules/react/cjs/react.development.js:789:22)
      at actImplementation (node_modules/@testing-library/react-native/src/act.ts:30:25)
      at renderWithAct (node_modules/@testing-library/react-native/src/render-act.ts:13:11)
      at renderInternal (node_modules/@testing-library/react-native/src/render.tsx:69:33)
      at renderInternal (node_modules/@testing-library/react-native/src/render.tsx:44:10)
      at Object.<anonymous> (src/components/PlayingCard/PlayingCard.test.tsx:19:11)

FAIL src/components/shared/DropdownSelector/DropdownSelector.test.tsx
  ΓùÅ Test suite failed to run

    SyntaxError: C:\Users\ivans\Desktop\Dev\CasinoTrainingApp\src\styles\textStyles.ts: Unexpected token, expected "(" (22:9)

      20 |     marginBottom: 4,
      21 |   } as TextStyle,
    > 22 |    * Size: 18px, Weight: 700, Color: Gold
         |          ^
      23 |    */
      24 |   goldTitle: {
      25 |     fontSize: 18,

      27 |
      28 | // Text style factories
    > 29 | export { createTextStyles } from './textStyles';
         | ^
      30 | export type { TextStyles } from './textStyles';
      31 |

      at constructor (node_modules/@babel/parser/src/parse-error.ts:95:45)
      at TypeScriptParserMixin.toParseError [as raise] (node_modules/@babel/parser/src/tokenizer/index.ts:1504:19)
      at TypeScriptParserMixin.raise [as unexpected] (node_modules/@babel/parser/src/tokenizer/index.ts:1544:16)
      at TypeScriptParserMixin.unexpected [as expect] (node_modules/@babel/parser/src/parser/util.ts:157:12)
      at TypeScriptParserMixin.expect (node_modules/@babel/parser/src/parser/statement.ts:1726:10)
      at TypeScriptParserMixin.parseFunctionParams (node_modules/@babel/parser/src/plugins/typescript/index.ts:3692:13)
      at TypeScriptParserMixin.parseFunctionParams (node_modules/@babel/parser/src/parser/expression.ts:2491:10)
      at TypeScriptParserMixin.parseMethod (node_modules/@babel/parser/src/plugins/typescript/index.ts:4312:28)
      at TypeScriptParserMixin.parseMethod [as parseObjectMethod] (node_modules/@babel/parser/src/parser/expression.ts:2300:19)
      at TypeScriptParserMixin.parseObjectMethod (node_modules/@babel/parser/src/parser/expression.ts:2381:24)
      at TypeScriptParserMixin.parseObjPropValue (node_modules/@babel/parser/src/plugins/typescript/index.ts:3675:20)
      at TypeScriptParserMixin.parseObjPropValue [as parsePropertyDefinition] (node_modules/@babel/parser/src/parser/expression.ts:2228:17)
      at TypeScriptParserMixin.parsePropertyDefinition [as parseObjectLike] (node_modules/@babel/parser/src/parser/expression.ts:2095:21)
      at TypeScriptParserMixin.parseObjectLike [as parseExprAtom] (node_modules/@babel/parser/src/parser/expression.ts:1181:21)
      at TypeScriptParserMixin.parseExprAtom [as parseExprSubscripts] (node_modules/@babel/parser/src/parser/expression.ts:742:23)
      at TypeScriptParserMixin.parseExprSubscripts [as parseUpdate] (node_modules/@babel/parser/src/parser/expression.ts:721:21)
      at TypeScriptParserMixin.parseUpdate (node_modules/@babel/parser/src/parser/expression.ts:683:23)
      at TypeScriptParserMixin.parseMaybeUnary (node_modules/@babel/parser/src/plugins/typescript/index.ts:3893:20)
      at TypeScriptParserMixin.parseMaybeUnary [as parseMaybeUnaryOrPrivate] (node_modules/@babel/parser/src/parser/expression.ts:417:14)
      at TypeScriptParserMixin.parseMaybeUnaryOrPrivate [as parseExprOps] (node_modules/@babel/parser/src/parser/expression.ts:429:23)
      at TypeScriptParserMixin.parseExprOps [as parseMaybeConditional] (node_modules/@babel/parser/src/parser/expression.ts:384:23)
      at TypeScriptParserMixin.parseMaybeConditional (node_modules/@babel/parser/src/parser/expression.ts:301:21)
      at TypeScriptParserMixin.parseMaybeAssign (node_modules/@babel/parser/src/plugins/typescript/index.ts:3764:22)
      at parseMaybeAssign (node_modules/@babel/parser/src/parser/expression.ts:257:12)
      at TypeScriptParserMixin.callback [as allowInAnd] (node_modules/@babel/parser/src/parser/expression.ts:3194:12)
      at TypeScriptParserMixin.allowInAnd [as parseMaybeAssignAllowIn] (node_modules/@babel/parser/src/parser/expression.ts:256:17)
      at TypeScriptParserMixin.parseMaybeAssignAllowIn [as parseMaybeAssignAllowInOrVoidPattern] (node_modules/@babel/parser/src/parser/expression.ts:3308:17)
      at TypeScriptParserMixin.parseMaybeAssignAllowInOrVoidPattern [as parseParenAndDistinguishExpression] (node_modules/@babel/parser/src/parser/expression.ts:1822:16)
      at TypeScriptParserMixin.parseParenAndDistinguishExpression [as parseExprAtom] (node_modules/@babel/parser/src/parser/expression.ts:1170:21)
      at TypeScriptParserMixin.parseExprAtom [as parseExprSubscripts] (node_modules/@babel/parser/src/parser/expression.ts:742:23)
      at TypeScriptParserMixin.parseExprSubscripts [as parseUpdate] (node_modules/@babel/parser/src/parser/expression.ts:721:21)
      at TypeScriptParserMixin.parseUpdate (node_modules/@babel/parser/src/parser/expression.ts:683:23)
      at TypeScriptParserMixin.parseMaybeUnary (node_modules/@babel/parser/src/plugins/typescript/index.ts:3893:20)
      at TypeScriptParserMixin.parseMaybeUnary [as parseMaybeUnaryOrPrivate] (node_modules/@babel/parser/src/parser/expression.ts:417:14)
      at TypeScriptParserMixin.parseMaybeUnaryOrPrivate [as parseExprOps] (node_modules/@babel/parser/src/parser/expression.ts:429:23)
      at TypeScriptParserMixin.parseExprOps [as parseMaybeConditional] (node_modules/@babel/parser/src/parser/expression.ts:384:23)
      at TypeScriptParserMixin.parseMaybeConditional (node_modules/@babel/parser/src/parser/expression.ts:301:21)
      at TypeScriptParserMixin.parseMaybeAssign (node_modules/@babel/parser/src/plugins/typescript/index.ts:3764:22)
      at TypeScriptParserMixin.parseMaybeAssign [as parseFunctionBody] (node_modules/@babel/parser/src/parser/expression.ts:2604:14)
      at TypeScriptParserMixin.parseFunctionBody [as parseArrowExpression] (node_modules/@babel/parser/src/parser/expression.ts:2559:10)
      at TypeScriptParserMixin.parseArrowExpression [as parseParenAndDistinguishExpression] (node_modules/@babel/parser/src/parser/expression.ts:1847:12)
      at TypeScriptParserMixin.parseParenAndDistinguishExpression [as parseExprAtom] (node_modules/@babel/parser/src/parser/expression.ts:1170:21)
      at TypeScriptParserMixin.parseExprAtom [as parseExprSubscripts] (node_modules/@babel/parser/src/parser/expression.ts:742:23)
      at TypeScriptParserMixin.parseExprSubscripts [as parseUpdate] (node_modules/@babel/parser/src/parser/expression.ts:721:21)
      at TypeScriptParserMixin.parseUpdate (node_modules/@babel/parser/src/parser/expression.ts:683:23)
      at TypeScriptParserMixin.parseMaybeUnary (node_modules/@babel/parser/src/plugins/typescript/index.ts:3893:20)
      at TypeScriptParserMixin.parseMaybeUnary [as parseMaybeUnaryOrPrivate] (node_modules/@babel/parser/src/parser/expression.ts:417:14)
      at TypeScriptParserMixin.parseMaybeUnaryOrPrivate [as parseExprOps] (node_modules/@babel/parser/src/parser/expression.ts:429:23)
      at TypeScriptParserMixin.parseExprOps [as parseMaybeConditional] (node_modules/@babel/parser/src/parser/expression.ts:384:23)
      at TypeScriptParserMixin.parseMaybeConditional (node_modules/@babel/parser/src/parser/expression.ts:301:21)
      at TypeScriptParserMixin.parseMaybeAssign (node_modules/@babel/parser/src/plugins/typescript/index.ts:3764:22)
      at parseMaybeAssign (node_modules/@babel/parser/src/parser/expression.ts:257:12)
      at TypeScriptParserMixin.callback [as allowInAnd] (node_modules/@babel/parser/src/parser/expression.ts:3189:16)
      at TypeScriptParserMixin.allowInAnd [as parseMaybeAssignAllowIn] (node_modules/@babel/parser/src/parser/expression.ts:256:17)
      at TypeScriptParserMixin.parseMaybeAssignAllowIn [as parseVar] (node_modules/@babel/parser/src/parser/statement.ts:1587:18)
      at TypeScriptParserMixin.parseVar (node_modules/@babel/parser/src/parser/statement.ts:1251:10)
      at TypeScriptParserMixin.parseVarStatement (node_modules/@babel/parser/src/plugins/typescript/index.ts:3085:33)
      at TypeScriptParserMixin.parseVarStatement (node_modules/@babel/parser/src/parser/statement.ts:612:21)
      at TypeScriptParserMixin.parseStatementContent (node_modules/@babel/parser/src/plugins/typescript/index.ts:3220:20)
      at TypeScriptParserMixin.parseStatementContent [as parseStatementLike] (node_modules/@babel/parser/src/parser/statement.ts:482:17)
      at TypeScriptParserMixin.parseStatementLike [as parseStatementListItem] (node_modules/@babel/parser/src/parser/statement.ts:431:17)
      at TypeScriptParserMixin.parseStatementListItem (node_modules/@babel/parser/src/parser/statement.ts:2635:17)
      at TypeScriptParserMixin.parseExportDeclaration (node_modules/@babel/parser/src/plugins/typescript/index.ts:3447:15)
      at TypeScriptParserMixin.parseExportDeclaration [as maybeParseExportDeclaration] (node_modules/@babel/parser/src/parser/statement.ts:2551:31)
      at TypeScriptParserMixin.maybeParseExportDeclaration (node_modules/@babel/parser/src/parser/statement.ts:2432:29)
      at TypeScriptParserMixin.parseExport (node_modules/@babel/parser/src/plugins/typescript/index.ts:3046:22)
      at TypeScriptParserMixin.parseExport (node_modules/@babel/parser/src/parser/statement.ts:649:25)
      at TypeScriptParserMixin.parseStatementContent (node_modules/@babel/parser/src/plugins/typescript/index.ts:3220:20)
      at TypeScriptParserMixin.parseStatementContent [as parseStatementLike] (node_modules/@babel/parser/src/parser/statement.ts:482:17)
      at TypeScriptParserMixin.parseStatementLike [as parseModuleItem] (node_modules/@babel/parser/src/parser/statement.ts:419:17)
      at TypeScriptParserMixin.parseModuleItem [as parseBlockOrModuleBlockBody] (node_modules/@babel/parser/src/parser/statement.ts:1443:16)
      at TypeScriptParserMixin.parseBlockOrModuleBlockBody [as parseBlockBody] (node_modules/@babel/parser/src/parser/statement.ts:1417:10)
      at TypeScriptParserMixin.parseBlockBody [as parseProgram] (node_modules/@babel/parser/src/parser/statement.ts:229:10)
      at TypeScriptParserMixin.parseProgram [as parseTopLevel] (node_modules/@babel/parser/src/parser/statement.ts:203:25)
      at TypeScriptParserMixin.parseTopLevel (node_modules/@babel/parser/src/parser/index.ts:83:25)
      at TypeScriptParserMixin.parse (node_modules/@babel/parser/src/plugins/typescript/index.ts:4354:20)
      at parse (node_modules/@babel/parser/src/index.ts:86:38)
      at parser (node_modules/@babel/core/src/parser/index.ts:29:19)
          at parser.next (<anonymous>)
      at normalizeFile (node_modules/@babel/core/src/transformation/normalize-file.ts:50:24)
          at normalizeFile.next (<anonymous>)
      at run (node_modules/@babel/core/src/transformation/index.ts:41:36)
          at run.next (<anonymous>)
      at transform (node_modules/@babel/core/src/transform.ts:29:20)
          at transform.next (<anonymous>)
      at evaluateSync (node_modules/gensync/index.js:251:28)
      at sync (node_modules/gensync/index.js:89:14)
      at fn (node_modules/@babel/core/src/errors/rewrite-stack-trace.ts:99:14)
      at transformSync (node_modules/@babel/core/src/transform.ts:66:52)
      at Object.require (src/styles/index.ts:29:1)

  console.error
    react-test-renderer is deprecated. See https://react.dev/warnings/react-test-renderer

    [0m [90m 107 |[39m     it([32m'should pass correct chip size based on cellSize'[39m[33m,[39m () [33m=>[39m {
     [90m 108 |[39m       [36mconst[39m getBetAmount [33m=[39m jest[33m.[39mfn(numbers [33m=>[39m numbers[33m.[39mlength [33m*[39m [35m5[39m)[33m;[39m
    [31m[1m>[22m[39m[90m 109 |[39m       [36mconst[39m { [33mUNSAFE_root[39m } [33m=[39m render(
     [90m     |[39m                                     [31m[1m^[22m[39m
     [90m 110 |[39m         [33m<[39m[33mRouletteColumnBets[39m {[33m...[39mdefaultProps} cellSize[33m=[39m{[35m50[39m} getBetAmount[33m=[39m{getBetAmount} [33m/[39m[33m>[39m
     [90m 111 |[39m       )[33m;[39m
     [90m 112 |[39m[0m

      at Object.process.env.NODE_ENV.exports.create (node_modules/react-test-renderer/cjs/react-test-renderer.development.js:14598:17)
      at create (node_modules/@testing-library/react-native/src/render-act.ts:15:29)
      at callback (node_modules/@testing-library/react-native/src/act.ts:31:24)
      at process.env.NODE_ENV.exports.act (node_modules/react/cjs/react.development.js:789:22)
      at actImplementation (node_modules/@testing-library/react-native/src/act.ts:30:25)
      at renderWithAct (node_modules/@testing-library/react-native/src/render-act.ts:13:11)
      at renderInternal (node_modules/@testing-library/react-native/src/render.tsx:69:33)
      at renderInternal (node_modules/@testing-library/react-native/src/render.tsx:44:10)
      at Object.<anonymous> (src/components/roulette/RouletteColumnBets.test.tsx:109:37)

  console.error
    react-test-renderer is deprecated. See https://react.dev/warnings/react-test-renderer

    [0m [90m 213 |[39m   describe([32m'bet properties'[39m[33m,[39m () [33m=>[39m {
     [90m 214 |[39m     it([32m'should create bets with unique IDs'[39m[33m,[39m () [33m=>[39m {
    [31m[1m>[22m[39m[90m 215 |[39m       [36mconst[39m { result } [33m=[39m renderHook(() [33m=>[39m useAnnouncedBets(defaultProps))[33m;[39m
     [90m     |[39m                                    [31m[1m^[22m[39m
     [90m 216 |[39m
     [90m 217 |[39m       act(() [33m=>[39m {
     [90m 218 |[39m         result[33m.[39mcurrent[33m.[39mhandleSectionPress([32m'tier'[39m)[33m;[39m[0m

      at Object.process.env.NODE_ENV.exports.create (node_modules/react-test-renderer/cjs/react-test-renderer.development.js:14598:17)
      at create (node_modules/@testing-library/react-native/src/render-act.ts:15:29)
      at callback (node_modules/@testing-library/react-native/src/act.ts:31:24)
      at process.env.NODE_ENV.exports.act (node_modules/react/cjs/react.development.js:789:22)
      at actImplementation (node_modules/@testing-library/react-native/src/act.ts:30:25)
      at renderWithAct (node_modules/@testing-library/react-native/src/render-act.ts:13:11)
      at renderInternal (node_modules/@testing-library/react-native/src/render.tsx:69:33)
      at renderInternal (node_modules/@testing-library/react-native/src/render.tsx:44:10)
      at renderHook (node_modules/@testing-library/react-native/src/render-hook.tsx:55:58)
      at Object.<anonymous> (src/features/racetrack/hooks/__tests__/useAnnouncedBets.test.ts:215:36)

  console.error
    react-test-renderer is deprecated. See https://react.dev/warnings/react-test-renderer

    [0m [90m 117 |[39m     it([32m'should display bet amounts from getBetAmount'[39m[33m,[39m () [33m=>[39m {
     [90m 118 |[39m       [36mconst[39m getBetAmount [33m=[39m jest[33m.[39mfn(() [33m=>[39m [35m25[39m)[33m;[39m
    [31m[1m>[22m[39m[90m 119 |[39m       render([33m<[39m[33mRouletteColumnBets[39m {[33m...[39mdefaultProps} getBetAmount[33m=[39m{getBetAmount} [33m/[39m[33m>[39m)[33m;[39m
     [90m     |[39m             [31m[1m^[22m[39m
     [90m 120 |[39m
     [90m 121 |[39m       [90m// getBetAmount is called for each column[39m
     [90m 122 |[39m       expect(getBetAmount)[33m.[39mtoHaveBeenCalledTimes([35m3[39m)[33m;[39m[0m

      at Object.process.env.NODE_ENV.exports.create (node_modules/react-test-renderer/cjs/react-test-renderer.development.js:14598:17)
      at create (node_modules/@testing-library/react-native/src/render-act.ts:15:29)
      at callback (node_modules/@testing-library/react-native/src/act.ts:31:24)
      at process.env.NODE_ENV.exports.act (node_modules/react/cjs/react.development.js:789:22)
      at actImplementation (node_modules/@testing-library/react-native/src/act.ts:30:25)
      at renderWithAct (node_modules/@testing-library/react-native/src/render-act.ts:13:11)
      at renderInternal (node_modules/@testing-library/react-native/src/render.tsx:69:33)
      at renderInternal (node_modules/@testing-library/react-native/src/render.tsx:44:10)
      at Object.<anonymous> (src/components/roulette/RouletteColumnBets.test.tsx:119:13)

  console.error
    react-test-renderer is deprecated. See https://react.dev/warnings/react-test-renderer

    [0m [90m 158 |[39m   describe([32m'handleCheck'[39m[33m,[39m () [33m=>[39m {
     [90m 159 |[39m     it([32m'should set result when checking answer'[39m[33m,[39m () [33m=>[39m {
    [31m[1m>[22m[39m[90m 160 |[39m       [36mconst[39m { result } [33m=[39m renderHook(() [33m=>[39m
     [90m     |[39m                                    [31m[1m^[22m[39m
     [90m 161 |[39m         useCashConversionState({ difficulty[33m:[39m [32m'easy'[39m[33m,[39m sector[33m:[39m [32m'voisins'[39m })
     [90m 162 |[39m       )[33m;[39m
     [90m 163 |[39m[0m

      at Object.process.env.NODE_ENV.exports.create (node_modules/react-test-renderer/cjs/react-test-renderer.development.js:14598:17)
      at create (node_modules/@testing-library/react-native/src/render-act.ts:15:29)
      at callback (node_modules/@testing-library/react-native/src/act.ts:31:24)
      at process.env.NODE_ENV.exports.act (node_modules/react/cjs/react.development.js:789:22)
      at actImplementation (node_modules/@testing-library/react-native/src/act.ts:30:25)
      at renderWithAct (node_modules/@testing-library/react-native/src/render-act.ts:13:11)
      at renderInternal (node_modules/@testing-library/react-native/src/render.tsx:69:33)
      at renderInternal (node_modules/@testing-library/react-native/src/render.tsx:44:10)
      at renderHook (node_modules/@testing-library/react-native/src/render-hook.tsx:55:58)
      at Object.<anonymous> (src/features/cash-conversion-training/screens/CashConversionTrainingScreen/useCashConversionState.test.ts:160:36)

  console.error
    react-test-renderer is deprecated. See https://react.dev/warnings/react-test-renderer

    [0m [90m  6 |[39m
     [90m  7 |[39m [36mconst[39m renderWithTheme [33m=[39m (component[33m:[39m [33mReact[39m[33m.[39m[33mReactElement[39m) [33m=>[39m {
    [31m[1m>[22m[39m[90m  8 |[39m   [36mreturn[39m render([33m<[39m[33mThemeProvider[39m[33m>[39m{component}[33m<[39m[33m/[39m[33mThemeProvider[39m[33m>[39m)[33m;[39m
     [90m    |[39m                [31m[1m^[22m[39m
     [90m  9 |[39m }[33m;[39m
     [90m 10 |[39m
     [90m 11 |[39m describe([32m'RequestDisplay'[39m[33m,[39m () [33m=>[39m {[0m

      at Object.process.env.NODE_ENV.exports.create (node_modules/react-test-renderer/cjs/react-test-renderer.development.js:14598:17)
      at create (node_modules/@testing-library/react-native/src/render-act.ts:15:29)
      at callback (node_modules/@testing-library/react-native/src/act.ts:31:24)
      at process.env.NODE_ENV.exports.act (node_modules/react/cjs/react.development.js:789:22)
      at actImplementation (node_modules/@testing-library/react-native/src/act.ts:30:25)
      at renderWithAct (node_modules/@testing-library/react-native/src/render-act.ts:13:11)
      at renderInternal (node_modules/@testing-library/react-native/src/render.tsx:69:33)
      at renderInternal (node_modules/@testing-library/react-native/src/render.tsx:44:10)
      at renderWithTheme (src/features/cash-conversion-training/components/RequestDisplay/RequestDisplay.test.tsx:8:16)
      at Object.renderWithTheme (src/features/cash-conversion-training/components/RequestDisplay/RequestDisplay.test.tsx:62:27)

  console.error
    react-test-renderer is deprecated. See https://react.dev/warnings/react-test-renderer

    [0m [90m 173 |[39m
     [90m 174 |[39m     it([32m'should increment stats when checking'[39m[33m,[39m () [33m=>[39m {
    [31m[1m>[22m[39m[90m 175 |[39m       [36mconst[39m { result } [33m=[39m renderHook(() [33m=>[39m
     [90m     |[39m                                    [31m[1m^[22m[39m
     [90m 176 |[39m         useCashConversionState({ difficulty[33m:[39m [32m'easy'[39m[33m,[39m sector[33m:[39m [32m'voisins'[39m })
     [90m 177 |[39m       )[33m;[39m
     [90m 178 |[39m[0m

      at Object.process.env.NODE_ENV.exports.create (node_modules/react-test-renderer/cjs/react-test-renderer.development.js:14598:17)
      at create (node_modules/@testing-library/react-native/src/render-act.ts:15:29)
      at callback (node_modules/@testing-library/react-native/src/act.ts:31:24)
      at process.env.NODE_ENV.exports.act (node_modules/react/cjs/react.development.js:789:22)
      at actImplementation (node_modules/@testing-library/react-native/src/act.ts:30:25)
      at renderWithAct (node_modules/@testing-library/react-native/src/render-act.ts:13:11)
      at renderInternal (node_modules/@testing-library/react-native/src/render.tsx:69:33)
      at renderInternal (node_modules/@testing-library/react-native/src/render.tsx:44:10)
      at renderHook (node_modules/@testing-library/react-native/src/render-hook.tsx:55:58)
      at Object.<anonymous> (src/features/cash-conversion-training/screens/CashConversionTrainingScreen/useCashConversionState.test.ts:175:36)

  console.error
    react-test-renderer is deprecated. See https://react.dev/warnings/react-test-renderer

    [0m [90m  6 |[39m
     [90m  7 |[39m [36mconst[39m renderWithTheme [33m=[39m (component[33m:[39m [33mReact[39m[33m.[39m[33mReactElement[39m) [33m=>[39m {
    [31m[1m>[22m[39m[90m  8 |[39m   [36mreturn[39m render([33m<[39m[33mThemeProvider[39m[33m>[39m{component}[33m<[39m[33m/[39m[33mThemeProvider[39m[33m>[39m)[33m;[39m
     [90m    |[39m                [31m[1m^[22m[39m
     [90m  9 |[39m }[33m;[39m
     [90m 10 |[39m
     [90m 11 |[39m describe([32m'RequestDisplay'[39m[33m,[39m () [33m=>[39m {[0m

      at Object.process.env.NODE_ENV.exports.create (node_modules/react-test-renderer/cjs/react-test-renderer.development.js:14598:17)
      at create (node_modules/@testing-library/react-native/src/render-act.ts:15:29)
      at callback (node_modules/@testing-library/react-native/src/act.ts:31:24)
      at process.env.NODE_ENV.exports.act (node_modules/react/cjs/react.development.js:789:22)
      at actImplementation (node_modules/@testing-library/react-native/src/act.ts:30:25)
      at renderWithAct (node_modules/@testing-library/react-native/src/render-act.ts:13:11)
      at renderInternal (node_modules/@testing-library/react-native/src/render.tsx:69:33)
      at renderInternal (node_modules/@testing-library/react-native/src/render.tsx:44:10)
      at renderWithTheme (src/features/cash-conversion-training/components/RequestDisplay/RequestDisplay.test.tsx:8:16)
      at Object.renderWithTheme (src/features/cash-conversion-training/components/RequestDisplay/RequestDisplay.test.tsx:74:27)

  console.error
    react-test-renderer is deprecated. See https://react.dev/warnings/react-test-renderer

    [0m [90m 126 |[39m   describe([32m'accessibility'[39m[33m,[39m () [33m=>[39m {
     [90m 127 |[39m     it([32m'should have accessibility labels on column bet buttons'[39m[33m,[39m () [33m=>[39m {
    [31m[1m>[22m[39m[90m 128 |[39m       [36mconst[39m { getByLabelText } [33m=[39m render([33m<[39m[33mRouletteColumnBets[39m {[33m...[39mdefaultProps} [33m/[39m[33m>[39m)[33m;[39m
     [90m     |[39m                                        [31m[1m^[22m[39m
     [90m 129 |[39m
     [90m 130 |[39m       [90m// Each column button should have an accessibility label[39m
     [90m 131 |[39m       expect(getByLabelText([32m'Column 1 bet, 2 to 1'[39m))[33m.[39mtoBeTruthy()[33m;[39m[0m

      at Object.process.env.NODE_ENV.exports.create (node_modules/react-test-renderer/cjs/react-test-renderer.development.js:14598:17)
      at create (node_modules/@testing-library/react-native/src/render-act.ts:15:29)
      at callback (node_modules/@testing-library/react-native/src/act.ts:31:24)
      at process.env.NODE_ENV.exports.act (node_modules/react/cjs/react.development.js:789:22)
      at actImplementation (node_modules/@testing-library/react-native/src/act.ts:30:25)
      at renderWithAct (node_modules/@testing-library/react-native/src/render-act.ts:13:11)
      at renderInternal (node_modules/@testing-library/react-native/src/render.tsx:69:33)
      at renderInternal (node_modules/@testing-library/react-native/src/render.tsx:44:10)
      at Object.<anonymous> (src/components/roulette/RouletteColumnBets.test.tsx:128:40)

  console.error
    react-test-renderer is deprecated. See https://react.dev/warnings/react-test-renderer

    [0m [90m 103 |[39m       ][33m;[39m
     [90m 104 |[39m
    [31m[1m>[22m[39m[90m 105 |[39m       [36mconst[39m { result } [33m=[39m renderHook(() [33m=>[39m useRouletteBets(placedBets))[33m;[39m
     [90m     |[39m                                    [31m[1m^[22m[39m
     [90m 106 |[39m
     [90m 107 |[39m       expect(result[33m.[39mcurrent[33m.[39mgetBetAmount([[35m5[39m[33m,[39m [35m8[39m]))[33m.[39mtoBe([35m0[39m)[33m;[39m
     [90m 108 |[39m     })[33m;[39m[0m

      at Object.process.env.NODE_ENV.exports.create (node_modules/react-test-renderer/cjs/react-test-renderer.development.js:14598:17)
      at create (node_modules/@testing-library/react-native/src/render-act.ts:15:29)
      at callback (node_modules/@testing-library/react-native/src/act.ts:31:24)
      at process.env.NODE_ENV.exports.act (node_modules/react/cjs/react.development.js:789:22)
      at actImplementation (node_modules/@testing-library/react-native/src/act.ts:30:25)
      at renderWithAct (node_modules/@testing-library/react-native/src/render-act.ts:13:11)
      at renderInternal (node_modules/@testing-library/react-native/src/render.tsx:69:33)
      at renderInternal (node_modules/@testing-library/react-native/src/render.tsx:44:10)
      at renderHook (node_modules/@testing-library/react-native/src/render-hook.tsx:55:58)
      at Object.<anonymous> (src/components/roulette/hooks/__tests__/useRouletteBets.test.ts:105:36)

  console.error
    react-test-renderer is deprecated. See https://react.dev/warnings/react-test-renderer

    [0m [90m 23 |[39m
     [90m 24 |[39m [36mconst[39m renderWithTheme [33m=[39m (component[33m:[39m [33mReact[39m[33m.[39m[33mReactElement[39m) [33m=>[39m {
    [31m[1m>[22m[39m[90m 25 |[39m   [36mreturn[39m render([33m<[39m[33mThemeProvider[39m[33m>[39m{component}[33m<[39m[33m/[39m[33mThemeProvider[39m[33m>[39m)[33m;[39m
     [90m    |[39m                [31m[1m^[22m[39m
     [90m 26 |[39m }[33m;[39m
     [90m 27 |[39m
     [90m 28 |[39m describe([32m'RouletteGameScreen'[39m[33m,[39m () [33m=>[39m {[0m

      at Object.process.env.NODE_ENV.exports.create (node_modules/react-test-renderer/cjs/react-test-renderer.development.js:14598:17)
      at create (node_modules/@testing-library/react-native/src/render-act.ts:15:29)
      at callback (node_modules/@testing-library/react-native/src/act.ts:31:24)
      at process.env.NODE_ENV.exports.act (node_modules/react/cjs/react.development.js:789:22)
      at actImplementation (node_modules/@testing-library/react-native/src/act.ts:30:25)
      at renderWithAct (node_modules/@testing-library/react-native/src/render-act.ts:13:11)
      at renderInternal (node_modules/@testing-library/react-native/src/render.tsx:69:33)
      at renderInternal (node_modules/@testing-library/react-native/src/render.tsx:44:10)
      at renderWithTheme (src/features/roulette-game/screens/RouletteGameScreen/RouletteGameScreen.test.tsx:25:16)
      at Object.renderWithTheme (src/features/roulette-game/screens/RouletteGameScreen/RouletteGameScreen.test.tsx:35:26)

  console.error
    react-test-renderer is deprecated. See https://react.dev/warnings/react-test-renderer

    [0m [90m  6 |[39m
     [90m  7 |[39m [36mconst[39m renderWithTheme [33m=[39m (component[33m:[39m [33mReact[39m[33m.[39m[33mReactElement[39m) [33m=>[39m {
    [31m[1m>[22m[39m[90m  8 |[39m   [36mreturn[39m render([33m<[39m[33mThemeProvider[39m[33m>[39m{component}[33m<[39m[33m/[39m[33mThemeProvider[39m[33m>[39m)[33m;[39m
     [90m    |[39m                [31m[1m^[22m[39m
     [90m  9 |[39m }[33m;[39m
     [90m 10 |[39m
     [90m 11 |[39m describe([32m'RequestDisplay'[39m[33m,[39m () [33m=>[39m {[0m

      at Object.process.env.NODE_ENV.exports.create (node_modules/react-test-renderer/cjs/react-test-renderer.development.js:14598:17)
      at create (node_modules/@testing-library/react-native/src/render-act.ts:15:29)
      at callback (node_modules/@testing-library/react-native/src/act.ts:31:24)
      at process.env.NODE_ENV.exports.act (node_modules/react/cjs/react.development.js:789:22)
      at actImplementation (node_modules/@testing-library/react-native/src/act.ts:30:25)
      at renderWithAct (node_modules/@testing-library/react-native/src/render-act.ts:13:11)
      at renderInternal (node_modules/@testing-library/react-native/src/render.tsx:69:33)
      at renderInternal (node_modules/@testing-library/react-native/src/render.tsx:44:10)
      at renderWithTheme (src/features/cash-conversion-training/components/RequestDisplay/RequestDisplay.test.tsx:8:16)
      at Object.renderWithTheme (src/features/cash-conversion-training/components/RequestDisplay/RequestDisplay.test.tsx:86:27)

  console.error
    react-test-renderer is deprecated. See https://react.dev/warnings/react-test-renderer

    [0m [90m 120 |[39m       ][33m;[39m
     [90m 121 |[39m
    [31m[1m>[22m[39m[90m 122 |[39m       [36mconst[39m { result } [33m=[39m renderHook(() [33m=>[39m useRouletteBets(placedBets))[33m;[39m
     [90m     |[39m                                    [31m[1m^[22m[39m
     [90m 123 |[39m
     [90m 124 |[39m       expect(result[33m.[39mcurrent[33m.[39mgetBetAmount([[35m6[39m]))[33m.[39mtoBe([35m0[39m)[33m;[39m
     [90m 125 |[39m     })[33m;[39m[0m

      at Object.process.env.NODE_ENV.exports.create (node_modules/react-test-renderer/cjs/react-test-renderer.development.js:14598:17)
      at create (node_modules/@testing-library/react-native/src/render-act.ts:15:29)
      at callback (node_modules/@testing-library/react-native/src/act.ts:31:24)
      at process.env.NODE_ENV.exports.act (node_modules/react/cjs/react.development.js:789:22)
      at actImplementation (node_modules/@testing-library/react-native/src/act.ts:30:25)
      at renderWithAct (node_modules/@testing-library/react-native/src/render-act.ts:13:11)
      at renderInternal (node_modules/@testing-library/react-native/src/render.tsx:69:33)
      at renderInternal (node_modules/@testing-library/react-native/src/render.tsx:44:10)
      at renderHook (node_modules/@testing-library/react-native/src/render-hook.tsx:55:58)
      at Object.<anonymous> (src/components/roulette/hooks/__tests__/useRouletteBets.test.ts:122:36)

  console.error
    react-test-renderer is deprecated. See https://react.dev/warnings/react-test-renderer

    [0m [90m 135 |[39m
     [90m 136 |[39m     it([32m'should have button accessibility role on column buttons'[39m[33m,[39m () [33m=>[39m {
    [31m[1m>[22m[39m[90m 137 |[39m       [36mconst[39m { getByLabelText } [33m=[39m render([33m<[39m[33mRouletteColumnBets[39m {[33m...[39mdefaultProps} [33m/[39m[33m>[39m)[33m;[39m
     [90m     |[39m                                        [31m[1m^[22m[39m
     [90m 138 |[39m
     [90m 139 |[39m       [36mconst[39m column1 [33m=[39m getByLabelText([32m'Column 1 bet, 2 to 1'[39m)[33m;[39m
     [90m 140 |[39m       expect(column1[33m.[39mprops[33m.[39maccessibilityRole)[33m.[39mtoBe([32m'button'[39m)[33m;[39m[0m

      at Object.process.env.NODE_ENV.exports.create (node_modules/react-test-renderer/cjs/react-test-renderer.development.js:14598:17)
      at create (node_modules/@testing-library/react-native/src/render-act.ts:15:29)
      at callback (node_modules/@testing-library/react-native/src/act.ts:31:24)
      at process.env.NODE_ENV.exports.act (node_modules/react/cjs/react.development.js:789:22)
      at actImplementation (node_modules/@testing-library/react-native/src/act.ts:30:25)
      at renderWithAct (node_modules/@testing-library/react-native/src/render-act.ts:13:11)
      at renderInternal (node_modules/@testing-library/react-native/src/render.tsx:69:33)
      at renderInternal (node_modules/@testing-library/react-native/src/render.tsx:44:10)
      at Object.<anonymous> (src/components/roulette/RouletteColumnBets.test.tsx:137:40)

  console.error
    react-test-renderer is deprecated. See https://react.dev/warnings/react-test-renderer

    [0m [90m  6 |[39m
     [90m  7 |[39m [36mconst[39m renderWithTheme [33m=[39m (component[33m:[39m [33mReact[39m[33m.[39m[33mReactElement[39m) [33m=>[39m {
    [31m[1m>[22m[39m[90m  8 |[39m   [36mreturn[39m render([33m<[39m[33mThemeProvider[39m[33m>[39m{component}[33m<[39m[33m/[39m[33mThemeProvider[39m[33m>[39m)[33m;[39m
     [90m    |[39m                [31m[1m^[22m[39m
     [90m  9 |[39m }[33m;[39m
     [90m 10 |[39m
     [90m 11 |[39m describe([32m'RequestDisplay'[39m[33m,[39m () [33m=>[39m {[0m

      at Object.process.env.NODE_ENV.exports.create (node_modules/react-test-renderer/cjs/react-test-renderer.development.js:14598:17)
      at create (node_modules/@testing-library/react-native/src/render-act.ts:15:29)
      at callback (node_modules/@testing-library/react-native/src/act.ts:31:24)
      at process.env.NODE_ENV.exports.act (node_modules/react/cjs/react.development.js:789:22)
      at actImplementation (node_modules/@testing-library/react-native/src/act.ts:30:25)
      at renderWithAct (node_modules/@testing-library/react-native/src/render-act.ts:13:11)
      at renderInternal (node_modules/@testing-library/react-native/src/render.tsx:69:33)
      at renderInternal (node_modules/@testing-library/react-native/src/render.tsx:44:10)
      at renderWithTheme (src/features/cash-conversion-training/components/RequestDisplay/RequestDisplay.test.tsx:8:16)
      at Object.renderWithTheme (src/features/cash-conversion-training/components/RequestDisplay/RequestDisplay.test.tsx:99:27)

  console.error
    react-test-renderer is deprecated. See https://react.dev/warnings/react-test-renderer

    [0m [90m  95 |[39m
     [90m  96 |[39m     it([32m'should render right side number buttons'[39m[33m,[39m () [33m=>[39m {
    [31m[1m>[22m[39m[90m  97 |[39m       [36mconst[39m { toJSON } [33m=[39m render(
     [90m     |[39m                                [31m[1m^[22m[39m
     [90m  98 |[39m         [33m<[39m[33mRacetrackOverlays[39m width[33m=[39m{[35m350[39m} height[33m=[39m{[35m140[39m} onNumberPress[33m=[39m{mockOnNumberPress} [33m/[39m[33m>[39m
     [90m  99 |[39m       )[33m;[39m
     [90m 100 |[39m       expect(toJSON())[33m.[39mtoBeTruthy()[33m;[39m[0m

      at Object.process.env.NODE_ENV.exports.create (node_modules/react-test-renderer/cjs/react-test-renderer.development.js:14598:17)
      at create (node_modules/@testing-library/react-native/src/render-act.ts:15:29)
      at callback (node_modules/@testing-library/react-native/src/act.ts:31:24)
      at process.env.NODE_ENV.exports.act (node_modules/react/cjs/react.development.js:789:22)
      at actImplementation (node_modules/@testing-library/react-native/src/act.ts:30:25)
      at renderWithAct (node_modules/@testing-library/react-native/src/render-act.ts:13:11)
      at renderInternal (node_modules/@testing-library/react-native/src/render.tsx:69:33)
      at renderInternal (node_modules/@testing-library/react-native/src/render.tsx:44:10)
      at Object.<anonymous> (src/features/racetrack/components/RacetrackOverlays/RacetrackOverlays.test.tsx:97:32)

  console.error
    react-test-renderer is deprecated. See https://react.dev/warnings/react-test-renderer

    [0m [90m 137 |[39m       ][33m;[39m
     [90m 138 |[39m
    [31m[1m>[22m[39m[90m 139 |[39m       [36mconst[39m { result } [33m=[39m renderHook(() [33m=>[39m useRouletteBets(placedBets))[33m;[39m
     [90m     |[39m                                    [31m[1m^[22m[39m
     [90m 140 |[39m
     [90m 141 |[39m       expect(result[33m.[39mcurrent[33m.[39mgetBetAmount([[35m1[39m[33m,[39m [35m2[39m[33m,[39m [35m4[39m[33m,[39m [35m5[39m]))[33m.[39mtoBe([35m50[39m)[33m;[39m
     [90m 142 |[39m       expect(result[33m.[39mcurrent[33m.[39mgetBetAmount([[35m5[39m[33m,[39m [35m4[39m[33m,[39m [35m2[39m[33m,[39m [35m1[39m]))[33m.[39mtoBe([35m50[39m)[33m;[39m [90m// Different order[39m[0m

      at Object.process.env.NODE_ENV.exports.create (node_modules/react-test-renderer/cjs/react-test-renderer.development.js:14598:17)
      at create (node_modules/@testing-library/react-native/src/render-act.ts:15:29)
      at callback (node_modules/@testing-library/react-native/src/act.ts:31:24)
      at process.env.NODE_ENV.exports.act (node_modules/react/cjs/react.development.js:789:22)
      at actImplementation (node_modules/@testing-library/react-native/src/act.ts:30:25)
      at renderWithAct (node_modules/@testing-library/react-native/src/render-act.ts:13:11)
      at renderInternal (node_modules/@testing-library/react-native/src/render.tsx:69:33)
      at renderInternal (node_modules/@testing-library/react-native/src/render.tsx:44:10)
      at renderHook (node_modules/@testing-library/react-native/src/render-hook.tsx:55:58)
      at Object.<anonymous> (src/components/roulette/hooks/__tests__/useRouletteBets.test.ts:139:36)

  console.error
    react-test-renderer is deprecated. See https://react.dev/warnings/react-test-renderer

    [0m [90m 145 |[39m         numbers [33m=>[39m (numbers[33m.[39mincludes([35m3[39m) [33m?[39m [35m50[39m [33m:[39m [35m0[39m) [90m// First column has bet[39m
     [90m 146 |[39m       )[33m;[39m
    [31m[1m>[22m[39m[90m 147 |[39m       [36mconst[39m { getByLabelText } [33m=[39m render(
     [90m     |[39m                                        [31m[1m^[22m[39m
     [90m 148 |[39m         [33m<[39m[33mRouletteColumnBets[39m {[33m...[39mdefaultProps} getBetAmount[33m=[39m{getBetAmount} [33m/[39m[33m>[39m
     [90m 149 |[39m       )[33m;[39m
     [90m 150 |[39m[0m

      at Object.process.env.NODE_ENV.exports.create (node_modules/react-test-renderer/cjs/react-test-renderer.development.js:14598:17)
      at create (node_modules/@testing-library/react-native/src/render-act.ts:15:29)
      at callback (node_modules/@testing-library/react-native/src/act.ts:31:24)
      at process.env.NODE_ENV.exports.act (node_modules/react/cjs/react.development.js:789:22)
      at actImplementation (node_modules/@testing-library/react-native/src/act.ts:30:25)
      at renderWithAct (node_modules/@testing-library/react-native/src/render-act.ts:13:11)
      at renderInternal (node_modules/@testing-library/react-native/src/render.tsx:69:33)
      at renderInternal (node_modules/@testing-library/react-native/src/render.tsx:44:10)
      at Object.<anonymous> (src/components/roulette/RouletteColumnBets.test.tsx:147:40)

PASS src/components/roulette/RouletteColumnBets.test.tsx
  RouletteColumnBets
    rendering
      ΓêÜ should render three column bet buttons (23 ms)
      ΓêÜ should call getBetAmount for each column (8 ms)
    interactions
      ΓêÜ should call onBetAreaPress with first column numbers when first button pressed (19 ms)
      ΓêÜ should call onBetAreaPress with second column numbers when second button pressed (8 ms)
      ΓêÜ should call onBetAreaPress with third column numbers when third button pressed (8 ms)
      ΓêÜ should not crash when onBetAreaPress is undefined (13 ms)
    chip display
      ΓêÜ should pass correct chip size based on cellSize (16 ms)
      ΓêÜ should display bet amounts from getBetAmount (25 ms)
    accessibility
      ΓêÜ should have accessibility labels on column bet buttons (7 ms)
      ΓêÜ should have button accessibility role on column buttons (8 ms)
      ΓêÜ should indicate when a column has a bet (8 ms)

  console.error
    react-test-renderer is deprecated. See https://react.dev/warnings/react-test-renderer

    [0m [90m 227 |[39m
     [90m 228 |[39m     it([32m'should create bets with timestamps'[39m[33m,[39m () [33m=>[39m {
    [31m[1m>[22m[39m[90m 229 |[39m       [36mconst[39m { result } [33m=[39m renderHook(() [33m=>[39m useAnnouncedBets(defaultProps))[33m;[39m
     [90m     |[39m                                    [31m[1m^[22m[39m
     [90m 230 |[39m
     [90m 231 |[39m       act(() [33m=>[39m {
     [90m 232 |[39m         result[33m.[39mcurrent[33m.[39mhandleSectionPress([32m'tier'[39m)[33m;[39m[0m

      at Object.process.env.NODE_ENV.exports.create (node_modules/react-test-renderer/cjs/react-test-renderer.development.js:14598:17)
      at create (node_modules/@testing-library/react-native/src/render-act.ts:15:29)
      at callback (node_modules/@testing-library/react-native/src/act.ts:31:24)
      at process.env.NODE_ENV.exports.act (node_modules/react/cjs/react.development.js:789:22)
      at actImplementation (node_modules/@testing-library/react-native/src/act.ts:30:25)
      at renderWithAct (node_modules/@testing-library/react-native/src/render-act.ts:13:11)
      at renderInternal (node_modules/@testing-library/react-native/src/render.tsx:69:33)
      at renderInternal (node_modules/@testing-library/react-native/src/render.tsx:44:10)
      at renderHook (node_modules/@testing-library/react-native/src/render-hook.tsx:55:58)
      at Object.<anonymous> (src/features/racetrack/hooks/__tests__/useAnnouncedBets.test.ts:229:36)

FAIL src/features/three-card-poker-training/screens/TCPDrillScreen/TCPDrillScreen.test.tsx
  ΓùÅ Test suite failed to run

    SyntaxError: C:\Users\ivans\Desktop\Dev\CasinoTrainingApp\src\styles\textStyles.ts: Unexpected token, expected "(" (22:9)

      20 |     marginBottom: 4,
      21 |   } as TextStyle,
    > 22 |    * Size: 18px, Weight: 700, Color: Gold
         |          ^
      23 |    */
      24 |   goldTitle: {
      25 |     fontSize: 18,

      27 |
      28 | // Text style factories
    > 29 | export { createTextStyles } from './textStyles';
         | ^
      30 | export type { TextStyles } from './textStyles';
      31 |

      at constructor (node_modules/@babel/parser/src/parse-error.ts:95:45)
      at TypeScriptParserMixin.toParseError [as raise] (node_modules/@babel/parser/src/tokenizer/index.ts:1504:19)
      at TypeScriptParserMixin.raise [as unexpected] (node_modules/@babel/parser/src/tokenizer/index.ts:1544:16)
      at TypeScriptParserMixin.unexpected [as expect] (node_modules/@babel/parser/src/parser/util.ts:157:12)
      at TypeScriptParserMixin.expect (node_modules/@babel/parser/src/parser/statement.ts:1726:10)
      at TypeScriptParserMixin.parseFunctionParams (node_modules/@babel/parser/src/plugins/typescript/index.ts:3692:13)
      at TypeScriptParserMixin.parseFunctionParams (node_modules/@babel/parser/src/parser/expression.ts:2491:10)
      at TypeScriptParserMixin.parseMethod (node_modules/@babel/parser/src/plugins/typescript/index.ts:4312:28)
      at TypeScriptParserMixin.parseMethod [as parseObjectMethod] (node_modules/@babel/parser/src/parser/expression.ts:2300:19)
      at TypeScriptParserMixin.parseObjectMethod (node_modules/@babel/parser/src/parser/expression.ts:2381:24)
      at TypeScriptParserMixin.parseObjPropValue (node_modules/@babel/parser/src/plugins/typescript/index.ts:3675:20)
      at TypeScriptParserMixin.parseObjPropValue [as parsePropertyDefinition] (node_modules/@babel/parser/src/parser/expression.ts:2228:17)
      at TypeScriptParserMixin.parsePropertyDefinition [as parseObjectLike] (node_modules/@babel/parser/src/parser/expression.ts:2095:21)
      at TypeScriptParserMixin.parseObjectLike [as parseExprAtom] (node_modules/@babel/parser/src/parser/expression.ts:1181:21)
      at TypeScriptParserMixin.parseExprAtom [as parseExprSubscripts] (node_modules/@babel/parser/src/parser/expression.ts:742:23)
      at TypeScriptParserMixin.parseExprSubscripts [as parseUpdate] (node_modules/@babel/parser/src/parser/expression.ts:721:21)
      at TypeScriptParserMixin.parseUpdate (node_modules/@babel/parser/src/parser/expression.ts:683:23)
      at TypeScriptParserMixin.parseMaybeUnary (node_modules/@babel/parser/src/plugins/typescript/index.ts:3893:20)
      at TypeScriptParserMixin.parseMaybeUnary [as parseMaybeUnaryOrPrivate] (node_modules/@babel/parser/src/parser/expression.ts:417:14)
      at TypeScriptParserMixin.parseMaybeUnaryOrPrivate [as parseExprOps] (node_modules/@babel/parser/src/parser/expression.ts:429:23)
      at TypeScriptParserMixin.parseExprOps [as parseMaybeConditional] (node_modules/@babel/parser/src/parser/expression.ts:384:23)
      at TypeScriptParserMixin.parseMaybeConditional (node_modules/@babel/parser/src/parser/expression.ts:301:21)
      at TypeScriptParserMixin.parseMaybeAssign (node_modules/@babel/parser/src/plugins/typescript/index.ts:3764:22)
      at parseMaybeAssign (node_modules/@babel/parser/src/parser/expression.ts:257:12)
      at TypeScriptParserMixin.callback [as allowInAnd] (node_modules/@babel/parser/src/parser/expression.ts:3194:12)
      at TypeScriptParserMixin.allowInAnd [as parseMaybeAssignAllowIn] (node_modules/@babel/parser/src/parser/expression.ts:256:17)
      at TypeScriptParserMixin.parseMaybeAssignAllowIn [as parseMaybeAssignAllowInOrVoidPattern] (node_modules/@babel/parser/src/parser/expression.ts:3308:17)
      at TypeScriptParserMixin.parseMaybeAssignAllowInOrVoidPattern [as parseParenAndDistinguishExpression] (node_modules/@babel/parser/src/parser/expression.ts:1822:16)
      at TypeScriptParserMixin.parseParenAndDistinguishExpression [as parseExprAtom] (node_modules/@babel/parser/src/parser/expression.ts:1170:21)
      at TypeScriptParserMixin.parseExprAtom [as parseExprSubscripts] (node_modules/@babel/parser/src/parser/expression.ts:742:23)
      at TypeScriptParserMixin.parseExprSubscripts [as parseUpdate] (node_modules/@babel/parser/src/parser/expression.ts:721:21)
      at TypeScriptParserMixin.parseUpdate (node_modules/@babel/parser/src/parser/expression.ts:683:23)
      at TypeScriptParserMixin.parseMaybeUnary (node_modules/@babel/parser/src/plugins/typescript/index.ts:3893:20)
      at TypeScriptParserMixin.parseMaybeUnary [as parseMaybeUnaryOrPrivate] (node_modules/@babel/parser/src/parser/expression.ts:417:14)
      at TypeScriptParserMixin.parseMaybeUnaryOrPrivate [as parseExprOps] (node_modules/@babel/parser/src/parser/expression.ts:429:23)
      at TypeScriptParserMixin.parseExprOps [as parseMaybeConditional] (node_modules/@babel/parser/src/parser/expression.ts:384:23)
      at TypeScriptParserMixin.parseMaybeConditional (node_modules/@babel/parser/src/parser/expression.ts:301:21)
      at TypeScriptParserMixin.parseMaybeAssign (node_modules/@babel/parser/src/plugins/typescript/index.ts:3764:22)
      at TypeScriptParserMixin.parseMaybeAssign [as parseFunctionBody] (node_modules/@babel/parser/src/parser/expression.ts:2604:14)
      at TypeScriptParserMixin.parseFunctionBody [as parseArrowExpression] (node_modules/@babel/parser/src/parser/expression.ts:2559:10)
      at TypeScriptParserMixin.parseArrowExpression [as parseParenAndDistinguishExpression] (node_modules/@babel/parser/src/parser/expression.ts:1847:12)
      at TypeScriptParserMixin.parseParenAndDistinguishExpression [as parseExprAtom] (node_modules/@babel/parser/src/parser/expression.ts:1170:21)
      at TypeScriptParserMixin.parseExprAtom [as parseExprSubscripts] (node_modules/@babel/parser/src/parser/expression.ts:742:23)
      at TypeScriptParserMixin.parseExprSubscripts [as parseUpdate] (node_modules/@babel/parser/src/parser/expression.ts:721:21)
      at TypeScriptParserMixin.parseUpdate (node_modules/@babel/parser/src/parser/expression.ts:683:23)
      at TypeScriptParserMixin.parseMaybeUnary (node_modules/@babel/parser/src/plugins/typescript/index.ts:3893:20)
      at TypeScriptParserMixin.parseMaybeUnary [as parseMaybeUnaryOrPrivate] (node_modules/@babel/parser/src/parser/expression.ts:417:14)
      at TypeScriptParserMixin.parseMaybeUnaryOrPrivate [as parseExprOps] (node_modules/@babel/parser/src/parser/expression.ts:429:23)
      at TypeScriptParserMixin.parseExprOps [as parseMaybeConditional] (node_modules/@babel/parser/src/parser/expression.ts:384:23)
      at TypeScriptParserMixin.parseMaybeConditional (node_modules/@babel/parser/src/parser/expression.ts:301:21)
      at TypeScriptParserMixin.parseMaybeAssign (node_modules/@babel/parser/src/plugins/typescript/index.ts:3764:22)
      at parseMaybeAssign (node_modules/@babel/parser/src/parser/expression.ts:257:12)
      at TypeScriptParserMixin.callback [as allowInAnd] (node_modules/@babel/parser/src/parser/expression.ts:3189:16)
      at TypeScriptParserMixin.allowInAnd [as parseMaybeAssignAllowIn] (node_modules/@babel/parser/src/parser/expression.ts:256:17)
      at TypeScriptParserMixin.parseMaybeAssignAllowIn [as parseVar] (node_modules/@babel/parser/src/parser/statement.ts:1587:18)
      at TypeScriptParserMixin.parseVar (node_modules/@babel/parser/src/parser/statement.ts:1251:10)
      at TypeScriptParserMixin.parseVarStatement (node_modules/@babel/parser/src/plugins/typescript/index.ts:3085:33)
      at TypeScriptParserMixin.parseVarStatement (node_modules/@babel/parser/src/parser/statement.ts:612:21)
      at TypeScriptParserMixin.parseStatementContent (node_modules/@babel/parser/src/plugins/typescript/index.ts:3220:20)
      at TypeScriptParserMixin.parseStatementContent [as parseStatementLike] (node_modules/@babel/parser/src/parser/statement.ts:482:17)
      at TypeScriptParserMixin.parseStatementLike [as parseStatementListItem] (node_modules/@babel/parser/src/parser/statement.ts:431:17)
      at TypeScriptParserMixin.parseStatementListItem (node_modules/@babel/parser/src/parser/statement.ts:2635:17)
      at TypeScriptParserMixin.parseExportDeclaration (node_modules/@babel/parser/src/plugins/typescript/index.ts:3447:15)
      at TypeScriptParserMixin.parseExportDeclaration [as maybeParseExportDeclaration] (node_modules/@babel/parser/src/parser/statement.ts:2551:31)
      at TypeScriptParserMixin.maybeParseExportDeclaration (node_modules/@babel/parser/src/parser/statement.ts:2432:29)
      at TypeScriptParserMixin.parseExport (node_modules/@babel/parser/src/plugins/typescript/index.ts:3046:22)
      at TypeScriptParserMixin.parseExport (node_modules/@babel/parser/src/parser/statement.ts:649:25)
      at TypeScriptParserMixin.parseStatementContent (node_modules/@babel/parser/src/plugins/typescript/index.ts:3220:20)
      at TypeScriptParserMixin.parseStatementContent [as parseStatementLike] (node_modules/@babel/parser/src/parser/statement.ts:482:17)
      at TypeScriptParserMixin.parseStatementLike [as parseModuleItem] (node_modules/@babel/parser/src/parser/statement.ts:419:17)
      at TypeScriptParserMixin.parseModuleItem [as parseBlockOrModuleBlockBody] (node_modules/@babel/parser/src/parser/statement.ts:1443:16)
      at TypeScriptParserMixin.parseBlockOrModuleBlockBody [as parseBlockBody] (node_modules/@babel/parser/src/parser/statement.ts:1417:10)
      at TypeScriptParserMixin.parseBlockBody [as parseProgram] (node_modules/@babel/parser/src/parser/statement.ts:229:10)
      at TypeScriptParserMixin.parseProgram [as parseTopLevel] (node_modules/@babel/parser/src/parser/statement.ts:203:25)
      at TypeScriptParserMixin.parseTopLevel (node_modules/@babel/parser/src/parser/index.ts:83:25)
      at TypeScriptParserMixin.parse (node_modules/@babel/parser/src/plugins/typescript/index.ts:4354:20)
      at parse (node_modules/@babel/parser/src/index.ts:86:38)
      at parser (node_modules/@babel/core/src/parser/index.ts:29:19)
          at parser.next (<anonymous>)
      at normalizeFile (node_modules/@babel/core/src/transformation/normalize-file.ts:50:24)
          at normalizeFile.next (<anonymous>)
      at run (node_modules/@babel/core/src/transformation/index.ts:41:36)
          at run.next (<anonymous>)
      at transform (node_modules/@babel/core/src/transform.ts:29:20)
          at transform.next (<anonymous>)
      at evaluateSync (node_modules/gensync/index.js:251:28)
      at sync (node_modules/gensync/index.js:89:14)
      at fn (node_modules/@babel/core/src/errors/rewrite-stack-trace.ts:99:14)
      at transformSync (node_modules/@babel/core/src/transform.ts:66:52)
      at Object.require (src/styles/index.ts:29:1)

  console.error
    react-test-renderer is deprecated. See https://react.dev/warnings/react-test-renderer

    [0m [90m 104 |[39m   describe([32m'coordinate transformation'[39m[33m,[39m () [33m=>[39m {
     [90m 105 |[39m     it([32m'should handle different widths'[39m[33m,[39m () [33m=>[39m {
    [31m[1m>[22m[39m[90m 106 |[39m       [36mconst[39m { toJSON[33m:[39m toJSON1 } [33m=[39m render([33m<[39m[33mRacetrackOverlays[39m width[33m=[39m{[35m200[39m} height[33m=[39m{[35m80[39m} [33m/[39m[33m>[39m)[33m;[39m
     [90m     |[39m                                         [31m[1m^[22m[39m
     [90m 107 |[39m       [36mconst[39m { toJSON[33m:[39m toJSON2 } [33m=[39m render([33m<[39m[33mRacetrackOverlays[39m width[33m=[39m{[35m500[39m} height[33m=[39m{[35m200[39m} [33m/[39m[33m>[39m)[33m;[39m
     [90m 108 |[39m       expect(toJSON1())[33m.[39mtoBeNull()[33m;[39m
     [90m 109 |[39m       expect(toJSON2())[33m.[39mtoBeNull()[33m;[39m[0m

      at Object.process.env.NODE_ENV.exports.create (node_modules/react-test-renderer/cjs/react-test-renderer.development.js:14598:17)
      at create (node_modules/@testing-library/react-native/src/render-act.ts:15:29)
      at callback (node_modules/@testing-library/react-native/src/act.ts:31:24)
      at process.env.NODE_ENV.exports.act (node_modules/react/cjs/react.development.js:789:22)
      at actImplementation (node_modules/@testing-library/react-native/src/act.ts:30:25)
      at renderWithAct (node_modules/@testing-library/react-native/src/render-act.ts:13:11)
      at renderInternal (node_modules/@testing-library/react-native/src/render.tsx:69:33)
      at renderInternal (node_modules/@testing-library/react-native/src/render.tsx:44:10)
      at Object.<anonymous> (src/features/racetrack/components/RacetrackOverlays/RacetrackOverlays.test.tsx:106:41)

  console.error
    react-test-renderer is deprecated. See https://react.dev/warnings/react-test-renderer

    [0m [90m 105 |[39m     it([32m'should handle different widths'[39m[33m,[39m () [33m=>[39m {
     [90m 106 |[39m       [36mconst[39m { toJSON[33m:[39m toJSON1 } [33m=[39m render([33m<[39m[33mRacetrackOverlays[39m width[33m=[39m{[35m200[39m} height[33m=[39m{[35m80[39m} [33m/[39m[33m>[39m)[33m;[39m
    [31m[1m>[22m[39m[90m 107 |[39m       [36mconst[39m { toJSON[33m:[39m toJSON2 } [33m=[39m render([33m<[39m[33mRacetrackOverlays[39m width[33m=[39m{[35m500[39m} height[33m=[39m{[35m200[39m} [33m/[39m[33m>[39m)[33m;[39m
     [90m     |[39m                                         [31m[1m^[22m[39m
     [90m 108 |[39m       expect(toJSON1())[33m.[39mtoBeNull()[33m;[39m
     [90m 109 |[39m       expect(toJSON2())[33m.[39mtoBeNull()[33m;[39m
     [90m 110 |[39m     })[33m;[39m[0m

      at Object.process.env.NODE_ENV.exports.create (node_modules/react-test-renderer/cjs/react-test-renderer.development.js:14598:17)
      at create (node_modules/@testing-library/react-native/src/render-act.ts:15:29)
      at callback (node_modules/@testing-library/react-native/src/act.ts:31:24)
      at process.env.NODE_ENV.exports.act (node_modules/react/cjs/react.development.js:789:22)
      at actImplementation (node_modules/@testing-library/react-native/src/act.ts:30:25)
      at renderWithAct (node_modules/@testing-library/react-native/src/render-act.ts:13:11)
      at renderInternal (node_modules/@testing-library/react-native/src/render.tsx:69:33)
      at renderInternal (node_modules/@testing-library/react-native/src/render.tsx:44:10)
      at Object.<anonymous> (src/features/racetrack/components/RacetrackOverlays/RacetrackOverlays.test.tsx:107:41)

  console.error
    react-test-renderer is deprecated. See https://react.dev/warnings/react-test-renderer

    [0m [90m 23 |[39m
     [90m 24 |[39m [36mconst[39m renderWithTheme [33m=[39m (component[33m:[39m [33mReact[39m[33m.[39m[33mReactElement[39m) [33m=>[39m {
    [31m[1m>[22m[39m[90m 25 |[39m   [36mreturn[39m render([33m<[39m[33mThemeProvider[39m[33m>[39m{component}[33m<[39m[33m/[39m[33mThemeProvider[39m[33m>[39m)[33m;[39m
     [90m    |[39m                [31m[1m^[22m[39m
     [90m 26 |[39m }[33m;[39m
     [90m 27 |[39m
     [90m 28 |[39m describe([32m'RouletteGameScreen'[39m[33m,[39m () [33m=>[39m {[0m

      at Object.process.env.NODE_ENV.exports.create (node_modules/react-test-renderer/cjs/react-test-renderer.development.js:14598:17)
      at create (node_modules/@testing-library/react-native/src/render-act.ts:15:29)
      at callback (node_modules/@testing-library/react-native/src/act.ts:31:24)
      at process.env.NODE_ENV.exports.act (node_modules/react/cjs/react.development.js:789:22)
      at actImplementation (node_modules/@testing-library/react-native/src/act.ts:30:25)
      at renderWithAct (node_modules/@testing-library/react-native/src/render-act.ts:13:11)
      at renderInternal (node_modules/@testing-library/react-native/src/render.tsx:69:33)
      at renderInternal (node_modules/@testing-library/react-native/src/render.tsx:44:10)
      at renderWithTheme (src/features/roulette-game/screens/RouletteGameScreen/RouletteGameScreen.test.tsx:25:16)
      at Object.renderWithTheme (src/features/roulette-game/screens/RouletteGameScreen/RouletteGameScreen.test.tsx:40:31)

  console.error
    react-test-renderer is deprecated. See https://react.dev/warnings/react-test-renderer

    [0m [90m 155 |[39m       ][33m;[39m
     [90m 156 |[39m
    [31m[1m>[22m[39m[90m 157 |[39m       [36mconst[39m { result } [33m=[39m renderHook(() [33m=>[39m useRouletteBets(placedBets))[33m;[39m
     [90m     |[39m                                    [31m[1m^[22m[39m
     [90m 158 |[39m
     [90m 159 |[39m       expect(result[33m.[39mcurrent[33m.[39mgetBetAmount([[35m4[39m[33m,[39m [35m5[39m[33m,[39m [35m6[39m]))[33m.[39mtoBe([35m30[39m)[33m;[39m
     [90m 160 |[39m     })[33m;[39m[0m

      at Object.process.env.NODE_ENV.exports.create (node_modules/react-test-renderer/cjs/react-test-renderer.development.js:14598:17)
      at create (node_modules/@testing-library/react-native/src/render-act.ts:15:29)
      at callback (node_modules/@testing-library/react-native/src/act.ts:31:24)
      at process.env.NODE_ENV.exports.act (node_modules/react/cjs/react.development.js:789:22)
      at actImplementation (node_modules/@testing-library/react-native/src/act.ts:30:25)
      at renderWithAct (node_modules/@testing-library/react-native/src/render-act.ts:13:11)
      at renderInternal (node_modules/@testing-library/react-native/src/render.tsx:69:33)
      at renderInternal (node_modules/@testing-library/react-native/src/render.tsx:44:10)
      at renderHook (node_modules/@testing-library/react-native/src/render-hook.tsx:55:58)
      at Object.<anonymous> (src/components/roulette/hooks/__tests__/useRouletteBets.test.ts:157:36)

  console.error
    react-test-renderer is deprecated. See https://react.dev/warnings/react-test-renderer

    [0m [90m  6 |[39m
     [90m  7 |[39m [36mconst[39m renderWithTheme [33m=[39m (component[33m:[39m [33mReact[39m[33m.[39m[33mReactElement[39m) [33m=>[39m {
    [31m[1m>[22m[39m[90m  8 |[39m   [36mreturn[39m render([33m<[39m[33mThemeProvider[39m[33m>[39m{component}[33m<[39m[33m/[39m[33mThemeProvider[39m[33m>[39m)[33m;[39m
     [90m    |[39m                [31m[1m^[22m[39m
     [90m  9 |[39m }[33m;[39m
     [90m 10 |[39m
     [90m 11 |[39m describe([32m'RequestDisplay'[39m[33m,[39m () [33m=>[39m {[0m

      at Object.process.env.NODE_ENV.exports.create (node_modules/react-test-renderer/cjs/react-test-renderer.development.js:14598:17)
      at create (node_modules/@testing-library/react-native/src/render-act.ts:15:29)
      at callback (node_modules/@testing-library/react-native/src/act.ts:31:24)
      at process.env.NODE_ENV.exports.act (node_modules/react/cjs/react.development.js:789:22)
      at actImplementation (node_modules/@testing-library/react-native/src/act.ts:30:25)
      at renderWithAct (node_modules/@testing-library/react-native/src/render-act.ts:13:11)
      at renderInternal (node_modules/@testing-library/react-native/src/render.tsx:69:33)
      at renderInternal (node_modules/@testing-library/react-native/src/render.tsx:44:10)
      at renderWithTheme (src/features/cash-conversion-training/components/RequestDisplay/RequestDisplay.test.tsx:8:16)
      at Object.renderWithTheme (src/features/cash-conversion-training/components/RequestDisplay/RequestDisplay.test.tsx:112:27)

  console.error
    react-test-renderer is deprecated. See https://react.dev/warnings/react-test-renderer

    [0m [90m 23 |[39m
     [90m 24 |[39m [36mconst[39m renderWithTheme [33m=[39m (component[33m:[39m [33mReact[39m[33m.[39m[33mReactElement[39m) [33m=>[39m {
    [31m[1m>[22m[39m[90m 25 |[39m   [36mreturn[39m render([33m<[39m[33mThemeProvider[39m[33m>[39m{component}[33m<[39m[33m/[39m[33mThemeProvider[39m[33m>[39m)[33m;[39m
     [90m    |[39m                [31m[1m^[22m[39m
     [90m 26 |[39m }[33m;[39m
     [90m 27 |[39m
     [90m 28 |[39m describe([32m'RouletteGameScreen'[39m[33m,[39m () [33m=>[39m {[0m

      at Object.process.env.NODE_ENV.exports.create (node_modules/react-test-renderer/cjs/react-test-renderer.development.js:14598:17)
      at create (node_modules/@testing-library/react-native/src/render-act.ts:15:29)
      at callback (node_modules/@testing-library/react-native/src/act.ts:31:24)
      at process.env.NODE_ENV.exports.act (node_modules/react/cjs/react.development.js:789:22)
      at actImplementation (node_modules/@testing-library/react-native/src/act.ts:30:25)
      at renderWithAct (node_modules/@testing-library/react-native/src/render-act.ts:13:11)
      at renderInternal (node_modules/@testing-library/react-native/src/render.tsx:69:33)
      at renderInternal (node_modules/@testing-library/react-native/src/render.tsx:44:10)
      at renderWithTheme (src/features/roulette-game/screens/RouletteGameScreen/RouletteGameScreen.test.tsx:25:16)
      at Object.renderWithTheme (src/features/roulette-game/screens/RouletteGameScreen/RouletteGameScreen.test.tsx:48:26)

  console.error
    react-test-renderer is deprecated. See https://react.dev/warnings/react-test-renderer

    [0m [90m 172 |[39m       ][33m;[39m
     [90m 173 |[39m
    [31m[1m>[22m[39m[90m 174 |[39m       [36mconst[39m { result } [33m=[39m renderHook(() [33m=>[39m useRouletteBets(placedBets))[33m;[39m
     [90m     |[39m                                    [31m[1m^[22m[39m
     [90m 175 |[39m
     [90m 176 |[39m       expect(result[33m.[39mcurrent[33m.[39mgetBetAmount([[35m1[39m[33m,[39m [35m2[39m[33m,[39m [35m3[39m[33m,[39m [35m4[39m[33m,[39m [35m5[39m[33m,[39m [35m6[39m]))[33m.[39mtoBe([35m20[39m)[33m;[39m
     [90m 177 |[39m     })[33m;[39m[0m

      at Object.process.env.NODE_ENV.exports.create (node_modules/react-test-renderer/cjs/react-test-renderer.development.js:14598:17)
      at create (node_modules/@testing-library/react-native/src/render-act.ts:15:29)
      at callback (node_modules/@testing-library/react-native/src/act.ts:31:24)
      at process.env.NODE_ENV.exports.act (node_modules/react/cjs/react.development.js:789:22)
      at actImplementation (node_modules/@testing-library/react-native/src/act.ts:30:25)
      at renderWithAct (node_modules/@testing-library/react-native/src/render-act.ts:13:11)
      at renderInternal (node_modules/@testing-library/react-native/src/render.tsx:69:33)
      at renderInternal (node_modules/@testing-library/react-native/src/render.tsx:44:10)
      at renderHook (node_modules/@testing-library/react-native/src/render-hook.tsx:55:58)
      at Object.<anonymous> (src/components/roulette/hooks/__tests__/useRouletteBets.test.ts:174:36)

  console.error
    react-test-renderer is deprecated. See https://react.dev/warnings/react-test-renderer

    [0m [90m  6 |[39m
     [90m  7 |[39m [36mconst[39m renderWithTheme [33m=[39m (component[33m:[39m [33mReact[39m[33m.[39m[33mReactElement[39m) [33m=>[39m {
    [31m[1m>[22m[39m[90m  8 |[39m   [36mreturn[39m render([33m<[39m[33mThemeProvider[39m[33m>[39m{component}[33m<[39m[33m/[39m[33mThemeProvider[39m[33m>[39m)[33m;[39m
     [90m    |[39m                [31m[1m^[22m[39m
     [90m  9 |[39m }[33m;[39m
     [90m 10 |[39m
     [90m 11 |[39m describe([32m'RequestDisplay'[39m[33m,[39m () [33m=>[39m {[0m

      at Object.process.env.NODE_ENV.exports.create (node_modules/react-test-renderer/cjs/react-test-renderer.development.js:14598:17)
      at create (node_modules/@testing-library/react-native/src/render-act.ts:15:29)
      at callback (node_modules/@testing-library/react-native/src/act.ts:31:24)
      at process.env.NODE_ENV.exports.act (node_modules/react/cjs/react.development.js:789:22)
      at actImplementation (node_modules/@testing-library/react-native/src/act.ts:30:25)
      at renderWithAct (node_modules/@testing-library/react-native/src/render-act.ts:13:11)
      at renderInternal (node_modules/@testing-library/react-native/src/render.tsx:69:33)
      at renderInternal (node_modules/@testing-library/react-native/src/render.tsx:44:10)
      at renderWithTheme (src/features/cash-conversion-training/components/RequestDisplay/RequestDisplay.test.tsx:8:16)
      at Object.renderWithTheme (src/features/cash-conversion-training/components/RequestDisplay/RequestDisplay.test.tsx:118:37)

  console.error
    react-test-renderer is deprecated. See https://react.dev/warnings/react-test-renderer

    [0m [90m 111 |[39m
     [90m 112 |[39m     it([32m'should handle different heights'[39m[33m,[39m () [33m=>[39m {
    [31m[1m>[22m[39m[90m 113 |[39m       [36mconst[39m { toJSON[33m:[39m toJSON1 } [33m=[39m render([33m<[39m[33mRacetrackOverlays[39m width[33m=[39m{[35m350[39m} height[33m=[39m{[35m100[39m} [33m/[39m[33m>[39m)[33m;[39m
     [90m     |[39m                                         [31m[1m^[22m[39m
     [90m 114 |[39m       [36mconst[39m { toJSON[33m:[39m toJSON2 } [33m=[39m render([33m<[39m[33mRacetrackOverlays[39m width[33m=[39m{[35m350[39m} height[33m=[39m{[35m200[39m} [33m/[39m[33m>[39m)[33m;[39m
     [90m 115 |[39m       expect(toJSON1())[33m.[39mtoBeNull()[33m;[39m
     [90m 116 |[39m       expect(toJSON2())[33m.[39mtoBeNull()[33m;[39m[0m

      at Object.process.env.NODE_ENV.exports.create (node_modules/react-test-renderer/cjs/react-test-renderer.development.js:14598:17)
      at create (node_modules/@testing-library/react-native/src/render-act.ts:15:29)
      at callback (node_modules/@testing-library/react-native/src/act.ts:31:24)
      at process.env.NODE_ENV.exports.act (node_modules/react/cjs/react.development.js:789:22)
      at actImplementation (node_modules/@testing-library/react-native/src/act.ts:30:25)
      at renderWithAct (node_modules/@testing-library/react-native/src/render-act.ts:13:11)
      at renderInternal (node_modules/@testing-library/react-native/src/render.tsx:69:33)
      at renderInternal (node_modules/@testing-library/react-native/src/render.tsx:44:10)
      at Object.<anonymous> (src/features/racetrack/components/RacetrackOverlays/RacetrackOverlays.test.tsx:113:41)

  console.error
    react-test-renderer is deprecated. See https://react.dev/warnings/react-test-renderer

    [0m [90m 112 |[39m     it([32m'should handle different heights'[39m[33m,[39m () [33m=>[39m {
     [90m 113 |[39m       [36mconst[39m { toJSON[33m:[39m toJSON1 } [33m=[39m render([33m<[39m[33mRacetrackOverlays[39m width[33m=[39m{[35m350[39m} height[33m=[39m{[35m100[39m} [33m/[39m[33m>[39m)[33m;[39m
    [31m[1m>[22m[39m[90m 114 |[39m       [36mconst[39m { toJSON[33m:[39m toJSON2 } [33m=[39m render([33m<[39m[33mRacetrackOverlays[39m width[33m=[39m{[35m350[39m} height[33m=[39m{[35m200[39m} [33m/[39m[33m>[39m)[33m;[39m
     [90m     |[39m                                         [31m[1m^[22m[39m
     [90m 115 |[39m       expect(toJSON1())[33m.[39mtoBeNull()[33m;[39m
     [90m 116 |[39m       expect(toJSON2())[33m.[39mtoBeNull()[33m;[39m
     [90m 117 |[39m     })[33m;[39m[0m

      at Object.process.env.NODE_ENV.exports.create (node_modules/react-test-renderer/cjs/react-test-renderer.development.js:14598:17)
      at create (node_modules/@testing-library/react-native/src/render-act.ts:15:29)
      at callback (node_modules/@testing-library/react-native/src/act.ts:31:24)
      at process.env.NODE_ENV.exports.act (node_modules/react/cjs/react.development.js:789:22)
      at actImplementation (node_modules/@testing-library/react-native/src/act.ts:30:25)
      at renderWithAct (node_modules/@testing-library/react-native/src/render-act.ts:13:11)
      at renderInternal (node_modules/@testing-library/react-native/src/render.tsx:69:33)
      at renderInternal (node_modules/@testing-library/react-native/src/render.tsx:44:10)
      at Object.<anonymous> (src/features/racetrack/components/RacetrackOverlays/RacetrackOverlays.test.tsx:114:41)

  console.error
    react-test-renderer is deprecated. See https://react.dev/warnings/react-test-renderer

    [0m [90m 192 |[39m       ] [36mas[39m unknown [36mas[39m [33mPlacedBet[39m[][33m;[39m
     [90m 193 |[39m
    [31m[1m>[22m[39m[90m 194 |[39m       [36mconst[39m { result } [33m=[39m renderHook(() [33m=>[39m useRouletteBets(placedBets))[33m;[39m
     [90m     |[39m                                    [31m[1m^[22m[39m
     [90m 195 |[39m
     [90m 196 |[39m       expect(result[33m.[39mcurrent[33m.[39mgetBetAmount([[35m5[39m]))[33m.[39mtoBe([35m10[39m)[33m;[39m
     [90m 197 |[39m     })[33m;[39m[0m

      at Object.process.env.NODE_ENV.exports.create (node_modules/react-test-renderer/cjs/react-test-renderer.development.js:14598:17)
      at create (node_modules/@testing-library/react-native/src/render-act.ts:15:29)
      at callback (node_modules/@testing-library/react-native/src/act.ts:31:24)
      at process.env.NODE_ENV.exports.act (node_modules/react/cjs/react.development.js:789:22)
      at actImplementation (node_modules/@testing-library/react-native/src/act.ts:30:25)
      at renderWithAct (node_modules/@testing-library/react-native/src/render-act.ts:13:11)
      at renderInternal (node_modules/@testing-library/react-native/src/render.tsx:69:33)
      at renderInternal (node_modules/@testing-library/react-native/src/render.tsx:44:10)
      at renderHook (node_modules/@testing-library/react-native/src/render-hook.tsx:55:58)
      at Object.<anonymous> (src/components/roulette/hooks/__tests__/useRouletteBets.test.ts:194:36)

  console.error
    react-test-renderer is deprecated. See https://react.dev/warnings/react-test-renderer

    [0m [90m  6 |[39m
     [90m  7 |[39m [36mconst[39m renderWithTheme [33m=[39m (component[33m:[39m [33mReact[39m[33m.[39m[33mReactElement[39m) [33m=>[39m {
    [31m[1m>[22m[39m[90m  8 |[39m   [36mreturn[39m render([33m<[39m[33mThemeProvider[39m[33m>[39m{component}[33m<[39m[33m/[39m[33mThemeProvider[39m[33m>[39m)[33m;[39m
     [90m    |[39m                [31m[1m^[22m[39m
     [90m  9 |[39m }[33m;[39m
     [90m 10 |[39m
     [90m 11 |[39m describe([32m'RequestDisplay'[39m[33m,[39m () [33m=>[39m {[0m

      at Object.process.env.NODE_ENV.exports.create (node_modules/react-test-renderer/cjs/react-test-renderer.development.js:14598:17)
      at create (node_modules/@testing-library/react-native/src/render-act.ts:15:29)
      at callback (node_modules/@testing-library/react-native/src/act.ts:31:24)
      at process.env.NODE_ENV.exports.act (node_modules/react/cjs/react.development.js:789:22)
      at actImplementation (node_modules/@testing-library/react-native/src/act.ts:30:25)
      at renderWithAct (node_modules/@testing-library/react-native/src/render-act.ts:13:11)
      at renderInternal (node_modules/@testing-library/react-native/src/render.tsx:69:33)
      at renderInternal (node_modules/@testing-library/react-native/src/render.tsx:44:10)
      at renderWithTheme (src/features/cash-conversion-training/components/RequestDisplay/RequestDisplay.test.tsx:8:16)
      at Object.renderWithTheme (src/features/cash-conversion-training/components/RequestDisplay/RequestDisplay.test.tsx:134:50)

  console.error
    react-test-renderer is deprecated. See https://react.dev/warnings/react-test-renderer

    [0m [90m 241 |[39m
     [90m 242 |[39m     it([32m'should create bets with correct payout'[39m[33m,[39m () [33m=>[39m {
    [31m[1m>[22m[39m[90m 243 |[39m       [36mconst[39m { result } [33m=[39m renderHook(() [33m=>[39m useAnnouncedBets(defaultProps))[33m;[39m
     [90m     |[39m                                    [31m[1m^[22m[39m
     [90m 244 |[39m
     [90m 245 |[39m       act(() [33m=>[39m {
     [90m 246 |[39m         result[33m.[39mcurrent[33m.[39mhandleSectionPress([32m'tier'[39m)[33m;[39m[0m

      at Object.process.env.NODE_ENV.exports.create (node_modules/react-test-renderer/cjs/react-test-renderer.development.js:14598:17)
      at create (node_modules/@testing-library/react-native/src/render-act.ts:15:29)
      at callback (node_modules/@testing-library/react-native/src/act.ts:31:24)
      at process.env.NODE_ENV.exports.act (node_modules/react/cjs/react.development.js:789:22)
      at actImplementation (node_modules/@testing-library/react-native/src/act.ts:30:25)
      at renderWithAct (node_modules/@testing-library/react-native/src/render-act.ts:13:11)
      at renderInternal (node_modules/@testing-library/react-native/src/render.tsx:69:33)
      at renderInternal (node_modules/@testing-library/react-native/src/render.tsx:44:10)
      at renderHook (node_modules/@testing-library/react-native/src/render-hook.tsx:55:58)
      at Object.<anonymous> (src/features/racetrack/hooks/__tests__/useAnnouncedBets.test.ts:243:36)

  console.error
    react-test-renderer is deprecated. See https://react.dev/warnings/react-test-renderer

    [0m [90m 209 |[39m       ][33m;[39m
     [90m 210 |[39m
    [31m[1m>[22m[39m[90m 211 |[39m       [36mconst[39m { result } [33m=[39m renderHook(() [33m=>[39m useRouletteBets(placedBets))[33m;[39m
     [90m     |[39m                                    [31m[1m^[22m[39m
     [90m 212 |[39m
     [90m 213 |[39m       expect(result[33m.[39mcurrent[33m.[39mgetBetAmount([[35m5[39m]))[33m.[39mtoBe([35m0[39m)[33m;[39m
     [90m 214 |[39m     })[33m;[39m[0m

      at Object.process.env.NODE_ENV.exports.create (node_modules/react-test-renderer/cjs/react-test-renderer.development.js:14598:17)
      at create (node_modules/@testing-library/react-native/src/render-act.ts:15:29)
      at callback (node_modules/@testing-library/react-native/src/act.ts:31:24)
      at process.env.NODE_ENV.exports.act (node_modules/react/cjs/react.development.js:789:22)
      at actImplementation (node_modules/@testing-library/react-native/src/act.ts:30:25)
      at renderWithAct (node_modules/@testing-library/react-native/src/render-act.ts:13:11)
      at renderInternal (node_modules/@testing-library/react-native/src/render.tsx:69:33)
      at renderInternal (node_modules/@testing-library/react-native/src/render.tsx:44:10)
      at renderHook (node_modules/@testing-library/react-native/src/render-hook.tsx:55:58)
      at Object.<anonymous> (src/components/roulette/hooks/__tests__/useRouletteBets.test.ts:211:36)

  console.error
    react-test-renderer is deprecated. See https://react.dev/warnings/react-test-renderer

    [0m [90m  6 |[39m
     [90m  7 |[39m [36mconst[39m renderWithTheme [33m=[39m (component[33m:[39m [33mReact[39m[33m.[39m[33mReactElement[39m) [33m=>[39m {
    [31m[1m>[22m[39m[90m  8 |[39m   [36mreturn[39m render([33m<[39m[33mThemeProvider[39m[33m>[39m{component}[33m<[39m[33m/[39m[33mThemeProvider[39m[33m>[39m)[33m;[39m
     [90m    |[39m                [31m[1m^[22m[39m
     [90m  9 |[39m }[33m;[39m
     [90m 10 |[39m
     [90m 11 |[39m describe([32m'RequestDisplay'[39m[33m,[39m () [33m=>[39m {[0m

      at Object.process.env.NODE_ENV.exports.create (node_modules/react-test-renderer/cjs/react-test-renderer.development.js:14598:17)
      at create (node_modules/@testing-library/react-native/src/render-act.ts:15:29)
      at callback (node_modules/@testing-library/react-native/src/act.ts:31:24)
      at process.env.NODE_ENV.exports.act (node_modules/react/cjs/react.development.js:789:22)
      at actImplementation (node_modules/@testing-library/react-native/src/act.ts:30:25)
      at renderWithAct (node_modules/@testing-library/react-native/src/render-act.ts:13:11)
      at renderInternal (node_modules/@testing-library/react-native/src/render.tsx:69:33)
      at renderInternal (node_modules/@testing-library/react-native/src/render.tsx:44:10)
      at renderWithTheme (src/features/cash-conversion-training/components/RequestDisplay/RequestDisplay.test.tsx:8:16)
      at Object.renderWithTheme (src/features/cash-conversion-training/components/RequestDisplay/RequestDisplay.test.tsx:151:27)

  console.error
    react-test-renderer is deprecated. See https://react.dev/warnings/react-test-renderer

    [0m [90m 118 |[39m
     [90m 119 |[39m     it([32m'should render both handlers together'[39m[33m,[39m () [33m=>[39m {
    [31m[1m>[22m[39m[90m 120 |[39m       [36mconst[39m { toJSON } [33m=[39m render(
     [90m     |[39m                                [31m[1m^[22m[39m
     [90m 121 |[39m         [33m<[39m[33mRacetrackOverlays[39m
     [90m 122 |[39m           width[33m=[39m{[35m350[39m}
     [90m 123 |[39m           height[33m=[39m{[35m140[39m}[0m

      at Object.process.env.NODE_ENV.exports.create (node_modules/react-test-renderer/cjs/react-test-renderer.development.js:14598:17)
      at create (node_modules/@testing-library/react-native/src/render-act.ts:15:29)
      at callback (node_modules/@testing-library/react-native/src/act.ts:31:24)
      at process.env.NODE_ENV.exports.act (node_modules/react/cjs/react.development.js:789:22)
      at actImplementation (node_modules/@testing-library/react-native/src/act.ts:30:25)
      at renderWithAct (node_modules/@testing-library/react-native/src/render-act.ts:13:11)
      at renderInternal (node_modules/@testing-library/react-native/src/render.tsx:69:33)
      at renderInternal (node_modules/@testing-library/react-native/src/render.tsx:44:10)
      at Object.<anonymous> (src/features/racetrack/components/RacetrackOverlays/RacetrackOverlays.test.tsx:120:32)

  console.error
    react-test-renderer is deprecated. See https://react.dev/warnings/react-test-renderer

    [0m [90m 23 |[39m
     [90m 24 |[39m [36mconst[39m renderWithTheme [33m=[39m (component[33m:[39m [33mReact[39m[33m.[39m[33mReactElement[39m) [33m=>[39m {
    [31m[1m>[22m[39m[90m 25 |[39m   [36mreturn[39m render([33m<[39m[33mThemeProvider[39m[33m>[39m{component}[33m<[39m[33m/[39m[33mThemeProvider[39m[33m>[39m)[33m;[39m
     [90m    |[39m                [31m[1m^[22m[39m
     [90m 26 |[39m }[33m;[39m
     [90m 27 |[39m
     [90m 28 |[39m describe([32m'RouletteGameScreen'[39m[33m,[39m () [33m=>[39m {[0m

      at Object.process.env.NODE_ENV.exports.create (node_modules/react-test-renderer/cjs/react-test-renderer.development.js:14598:17)
      at create (node_modules/@testing-library/react-native/src/render-act.ts:15:29)
      at callback (node_modules/@testing-library/react-native/src/act.ts:31:24)
      at process.env.NODE_ENV.exports.act (node_modules/react/cjs/react.development.js:789:22)
      at actImplementation (node_modules/@testing-library/react-native/src/act.ts:30:25)
      at renderWithAct (node_modules/@testing-library/react-native/src/render-act.ts:13:11)
      at renderInternal (node_modules/@testing-library/react-native/src/render.tsx:69:33)
      at renderInternal (node_modules/@testing-library/react-native/src/render.tsx:44:10)
      at renderWithTheme (src/features/roulette-game/screens/RouletteGameScreen/RouletteGameScreen.test.tsx:25:16)
      at Object.renderWithTheme (src/features/roulette-game/screens/RouletteGameScreen/RouletteGameScreen.test.tsx:54:26)

  console.error
    react-test-renderer is deprecated. See https://react.dev/warnings/react-test-renderer

    [0m [90m  6 |[39m
     [90m  7 |[39m [36mconst[39m renderWithTheme [33m=[39m (component[33m:[39m [33mReact[39m[33m.[39m[33mReactElement[39m) [33m=>[39m {
    [31m[1m>[22m[39m[90m  8 |[39m   [36mreturn[39m render([33m<[39m[33mThemeProvider[39m[33m>[39m{component}[33m<[39m[33m/[39m[33mThemeProvider[39m[33m>[39m)[33m;[39m
     [90m    |[39m                [31m[1m^[22m[39m
     [90m  9 |[39m }[33m;[39m
     [90m 10 |[39m
     [90m 11 |[39m describe([32m'RequestDisplay'[39m[33m,[39m () [33m=>[39m {[0m

      at Object.process.env.NODE_ENV.exports.create (node_modules/react-test-renderer/cjs/react-test-renderer.development.js:14598:17)
      at create (node_modules/@testing-library/react-native/src/render-act.ts:15:29)
      at callback (node_modules/@testing-library/react-native/src/act.ts:31:24)
      at process.env.NODE_ENV.exports.act (node_modules/react/cjs/react.development.js:789:22)
      at actImplementation (node_modules/@testing-library/react-native/src/act.ts:30:25)
      at renderWithAct (node_modules/@testing-library/react-native/src/render-act.ts:13:11)
      at renderInternal (node_modules/@testing-library/react-native/src/render.tsx:69:33)
      at renderInternal (node_modules/@testing-library/react-native/src/render.tsx:44:10)
      at renderWithTheme (src/features/cash-conversion-training/components/RequestDisplay/RequestDisplay.test.tsx:8:16)
      at Object.renderWithTheme (src/features/cash-conversion-training/components/RequestDisplay/RequestDisplay.test.tsx:165:27)

  console.error
    react-test-renderer is deprecated. See https://react.dev/warnings/react-test-renderer

    [0m [90m 189 |[39m
     [90m 190 |[39m     it([32m'should track correct answers'[39m[33m,[39m () [33m=>[39m {
    [31m[1m>[22m[39m[90m 191 |[39m       [36mconst[39m { result } [33m=[39m renderHook(() [33m=>[39m
     [90m     |[39m                                    [31m[1m^[22m[39m
     [90m 192 |[39m         useCashConversionState({ difficulty[33m:[39m [32m'easy'[39m[33m,[39m sector[33m:[39m [32m'voisins'[39m })
     [90m 193 |[39m       )[33m;[39m
     [90m 194 |[39m[0m

      at Object.process.env.NODE_ENV.exports.create (node_modules/react-test-renderer/cjs/react-test-renderer.development.js:14598:17)
      at create (node_modules/@testing-library/react-native/src/render-act.ts:15:29)
      at callback (node_modules/@testing-library/react-native/src/act.ts:31:24)
      at process.env.NODE_ENV.exports.act (node_modules/react/cjs/react.development.js:789:22)
      at actImplementation (node_modules/@testing-library/react-native/src/act.ts:30:25)
      at renderWithAct (node_modules/@testing-library/react-native/src/render-act.ts:13:11)
      at renderInternal (node_modules/@testing-library/react-native/src/render.tsx:69:33)
      at renderInternal (node_modules/@testing-library/react-native/src/render.tsx:44:10)
      at renderHook (node_modules/@testing-library/react-native/src/render-hook.tsx:55:58)
      at Object.<anonymous> (src/features/cash-conversion-training/screens/CashConversionTrainingScreen/useCashConversionState.test.ts:191:36)

PASS src/features/cash-conversion-training/components/RequestDisplay/RequestDisplay.test.tsx
  RequestDisplay
    ΓêÜ should render label "Customer says:" (20 ms)
    ΓêÜ should render for-the-money request format (9 ms)
    ΓêÜ should render by-amount request format (15 ms)
    ΓêÜ should display sector name in for-the-money request (7 ms)
    ΓêÜ should display sector name in by-amount request (62 ms)
    ΓêÜ should handle orphelins sector (20 ms)
    ΓêÜ should handle zero sector (13 ms)
    ΓêÜ should handle neighbors sector (6 ms)
    ΓêÜ should display specified amount in by-amount request (20 ms)
    ΓêÜ should handle different specified amounts (8 ms)
    ΓêÜ should update when request changes (11 ms)
    ΓêÜ should switch from for-the-money to by-amount (8 ms)
    ΓêÜ should render with quotes around request text (6 ms)
    ΓêÜ should handle large specified amounts (6 ms)

PASS src/features/racetrack/components/RacetrackOverlays/RacetrackOverlays.test.tsx
  RacetrackOverlays
    rendering
      ΓêÜ should render without crashing (49 ms)
      ΓêÜ should render section buttons when onSectionPress is provided (12 ms)
      ΓêÜ should render number buttons when onNumberPress is provided (12 ms)
      ΓêÜ should not render section overlay when onSectionPress is undefined (21 ms)
      ΓêÜ should not render number overlay when onNumberPress is undefined (11 ms)
    section press handlers
      ΓêÜ should call onSectionPress with tier when tier button is pressed (10 ms)
      ΓêÜ should call onSectionPress with orphelins (19 ms)
      ΓêÜ should call onSectionPress with voisins (9 ms)
      ΓêÜ should call onSectionPress with zero (9 ms)
    number press handlers
      ΓêÜ should render top number buttons (21 ms)
      ΓêÜ should render bottom number buttons (31 ms)
      ΓêÜ should render left side number buttons (89 ms)
      ΓêÜ should render right side number buttons (12 ms)
    coordinate transformation
      ΓêÜ should handle different widths (17 ms)
      ΓêÜ should handle different heights (16 ms)
      ΓêÜ should render both handlers together (21 ms)

  console.error
    react-test-renderer is deprecated. See https://react.dev/warnings/react-test-renderer

    [0m [90m 207 |[39m   describe([32m'handleNext'[39m[33m,[39m () [33m=>[39m {
     [90m 208 |[39m     it([32m'should generate new challenge'[39m[33m,[39m () [33m=>[39m {
    [31m[1m>[22m[39m[90m 209 |[39m       [36mconst[39m { result } [33m=[39m renderHook(() [33m=>[39m
     [90m     |[39m                                    [31m[1m^[22m[39m
     [90m 210 |[39m         useCashConversionState({ difficulty[33m:[39m [32m'easy'[39m[33m,[39m sector[33m:[39m [32m'voisins'[39m })
     [90m 211 |[39m       )[33m;[39m
     [90m 212 |[39m[0m

      at Object.process.env.NODE_ENV.exports.create (node_modules/react-test-renderer/cjs/react-test-renderer.development.js:14598:17)
      at create (node_modules/@testing-library/react-native/src/render-act.ts:15:29)
      at callback (node_modules/@testing-library/react-native/src/act.ts:31:24)
      at process.env.NODE_ENV.exports.act (node_modules/react/cjs/react.development.js:789:22)
      at actImplementation (node_modules/@testing-library/react-native/src/act.ts:30:25)
      at renderWithAct (node_modules/@testing-library/react-native/src/render-act.ts:13:11)
      at renderInternal (node_modules/@testing-library/react-native/src/render.tsx:69:33)
      at renderInternal (node_modules/@testing-library/react-native/src/render.tsx:44:10)
      at renderHook (node_modules/@testing-library/react-native/src/render-hook.tsx:55:58)
      at Object.<anonymous> (src/features/cash-conversion-training/screens/CashConversionTrainingScreen/useCashConversionState.test.ts:209:36)

PASS src/features/racetrack/hooks/__tests__/useAnnouncedBets.test.ts
  useAnnouncedBets
    handleSectionPress
      ΓêÜ should place tier bets correctly (23 ms)
      ΓêÜ should place orphelins bets correctly (9 ms)
      ΓêÜ should place zero game bets correctly (8 ms)
      ΓêÜ should place voisins bets correctly (15 ms)
      ΓêÜ should use selected chip value for bet amount (66 ms)
      ΓêÜ should apply multiplier for bets with multiplier (10 ms)
      ΓêÜ should not place bets for invalid section (7 ms)
    handleNumberPress
      ΓêÜ should place neighbor bets for valid number (11 ms)
      ΓêÜ should place neighbor bets for zero (49 ms)
      ΓêÜ should use selected chip value for neighbor bets (28 ms)
      ΓêÜ should not place bets for invalid number (51 ms)
      ΓêÜ should not place bets for negative number (58 ms)
    bet properties
      ΓêÜ should create bets with unique IDs (34 ms)
      ΓêÜ should create bets with timestamps (36 ms)
      ΓêÜ should create bets with correct payout (14 ms)

  console.error
    react-test-renderer is deprecated. See https://react.dev/warnings/react-test-renderer

    [0m [90m 23 |[39m
     [90m 24 |[39m [36mconst[39m renderWithTheme [33m=[39m (component[33m:[39m [33mReact[39m[33m.[39m[33mReactElement[39m) [33m=>[39m {
    [31m[1m>[22m[39m[90m 25 |[39m   [36mreturn[39m render([33m<[39m[33mThemeProvider[39m[33m>[39m{component}[33m<[39m[33m/[39m[33mThemeProvider[39m[33m>[39m)[33m;[39m
     [90m    |[39m                [31m[1m^[22m[39m
     [90m 26 |[39m }[33m;[39m
     [90m 27 |[39m
     [90m 28 |[39m describe([32m'RouletteGameScreen'[39m[33m,[39m () [33m=>[39m {[0m

      at Object.process.env.NODE_ENV.exports.create (node_modules/react-test-renderer/cjs/react-test-renderer.development.js:14598:17)
      at create (node_modules/@testing-library/react-native/src/render-act.ts:15:29)
      at callback (node_modules/@testing-library/react-native/src/act.ts:31:24)
      at process.env.NODE_ENV.exports.act (node_modules/react/cjs/react.development.js:789:22)
      at actImplementation (node_modules/@testing-library/react-native/src/act.ts:30:25)
      at renderWithAct (node_modules/@testing-library/react-native/src/render-act.ts:13:11)
      at renderInternal (node_modules/@testing-library/react-native/src/render.tsx:69:33)
      at renderInternal (node_modules/@testing-library/react-native/src/render.tsx:44:10)
      at renderWithTheme (src/features/roulette-game/screens/RouletteGameScreen/RouletteGameScreen.test.tsx:25:16)
      at Object.renderWithTheme (src/features/roulette-game/screens/RouletteGameScreen/RouletteGameScreen.test.tsx:62:7)

  console.error
    react-test-renderer is deprecated. See https://react.dev/warnings/react-test-renderer

    [0m [90m 23 |[39m
     [90m 24 |[39m [36mconst[39m renderWithTheme [33m=[39m (component[33m:[39m [33mReact[39m[33m.[39m[33mReactElement[39m) [33m=>[39m {
    [31m[1m>[22m[39m[90m 25 |[39m   [36mreturn[39m render([33m<[39m[33mThemeProvider[39m[33m>[39m{component}[33m<[39m[33m/[39m[33mThemeProvider[39m[33m>[39m)[33m;[39m
     [90m    |[39m                [31m[1m^[22m[39m
     [90m 26 |[39m }[33m;[39m
     [90m 27 |[39m
     [90m 28 |[39m describe([32m'RouletteGameScreen'[39m[33m,[39m () [33m=>[39m {[0m

      at Object.process.env.NODE_ENV.exports.create (node_modules/react-test-renderer/cjs/react-test-renderer.development.js:14598:17)
      at create (node_modules/@testing-library/react-native/src/render-act.ts:15:29)
      at callback (node_modules/@testing-library/react-native/src/act.ts:31:24)
      at process.env.NODE_ENV.exports.act (node_modules/react/cjs/react.development.js:789:22)
      at actImplementation (node_modules/@testing-library/react-native/src/act.ts:30:25)
      at renderWithAct (node_modules/@testing-library/react-native/src/render-act.ts:13:11)
      at renderInternal (node_modules/@testing-library/react-native/src/render.tsx:69:33)
      at renderInternal (node_modules/@testing-library/react-native/src/render.tsx:44:10)
      at renderWithTheme (src/features/roulette-game/screens/RouletteGameScreen/RouletteGameScreen.test.tsx:25:16)
      at Object.renderWithTheme (src/features/roulette-game/screens/RouletteGameScreen/RouletteGameScreen.test.tsx:73:7)

  console.error
    react-test-renderer is deprecated. See https://react.dev/warnings/react-test-renderer

    [0m [90m 226 |[39m       ][33m;[39m
     [90m 227 |[39m
    [31m[1m>[22m[39m[90m 228 |[39m       [36mconst[39m { result } [33m=[39m renderHook(() [33m=>[39m useRouletteBets(placedBets))[33m;[39m
     [90m     |[39m                                    [31m[1m^[22m[39m
     [90m 229 |[39m
     [90m 230 |[39m       expect(result[33m.[39mcurrent[33m.[39mgetBetAmount([]))[33m.[39mtoBe([35m0[39m)[33m;[39m
     [90m 231 |[39m     })[33m;[39m[0m

      at Object.process.env.NODE_ENV.exports.create (node_modules/react-test-renderer/cjs/react-test-renderer.development.js:14598:17)
      at create (node_modules/@testing-library/react-native/src/render-act.ts:15:29)
      at callback (node_modules/@testing-library/react-native/src/act.ts:31:24)
      at process.env.NODE_ENV.exports.act (node_modules/react/cjs/react.development.js:789:22)
      at actImplementation (node_modules/@testing-library/react-native/src/act.ts:30:25)
      at renderWithAct (node_modules/@testing-library/react-native/src/render-act.ts:13:11)
      at renderInternal (node_modules/@testing-library/react-native/src/render.tsx:69:33)
      at renderInternal (node_modules/@testing-library/react-native/src/render.tsx:44:10)
      at renderHook (node_modules/@testing-library/react-native/src/render-hook.tsx:55:58)
      at Object.<anonymous> (src/components/roulette/hooks/__tests__/useRouletteBets.test.ts:228:36)

  console.error
    react-test-renderer is deprecated. See https://react.dev/warnings/react-test-renderer

    [0m [90m 23 |[39m
     [90m 24 |[39m [36mconst[39m renderWithTheme [33m=[39m (component[33m:[39m [33mReact[39m[33m.[39m[33mReactElement[39m) [33m=>[39m {
    [31m[1m>[22m[39m[90m 25 |[39m   [36mreturn[39m render([33m<[39m[33mThemeProvider[39m[33m>[39m{component}[33m<[39m[33m/[39m[33mThemeProvider[39m[33m>[39m)[33m;[39m
     [90m    |[39m                [31m[1m^[22m[39m
     [90m 26 |[39m }[33m;[39m
     [90m 27 |[39m
     [90m 28 |[39m describe([32m'RouletteGameScreen'[39m[33m,[39m () [33m=>[39m {[0m

      at Object.process.env.NODE_ENV.exports.create (node_modules/react-test-renderer/cjs/react-test-renderer.development.js:14598:17)
      at create (node_modules/@testing-library/react-native/src/render-act.ts:15:29)
      at callback (node_modules/@testing-library/react-native/src/act.ts:31:24)
      at process.env.NODE_ENV.exports.act (node_modules/react/cjs/react.development.js:789:22)
      at actImplementation (node_modules/@testing-library/react-native/src/act.ts:30:25)
      at renderWithAct (node_modules/@testing-library/react-native/src/render-act.ts:13:11)
      at renderInternal (node_modules/@testing-library/react-native/src/render.tsx:69:33)
      at renderInternal (node_modules/@testing-library/react-native/src/render.tsx:44:10)
      at renderWithTheme (src/features/roulette-game/screens/RouletteGameScreen/RouletteGameScreen.test.tsx:25:16)
      at Object.renderWithTheme (src/features/roulette-game/screens/RouletteGameScreen/RouletteGameScreen.test.tsx:86:7)

PASS src/components/roulette/hooks/__tests__/useRouletteBets.test.ts
  useRouletteBets
    getBetAmount
      ΓêÜ should return 0 for empty placed bets (155 ms)
      ΓêÜ should return correct amount for single number bet (17 ms)
      ΓêÜ should return correct amount for split bet (28 ms)
      ΓêÜ should match bets regardless of number order (11 ms)
      ΓêÜ should sum amounts for multiple matching bets (51 ms)
      ΓêÜ should not match bets with different number count (12 ms)
      ΓêÜ should not match bets with different numbers (7 ms)
      ΓêÜ should handle corner bets correctly (15 ms)
      ΓêÜ should handle street bets correctly (9 ms)
      ΓêÜ should handle six line bets correctly (13 ms)
      ΓêÜ should handle invalid bet objects gracefully (7 ms)
      ΓêÜ should handle bets with empty numbers array (7 ms)
      ΓêÜ should return 0 for empty numbers query (28 ms)

  console.error
    react-test-renderer is deprecated. See https://react.dev/warnings/react-test-renderer

    [0m [90m 30 |[39m   it([32m'renders a card face-down without showing rank or suit'[39m[33m,[39m () [33m=>[39m {
     [90m 31 |[39m     [36mconst[39m card [33m=[39m createCard([32m'K'[39m[33m,[39m [32m'hearts'[39m)[33m;[39m
    [31m[1m>[22m[39m[90m 32 |[39m     render(
     [90m    |[39m           [31m[1m^[22m[39m
     [90m 33 |[39m       [33m<[39m[33mWrapper[39m[33m>[39m
     [90m 34 |[39m         [33m<[39m[33mPlayingCard[39m card[33m=[39m{card} faceDown[33m=[39m{[36mtrue[39m} [33m/[39m[33m>[39m
     [90m 35 |[39m       [33m<[39m[33m/[39m[33mWrapper[39m[33m>[39m[0m

      at Object.process.env.NODE_ENV.exports.create (node_modules/react-test-renderer/cjs/react-test-renderer.development.js:14598:17)
      at create (node_modules/@testing-library/react-native/src/render-act.ts:15:29)
      at callback (node_modules/@testing-library/react-native/src/act.ts:31:24)
      at process.env.NODE_ENV.exports.act (node_modules/react/cjs/react.development.js:789:22)
      at actImplementation (node_modules/@testing-library/react-native/src/act.ts:30:25)
      at renderWithAct (node_modules/@testing-library/react-native/src/render-act.ts:13:11)
      at renderInternal (node_modules/@testing-library/react-native/src/render.tsx:69:33)
      at renderInternal (node_modules/@testing-library/react-native/src/render.tsx:44:10)
      at Object.<anonymous> (src/components/PlayingCard/PlayingCard.test.tsx:32:11)

FAIL src/components/NumberPad/NumberPad.test.tsx
  ΓùÅ Test suite failed to run

    SyntaxError: C:\Users\ivans\Desktop\Dev\CasinoTrainingApp\src\styles\textStyles.ts: Unexpected token, expected "(" (22:9)

      20 |     marginBottom: 4,
      21 |   } as TextStyle,
    > 22 |    * Size: 18px, Weight: 700, Color: Gold
         |          ^
      23 |    */
      24 |   goldTitle: {
      25 |     fontSize: 18,

      27 |
      28 | // Text style factories
    > 29 | export { createTextStyles } from './textStyles';
         | ^
      30 | export type { TextStyles } from './textStyles';
      31 |

      at constructor (node_modules/@babel/parser/src/parse-error.ts:95:45)
      at TypeScriptParserMixin.toParseError [as raise] (node_modules/@babel/parser/src/tokenizer/index.ts:1504:19)
      at TypeScriptParserMixin.raise [as unexpected] (node_modules/@babel/parser/src/tokenizer/index.ts:1544:16)
      at TypeScriptParserMixin.unexpected [as expect] (node_modules/@babel/parser/src/parser/util.ts:157:12)
      at TypeScriptParserMixin.expect (node_modules/@babel/parser/src/parser/statement.ts:1726:10)
      at TypeScriptParserMixin.parseFunctionParams (node_modules/@babel/parser/src/plugins/typescript/index.ts:3692:13)
      at TypeScriptParserMixin.parseFunctionParams (node_modules/@babel/parser/src/parser/expression.ts:2491:10)
      at TypeScriptParserMixin.parseMethod (node_modules/@babel/parser/src/plugins/typescript/index.ts:4312:28)
      at TypeScriptParserMixin.parseMethod [as parseObjectMethod] (node_modules/@babel/parser/src/parser/expression.ts:2300:19)
      at TypeScriptParserMixin.parseObjectMethod (node_modules/@babel/parser/src/parser/expression.ts:2381:24)
      at TypeScriptParserMixin.parseObjPropValue (node_modules/@babel/parser/src/plugins/typescript/index.ts:3675:20)
      at TypeScriptParserMixin.parseObjPropValue [as parsePropertyDefinition] (node_modules/@babel/parser/src/parser/expression.ts:2228:17)
      at TypeScriptParserMixin.parsePropertyDefinition [as parseObjectLike] (node_modules/@babel/parser/src/parser/expression.ts:2095:21)
      at TypeScriptParserMixin.parseObjectLike [as parseExprAtom] (node_modules/@babel/parser/src/parser/expression.ts:1181:21)
      at TypeScriptParserMixin.parseExprAtom [as parseExprSubscripts] (node_modules/@babel/parser/src/parser/expression.ts:742:23)
      at TypeScriptParserMixin.parseExprSubscripts [as parseUpdate] (node_modules/@babel/parser/src/parser/expression.ts:721:21)
      at TypeScriptParserMixin.parseUpdate (node_modules/@babel/parser/src/parser/expression.ts:683:23)
      at TypeScriptParserMixin.parseMaybeUnary (node_modules/@babel/parser/src/plugins/typescript/index.ts:3893:20)
      at TypeScriptParserMixin.parseMaybeUnary [as parseMaybeUnaryOrPrivate] (node_modules/@babel/parser/src/parser/expression.ts:417:14)
      at TypeScriptParserMixin.parseMaybeUnaryOrPrivate [as parseExprOps] (node_modules/@babel/parser/src/parser/expression.ts:429:23)
      at TypeScriptParserMixin.parseExprOps [as parseMaybeConditional] (node_modules/@babel/parser/src/parser/expression.ts:384:23)
      at TypeScriptParserMixin.parseMaybeConditional (node_modules/@babel/parser/src/parser/expression.ts:301:21)
      at TypeScriptParserMixin.parseMaybeAssign (node_modules/@babel/parser/src/plugins/typescript/index.ts:3764:22)
      at parseMaybeAssign (node_modules/@babel/parser/src/parser/expression.ts:257:12)
      at TypeScriptParserMixin.callback [as allowInAnd] (node_modules/@babel/parser/src/parser/expression.ts:3194:12)
      at TypeScriptParserMixin.allowInAnd [as parseMaybeAssignAllowIn] (node_modules/@babel/parser/src/parser/expression.ts:256:17)
      at TypeScriptParserMixin.parseMaybeAssignAllowIn [as parseMaybeAssignAllowInOrVoidPattern] (node_modules/@babel/parser/src/parser/expression.ts:3308:17)
      at TypeScriptParserMixin.parseMaybeAssignAllowInOrVoidPattern [as parseParenAndDistinguishExpression] (node_modules/@babel/parser/src/parser/expression.ts:1822:16)
      at TypeScriptParserMixin.parseParenAndDistinguishExpression [as parseExprAtom] (node_modules/@babel/parser/src/parser/expression.ts:1170:21)
      at TypeScriptParserMixin.parseExprAtom [as parseExprSubscripts] (node_modules/@babel/parser/src/parser/expression.ts:742:23)
      at TypeScriptParserMixin.parseExprSubscripts [as parseUpdate] (node_modules/@babel/parser/src/parser/expression.ts:721:21)
      at TypeScriptParserMixin.parseUpdate (node_modules/@babel/parser/src/parser/expression.ts:683:23)
      at TypeScriptParserMixin.parseMaybeUnary (node_modules/@babel/parser/src/plugins/typescript/index.ts:3893:20)
      at TypeScriptParserMixin.parseMaybeUnary [as parseMaybeUnaryOrPrivate] (node_modules/@babel/parser/src/parser/expression.ts:417:14)
      at TypeScriptParserMixin.parseMaybeUnaryOrPrivate [as parseExprOps] (node_modules/@babel/parser/src/parser/expression.ts:429:23)
      at TypeScriptParserMixin.parseExprOps [as parseMaybeConditional] (node_modules/@babel/parser/src/parser/expression.ts:384:23)
      at TypeScriptParserMixin.parseMaybeConditional (node_modules/@babel/parser/src/parser/expression.ts:301:21)
      at TypeScriptParserMixin.parseMaybeAssign (node_modules/@babel/parser/src/plugins/typescript/index.ts:3764:22)
      at TypeScriptParserMixin.parseMaybeAssign [as parseFunctionBody] (node_modules/@babel/parser/src/parser/expression.ts:2604:14)
      at TypeScriptParserMixin.parseFunctionBody [as parseArrowExpression] (node_modules/@babel/parser/src/parser/expression.ts:2559:10)
      at TypeScriptParserMixin.parseArrowExpression [as parseParenAndDistinguishExpression] (node_modules/@babel/parser/src/parser/expression.ts:1847:12)
      at TypeScriptParserMixin.parseParenAndDistinguishExpression [as parseExprAtom] (node_modules/@babel/parser/src/parser/expression.ts:1170:21)
      at TypeScriptParserMixin.parseExprAtom [as parseExprSubscripts] (node_modules/@babel/parser/src/parser/expression.ts:742:23)
      at TypeScriptParserMixin.parseExprSubscripts [as parseUpdate] (node_modules/@babel/parser/src/parser/expression.ts:721:21)
      at TypeScriptParserMixin.parseUpdate (node_modules/@babel/parser/src/parser/expression.ts:683:23)
      at TypeScriptParserMixin.parseMaybeUnary (node_modules/@babel/parser/src/plugins/typescript/index.ts:3893:20)
      at TypeScriptParserMixin.parseMaybeUnary [as parseMaybeUnaryOrPrivate] (node_modules/@babel/parser/src/parser/expression.ts:417:14)
      at TypeScriptParserMixin.parseMaybeUnaryOrPrivate [as parseExprOps] (node_modules/@babel/parser/src/parser/expression.ts:429:23)
      at TypeScriptParserMixin.parseExprOps [as parseMaybeConditional] (node_modules/@babel/parser/src/parser/expression.ts:384:23)
      at TypeScriptParserMixin.parseMaybeConditional (node_modules/@babel/parser/src/parser/expression.ts:301:21)
      at TypeScriptParserMixin.parseMaybeAssign (node_modules/@babel/parser/src/plugins/typescript/index.ts:3764:22)
      at parseMaybeAssign (node_modules/@babel/parser/src/parser/expression.ts:257:12)
      at TypeScriptParserMixin.callback [as allowInAnd] (node_modules/@babel/parser/src/parser/expression.ts:3189:16)
      at TypeScriptParserMixin.allowInAnd [as parseMaybeAssignAllowIn] (node_modules/@babel/parser/src/parser/expression.ts:256:17)
      at TypeScriptParserMixin.parseMaybeAssignAllowIn [as parseVar] (node_modules/@babel/parser/src/parser/statement.ts:1587:18)
      at TypeScriptParserMixin.parseVar (node_modules/@babel/parser/src/parser/statement.ts:1251:10)
      at TypeScriptParserMixin.parseVarStatement (node_modules/@babel/parser/src/plugins/typescript/index.ts:3085:33)
      at TypeScriptParserMixin.parseVarStatement (node_modules/@babel/parser/src/parser/statement.ts:612:21)
      at TypeScriptParserMixin.parseStatementContent (node_modules/@babel/parser/src/plugins/typescript/index.ts:3220:20)
      at TypeScriptParserMixin.parseStatementContent [as parseStatementLike] (node_modules/@babel/parser/src/parser/statement.ts:482:17)
      at TypeScriptParserMixin.parseStatementLike [as parseStatementListItem] (node_modules/@babel/parser/src/parser/statement.ts:431:17)
      at TypeScriptParserMixin.parseStatementListItem (node_modules/@babel/parser/src/parser/statement.ts:2635:17)
      at TypeScriptParserMixin.parseExportDeclaration (node_modules/@babel/parser/src/plugins/typescript/index.ts:3447:15)
      at TypeScriptParserMixin.parseExportDeclaration [as maybeParseExportDeclaration] (node_modules/@babel/parser/src/parser/statement.ts:2551:31)
      at TypeScriptParserMixin.maybeParseExportDeclaration (node_modules/@babel/parser/src/parser/statement.ts:2432:29)
      at TypeScriptParserMixin.parseExport (node_modules/@babel/parser/src/plugins/typescript/index.ts:3046:22)
      at TypeScriptParserMixin.parseExport (node_modules/@babel/parser/src/parser/statement.ts:649:25)
      at TypeScriptParserMixin.parseStatementContent (node_modules/@babel/parser/src/plugins/typescript/index.ts:3220:20)
      at TypeScriptParserMixin.parseStatementContent [as parseStatementLike] (node_modules/@babel/parser/src/parser/statement.ts:482:17)
      at TypeScriptParserMixin.parseStatementLike [as parseModuleItem] (node_modules/@babel/parser/src/parser/statement.ts:419:17)
      at TypeScriptParserMixin.parseModuleItem [as parseBlockOrModuleBlockBody] (node_modules/@babel/parser/src/parser/statement.ts:1443:16)
      at TypeScriptParserMixin.parseBlockOrModuleBlockBody [as parseBlockBody] (node_modules/@babel/parser/src/parser/statement.ts:1417:10)
      at TypeScriptParserMixin.parseBlockBody [as parseProgram] (node_modules/@babel/parser/src/parser/statement.ts:229:10)
      at TypeScriptParserMixin.parseProgram [as parseTopLevel] (node_modules/@babel/parser/src/parser/statement.ts:203:25)
      at TypeScriptParserMixin.parseTopLevel (node_modules/@babel/parser/src/parser/index.ts:83:25)
      at TypeScriptParserMixin.parse (node_modules/@babel/parser/src/plugins/typescript/index.ts:4354:20)
      at parse (node_modules/@babel/parser/src/index.ts:86:38)
      at parser (node_modules/@babel/core/src/parser/index.ts:29:19)
          at parser.next (<anonymous>)
      at normalizeFile (node_modules/@babel/core/src/transformation/normalize-file.ts:50:24)
          at normalizeFile.next (<anonymous>)
      at run (node_modules/@babel/core/src/transformation/index.ts:41:36)
          at run.next (<anonymous>)
      at transform (node_modules/@babel/core/src/transform.ts:29:20)
          at transform.next (<anonymous>)
      at evaluateSync (node_modules/gensync/index.js:251:28)
      at sync (node_modules/gensync/index.js:89:14)
      at fn (node_modules/@babel/core/src/errors/rewrite-stack-trace.ts:99:14)
      at transformSync (node_modules/@babel/core/src/transform.ts:66:52)
      at Object.require (src/styles/index.ts:29:1)

  console.error
    react-test-renderer is deprecated. See https://react.dev/warnings/react-test-renderer

    [0m [90m 42 |[39m   it([32m'renders hearts suit symbol correctly'[39m[33m,[39m () [33m=>[39m {
     [90m 43 |[39m     [36mconst[39m card [33m=[39m createCard([32m'Q'[39m[33m,[39m [32m'hearts'[39m)[33m;[39m
    [31m[1m>[22m[39m[90m 44 |[39m     render(
     [90m    |[39m           [31m[1m^[22m[39m
     [90m 45 |[39m       [33m<[39m[33mWrapper[39m[33m>[39m
     [90m 46 |[39m         [33m<[39m[33mPlayingCard[39m card[33m=[39m{card} [33m/[39m[33m>[39m
     [90m 47 |[39m       [33m<[39m[33m/[39m[33mWrapper[39m[33m>[39m[0m

      at Object.process.env.NODE_ENV.exports.create (node_modules/react-test-renderer/cjs/react-test-renderer.development.js:14598:17)
      at create (node_modules/@testing-library/react-native/src/render-act.ts:15:29)
      at callback (node_modules/@testing-library/react-native/src/act.ts:31:24)
      at process.env.NODE_ENV.exports.act (node_modules/react/cjs/react.development.js:789:22)
      at actImplementation (node_modules/@testing-library/react-native/src/act.ts:30:25)
      at renderWithAct (node_modules/@testing-library/react-native/src/render-act.ts:13:11)
      at renderInternal (node_modules/@testing-library/react-native/src/render.tsx:69:33)
      at renderInternal (node_modules/@testing-library/react-native/src/render.tsx:44:10)
      at Object.<anonymous> (src/components/PlayingCard/PlayingCard.test.tsx:44:11)

  console.error
    react-test-renderer is deprecated. See https://react.dev/warnings/react-test-renderer

    [0m [90m 53 |[39m   it([32m'renders diamonds suit symbol correctly'[39m[33m,[39m () [33m=>[39m {
     [90m 54 |[39m     [36mconst[39m card [33m=[39m createCard([32m'J'[39m[33m,[39m [32m'diamonds'[39m)[33m;[39m
    [31m[1m>[22m[39m[90m 55 |[39m     render(
     [90m    |[39m           [31m[1m^[22m[39m
     [90m 56 |[39m       [33m<[39m[33mWrapper[39m[33m>[39m
     [90m 57 |[39m         [33m<[39m[33mPlayingCard[39m card[33m=[39m{card} [33m/[39m[33m>[39m
     [90m 58 |[39m       [33m<[39m[33m/[39m[33mWrapper[39m[33m>[39m[0m

      at Object.process.env.NODE_ENV.exports.create (node_modules/react-test-renderer/cjs/react-test-renderer.development.js:14598:17)
      at create (node_modules/@testing-library/react-native/src/render-act.ts:15:29)
      at callback (node_modules/@testing-library/react-native/src/act.ts:31:24)
      at process.env.NODE_ENV.exports.act (node_modules/react/cjs/react.development.js:789:22)
      at actImplementation (node_modules/@testing-library/react-native/src/act.ts:30:25)
      at renderWithAct (node_modules/@testing-library/react-native/src/render-act.ts:13:11)
      at renderInternal (node_modules/@testing-library/react-native/src/render.tsx:69:33)
      at renderInternal (node_modules/@testing-library/react-native/src/render.tsx:44:10)
      at Object.<anonymous> (src/components/PlayingCard/PlayingCard.test.tsx:55:11)

PASS src/utils/__tests__/randomUtils.test.ts
  randomUtils
    getRandomInt
      ΓêÜ should return a number within the range [min, max] inclusive (30 ms)
      ΓêÜ should return min when min equals max (1 ms)
      ΓêÜ should handle negative ranges (19 ms)
      ΓêÜ should handle range starting from 0 (21 ms)
    getRandomElement
      ΓêÜ should return an element from the array (7 ms)
      ΓêÜ should return the only element from a single-element array (1 ms)
      ΓêÜ should return undefined for an empty array (1 ms)
      ΓêÜ should work with string arrays (8 ms)
      ΓêÜ should work with object arrays (13 ms)
    shuffleArray
      ΓêÜ should return an array with the same elements (1 ms)
      ΓêÜ should not modify the original array
      ΓêÜ should handle a single-element array (1 ms)
      ΓêÜ should handle an empty array
      ΓêÜ should produce different orders on multiple calls (statistical test) (2 ms)
    getRandomChipCount
      ΓêÜ should return a number within default range [1, 3] (19 ms)
      ΓêÜ should return a number within custom range (14 ms)
      ΓêÜ should return min when min equals max (1 ms)
    shouldInclude
      ΓêÜ should return boolean values (39 ms)
      ΓêÜ should always return true when probability is 0 (19 ms)
      ΓêÜ should always return false when probability is 1 (39 ms)
    getRandomCount
      ΓêÜ should return a number between 1 and maxCount, limited by availableCount (16 ms)
      ΓêÜ should be limited by availableCount when less than maxCount (96 ms)
      ΓêÜ should return 1 when availableCount is 1
    getDynamicChipCount
      ΓêÜ should return 0 for 0 input (1 ms)
      ΓêÜ should return 1 for 1 input
      ΓêÜ should return value within expected range for small values (2-4) (14 ms)
      ΓêÜ should return value within expected range for medium values (5-9) (21 ms)
      ΓêÜ should return value within expected range for values 10-19 (41 ms)
      ΓêÜ should return value within expected range for large values (20+) (18 ms)
      ΓêÜ should handle very large values (20 ms)

  console.error
    react-test-renderer is deprecated. See https://react.dev/warnings/react-test-renderer

    [0m [90m 64 |[39m   it([32m'renders spades suit symbol correctly'[39m[33m,[39m () [33m=>[39m {
     [90m 65 |[39m     [36mconst[39m card [33m=[39m createCard([32m'10'[39m[33m,[39m [32m'spades'[39m)[33m;[39m
    [31m[1m>[22m[39m[90m 66 |[39m     render(
     [90m    |[39m           [31m[1m^[22m[39m
     [90m 67 |[39m       [33m<[39m[33mWrapper[39m[33m>[39m
     [90m 68 |[39m         [33m<[39m[33mPlayingCard[39m card[33m=[39m{card} [33m/[39m[33m>[39m
     [90m 69 |[39m       [33m<[39m[33m/[39m[33mWrapper[39m[33m>[39m[0m

      at Object.process.env.NODE_ENV.exports.create (node_modules/react-test-renderer/cjs/react-test-renderer.development.js:14598:17)
      at create (node_modules/@testing-library/react-native/src/render-act.ts:15:29)
      at callback (node_modules/@testing-library/react-native/src/act.ts:31:24)
      at process.env.NODE_ENV.exports.act (node_modules/react/cjs/react.development.js:789:22)
      at actImplementation (node_modules/@testing-library/react-native/src/act.ts:30:25)
      at renderWithAct (node_modules/@testing-library/react-native/src/render-act.ts:13:11)
      at renderInternal (node_modules/@testing-library/react-native/src/render.tsx:69:33)
      at renderInternal (node_modules/@testing-library/react-native/src/render.tsx:44:10)
      at Object.<anonymous> (src/components/PlayingCard/PlayingCard.test.tsx:66:11)

  console.error
    react-test-renderer is deprecated. See https://react.dev/warnings/react-test-renderer

    [0m [90m 226 |[39m
     [90m 227 |[39m     it([32m'should preserve stats when moving to next challenge'[39m[33m,[39m () [33m=>[39m {
    [31m[1m>[22m[39m[90m 228 |[39m       [36mconst[39m { result } [33m=[39m renderHook(() [33m=>[39m
     [90m     |[39m                                    [31m[1m^[22m[39m
     [90m 229 |[39m         useCashConversionState({ difficulty[33m:[39m [32m'easy'[39m[33m,[39m sector[33m:[39m [32m'voisins'[39m })
     [90m 230 |[39m       )[33m;[39m
     [90m 231 |[39m[0m

      at Object.process.env.NODE_ENV.exports.create (node_modules/react-test-renderer/cjs/react-test-renderer.development.js:14598:17)
      at create (node_modules/@testing-library/react-native/src/render-act.ts:15:29)
      at callback (node_modules/@testing-library/react-native/src/act.ts:31:24)
      at process.env.NODE_ENV.exports.act (node_modules/react/cjs/react.development.js:789:22)
      at actImplementation (node_modules/@testing-library/react-native/src/act.ts:30:25)
      at renderWithAct (node_modules/@testing-library/react-native/src/render-act.ts:13:11)
      at renderInternal (node_modules/@testing-library/react-native/src/render.tsx:69:33)
      at renderInternal (node_modules/@testing-library/react-native/src/render.tsx:44:10)
      at renderHook (node_modules/@testing-library/react-native/src/render-hook.tsx:55:58)
      at Object.<anonymous> (src/features/cash-conversion-training/screens/CashConversionTrainingScreen/useCashConversionState.test.ts:228:36)

  console.error
    react-test-renderer is deprecated. See https://react.dev/warnings/react-test-renderer

    [0m [90m 75 |[39m   it([32m'renders clubs suit symbol correctly'[39m[33m,[39m () [33m=>[39m {
     [90m 76 |[39m     [36mconst[39m card [33m=[39m createCard([32m'9'[39m[33m,[39m [32m'clubs'[39m)[33m;[39m
    [31m[1m>[22m[39m[90m 77 |[39m     render(
     [90m    |[39m           [31m[1m^[22m[39m
     [90m 78 |[39m       [33m<[39m[33mWrapper[39m[33m>[39m
     [90m 79 |[39m         [33m<[39m[33mPlayingCard[39m card[33m=[39m{card} [33m/[39m[33m>[39m
     [90m 80 |[39m       [33m<[39m[33m/[39m[33mWrapper[39m[33m>[39m[0m

      at Object.process.env.NODE_ENV.exports.create (node_modules/react-test-renderer/cjs/react-test-renderer.development.js:14598:17)
      at create (node_modules/@testing-library/react-native/src/render-act.ts:15:29)
      at callback (node_modules/@testing-library/react-native/src/act.ts:31:24)
      at process.env.NODE_ENV.exports.act (node_modules/react/cjs/react.development.js:789:22)
      at actImplementation (node_modules/@testing-library/react-native/src/act.ts:30:25)
      at renderWithAct (node_modules/@testing-library/react-native/src/render-act.ts:13:11)
      at renderInternal (node_modules/@testing-library/react-native/src/render.tsx:69:33)
      at renderInternal (node_modules/@testing-library/react-native/src/render.tsx:44:10)
      at Object.<anonymous> (src/components/PlayingCard/PlayingCard.test.tsx:77:11)

PASS src/features/cash-conversion-training/screens/CashConversionTrainingScreen/useCashConversionState.test.ts
  useCashConversionState
    initialization
      ΓêÜ should initialize with default values (51 ms)
      ΓêÜ should generate initial challenge on mount (8 ms)
      ΓêÜ should set default active input based on request type (7 ms)
    form state management
      ΓêÜ should update totalBet state (7 ms)
      ΓêÜ should update betPerPosition state (6 ms)
      ΓêÜ should update change state (17 ms)
      ΓêÜ should update activeInput state (8 ms)
    isFormComplete
      ΓêÜ should be false when form is empty (13 ms)
      ΓêÜ should be true when all required fields are filled (12 ms)
    generateNewChallenge
      ΓêÜ should clear form inputs (20 ms)
      ΓêÜ should generate new request (8 ms)
    handleCheck
      ΓêÜ should set result when checking answer (41 ms)
      ΓêÜ should increment stats when checking (10 ms)
      ΓêÜ should track correct answers (77 ms)
    handleNext
      ΓêÜ should generate new challenge (7 ms)
      ΓêÜ should preserve stats when moving to next challenge (59 ms)

  console.error
    react-test-renderer is deprecated. See https://react.dev/warnings/react-test-renderer

    [0m [90m 86 |[39m   it([32m'renders with small size'[39m[33m,[39m () [33m=>[39m {
     [90m 87 |[39m     [36mconst[39m card [33m=[39m createCard([32m'7'[39m[33m,[39m [32m'hearts'[39m)[33m;[39m
    [31m[1m>[22m[39m[90m 88 |[39m     [36mconst[39m { root } [33m=[39m render(
     [90m    |[39m                            [31m[1m^[22m[39m
     [90m 89 |[39m       [33m<[39m[33mWrapper[39m[33m>[39m
     [90m 90 |[39m         [33m<[39m[33mPlayingCard[39m card[33m=[39m{card} size[33m=[39m[32m"sm"[39m [33m/[39m[33m>[39m
     [90m 91 |[39m       [33m<[39m[33m/[39m[33mWrapper[39m[33m>[39m[0m

      at Object.process.env.NODE_ENV.exports.create (node_modules/react-test-renderer/cjs/react-test-renderer.development.js:14598:17)
      at create (node_modules/@testing-library/react-native/src/render-act.ts:15:29)
      at callback (node_modules/@testing-library/react-native/src/act.ts:31:24)
      at process.env.NODE_ENV.exports.act (node_modules/react/cjs/react.development.js:789:22)
      at actImplementation (node_modules/@testing-library/react-native/src/act.ts:30:25)
      at renderWithAct (node_modules/@testing-library/react-native/src/render-act.ts:13:11)
      at renderInternal (node_modules/@testing-library/react-native/src/render.tsx:69:33)
      at renderInternal (node_modules/@testing-library/react-native/src/render.tsx:44:10)
      at Object.<anonymous> (src/components/PlayingCard/PlayingCard.test.tsx:88:28)

  console.error
    react-test-renderer is deprecated. See https://react.dev/warnings/react-test-renderer

    [0m [90m  97 |[39m   it([32m'renders with medium size by default'[39m[33m,[39m () [33m=>[39m {
     [90m  98 |[39m     [36mconst[39m card [33m=[39m createCard([32m'6'[39m[33m,[39m [32m'diamonds'[39m)[33m;[39m
    [31m[1m>[22m[39m[90m  99 |[39m     [36mconst[39m { root } [33m=[39m render(
     [90m     |[39m                            [31m[1m^[22m[39m
     [90m 100 |[39m       [33m<[39m[33mWrapper[39m[33m>[39m
     [90m 101 |[39m         [33m<[39m[33mPlayingCard[39m card[33m=[39m{card} [33m/[39m[33m>[39m
     [90m 102 |[39m       [33m<[39m[33m/[39m[33mWrapper[39m[33m>[39m[0m

      at Object.process.env.NODE_ENV.exports.create (node_modules/react-test-renderer/cjs/react-test-renderer.development.js:14598:17)
      at create (node_modules/@testing-library/react-native/src/render-act.ts:15:29)
      at callback (node_modules/@testing-library/react-native/src/act.ts:31:24)
      at process.env.NODE_ENV.exports.act (node_modules/react/cjs/react.development.js:789:22)
      at actImplementation (node_modules/@testing-library/react-native/src/act.ts:30:25)
      at renderWithAct (node_modules/@testing-library/react-native/src/render-act.ts:13:11)
      at renderInternal (node_modules/@testing-library/react-native/src/render.tsx:69:33)
      at renderInternal (node_modules/@testing-library/react-native/src/render.tsx:44:10)
      at Object.<anonymous> (src/components/PlayingCard/PlayingCard.test.tsx:99:28)

  console.error
    react-test-renderer is deprecated. See https://react.dev/warnings/react-test-renderer

    [0m [90m 108 |[39m   it([32m'renders with large size'[39m[33m,[39m () [33m=>[39m {
     [90m 109 |[39m     [36mconst[39m card [33m=[39m createCard([32m'5'[39m[33m,[39m [32m'clubs'[39m)[33m;[39m
    [31m[1m>[22m[39m[90m 110 |[39m     [36mconst[39m { root } [33m=[39m render(
     [90m     |[39m                            [31m[1m^[22m[39m
     [90m 111 |[39m       [33m<[39m[33mWrapper[39m[33m>[39m
     [90m 112 |[39m         [33m<[39m[33mPlayingCard[39m card[33m=[39m{card} size[33m=[39m[32m"lg"[39m [33m/[39m[33m>[39m
     [90m 113 |[39m       [33m<[39m[33m/[39m[33mWrapper[39m[33m>[39m[0m

      at Object.process.env.NODE_ENV.exports.create (node_modules/react-test-renderer/cjs/react-test-renderer.development.js:14598:17)
      at create (node_modules/@testing-library/react-native/src/render-act.ts:15:29)
      at callback (node_modules/@testing-library/react-native/src/act.ts:31:24)
      at process.env.NODE_ENV.exports.act (node_modules/react/cjs/react.development.js:789:22)
      at actImplementation (node_modules/@testing-library/react-native/src/act.ts:30:25)
      at renderWithAct (node_modules/@testing-library/react-native/src/render-act.ts:13:11)
      at renderInternal (node_modules/@testing-library/react-native/src/render.tsx:69:33)
      at renderInternal (node_modules/@testing-library/react-native/src/render.tsx:44:10)
      at Object.<anonymous> (src/components/PlayingCard/PlayingCard.test.tsx:110:28)

FAIL src/components/LoadingSpinner/LoadingSpinner.test.tsx
  ΓùÅ Test suite failed to run

    SyntaxError: C:\Users\ivans\Desktop\Dev\CasinoTrainingApp\src\styles\textStyles.ts: Unexpected token, expected "(" (22:9)

      20 |     marginBottom: 4,
      21 |   } as TextStyle,
    > 22 |    * Size: 18px, Weight: 700, Color: Gold
         |          ^
      23 |    */
      24 |   goldTitle: {
      25 |     fontSize: 18,

      27 |
      28 | // Text style factories
    > 29 | export { createTextStyles } from './textStyles';
         | ^
      30 | export type { TextStyles } from './textStyles';
      31 |

      at constructor (node_modules/@babel/parser/src/parse-error.ts:95:45)
      at TypeScriptParserMixin.toParseError [as raise] (node_modules/@babel/parser/src/tokenizer/index.ts:1504:19)
      at TypeScriptParserMixin.raise [as unexpected] (node_modules/@babel/parser/src/tokenizer/index.ts:1544:16)
      at TypeScriptParserMixin.unexpected [as expect] (node_modules/@babel/parser/src/parser/util.ts:157:12)
      at TypeScriptParserMixin.expect (node_modules/@babel/parser/src/parser/statement.ts:1726:10)
      at TypeScriptParserMixin.parseFunctionParams (node_modules/@babel/parser/src/plugins/typescript/index.ts:3692:13)
      at TypeScriptParserMixin.parseFunctionParams (node_modules/@babel/parser/src/parser/expression.ts:2491:10)
      at TypeScriptParserMixin.parseMethod (node_modules/@babel/parser/src/plugins/typescript/index.ts:4312:28)
      at TypeScriptParserMixin.parseMethod [as parseObjectMethod] (node_modules/@babel/parser/src/parser/expression.ts:2300:19)
      at TypeScriptParserMixin.parseObjectMethod (node_modules/@babel/parser/src/parser/expression.ts:2381:24)
      at TypeScriptParserMixin.parseObjPropValue (node_modules/@babel/parser/src/plugins/typescript/index.ts:3675:20)
      at TypeScriptParserMixin.parseObjPropValue [as parsePropertyDefinition] (node_modules/@babel/parser/src/parser/expression.ts:2228:17)
      at TypeScriptParserMixin.parsePropertyDefinition [as parseObjectLike] (node_modules/@babel/parser/src/parser/expression.ts:2095:21)
      at TypeScriptParserMixin.parseObjectLike [as parseExprAtom] (node_modules/@babel/parser/src/parser/expression.ts:1181:21)
      at TypeScriptParserMixin.parseExprAtom [as parseExprSubscripts] (node_modules/@babel/parser/src/parser/expression.ts:742:23)
      at TypeScriptParserMixin.parseExprSubscripts [as parseUpdate] (node_modules/@babel/parser/src/parser/expression.ts:721:21)
      at TypeScriptParserMixin.parseUpdate (node_modules/@babel/parser/src/parser/expression.ts:683:23)
      at TypeScriptParserMixin.parseMaybeUnary (node_modules/@babel/parser/src/plugins/typescript/index.ts:3893:20)
      at TypeScriptParserMixin.parseMaybeUnary [as parseMaybeUnaryOrPrivate] (node_modules/@babel/parser/src/parser/expression.ts:417:14)
      at TypeScriptParserMixin.parseMaybeUnaryOrPrivate [as parseExprOps] (node_modules/@babel/parser/src/parser/expression.ts:429:23)
      at TypeScriptParserMixin.parseExprOps [as parseMaybeConditional] (node_modules/@babel/parser/src/parser/expression.ts:384:23)
      at TypeScriptParserMixin.parseMaybeConditional (node_modules/@babel/parser/src/parser/expression.ts:301:21)
      at TypeScriptParserMixin.parseMaybeAssign (node_modules/@babel/parser/src/plugins/typescript/index.ts:3764:22)
      at parseMaybeAssign (node_modules/@babel/parser/src/parser/expression.ts:257:12)
      at TypeScriptParserMixin.callback [as allowInAnd] (node_modules/@babel/parser/src/parser/expression.ts:3194:12)
      at TypeScriptParserMixin.allowInAnd [as parseMaybeAssignAllowIn] (node_modules/@babel/parser/src/parser/expression.ts:256:17)
      at TypeScriptParserMixin.parseMaybeAssignAllowIn [as parseMaybeAssignAllowInOrVoidPattern] (node_modules/@babel/parser/src/parser/expression.ts:3308:17)
      at TypeScriptParserMixin.parseMaybeAssignAllowInOrVoidPattern [as parseParenAndDistinguishExpression] (node_modules/@babel/parser/src/parser/expression.ts:1822:16)
      at TypeScriptParserMixin.parseParenAndDistinguishExpression [as parseExprAtom] (node_modules/@babel/parser/src/parser/expression.ts:1170:21)
      at TypeScriptParserMixin.parseExprAtom [as parseExprSubscripts] (node_modules/@babel/parser/src/parser/expression.ts:742:23)
      at TypeScriptParserMixin.parseExprSubscripts [as parseUpdate] (node_modules/@babel/parser/src/parser/expression.ts:721:21)
      at TypeScriptParserMixin.parseUpdate (node_modules/@babel/parser/src/parser/expression.ts:683:23)
      at TypeScriptParserMixin.parseMaybeUnary (node_modules/@babel/parser/src/plugins/typescript/index.ts:3893:20)
      at TypeScriptParserMixin.parseMaybeUnary [as parseMaybeUnaryOrPrivate] (node_modules/@babel/parser/src/parser/expression.ts:417:14)
      at TypeScriptParserMixin.parseMaybeUnaryOrPrivate [as parseExprOps] (node_modules/@babel/parser/src/parser/expression.ts:429:23)
      at TypeScriptParserMixin.parseExprOps [as parseMaybeConditional] (node_modules/@babel/parser/src/parser/expression.ts:384:23)
      at TypeScriptParserMixin.parseMaybeConditional (node_modules/@babel/parser/src/parser/expression.ts:301:21)
      at TypeScriptParserMixin.parseMaybeAssign (node_modules/@babel/parser/src/plugins/typescript/index.ts:3764:22)
      at TypeScriptParserMixin.parseMaybeAssign [as parseFunctionBody] (node_modules/@babel/parser/src/parser/expression.ts:2604:14)
      at TypeScriptParserMixin.parseFunctionBody [as parseArrowExpression] (node_modules/@babel/parser/src/parser/expression.ts:2559:10)
      at TypeScriptParserMixin.parseArrowExpression [as parseParenAndDistinguishExpression] (node_modules/@babel/parser/src/parser/expression.ts:1847:12)
      at TypeScriptParserMixin.parseParenAndDistinguishExpression [as parseExprAtom] (node_modules/@babel/parser/src/parser/expression.ts:1170:21)
      at TypeScriptParserMixin.parseExprAtom [as parseExprSubscripts] (node_modules/@babel/parser/src/parser/expression.ts:742:23)
      at TypeScriptParserMixin.parseExprSubscripts [as parseUpdate] (node_modules/@babel/parser/src/parser/expression.ts:721:21)
      at TypeScriptParserMixin.parseUpdate (node_modules/@babel/parser/src/parser/expression.ts:683:23)
      at TypeScriptParserMixin.parseMaybeUnary (node_modules/@babel/parser/src/plugins/typescript/index.ts:3893:20)
      at TypeScriptParserMixin.parseMaybeUnary [as parseMaybeUnaryOrPrivate] (node_modules/@babel/parser/src/parser/expression.ts:417:14)
      at TypeScriptParserMixin.parseMaybeUnaryOrPrivate [as parseExprOps] (node_modules/@babel/parser/src/parser/expression.ts:429:23)
      at TypeScriptParserMixin.parseExprOps [as parseMaybeConditional] (node_modules/@babel/parser/src/parser/expression.ts:384:23)
      at TypeScriptParserMixin.parseMaybeConditional (node_modules/@babel/parser/src/parser/expression.ts:301:21)
      at TypeScriptParserMixin.parseMaybeAssign (node_modules/@babel/parser/src/plugins/typescript/index.ts:3764:22)
      at parseMaybeAssign (node_modules/@babel/parser/src/parser/expression.ts:257:12)
      at TypeScriptParserMixin.callback [as allowInAnd] (node_modules/@babel/parser/src/parser/expression.ts:3189:16)
      at TypeScriptParserMixin.allowInAnd [as parseMaybeAssignAllowIn] (node_modules/@babel/parser/src/parser/expression.ts:256:17)
      at TypeScriptParserMixin.parseMaybeAssignAllowIn [as parseVar] (node_modules/@babel/parser/src/parser/statement.ts:1587:18)
      at TypeScriptParserMixin.parseVar (node_modules/@babel/parser/src/parser/statement.ts:1251:10)
      at TypeScriptParserMixin.parseVarStatement (node_modules/@babel/parser/src/plugins/typescript/index.ts:3085:33)
      at TypeScriptParserMixin.parseVarStatement (node_modules/@babel/parser/src/parser/statement.ts:612:21)
      at TypeScriptParserMixin.parseStatementContent (node_modules/@babel/parser/src/plugins/typescript/index.ts:3220:20)
      at TypeScriptParserMixin.parseStatementContent [as parseStatementLike] (node_modules/@babel/parser/src/parser/statement.ts:482:17)
      at TypeScriptParserMixin.parseStatementLike [as parseStatementListItem] (node_modules/@babel/parser/src/parser/statement.ts:431:17)
      at TypeScriptParserMixin.parseStatementListItem (node_modules/@babel/parser/src/parser/statement.ts:2635:17)
      at TypeScriptParserMixin.parseExportDeclaration (node_modules/@babel/parser/src/plugins/typescript/index.ts:3447:15)
      at TypeScriptParserMixin.parseExportDeclaration [as maybeParseExportDeclaration] (node_modules/@babel/parser/src/parser/statement.ts:2551:31)
      at TypeScriptParserMixin.maybeParseExportDeclaration (node_modules/@babel/parser/src/parser/statement.ts:2432:29)
      at TypeScriptParserMixin.parseExport (node_modules/@babel/parser/src/plugins/typescript/index.ts:3046:22)
      at TypeScriptParserMixin.parseExport (node_modules/@babel/parser/src/parser/statement.ts:649:25)
      at TypeScriptParserMixin.parseStatementContent (node_modules/@babel/parser/src/plugins/typescript/index.ts:3220:20)
      at TypeScriptParserMixin.parseStatementContent [as parseStatementLike] (node_modules/@babel/parser/src/parser/statement.ts:482:17)
      at TypeScriptParserMixin.parseStatementLike [as parseModuleItem] (node_modules/@babel/parser/src/parser/statement.ts:419:17)
      at TypeScriptParserMixin.parseModuleItem [as parseBlockOrModuleBlockBody] (node_modules/@babel/parser/src/parser/statement.ts:1443:16)
      at TypeScriptParserMixin.parseBlockOrModuleBlockBody [as parseBlockBody] (node_modules/@babel/parser/src/parser/statement.ts:1417:10)
      at TypeScriptParserMixin.parseBlockBody [as parseProgram] (node_modules/@babel/parser/src/parser/statement.ts:229:10)
      at TypeScriptParserMixin.parseProgram [as parseTopLevel] (node_modules/@babel/parser/src/parser/statement.ts:203:25)
      at TypeScriptParserMixin.parseTopLevel (node_modules/@babel/parser/src/parser/index.ts:83:25)
      at TypeScriptParserMixin.parse (node_modules/@babel/parser/src/plugins/typescript/index.ts:4354:20)
      at parse (node_modules/@babel/parser/src/index.ts:86:38)
      at parser (node_modules/@babel/core/src/parser/index.ts:29:19)
          at parser.next (<anonymous>)
      at normalizeFile (node_modules/@babel/core/src/transformation/normalize-file.ts:50:24)
          at normalizeFile.next (<anonymous>)
      at run (node_modules/@babel/core/src/transformation/index.ts:41:36)
          at run.next (<anonymous>)
      at transform (node_modules/@babel/core/src/transform.ts:29:20)
          at transform.next (<anonymous>)
      at evaluateSync (node_modules/gensync/index.js:251:28)
      at sync (node_modules/gensync/index.js:89:14)
      at fn (node_modules/@babel/core/src/errors/rewrite-stack-trace.ts:99:14)
      at transformSync (node_modules/@babel/core/src/transform.ts:66:52)
      at Object.require (src/styles/index.ts:29:1)

FAIL src/components/shared/DrillMenuScreen/DrillMenuScreen.test.tsx
  ΓùÅ Test suite failed to run

    SyntaxError: C:\Users\ivans\Desktop\Dev\CasinoTrainingApp\src\styles\textStyles.ts: Unexpected token, expected "(" (22:9)

      20 |     marginBottom: 4,
      21 |   } as TextStyle,
    > 22 |    * Size: 18px, Weight: 700, Color: Gold
         |          ^
      23 |    */
      24 |   goldTitle: {
      25 |     fontSize: 18,

      27 |
      28 | // Text style factories
    > 29 | export { createTextStyles } from './textStyles';
         | ^
      30 | export type { TextStyles } from './textStyles';
      31 |

      at constructor (node_modules/@babel/parser/src/parse-error.ts:95:45)
      at TypeScriptParserMixin.toParseError [as raise] (node_modules/@babel/parser/src/tokenizer/index.ts:1504:19)
      at TypeScriptParserMixin.raise [as unexpected] (node_modules/@babel/parser/src/tokenizer/index.ts:1544:16)
      at TypeScriptParserMixin.unexpected [as expect] (node_modules/@babel/parser/src/parser/util.ts:157:12)
      at TypeScriptParserMixin.expect (node_modules/@babel/parser/src/parser/statement.ts:1726:10)
      at TypeScriptParserMixin.parseFunctionParams (node_modules/@babel/parser/src/plugins/typescript/index.ts:3692:13)
      at TypeScriptParserMixin.parseFunctionParams (node_modules/@babel/parser/src/parser/expression.ts:2491:10)
      at TypeScriptParserMixin.parseMethod (node_modules/@babel/parser/src/plugins/typescript/index.ts:4312:28)
      at TypeScriptParserMixin.parseMethod [as parseObjectMethod] (node_modules/@babel/parser/src/parser/expression.ts:2300:19)
      at TypeScriptParserMixin.parseObjectMethod (node_modules/@babel/parser/src/parser/expression.ts:2381:24)
      at TypeScriptParserMixin.parseObjPropValue (node_modules/@babel/parser/src/plugins/typescript/index.ts:3675:20)
      at TypeScriptParserMixin.parseObjPropValue [as parsePropertyDefinition] (node_modules/@babel/parser/src/parser/expression.ts:2228:17)
      at TypeScriptParserMixin.parsePropertyDefinition [as parseObjectLike] (node_modules/@babel/parser/src/parser/expression.ts:2095:21)
      at TypeScriptParserMixin.parseObjectLike [as parseExprAtom] (node_modules/@babel/parser/src/parser/expression.ts:1181:21)
      at TypeScriptParserMixin.parseExprAtom [as parseExprSubscripts] (node_modules/@babel/parser/src/parser/expression.ts:742:23)
      at TypeScriptParserMixin.parseExprSubscripts [as parseUpdate] (node_modules/@babel/parser/src/parser/expression.ts:721:21)
      at TypeScriptParserMixin.parseUpdate (node_modules/@babel/parser/src/parser/expression.ts:683:23)
      at TypeScriptParserMixin.parseMaybeUnary (node_modules/@babel/parser/src/plugins/typescript/index.ts:3893:20)
      at TypeScriptParserMixin.parseMaybeUnary [as parseMaybeUnaryOrPrivate] (node_modules/@babel/parser/src/parser/expression.ts:417:14)
      at TypeScriptParserMixin.parseMaybeUnaryOrPrivate [as parseExprOps] (node_modules/@babel/parser/src/parser/expression.ts:429:23)
      at TypeScriptParserMixin.parseExprOps [as parseMaybeConditional] (node_modules/@babel/parser/src/parser/expression.ts:384:23)
      at TypeScriptParserMixin.parseMaybeConditional (node_modules/@babel/parser/src/parser/expression.ts:301:21)
      at TypeScriptParserMixin.parseMaybeAssign (node_modules/@babel/parser/src/plugins/typescript/index.ts:3764:22)
      at parseMaybeAssign (node_modules/@babel/parser/src/parser/expression.ts:257:12)
      at TypeScriptParserMixin.callback [as allowInAnd] (node_modules/@babel/parser/src/parser/expression.ts:3194:12)
      at TypeScriptParserMixin.allowInAnd [as parseMaybeAssignAllowIn] (node_modules/@babel/parser/src/parser/expression.ts:256:17)
      at TypeScriptParserMixin.parseMaybeAssignAllowIn [as parseMaybeAssignAllowInOrVoidPattern] (node_modules/@babel/parser/src/parser/expression.ts:3308:17)
      at TypeScriptParserMixin.parseMaybeAssignAllowInOrVoidPattern [as parseParenAndDistinguishExpression] (node_modules/@babel/parser/src/parser/expression.ts:1822:16)
      at TypeScriptParserMixin.parseParenAndDistinguishExpression [as parseExprAtom] (node_modules/@babel/parser/src/parser/expression.ts:1170:21)
      at TypeScriptParserMixin.parseExprAtom [as parseExprSubscripts] (node_modules/@babel/parser/src/parser/expression.ts:742:23)
      at TypeScriptParserMixin.parseExprSubscripts [as parseUpdate] (node_modules/@babel/parser/src/parser/expression.ts:721:21)
      at TypeScriptParserMixin.parseUpdate (node_modules/@babel/parser/src/parser/expression.ts:683:23)
      at TypeScriptParserMixin.parseMaybeUnary (node_modules/@babel/parser/src/plugins/typescript/index.ts:3893:20)
      at TypeScriptParserMixin.parseMaybeUnary [as parseMaybeUnaryOrPrivate] (node_modules/@babel/parser/src/parser/expression.ts:417:14)
      at TypeScriptParserMixin.parseMaybeUnaryOrPrivate [as parseExprOps] (node_modules/@babel/parser/src/parser/expression.ts:429:23)
      at TypeScriptParserMixin.parseExprOps [as parseMaybeConditional] (node_modules/@babel/parser/src/parser/expression.ts:384:23)
      at TypeScriptParserMixin.parseMaybeConditional (node_modules/@babel/parser/src/parser/expression.ts:301:21)
      at TypeScriptParserMixin.parseMaybeAssign (node_modules/@babel/parser/src/plugins/typescript/index.ts:3764:22)
      at TypeScriptParserMixin.parseMaybeAssign [as parseFunctionBody] (node_modules/@babel/parser/src/parser/expression.ts:2604:14)
      at TypeScriptParserMixin.parseFunctionBody [as parseArrowExpression] (node_modules/@babel/parser/src/parser/expression.ts:2559:10)
      at TypeScriptParserMixin.parseArrowExpression [as parseParenAndDistinguishExpression] (node_modules/@babel/parser/src/parser/expression.ts:1847:12)
      at TypeScriptParserMixin.parseParenAndDistinguishExpression [as parseExprAtom] (node_modules/@babel/parser/src/parser/expression.ts:1170:21)
      at TypeScriptParserMixin.parseExprAtom [as parseExprSubscripts] (node_modules/@babel/parser/src/parser/expression.ts:742:23)
      at TypeScriptParserMixin.parseExprSubscripts [as parseUpdate] (node_modules/@babel/parser/src/parser/expression.ts:721:21)
      at TypeScriptParserMixin.parseUpdate (node_modules/@babel/parser/src/parser/expression.ts:683:23)
      at TypeScriptParserMixin.parseMaybeUnary (node_modules/@babel/parser/src/plugins/typescript/index.ts:3893:20)
      at TypeScriptParserMixin.parseMaybeUnary [as parseMaybeUnaryOrPrivate] (node_modules/@babel/parser/src/parser/expression.ts:417:14)
      at TypeScriptParserMixin.parseMaybeUnaryOrPrivate [as parseExprOps] (node_modules/@babel/parser/src/parser/expression.ts:429:23)
      at TypeScriptParserMixin.parseExprOps [as parseMaybeConditional] (node_modules/@babel/parser/src/parser/expression.ts:384:23)
      at TypeScriptParserMixin.parseMaybeConditional (node_modules/@babel/parser/src/parser/expression.ts:301:21)
      at TypeScriptParserMixin.parseMaybeAssign (node_modules/@babel/parser/src/plugins/typescript/index.ts:3764:22)
      at parseMaybeAssign (node_modules/@babel/parser/src/parser/expression.ts:257:12)
      at TypeScriptParserMixin.callback [as allowInAnd] (node_modules/@babel/parser/src/parser/expression.ts:3189:16)
      at TypeScriptParserMixin.allowInAnd [as parseMaybeAssignAllowIn] (node_modules/@babel/parser/src/parser/expression.ts:256:17)
      at TypeScriptParserMixin.parseMaybeAssignAllowIn [as parseVar] (node_modules/@babel/parser/src/parser/statement.ts:1587:18)
      at TypeScriptParserMixin.parseVar (node_modules/@babel/parser/src/parser/statement.ts:1251:10)
      at TypeScriptParserMixin.parseVarStatement (node_modules/@babel/parser/src/plugins/typescript/index.ts:3085:33)
      at TypeScriptParserMixin.parseVarStatement (node_modules/@babel/parser/src/parser/statement.ts:612:21)
      at TypeScriptParserMixin.parseStatementContent (node_modules/@babel/parser/src/plugins/typescript/index.ts:3220:20)
      at TypeScriptParserMixin.parseStatementContent [as parseStatementLike] (node_modules/@babel/parser/src/parser/statement.ts:482:17)
      at TypeScriptParserMixin.parseStatementLike [as parseStatementListItem] (node_modules/@babel/parser/src/parser/statement.ts:431:17)
      at TypeScriptParserMixin.parseStatementListItem (node_modules/@babel/parser/src/parser/statement.ts:2635:17)
      at TypeScriptParserMixin.parseExportDeclaration (node_modules/@babel/parser/src/plugins/typescript/index.ts:3447:15)
      at TypeScriptParserMixin.parseExportDeclaration [as maybeParseExportDeclaration] (node_modules/@babel/parser/src/parser/statement.ts:2551:31)
      at TypeScriptParserMixin.maybeParseExportDeclaration (node_modules/@babel/parser/src/parser/statement.ts:2432:29)
      at TypeScriptParserMixin.parseExport (node_modules/@babel/parser/src/plugins/typescript/index.ts:3046:22)
      at TypeScriptParserMixin.parseExport (node_modules/@babel/parser/src/parser/statement.ts:649:25)
      at TypeScriptParserMixin.parseStatementContent (node_modules/@babel/parser/src/plugins/typescript/index.ts:3220:20)
      at TypeScriptParserMixin.parseStatementContent [as parseStatementLike] (node_modules/@babel/parser/src/parser/statement.ts:482:17)
      at TypeScriptParserMixin.parseStatementLike [as parseModuleItem] (node_modules/@babel/parser/src/parser/statement.ts:419:17)
      at TypeScriptParserMixin.parseModuleItem [as parseBlockOrModuleBlockBody] (node_modules/@babel/parser/src/parser/statement.ts:1443:16)
      at TypeScriptParserMixin.parseBlockOrModuleBlockBody [as parseBlockBody] (node_modules/@babel/parser/src/parser/statement.ts:1417:10)
      at TypeScriptParserMixin.parseBlockBody [as parseProgram] (node_modules/@babel/parser/src/parser/statement.ts:229:10)
      at TypeScriptParserMixin.parseProgram [as parseTopLevel] (node_modules/@babel/parser/src/parser/statement.ts:203:25)
      at TypeScriptParserMixin.parseTopLevel (node_modules/@babel/parser/src/parser/index.ts:83:25)
      at TypeScriptParserMixin.parse (node_modules/@babel/parser/src/plugins/typescript/index.ts:4354:20)
      at parse (node_modules/@babel/parser/src/index.ts:86:38)
      at parser (node_modules/@babel/core/src/parser/index.ts:29:19)
          at parser.next (<anonymous>)
      at normalizeFile (node_modules/@babel/core/src/transformation/normalize-file.ts:50:24)
          at normalizeFile.next (<anonymous>)
      at run (node_modules/@babel/core/src/transformation/index.ts:41:36)
          at run.next (<anonymous>)
      at transform (node_modules/@babel/core/src/transform.ts:29:20)
          at transform.next (<anonymous>)
      at evaluateSync (node_modules/gensync/index.js:251:28)
      at sync (node_modules/gensync/index.js:89:14)
      at fn (node_modules/@babel/core/src/errors/rewrite-stack-trace.ts:99:14)
      at transformSync (node_modules/@babel/core/src/transform.ts:66:52)
      at Object.require (src/styles/index.ts:29:1)

  console.error
    react-test-renderer is deprecated. See https://react.dev/warnings/react-test-renderer

    [0m [90m 126 |[39m
     [90m 127 |[39m     faceCards[33m.[39mforEach(([rank[33m,[39m suit]) [33m=>[39m {
    [31m[1m>[22m[39m[90m 128 |[39m       [36mconst[39m { unmount } [33m=[39m render(
     [90m     |[39m                                 [31m[1m^[22m[39m
     [90m 129 |[39m         [33m<[39m[33mWrapper[39m[33m>[39m
     [90m 130 |[39m           [33m<[39m[33mPlayingCard[39m card[33m=[39m{createCard(rank[33m,[39m suit)} [33m/[39m[33m>[39m
     [90m 131 |[39m         [33m<[39m[33m/[39m[33mWrapper[39m[33m>[39m[0m

      at Object.process.env.NODE_ENV.exports.create (node_modules/react-test-renderer/cjs/react-test-renderer.development.js:14598:17)
      at create (node_modules/@testing-library/react-native/src/render-act.ts:15:29)
      at callback (node_modules/@testing-library/react-native/src/act.ts:31:24)
      at process.env.NODE_ENV.exports.act (node_modules/react/cjs/react.development.js:789:22)
      at actImplementation (node_modules/@testing-library/react-native/src/act.ts:30:25)
      at renderWithAct (node_modules/@testing-library/react-native/src/render-act.ts:13:11)
      at renderInternal (node_modules/@testing-library/react-native/src/render.tsx:69:33)
      at renderInternal (node_modules/@testing-library/react-native/src/render.tsx:44:10)
      at src/components/PlayingCard/PlayingCard.test.tsx:128:33
          at Array.forEach (<anonymous>)
      at Object.forEach (src/components/PlayingCard/PlayingCard.test.tsx:127:15)

  console.error
    react-test-renderer is deprecated. See https://react.dev/warnings/react-test-renderer

    [0m [90m 126 |[39m
     [90m 127 |[39m     faceCards[33m.[39mforEach(([rank[33m,[39m suit]) [33m=>[39m {
    [31m[1m>[22m[39m[90m 128 |[39m       [36mconst[39m { unmount } [33m=[39m render(
     [90m     |[39m                                 [31m[1m^[22m[39m
     [90m 129 |[39m         [33m<[39m[33mWrapper[39m[33m>[39m
     [90m 130 |[39m           [33m<[39m[33mPlayingCard[39m card[33m=[39m{createCard(rank[33m,[39m suit)} [33m/[39m[33m>[39m
     [90m 131 |[39m         [33m<[39m[33m/[39m[33mWrapper[39m[33m>[39m[0m

      at Object.process.env.NODE_ENV.exports.create (node_modules/react-test-renderer/cjs/react-test-renderer.development.js:14598:17)
      at create (node_modules/@testing-library/react-native/src/render-act.ts:15:29)
      at callback (node_modules/@testing-library/react-native/src/act.ts:31:24)
      at process.env.NODE_ENV.exports.act (node_modules/react/cjs/react.development.js:789:22)
      at actImplementation (node_modules/@testing-library/react-native/src/act.ts:30:25)
      at renderWithAct (node_modules/@testing-library/react-native/src/render-act.ts:13:11)
      at renderInternal (node_modules/@testing-library/react-native/src/render.tsx:69:33)
      at renderInternal (node_modules/@testing-library/react-native/src/render.tsx:44:10)
      at src/components/PlayingCard/PlayingCard.test.tsx:128:33
          at Array.forEach (<anonymous>)
      at Object.forEach (src/components/PlayingCard/PlayingCard.test.tsx:127:15)

  console.error
    react-test-renderer is deprecated. See https://react.dev/warnings/react-test-renderer

    [0m [90m 126 |[39m
     [90m 127 |[39m     faceCards[33m.[39mforEach(([rank[33m,[39m suit]) [33m=>[39m {
    [31m[1m>[22m[39m[90m 128 |[39m       [36mconst[39m { unmount } [33m=[39m render(
     [90m     |[39m                                 [31m[1m^[22m[39m
     [90m 129 |[39m         [33m<[39m[33mWrapper[39m[33m>[39m
     [90m 130 |[39m           [33m<[39m[33mPlayingCard[39m card[33m=[39m{createCard(rank[33m,[39m suit)} [33m/[39m[33m>[39m
     [90m 131 |[39m         [33m<[39m[33m/[39m[33mWrapper[39m[33m>[39m[0m

      at Object.process.env.NODE_ENV.exports.create (node_modules/react-test-renderer/cjs/react-test-renderer.development.js:14598:17)
      at create (node_modules/@testing-library/react-native/src/render-act.ts:15:29)
      at callback (node_modules/@testing-library/react-native/src/act.ts:31:24)
      at process.env.NODE_ENV.exports.act (node_modules/react/cjs/react.development.js:789:22)
      at actImplementation (node_modules/@testing-library/react-native/src/act.ts:30:25)
      at renderWithAct (node_modules/@testing-library/react-native/src/render-act.ts:13:11)
      at renderInternal (node_modules/@testing-library/react-native/src/render.tsx:69:33)
      at renderInternal (node_modules/@testing-library/react-native/src/render.tsx:44:10)
      at src/components/PlayingCard/PlayingCard.test.tsx:128:33
          at Array.forEach (<anonymous>)
      at Object.forEach (src/components/PlayingCard/PlayingCard.test.tsx:127:15)

  console.error
    react-test-renderer is deprecated. See https://react.dev/warnings/react-test-renderer

    [0m [90m 23 |[39m
     [90m 24 |[39m [36mconst[39m renderWithTheme [33m=[39m (component[33m:[39m [33mReact[39m[33m.[39m[33mReactElement[39m) [33m=>[39m {
    [31m[1m>[22m[39m[90m 25 |[39m   [36mreturn[39m render([33m<[39m[33mThemeProvider[39m[33m>[39m{component}[33m<[39m[33m/[39m[33mThemeProvider[39m[33m>[39m)[33m;[39m
     [90m    |[39m                [31m[1m^[22m[39m
     [90m 26 |[39m }[33m;[39m
     [90m 27 |[39m
     [90m 28 |[39m describe([32m'RouletteGameScreen'[39m[33m,[39m () [33m=>[39m {[0m

      at Object.process.env.NODE_ENV.exports.create (node_modules/react-test-renderer/cjs/react-test-renderer.development.js:14598:17)
      at create (node_modules/@testing-library/react-native/src/render-act.ts:15:29)
      at callback (node_modules/@testing-library/react-native/src/act.ts:31:24)
      at process.env.NODE_ENV.exports.act (node_modules/react/cjs/react.development.js:789:22)
      at actImplementation (node_modules/@testing-library/react-native/src/act.ts:30:25)
      at renderWithAct (node_modules/@testing-library/react-native/src/render-act.ts:13:11)
      at renderInternal (node_modules/@testing-library/react-native/src/render.tsx:69:33)
      at renderInternal (node_modules/@testing-library/react-native/src/render.tsx:44:10)
      at renderWithTheme (src/features/roulette-game/screens/RouletteGameScreen/RouletteGameScreen.test.tsx:25:16)
      at Object.renderWithTheme (src/features/roulette-game/screens/RouletteGameScreen/RouletteGameScreen.test.tsx:95:7)

  console.error
    react-test-renderer is deprecated. See https://react.dev/warnings/react-test-renderer

    [0m [90m 23 |[39m
     [90m 24 |[39m [36mconst[39m renderWithTheme [33m=[39m (component[33m:[39m [33mReact[39m[33m.[39m[33mReactElement[39m) [33m=>[39m {
    [31m[1m>[22m[39m[90m 25 |[39m   [36mreturn[39m render([33m<[39m[33mThemeProvider[39m[33m>[39m{component}[33m<[39m[33m/[39m[33mThemeProvider[39m[33m>[39m)[33m;[39m
     [90m    |[39m                [31m[1m^[22m[39m
     [90m 26 |[39m }[33m;[39m
     [90m 27 |[39m
     [90m 28 |[39m describe([32m'RouletteGameScreen'[39m[33m,[39m () [33m=>[39m {[0m

      at Object.process.env.NODE_ENV.exports.create (node_modules/react-test-renderer/cjs/react-test-renderer.development.js:14598:17)
      at create (node_modules/@testing-library/react-native/src/render-act.ts:15:29)
      at callback (node_modules/@testing-library/react-native/src/act.ts:31:24)
      at process.env.NODE_ENV.exports.act (node_modules/react/cjs/react.development.js:789:22)
      at actImplementation (node_modules/@testing-library/react-native/src/act.ts:30:25)
      at renderWithAct (node_modules/@testing-library/react-native/src/render-act.ts:13:11)
      at renderInternal (node_modules/@testing-library/react-native/src/render.tsx:69:33)
      at renderInternal (node_modules/@testing-library/react-native/src/render.tsx:44:10)
      at renderWithTheme (src/features/roulette-game/screens/RouletteGameScreen/RouletteGameScreen.test.tsx:25:16)
      at Object.renderWithTheme (src/features/roulette-game/screens/RouletteGameScreen/RouletteGameScreen.test.tsx:106:26)

  console.error
    react-test-renderer is deprecated. See https://react.dev/warnings/react-test-renderer

    [0m [90m  6 |[39m   describe([32m'initialization'[39m[33m,[39m () [33m=>[39m {
     [90m  7 |[39m     it([32m'should initialize with correct default values'[39m[33m,[39m () [33m=>[39m {
    [31m[1m>[22m[39m[90m  8 |[39m       [36mconst[39m { result } [33m=[39m renderHook(() [33m=>[39m useCallBetsState({ mode[33m:[39m [32m'tier'[39m }))[33m;[39m
     [90m    |[39m                                    [31m[1m^[22m[39m
     [90m  9 |[39m
     [90m 10 |[39m       expect(result[33m.[39mcurrent[33m.[39mstats)[33m.[39mtoEqual({ correct[33m:[39m [35m0[39m[33m,[39m total[33m:[39m [35m0[39m })[33m;[39m
     [90m 11 |[39m       expect(result[33m.[39mcurrent[33m.[39mresult)[33m.[39mtoBeNull()[33m;[39m[0m

      at Object.process.env.NODE_ENV.exports.create (node_modules/react-test-renderer/cjs/react-test-renderer.development.js:14598:17)
      at create (node_modules/@testing-library/react-native/src/render-act.ts:15:29)
      at callback (node_modules/@testing-library/react-native/src/act.ts:31:24)
      at process.env.NODE_ENV.exports.act (node_modules/react/cjs/react.development.js:789:22)
      at actImplementation (node_modules/@testing-library/react-native/src/act.ts:30:25)
      at renderWithAct (node_modules/@testing-library/react-native/src/render-act.ts:13:11)
      at renderInternal (node_modules/@testing-library/react-native/src/render.tsx:69:33)
      at renderInternal (node_modules/@testing-library/react-native/src/render.tsx:44:10)
      at renderHook (node_modules/@testing-library/react-native/src/render-hook.tsx:55:58)
      at Object.<anonymous> (src/features/call-bets-training/screens/CallBetsTrainingScreen/useCallBetsState.test.ts:8:36)

  console.error
    react-test-renderer is deprecated. See https://react.dev/warnings/react-test-renderer

    [0m [90m 126 |[39m
     [90m 127 |[39m     faceCards[33m.[39mforEach(([rank[33m,[39m suit]) [33m=>[39m {
    [31m[1m>[22m[39m[90m 128 |[39m       [36mconst[39m { unmount } [33m=[39m render(
     [90m     |[39m                                 [31m[1m^[22m[39m
     [90m 129 |[39m         [33m<[39m[33mWrapper[39m[33m>[39m
     [90m 130 |[39m           [33m<[39m[33mPlayingCard[39m card[33m=[39m{createCard(rank[33m,[39m suit)} [33m/[39m[33m>[39m
     [90m 131 |[39m         [33m<[39m[33m/[39m[33mWrapper[39m[33m>[39m[0m

      at Object.process.env.NODE_ENV.exports.create (node_modules/react-test-renderer/cjs/react-test-renderer.development.js:14598:17)
      at create (node_modules/@testing-library/react-native/src/render-act.ts:15:29)
      at callback (node_modules/@testing-library/react-native/src/act.ts:31:24)
      at process.env.NODE_ENV.exports.act (node_modules/react/cjs/react.development.js:789:22)
      at actImplementation (node_modules/@testing-library/react-native/src/act.ts:30:25)
      at renderWithAct (node_modules/@testing-library/react-native/src/render-act.ts:13:11)
      at renderInternal (node_modules/@testing-library/react-native/src/render.tsx:69:33)
      at renderInternal (node_modules/@testing-library/react-native/src/render.tsx:44:10)
      at src/components/PlayingCard/PlayingCard.test.tsx:128:33
          at Array.forEach (<anonymous>)
      at Object.forEach (src/components/PlayingCard/PlayingCard.test.tsx:127:15)

  console.error
    react-test-renderer is deprecated. See https://react.dev/warnings/react-test-renderer

    [0m [90m 23 |[39m
     [90m 24 |[39m [36mconst[39m renderWithTheme [33m=[39m (component[33m:[39m [33mReact[39m[33m.[39m[33mReactElement[39m) [33m=>[39m {
    [31m[1m>[22m[39m[90m 25 |[39m   [36mreturn[39m render([33m<[39m[33mThemeProvider[39m[33m>[39m{component}[33m<[39m[33m/[39m[33mThemeProvider[39m[33m>[39m)[33m;[39m
     [90m    |[39m                [31m[1m^[22m[39m
     [90m 26 |[39m }[33m;[39m
     [90m 27 |[39m
     [90m 28 |[39m describe([32m'RouletteGameScreen'[39m[33m,[39m () [33m=>[39m {[0m

      at Object.process.env.NODE_ENV.exports.create (node_modules/react-test-renderer/cjs/react-test-renderer.development.js:14598:17)
      at create (node_modules/@testing-library/react-native/src/render-act.ts:15:29)
      at callback (node_modules/@testing-library/react-native/src/act.ts:31:24)
      at process.env.NODE_ENV.exports.act (node_modules/react/cjs/react.development.js:789:22)
      at actImplementation (node_modules/@testing-library/react-native/src/act.ts:30:25)
      at renderWithAct (node_modules/@testing-library/react-native/src/render-act.ts:13:11)
      at renderInternal (node_modules/@testing-library/react-native/src/render.tsx:69:33)
      at renderInternal (node_modules/@testing-library/react-native/src/render.tsx:44:10)
      at renderWithTheme (src/features/roulette-game/screens/RouletteGameScreen/RouletteGameScreen.test.tsx:25:16)
      at Object.renderWithTheme (src/features/roulette-game/screens/RouletteGameScreen/RouletteGameScreen.test.tsx:111:26)

  console.error
    react-test-renderer is deprecated. See https://react.dev/warnings/react-test-renderer

    [0m [90m 16 |[39m
     [90m 17 |[39m     it([32m'should set mode to tier when receiving random'[39m[33m,[39m () [33m=>[39m {
    [31m[1m>[22m[39m[90m 18 |[39m       [36mconst[39m { result } [33m=[39m renderHook(() [33m=>[39m useCallBetsState({ mode[33m:[39m [32m'random'[39m }))[33m;[39m
     [90m    |[39m                                    [31m[1m^[22m[39m
     [90m 19 |[39m
     [90m 20 |[39m       [36mconst[39m modes[33m:[39m [33mArray[39m[33m<[39m[33mExclude[39m[33m<[39m[33mCallBetMode[39m[33m,[39m [32m'random'[39m[33m>>[39m [33m=[39m [[32m'tier'[39m[33m,[39m [32m'orphelins'[39m[33m,[39m [32m'voisins'[39m[33m,[39m [32m'zero'[39m][33m;[39m
     [90m 21 |[39m       expect(modes)[33m.[39mtoContain(result[33m.[39mcurrent[33m.[39mcurrentMode)[33m;[39m[0m

      at Object.process.env.NODE_ENV.exports.create (node_modules/react-test-renderer/cjs/react-test-renderer.development.js:14598:17)
      at create (node_modules/@testing-library/react-native/src/render-act.ts:15:29)
      at callback (node_modules/@testing-library/react-native/src/act.ts:31:24)
      at process.env.NODE_ENV.exports.act (node_modules/react/cjs/react.development.js:789:22)
      at actImplementation (node_modules/@testing-library/react-native/src/act.ts:30:25)
      at renderWithAct (node_modules/@testing-library/react-native/src/render-act.ts:13:11)
      at renderInternal (node_modules/@testing-library/react-native/src/render.tsx:69:33)
      at renderInternal (node_modules/@testing-library/react-native/src/render.tsx:44:10)
      at renderHook (node_modules/@testing-library/react-native/src/render-hook.tsx:55:58)
      at Object.<anonymous> (src/features/call-bets-training/screens/CallBetsTrainingScreen/useCallBetsState.test.ts:18:36)

PASS src/components/PlayingCard/PlayingCard.test.tsx
  PlayingCard
    ΓêÜ renders a card face-up with rank and suit (133 ms)
    ΓêÜ renders a card face-down without showing rank or suit (112 ms)
    ΓêÜ renders hearts suit symbol correctly (9 ms)
    ΓêÜ renders diamonds suit symbol correctly (7 ms)
    ΓêÜ renders spades suit symbol correctly (8 ms)
    ΓêÜ renders clubs suit symbol correctly (9 ms)
    ΓêÜ renders with small size (17 ms)
    ΓêÜ renders with medium size by default (8 ms)
    ΓêÜ renders with large size (10 ms)
    ΓêÜ displays all face card ranks correctly (30 ms)

  console.error
    react-test-renderer is deprecated. See https://react.dev/warnings/react-test-renderer

    [0m [90m 23 |[39m
     [90m 24 |[39m     it([32m'should set specific mode when given non-random mode'[39m[33m,[39m () [33m=>[39m {
    [31m[1m>[22m[39m[90m 25 |[39m       [36mconst[39m { result } [33m=[39m renderHook(() [33m=>[39m useCallBetsState({ mode[33m:[39m [32m'voisins'[39m }))[33m;[39m
     [90m    |[39m                                    [31m[1m^[22m[39m
     [90m 26 |[39m
     [90m 27 |[39m       expect(result[33m.[39mcurrent[33m.[39mcurrentMode)[33m.[39mtoBe([32m'voisins'[39m)[33m;[39m
     [90m 28 |[39m     })[33m;[39m[0m

      at Object.process.env.NODE_ENV.exports.create (node_modules/react-test-renderer/cjs/react-test-renderer.development.js:14598:17)
      at create (node_modules/@testing-library/react-native/src/render-act.ts:15:29)
      at callback (node_modules/@testing-library/react-native/src/act.ts:31:24)
      at process.env.NODE_ENV.exports.act (node_modules/react/cjs/react.development.js:789:22)
      at actImplementation (node_modules/@testing-library/react-native/src/act.ts:30:25)
      at renderWithAct (node_modules/@testing-library/react-native/src/render-act.ts:13:11)
      at renderInternal (node_modules/@testing-library/react-native/src/render.tsx:69:33)
      at renderInternal (node_modules/@testing-library/react-native/src/render.tsx:44:10)
      at renderHook (node_modules/@testing-library/react-native/src/render-hook.tsx:55:58)
      at Object.<anonymous> (src/features/call-bets-training/screens/CallBetsTrainingScreen/useCallBetsState.test.ts:25:36)

  console.error
    react-test-renderer is deprecated. See https://react.dev/warnings/react-test-renderer

    [0m [90m 29 |[39m
     [90m 30 |[39m     it([32m'should generate new challenge on mount'[39m[33m,[39m () [33m=>[39m {
    [31m[1m>[22m[39m[90m 31 |[39m       [36mconst[39m { result } [33m=[39m renderHook(() [33m=>[39m useCallBetsState({ mode[33m:[39m [32m'tier'[39m }))[33m;[39m
     [90m    |[39m                                    [31m[1m^[22m[39m
     [90m 32 |[39m
     [90m 33 |[39m       expect(result[33m.[39mcurrent[33m.[39mtotalBets)[33m.[39mtoBeGreaterThan([35m0[39m)[33m;[39m
     [90m 34 |[39m     })[33m;[39m[0m

      at Object.process.env.NODE_ENV.exports.create (node_modules/react-test-renderer/cjs/react-test-renderer.development.js:14598:17)
      at create (node_modules/@testing-library/react-native/src/render-act.ts:15:29)
      at callback (node_modules/@testing-library/react-native/src/act.ts:31:24)
      at process.env.NODE_ENV.exports.act (node_modules/react/cjs/react.development.js:789:22)
      at actImplementation (node_modules/@testing-library/react-native/src/act.ts:30:25)
      at renderWithAct (node_modules/@testing-library/react-native/src/render-act.ts:13:11)
      at renderInternal (node_modules/@testing-library/react-native/src/render.tsx:69:33)
      at renderInternal (node_modules/@testing-library/react-native/src/render.tsx:44:10)
      at renderHook (node_modules/@testing-library/react-native/src/render-hook.tsx:55:58)
      at Object.<anonymous> (src/features/call-bets-training/screens/CallBetsTrainingScreen/useCallBetsState.test.ts:31:36)

  console.error
    react-test-renderer is deprecated. See https://react.dev/warnings/react-test-renderer

    [0m [90m 37 |[39m   describe([32m'generateNewChallenge'[39m[33m,[39m () [33m=>[39m {
     [90m 38 |[39m     it([32m'should generate new total bets value'[39m[33m,[39m () [33m=>[39m {
    [31m[1m>[22m[39m[90m 39 |[39m       [36mconst[39m { result } [33m=[39m renderHook(() [33m=>[39m useCallBetsState({ mode[33m:[39m [32m'tier'[39m }))[33m;[39m
     [90m    |[39m                                    [31m[1m^[22m[39m
     [90m 40 |[39m
     [90m 41 |[39m       [36mconst[39m initialBets [33m=[39m result[33m.[39mcurrent[33m.[39mtotalBets[33m;[39m
     [90m 42 |[39m[0m

      at Object.process.env.NODE_ENV.exports.create (node_modules/react-test-renderer/cjs/react-test-renderer.development.js:14598:17)
      at create (node_modules/@testing-library/react-native/src/render-act.ts:15:29)
      at callback (node_modules/@testing-library/react-native/src/act.ts:31:24)
      at process.env.NODE_ENV.exports.act (node_modules/react/cjs/react.development.js:789:22)
      at actImplementation (node_modules/@testing-library/react-native/src/act.ts:30:25)
      at renderWithAct (node_modules/@testing-library/react-native/src/render-act.ts:13:11)
      at renderInternal (node_modules/@testing-library/react-native/src/render.tsx:69:33)
      at renderInternal (node_modules/@testing-library/react-native/src/render.tsx:44:10)
      at renderHook (node_modules/@testing-library/react-native/src/render-hook.tsx:55:58)
      at Object.<anonymous> (src/features/call-bets-training/screens/CallBetsTrainingScreen/useCallBetsState.test.ts:39:36)

PASS src/features/roulette-game/screens/RouletteGameScreen/RouletteGameScreen.test.tsx
  RouletteGameScreen
    Rendering
      ΓêÜ should render without crashing (74 ms)
      ΓêÜ should render the game container with correct testID (10 ms)
    Layout Structure
      ΓêÜ should render racetrack layout container (9 ms)
      ΓêÜ should render roulette layout container (26 ms)
    Initial State
      ΓêÜ should start with empty placed bets (15 ms)
      ΓêÜ should have default chip value of 5 (6 ms)
    Hooks Integration
      ΓêÜ should call useAnnouncedBets with correct parameters (92 ms)
      ΓêÜ should pass correct callback to useAnnouncedBets (11 ms)
    Props with Defaults
      ΓêÜ uses default values for all settings (9 ms)
      ΓêÜ should maintain theme context through render (35 ms)

  console.error
    react-test-renderer is deprecated. See https://react.dev/warnings/react-test-renderer

    [0m [90m 104 |[39m       }[33m;[39m
     [90m 105 |[39m
    [31m[1m>[22m[39m[90m 106 |[39m       [36mconst[39m { getByText } [33m=[39m render([33m<[39m[33mTestHomeScreen[39m navigation[33m=[39m{mockNavigation} [33m/[39m[33m>[39m)[33m;[39m
     [90m     |[39m                                   [31m[1m^[22m[39m
     [90m 107 |[39m
     [90m 108 |[39m       expect(getByText([32m'Casino Dealer Training'[39m))[33m.[39mtoBeTruthy()[33m;[39m
     [90m 109 |[39m     })[33m;[39m[0m

      at Object.process.env.NODE_ENV.exports.create (node_modules/react-test-renderer/cjs/react-test-renderer.development.js:14598:17)
      at create (node_modules/@testing-library/react-native/src/render-act.ts:15:29)
      at callback (node_modules/@testing-library/react-native/src/act.ts:31:24)
      at process.env.NODE_ENV.exports.act (node_modules/react/cjs/react.development.js:789:22)
      at actImplementation (node_modules/@testing-library/react-native/src/act.ts:30:25)
      at renderWithAct (node_modules/@testing-library/react-native/src/render-act.ts:13:11)
      at renderInternal (node_modules/@testing-library/react-native/src/render.tsx:69:33)
      at renderInternal (node_modules/@testing-library/react-native/src/render.tsx:44:10)
      at Object.<anonymous> (src/integration/__tests__/navigation.test.tsx:106:35)

FAIL src/features/three-card-poker-training/screens/TCPMenuScreen/TCPMenuScreen.test.tsx
  ΓùÅ Test suite failed to run

    SyntaxError: C:\Users\ivans\Desktop\Dev\CasinoTrainingApp\src\styles\textStyles.ts: Unexpected token, expected "(" (22:9)

      20 |     marginBottom: 4,
      21 |   } as TextStyle,
    > 22 |    * Size: 18px, Weight: 700, Color: Gold
         |          ^
      23 |    */
      24 |   goldTitle: {
      25 |     fontSize: 18,

      27 |
      28 | // Text style factories
    > 29 | export { createTextStyles } from './textStyles';
         | ^
      30 | export type { TextStyles } from './textStyles';
      31 |

      at constructor (node_modules/@babel/parser/src/parse-error.ts:95:45)
      at TypeScriptParserMixin.toParseError [as raise] (node_modules/@babel/parser/src/tokenizer/index.ts:1504:19)
      at TypeScriptParserMixin.raise [as unexpected] (node_modules/@babel/parser/src/tokenizer/index.ts:1544:16)
      at TypeScriptParserMixin.unexpected [as expect] (node_modules/@babel/parser/src/parser/util.ts:157:12)
      at TypeScriptParserMixin.expect (node_modules/@babel/parser/src/parser/statement.ts:1726:10)
      at TypeScriptParserMixin.parseFunctionParams (node_modules/@babel/parser/src/plugins/typescript/index.ts:3692:13)
      at TypeScriptParserMixin.parseFunctionParams (node_modules/@babel/parser/src/parser/expression.ts:2491:10)
      at TypeScriptParserMixin.parseMethod (node_modules/@babel/parser/src/plugins/typescript/index.ts:4312:28)
      at TypeScriptParserMixin.parseMethod [as parseObjectMethod] (node_modules/@babel/parser/src/parser/expression.ts:2300:19)
      at TypeScriptParserMixin.parseObjectMethod (node_modules/@babel/parser/src/parser/expression.ts:2381:24)
      at TypeScriptParserMixin.parseObjPropValue (node_modules/@babel/parser/src/plugins/typescript/index.ts:3675:20)
      at TypeScriptParserMixin.parseObjPropValue [as parsePropertyDefinition] (node_modules/@babel/parser/src/parser/expression.ts:2228:17)
      at TypeScriptParserMixin.parsePropertyDefinition [as parseObjectLike] (node_modules/@babel/parser/src/parser/expression.ts:2095:21)
      at TypeScriptParserMixin.parseObjectLike [as parseExprAtom] (node_modules/@babel/parser/src/parser/expression.ts:1181:21)
      at TypeScriptParserMixin.parseExprAtom [as parseExprSubscripts] (node_modules/@babel/parser/src/parser/expression.ts:742:23)
      at TypeScriptParserMixin.parseExprSubscripts [as parseUpdate] (node_modules/@babel/parser/src/parser/expression.ts:721:21)
      at TypeScriptParserMixin.parseUpdate (node_modules/@babel/parser/src/parser/expression.ts:683:23)
      at TypeScriptParserMixin.parseMaybeUnary (node_modules/@babel/parser/src/plugins/typescript/index.ts:3893:20)
      at TypeScriptParserMixin.parseMaybeUnary [as parseMaybeUnaryOrPrivate] (node_modules/@babel/parser/src/parser/expression.ts:417:14)
      at TypeScriptParserMixin.parseMaybeUnaryOrPrivate [as parseExprOps] (node_modules/@babel/parser/src/parser/expression.ts:429:23)
      at TypeScriptParserMixin.parseExprOps [as parseMaybeConditional] (node_modules/@babel/parser/src/parser/expression.ts:384:23)
      at TypeScriptParserMixin.parseMaybeConditional (node_modules/@babel/parser/src/parser/expression.ts:301:21)
      at TypeScriptParserMixin.parseMaybeAssign (node_modules/@babel/parser/src/plugins/typescript/index.ts:3764:22)
      at parseMaybeAssign (node_modules/@babel/parser/src/parser/expression.ts:257:12)
      at TypeScriptParserMixin.callback [as allowInAnd] (node_modules/@babel/parser/src/parser/expression.ts:3194:12)
      at TypeScriptParserMixin.allowInAnd [as parseMaybeAssignAllowIn] (node_modules/@babel/parser/src/parser/expression.ts:256:17)
      at TypeScriptParserMixin.parseMaybeAssignAllowIn [as parseMaybeAssignAllowInOrVoidPattern] (node_modules/@babel/parser/src/parser/expression.ts:3308:17)
      at TypeScriptParserMixin.parseMaybeAssignAllowInOrVoidPattern [as parseParenAndDistinguishExpression] (node_modules/@babel/parser/src/parser/expression.ts:1822:16)
      at TypeScriptParserMixin.parseParenAndDistinguishExpression [as parseExprAtom] (node_modules/@babel/parser/src/parser/expression.ts:1170:21)
      at TypeScriptParserMixin.parseExprAtom [as parseExprSubscripts] (node_modules/@babel/parser/src/parser/expression.ts:742:23)
      at TypeScriptParserMixin.parseExprSubscripts [as parseUpdate] (node_modules/@babel/parser/src/parser/expression.ts:721:21)
      at TypeScriptParserMixin.parseUpdate (node_modules/@babel/parser/src/parser/expression.ts:683:23)
      at TypeScriptParserMixin.parseMaybeUnary (node_modules/@babel/parser/src/plugins/typescript/index.ts:3893:20)
      at TypeScriptParserMixin.parseMaybeUnary [as parseMaybeUnaryOrPrivate] (node_modules/@babel/parser/src/parser/expression.ts:417:14)
      at TypeScriptParserMixin.parseMaybeUnaryOrPrivate [as parseExprOps] (node_modules/@babel/parser/src/parser/expression.ts:429:23)
      at TypeScriptParserMixin.parseExprOps [as parseMaybeConditional] (node_modules/@babel/parser/src/parser/expression.ts:384:23)
      at TypeScriptParserMixin.parseMaybeConditional (node_modules/@babel/parser/src/parser/expression.ts:301:21)
      at TypeScriptParserMixin.parseMaybeAssign (node_modules/@babel/parser/src/plugins/typescript/index.ts:3764:22)
      at TypeScriptParserMixin.parseMaybeAssign [as parseFunctionBody] (node_modules/@babel/parser/src/parser/expression.ts:2604:14)
      at TypeScriptParserMixin.parseFunctionBody [as parseArrowExpression] (node_modules/@babel/parser/src/parser/expression.ts:2559:10)
      at TypeScriptParserMixin.parseArrowExpression [as parseParenAndDistinguishExpression] (node_modules/@babel/parser/src/parser/expression.ts:1847:12)
      at TypeScriptParserMixin.parseParenAndDistinguishExpression [as parseExprAtom] (node_modules/@babel/parser/src/parser/expression.ts:1170:21)
      at TypeScriptParserMixin.parseExprAtom [as parseExprSubscripts] (node_modules/@babel/parser/src/parser/expression.ts:742:23)
      at TypeScriptParserMixin.parseExprSubscripts [as parseUpdate] (node_modules/@babel/parser/src/parser/expression.ts:721:21)
      at TypeScriptParserMixin.parseUpdate (node_modules/@babel/parser/src/parser/expression.ts:683:23)
      at TypeScriptParserMixin.parseMaybeUnary (node_modules/@babel/parser/src/plugins/typescript/index.ts:3893:20)
      at TypeScriptParserMixin.parseMaybeUnary [as parseMaybeUnaryOrPrivate] (node_modules/@babel/parser/src/parser/expression.ts:417:14)
      at TypeScriptParserMixin.parseMaybeUnaryOrPrivate [as parseExprOps] (node_modules/@babel/parser/src/parser/expression.ts:429:23)
      at TypeScriptParserMixin.parseExprOps [as parseMaybeConditional] (node_modules/@babel/parser/src/parser/expression.ts:384:23)
      at TypeScriptParserMixin.parseMaybeConditional (node_modules/@babel/parser/src/parser/expression.ts:301:21)
      at TypeScriptParserMixin.parseMaybeAssign (node_modules/@babel/parser/src/plugins/typescript/index.ts:3764:22)
      at parseMaybeAssign (node_modules/@babel/parser/src/parser/expression.ts:257:12)
      at TypeScriptParserMixin.callback [as allowInAnd] (node_modules/@babel/parser/src/parser/expression.ts:3189:16)
      at TypeScriptParserMixin.allowInAnd [as parseMaybeAssignAllowIn] (node_modules/@babel/parser/src/parser/expression.ts:256:17)
      at TypeScriptParserMixin.parseMaybeAssignAllowIn [as parseVar] (node_modules/@babel/parser/src/parser/statement.ts:1587:18)
      at TypeScriptParserMixin.parseVar (node_modules/@babel/parser/src/parser/statement.ts:1251:10)
      at TypeScriptParserMixin.parseVarStatement (node_modules/@babel/parser/src/plugins/typescript/index.ts:3085:33)
      at TypeScriptParserMixin.parseVarStatement (node_modules/@babel/parser/src/parser/statement.ts:612:21)
      at TypeScriptParserMixin.parseStatementContent (node_modules/@babel/parser/src/plugins/typescript/index.ts:3220:20)
      at TypeScriptParserMixin.parseStatementContent [as parseStatementLike] (node_modules/@babel/parser/src/parser/statement.ts:482:17)
      at TypeScriptParserMixin.parseStatementLike [as parseStatementListItem] (node_modules/@babel/parser/src/parser/statement.ts:431:17)
      at TypeScriptParserMixin.parseStatementListItem (node_modules/@babel/parser/src/parser/statement.ts:2635:17)
      at TypeScriptParserMixin.parseExportDeclaration (node_modules/@babel/parser/src/plugins/typescript/index.ts:3447:15)
      at TypeScriptParserMixin.parseExportDeclaration [as maybeParseExportDeclaration] (node_modules/@babel/parser/src/parser/statement.ts:2551:31)
      at TypeScriptParserMixin.maybeParseExportDeclaration (node_modules/@babel/parser/src/parser/statement.ts:2432:29)
      at TypeScriptParserMixin.parseExport (node_modules/@babel/parser/src/plugins/typescript/index.ts:3046:22)
      at TypeScriptParserMixin.parseExport (node_modules/@babel/parser/src/parser/statement.ts:649:25)
      at TypeScriptParserMixin.parseStatementContent (node_modules/@babel/parser/src/plugins/typescript/index.ts:3220:20)
      at TypeScriptParserMixin.parseStatementContent [as parseStatementLike] (node_modules/@babel/parser/src/parser/statement.ts:482:17)
      at TypeScriptParserMixin.parseStatementLike [as parseModuleItem] (node_modules/@babel/parser/src/parser/statement.ts:419:17)
      at TypeScriptParserMixin.parseModuleItem [as parseBlockOrModuleBlockBody] (node_modules/@babel/parser/src/parser/statement.ts:1443:16)
      at TypeScriptParserMixin.parseBlockOrModuleBlockBody [as parseBlockBody] (node_modules/@babel/parser/src/parser/statement.ts:1417:10)
      at TypeScriptParserMixin.parseBlockBody [as parseProgram] (node_modules/@babel/parser/src/parser/statement.ts:229:10)
      at TypeScriptParserMixin.parseProgram [as parseTopLevel] (node_modules/@babel/parser/src/parser/statement.ts:203:25)
      at TypeScriptParserMixin.parseTopLevel (node_modules/@babel/parser/src/parser/index.ts:83:25)
      at TypeScriptParserMixin.parse (node_modules/@babel/parser/src/plugins/typescript/index.ts:4354:20)
      at parse (node_modules/@babel/parser/src/index.ts:86:38)
      at parser (node_modules/@babel/core/src/parser/index.ts:29:19)
          at parser.next (<anonymous>)
      at normalizeFile (node_modules/@babel/core/src/transformation/normalize-file.ts:50:24)
          at normalizeFile.next (<anonymous>)
      at run (node_modules/@babel/core/src/transformation/index.ts:41:36)
          at run.next (<anonymous>)
      at transform (node_modules/@babel/core/src/transform.ts:29:20)
          at transform.next (<anonymous>)
      at evaluateSync (node_modules/gensync/index.js:251:28)
      at sync (node_modules/gensync/index.js:89:14)
      at fn (node_modules/@babel/core/src/errors/rewrite-stack-trace.ts:99:14)
      at transformSync (node_modules/@babel/core/src/transform.ts:66:52)
      at Object.require (src/styles/index.ts:29:1)

  console.error
    react-test-renderer is deprecated. See https://react.dev/warnings/react-test-renderer

    [0m [90m 51 |[39m
     [90m 52 |[39m     it([32m'should clear result when generating new challenge'[39m[33m,[39m () [33m=>[39m {
    [31m[1m>[22m[39m[90m 53 |[39m       [36mconst[39m { result } [33m=[39m renderHook(() [33m=>[39m useCallBetsState({ mode[33m:[39m [32m'tier'[39m }))[33m;[39m
     [90m    |[39m                                    [31m[1m^[22m[39m
     [90m 54 |[39m
     [90m 55 |[39m       act(() [33m=>[39m {
     [90m 56 |[39m         result[33m.[39mcurrent[33m.[39mhandleSubmit()[33m;[39m[0m

      at Object.process.env.NODE_ENV.exports.create (node_modules/react-test-renderer/cjs/react-test-renderer.development.js:14598:17)
      at create (node_modules/@testing-library/react-native/src/render-act.ts:15:29)
      at callback (node_modules/@testing-library/react-native/src/act.ts:31:24)
      at process.env.NODE_ENV.exports.act (node_modules/react/cjs/react.development.js:789:22)
      at actImplementation (node_modules/@testing-library/react-native/src/act.ts:30:25)
      at renderWithAct (node_modules/@testing-library/react-native/src/render-act.ts:13:11)
      at renderInternal (node_modules/@testing-library/react-native/src/render.tsx:69:33)
      at renderInternal (node_modules/@testing-library/react-native/src/render.tsx:44:10)
      at renderHook (node_modules/@testing-library/react-native/src/render-hook.tsx:55:58)
      at Object.<anonymous> (src/features/call-bets-training/screens/CallBetsTrainingScreen/useCallBetsState.test.ts:53:36)

  console.error
    react-test-renderer is deprecated. See https://react.dev/warnings/react-test-renderer

    [0m [90m 67 |[39m
     [90m 68 |[39m     it([32m'should randomize mode when initial mode is random'[39m[33m,[39m () [33m=>[39m {
    [31m[1m>[22m[39m[90m 69 |[39m       [36mconst[39m { result } [33m=[39m renderHook(() [33m=>[39m useCallBetsState({ mode[33m:[39m [32m'random'[39m }))[33m;[39m
     [90m    |[39m                                    [31m[1m^[22m[39m
     [90m 70 |[39m
     [90m 71 |[39m       [36mconst[39m firstMode [33m=[39m result[33m.[39mcurrent[33m.[39mcurrentMode[33m;[39m
     [90m 72 |[39m[0m

      at Object.process.env.NODE_ENV.exports.create (node_modules/react-test-renderer/cjs/react-test-renderer.development.js:14598:17)
      at create (node_modules/@testing-library/react-native/src/render-act.ts:15:29)
      at callback (node_modules/@testing-library/react-native/src/act.ts:31:24)
      at process.env.NODE_ENV.exports.act (node_modules/react/cjs/react.development.js:789:22)
      at actImplementation (node_modules/@testing-library/react-native/src/act.ts:30:25)
      at renderWithAct (node_modules/@testing-library/react-native/src/render-act.ts:13:11)
      at renderInternal (node_modules/@testing-library/react-native/src/render.tsx:69:33)
      at renderInternal (node_modules/@testing-library/react-native/src/render.tsx:44:10)
      at renderHook (node_modules/@testing-library/react-native/src/render-hook.tsx:55:58)
      at Object.<anonymous> (src/features/call-bets-training/screens/CallBetsTrainingScreen/useCallBetsState.test.ts:69:36)

  console.error
    react-test-renderer is deprecated. See https://react.dev/warnings/react-test-renderer

    [0m [90m 78 |[39m   describe([32m'handleSubmit'[39m[33m,[39m () [33m=>[39m {
     [90m 79 |[39m     it([32m'should set result when submitting'[39m[33m,[39m () [33m=>[39m {
    [31m[1m>[22m[39m[90m 80 |[39m       [36mconst[39m { result } [33m=[39m renderHook(() [33m=>[39m useCallBetsState({ mode[33m:[39m [32m'tier'[39m }))[33m;[39m
     [90m    |[39m                                    [31m[1m^[22m[39m
     [90m 81 |[39m
     [90m 82 |[39m       expect(result[33m.[39mcurrent[33m.[39mresult)[33m.[39mtoBeNull()[33m;[39m
     [90m 83 |[39m[0m

      at Object.process.env.NODE_ENV.exports.create (node_modules/react-test-renderer/cjs/react-test-renderer.development.js:14598:17)
      at create (node_modules/@testing-library/react-native/src/render-act.ts:15:29)
      at callback (node_modules/@testing-library/react-native/src/act.ts:31:24)
      at process.env.NODE_ENV.exports.act (node_modules/react/cjs/react.development.js:789:22)
      at actImplementation (node_modules/@testing-library/react-native/src/act.ts:30:25)
      at renderWithAct (node_modules/@testing-library/react-native/src/render-act.ts:13:11)
      at renderInternal (node_modules/@testing-library/react-native/src/render.tsx:69:33)
      at renderInternal (node_modules/@testing-library/react-native/src/render.tsx:44:10)
      at renderHook (node_modules/@testing-library/react-native/src/render-hook.tsx:55:58)
      at Object.<anonymous> (src/features/call-bets-training/screens/CallBetsTrainingScreen/useCallBetsState.test.ts:80:36)

  console.error
    react-test-renderer is deprecated. See https://react.dev/warnings/react-test-renderer

    [0m [90m 10 |[39m
     [90m 11 |[39m   it([32m'renders without crashing'[39m[33m,[39m () [33m=>[39m {
    [31m[1m>[22m[39m[90m 12 |[39m     [36mconst[39m { root } [33m=[39m render(
     [90m    |[39m                            [31m[1m^[22m[39m
     [90m 13 |[39m       [33m<[39m[33mWrapper[39m[33m>[39m
     [90m 14 |[39m         [33m<[39m[33mSkeletonLoader[39m width[33m=[39m{[35m100[39m} height[33m=[39m{[35m20[39m} [33m/[39m[33m>[39m
     [90m 15 |[39m       [33m<[39m[33m/[39m[33mWrapper[39m[33m>[39m[0m

      at Object.process.env.NODE_ENV.exports.create (node_modules/react-test-renderer/cjs/react-test-renderer.development.js:14598:17)
      at create (node_modules/@testing-library/react-native/src/render-act.ts:15:29)
      at callback (node_modules/@testing-library/react-native/src/act.ts:31:24)
      at process.env.NODE_ENV.exports.act (node_modules/react/cjs/react.development.js:789:22)
      at actImplementation (node_modules/@testing-library/react-native/src/act.ts:30:25)
      at renderWithAct (node_modules/@testing-library/react-native/src/render-act.ts:13:11)
      at renderInternal (node_modules/@testing-library/react-native/src/render.tsx:69:33)
      at renderInternal (node_modules/@testing-library/react-native/src/render.tsx:44:10)
      at Object.<anonymous> (src/components/SkeletonLoader/SkeletonLoader.test.tsx:12:28)

  console.error
    react-test-renderer is deprecated. See https://react.dev/warnings/react-test-renderer

    [0m [90m 92 |[39m
     [90m 93 |[39m     it([32m'should increment stats on correct answer'[39m[33m,[39m () [33m=>[39m {
    [31m[1m>[22m[39m[90m 94 |[39m       [36mconst[39m { result } [33m=[39m renderHook(() [33m=>[39m useCallBetsState({ mode[33m:[39m [32m'tier'[39m }))[33m;[39m
     [90m    |[39m                                    [31m[1m^[22m[39m
     [90m 95 |[39m
     [90m 96 |[39m       expect(result[33m.[39mcurrent[33m.[39mstats[33m.[39mtotal)[33m.[39mtoBe([35m0[39m)[33m;[39m
     [90m 97 |[39m[0m

      at Object.process.env.NODE_ENV.exports.create (node_modules/react-test-renderer/cjs/react-test-renderer.development.js:14598:17)
      at create (node_modules/@testing-library/react-native/src/render-act.ts:15:29)
      at callback (node_modules/@testing-library/react-native/src/act.ts:31:24)
      at process.env.NODE_ENV.exports.act (node_modules/react/cjs/react.development.js:789:22)
      at actImplementation (node_modules/@testing-library/react-native/src/act.ts:30:25)
      at renderWithAct (node_modules/@testing-library/react-native/src/render-act.ts:13:11)
      at renderInternal (node_modules/@testing-library/react-native/src/render.tsx:69:33)
      at renderInternal (node_modules/@testing-library/react-native/src/render.tsx:44:10)
      at renderHook (node_modules/@testing-library/react-native/src/render-hook.tsx:55:58)
      at Object.<anonymous> (src/features/call-bets-training/screens/CallBetsTrainingScreen/useCallBetsState.test.ts:94:36)

  console.error
    react-test-renderer is deprecated. See https://react.dev/warnings/react-test-renderer

    [0m [90m 106 |[39m
     [90m 107 |[39m     it([32m'should increment total count multiple times'[39m[33m,[39m () [33m=>[39m {
    [31m[1m>[22m[39m[90m 108 |[39m       [36mconst[39m { result } [33m=[39m renderHook(() [33m=>[39m useCallBetsState({ mode[33m:[39m [32m'tier'[39m }))[33m;[39m
     [90m     |[39m                                    [31m[1m^[22m[39m
     [90m 109 |[39m
     [90m 110 |[39m       act(() [33m=>[39m {
     [90m 111 |[39m         result[33m.[39mcurrent[33m.[39mhandleSubmit()[33m;[39m[0m

      at Object.process.env.NODE_ENV.exports.create (node_modules/react-test-renderer/cjs/react-test-renderer.development.js:14598:17)
      at create (node_modules/@testing-library/react-native/src/render-act.ts:15:29)
      at callback (node_modules/@testing-library/react-native/src/act.ts:31:24)
      at process.env.NODE_ENV.exports.act (node_modules/react/cjs/react.development.js:789:22)
      at actImplementation (node_modules/@testing-library/react-native/src/act.ts:30:25)
      at renderWithAct (node_modules/@testing-library/react-native/src/render-act.ts:13:11)
      at renderInternal (node_modules/@testing-library/react-native/src/render.tsx:69:33)
      at renderInternal (node_modules/@testing-library/react-native/src/render.tsx:44:10)
      at renderHook (node_modules/@testing-library/react-native/src/render-hook.tsx:55:58)
      at Object.<anonymous> (src/features/call-bets-training/screens/CallBetsTrainingScreen/useCallBetsState.test.ts:108:36)

  console.error
    react-test-renderer is deprecated. See https://react.dev/warnings/react-test-renderer

    [0m [90m 20 |[39m
     [90m 21 |[39m   it([32m'renders with percentage width'[39m[33m,[39m () [33m=>[39m {
    [31m[1m>[22m[39m[90m 22 |[39m     [36mconst[39m { root } [33m=[39m render(
     [90m    |[39m                            [31m[1m^[22m[39m
     [90m 23 |[39m       [33m<[39m[33mWrapper[39m[33m>[39m
     [90m 24 |[39m         [33m<[39m[33mSkeletonLoader[39m width[33m=[39m[32m"80%"[39m height[33m=[39m{[35m40[39m} [33m/[39m[33m>[39m
     [90m 25 |[39m       [33m<[39m[33m/[39m[33mWrapper[39m[33m>[39m[0m

      at Object.process.env.NODE_ENV.exports.create (node_modules/react-test-renderer/cjs/react-test-renderer.development.js:14598:17)
      at create (node_modules/@testing-library/react-native/src/render-act.ts:15:29)
      at callback (node_modules/@testing-library/react-native/src/act.ts:31:24)
      at process.env.NODE_ENV.exports.act (node_modules/react/cjs/react.development.js:789:22)
      at actImplementation (node_modules/@testing-library/react-native/src/act.ts:30:25)
      at renderWithAct (node_modules/@testing-library/react-native/src/render-act.ts:13:11)
      at renderInternal (node_modules/@testing-library/react-native/src/render.tsx:69:33)
      at renderInternal (node_modules/@testing-library/react-native/src/render.tsx:44:10)
      at Object.<anonymous> (src/components/SkeletonLoader/SkeletonLoader.test.tsx:22:28)

  console.error
    react-test-renderer is deprecated. See https://react.dev/warnings/react-test-renderer

    [0m [90m 122 |[39m   describe([32m'handleClear'[39m[33m,[39m () [33m=>[39m {
     [90m 123 |[39m     it([32m'should clear result'[39m[33m,[39m () [33m=>[39m {
    [31m[1m>[22m[39m[90m 124 |[39m       [36mconst[39m { result } [33m=[39m renderHook(() [33m=>[39m useCallBetsState({ mode[33m:[39m [32m'tier'[39m }))[33m;[39m
     [90m     |[39m                                    [31m[1m^[22m[39m
     [90m 125 |[39m
     [90m 126 |[39m       act(() [33m=>[39m {
     [90m 127 |[39m         result[33m.[39mcurrent[33m.[39mhandleSubmit()[33m;[39m[0m

      at Object.process.env.NODE_ENV.exports.create (node_modules/react-test-renderer/cjs/react-test-renderer.development.js:14598:17)
      at create (node_modules/@testing-library/react-native/src/render-act.ts:15:29)
      at callback (node_modules/@testing-library/react-native/src/act.ts:31:24)
      at process.env.NODE_ENV.exports.act (node_modules/react/cjs/react.development.js:789:22)
      at actImplementation (node_modules/@testing-library/react-native/src/act.ts:30:25)
      at renderWithAct (node_modules/@testing-library/react-native/src/render-act.ts:13:11)
      at renderInternal (node_modules/@testing-library/react-native/src/render.tsx:69:33)
      at renderInternal (node_modules/@testing-library/react-native/src/render.tsx:44:10)
      at renderHook (node_modules/@testing-library/react-native/src/render-hook.tsx:55:58)
      at Object.<anonymous> (src/features/call-bets-training/screens/CallBetsTrainingScreen/useCallBetsState.test.ts:124:36)

  console.error
    react-test-renderer is deprecated. See https://react.dev/warnings/react-test-renderer

    [0m [90m 30 |[39m
     [90m 31 |[39m   it([32m'renders with custom border radius'[39m[33m,[39m () [33m=>[39m {
    [31m[1m>[22m[39m[90m 32 |[39m     [36mconst[39m { root } [33m=[39m render(
     [90m    |[39m                            [31m[1m^[22m[39m
     [90m 33 |[39m       [33m<[39m[33mWrapper[39m[33m>[39m
     [90m 34 |[39m         [33m<[39m[33mSkeletonLoader[39m width[33m=[39m{[35m150[39m} height[33m=[39m{[35m30[39m} borderRadius[33m=[39m{[35m10[39m} [33m/[39m[33m>[39m
     [90m 35 |[39m       [33m<[39m[33m/[39m[33mWrapper[39m[33m>[39m[0m

      at Object.process.env.NODE_ENV.exports.create (node_modules/react-test-renderer/cjs/react-test-renderer.development.js:14598:17)
      at create (node_modules/@testing-library/react-native/src/render-act.ts:15:29)
      at callback (node_modules/@testing-library/react-native/src/act.ts:31:24)
      at process.env.NODE_ENV.exports.act (node_modules/react/cjs/react.development.js:789:22)
      at actImplementation (node_modules/@testing-library/react-native/src/act.ts:30:25)
      at renderWithAct (node_modules/@testing-library/react-native/src/render-act.ts:13:11)
      at renderInternal (node_modules/@testing-library/react-native/src/render.tsx:69:33)
      at renderInternal (node_modules/@testing-library/react-native/src/render.tsx:44:10)
      at Object.<anonymous> (src/components/SkeletonLoader/SkeletonLoader.test.tsx:32:28)

  console.error
    react-test-renderer is deprecated. See https://react.dev/warnings/react-test-renderer

    [0m [90m 138 |[39m
     [90m 139 |[39m     it([32m'should not affect stats'[39m[33m,[39m () [33m=>[39m {
    [31m[1m>[22m[39m[90m 140 |[39m       [36mconst[39m { result } [33m=[39m renderHook(() [33m=>[39m useCallBetsState({ mode[33m:[39m [32m'tier'[39m }))[33m;[39m
     [90m     |[39m                                    [31m[1m^[22m[39m
     [90m 141 |[39m
     [90m 142 |[39m       act(() [33m=>[39m {
     [90m 143 |[39m         result[33m.[39mcurrent[33m.[39mhandleSubmit()[33m;[39m[0m

      at Object.process.env.NODE_ENV.exports.create (node_modules/react-test-renderer/cjs/react-test-renderer.development.js:14598:17)
      at create (node_modules/@testing-library/react-native/src/render-act.ts:15:29)
      at callback (node_modules/@testing-library/react-native/src/act.ts:31:24)
      at process.env.NODE_ENV.exports.act (node_modules/react/cjs/react.development.js:789:22)
      at actImplementation (node_modules/@testing-library/react-native/src/act.ts:30:25)
      at renderWithAct (node_modules/@testing-library/react-native/src/render-act.ts:13:11)
      at renderInternal (node_modules/@testing-library/react-native/src/render.tsx:69:33)
      at renderInternal (node_modules/@testing-library/react-native/src/render.tsx:44:10)
      at renderHook (node_modules/@testing-library/react-native/src/render-hook.tsx:55:58)
      at Object.<anonymous> (src/features/call-bets-training/screens/CallBetsTrainingScreen/useCallBetsState.test.ts:140:36)

  console.error
    react-test-renderer is deprecated. See https://react.dev/warnings/react-test-renderer

    [0m [90m 41 |[39m   it([32m'renders with custom style'[39m[33m,[39m () [33m=>[39m {
     [90m 42 |[39m     [36mconst[39m customStyle [33m=[39m { marginVertical[33m:[39m [35m10[39m }[33m;[39m
    [31m[1m>[22m[39m[90m 43 |[39m     [36mconst[39m { root } [33m=[39m render(
     [90m    |[39m                            [31m[1m^[22m[39m
     [90m 44 |[39m       [33m<[39m[33mWrapper[39m[33m>[39m
     [90m 45 |[39m         [33m<[39m[33mSkeletonLoader[39m width[33m=[39m{[35m200[39m} height[33m=[39m{[35m50[39m} style[33m=[39m{customStyle} [33m/[39m[33m>[39m
     [90m 46 |[39m       [33m<[39m[33m/[39m[33mWrapper[39m[33m>[39m[0m

      at Object.process.env.NODE_ENV.exports.create (node_modules/react-test-renderer/cjs/react-test-renderer.development.js:14598:17)
      at create (node_modules/@testing-library/react-native/src/render-act.ts:15:29)
      at callback (node_modules/@testing-library/react-native/src/act.ts:31:24)
      at process.env.NODE_ENV.exports.act (node_modules/react/cjs/react.development.js:789:22)
      at actImplementation (node_modules/@testing-library/react-native/src/act.ts:30:25)
      at renderWithAct (node_modules/@testing-library/react-native/src/render-act.ts:13:11)
      at renderInternal (node_modules/@testing-library/react-native/src/render.tsx:69:33)
      at renderInternal (node_modules/@testing-library/react-native/src/render.tsx:44:10)
      at Object.<anonymous> (src/components/SkeletonLoader/SkeletonLoader.test.tsx:43:28)

PASS src/features/call-bets-training/screens/CallBetsTrainingScreen/useCallBetsState.test.ts
  useCallBetsState
    initialization
      ΓêÜ should initialize with correct default values (23 ms)
      ΓêÜ should set mode to tier when receiving random (9 ms)
      ΓêÜ should set specific mode when given non-random mode (8 ms)
      ΓêÜ should generate new challenge on mount (10 ms)
    generateNewChallenge
      ΓêÜ should generate new total bets value (34 ms)
      ΓêÜ should clear result when generating new challenge (10 ms)
      ΓêÜ should randomize mode when initial mode is random (6 ms)
    handleSubmit
      ΓêÜ should set result when submitting (8 ms)
      ΓêÜ should increment stats on correct answer (7 ms)
      ΓêÜ should increment total count multiple times (6 ms)
    handleClear
      ΓêÜ should clear result (6 ms)
      ΓêÜ should not affect stats (7 ms)

  console.error
    react-test-renderer is deprecated. See https://react.dev/warnings/react-test-renderer

    [0m [90m 51 |[39m
     [90m 52 |[39m   it([32m'renders with default border radius when not specified'[39m[33m,[39m () [33m=>[39m {
    [31m[1m>[22m[39m[90m 53 |[39m     [36mconst[39m { root } [33m=[39m render(
     [90m    |[39m                            [31m[1m^[22m[39m
     [90m 54 |[39m       [33m<[39m[33mWrapper[39m[33m>[39m
     [90m 55 |[39m         [33m<[39m[33mSkeletonLoader[39m width[33m=[39m{[35m120[39m} height[33m=[39m{[35m25[39m} [33m/[39m[33m>[39m
     [90m 56 |[39m       [33m<[39m[33m/[39m[33mWrapper[39m[33m>[39m[0m

      at Object.process.env.NODE_ENV.exports.create (node_modules/react-test-renderer/cjs/react-test-renderer.development.js:14598:17)
      at create (node_modules/@testing-library/react-native/src/render-act.ts:15:29)
      at callback (node_modules/@testing-library/react-native/src/act.ts:31:24)
      at process.env.NODE_ENV.exports.act (node_modules/react/cjs/react.development.js:789:22)
      at actImplementation (node_modules/@testing-library/react-native/src/act.ts:30:25)
      at renderWithAct (node_modules/@testing-library/react-native/src/render-act.ts:13:11)
      at renderInternal (node_modules/@testing-library/react-native/src/render.tsx:69:33)
      at renderInternal (node_modules/@testing-library/react-native/src/render.tsx:44:10)
      at Object.<anonymous> (src/components/SkeletonLoader/SkeletonLoader.test.tsx:53:28)

  console.error
    react-test-renderer is deprecated. See https://react.dev/warnings/react-test-renderer

    [0m [90m 61 |[39m
     [90m 62 |[39m   it([32m'handles numeric width values'[39m[33m,[39m () [33m=>[39m {
    [31m[1m>[22m[39m[90m 63 |[39m     [36mconst[39m { root } [33m=[39m render(
     [90m    |[39m                            [31m[1m^[22m[39m
     [90m 64 |[39m       [33m<[39m[33mWrapper[39m[33m>[39m
     [90m 65 |[39m         [33m<[39m[33mSkeletonLoader[39m width[33m=[39m{[35m300[39m} height[33m=[39m{[35m60[39m} [33m/[39m[33m>[39m
     [90m 66 |[39m       [33m<[39m[33m/[39m[33mWrapper[39m[33m>[39m[0m

      at Object.process.env.NODE_ENV.exports.create (node_modules/react-test-renderer/cjs/react-test-renderer.development.js:14598:17)
      at create (node_modules/@testing-library/react-native/src/render-act.ts:15:29)
      at callback (node_modules/@testing-library/react-native/src/act.ts:31:24)
      at process.env.NODE_ENV.exports.act (node_modules/react/cjs/react.development.js:789:22)
      at actImplementation (node_modules/@testing-library/react-native/src/act.ts:30:25)
      at renderWithAct (node_modules/@testing-library/react-native/src/render-act.ts:13:11)
      at renderInternal (node_modules/@testing-library/react-native/src/render.tsx:69:33)
      at renderInternal (node_modules/@testing-library/react-native/src/render.tsx:44:10)
      at Object.<anonymous> (src/components/SkeletonLoader/SkeletonLoader.test.tsx:63:28)

  console.error
    react-test-renderer is deprecated. See https://react.dev/warnings/react-test-renderer

    [0m [90m 74 |[39m
     [90m 75 |[39m     heights[33m.[39mforEach(height [33m=>[39m {
    [31m[1m>[22m[39m[90m 76 |[39m       [36mconst[39m { unmount } [33m=[39m render(
     [90m    |[39m                                 [31m[1m^[22m[39m
     [90m 77 |[39m         [33m<[39m[33mWrapper[39m[33m>[39m
     [90m 78 |[39m           [33m<[39m[33mSkeletonLoader[39m width[33m=[39m{[35m100[39m} height[33m=[39m{height} [33m/[39m[33m>[39m
     [90m 79 |[39m         [33m<[39m[33m/[39m[33mWrapper[39m[33m>[39m[0m

      at Object.process.env.NODE_ENV.exports.create (node_modules/react-test-renderer/cjs/react-test-renderer.development.js:14598:17)
      at create (node_modules/@testing-library/react-native/src/render-act.ts:15:29)
      at callback (node_modules/@testing-library/react-native/src/act.ts:31:24)
      at process.env.NODE_ENV.exports.act (node_modules/react/cjs/react.development.js:789:22)
      at actImplementation (node_modules/@testing-library/react-native/src/act.ts:30:25)
      at renderWithAct (node_modules/@testing-library/react-native/src/render-act.ts:13:11)
      at renderInternal (node_modules/@testing-library/react-native/src/render.tsx:69:33)
      at renderInternal (node_modules/@testing-library/react-native/src/render.tsx:44:10)
      at src/components/SkeletonLoader/SkeletonLoader.test.tsx:76:33
          at Array.forEach (<anonymous>)
      at Object.forEach (src/components/SkeletonLoader/SkeletonLoader.test.tsx:75:13)

  console.error
    react-test-renderer is deprecated. See https://react.dev/warnings/react-test-renderer

    [0m [90m 74 |[39m
     [90m 75 |[39m     heights[33m.[39mforEach(height [33m=>[39m {
    [31m[1m>[22m[39m[90m 76 |[39m       [36mconst[39m { unmount } [33m=[39m render(
     [90m    |[39m                                 [31m[1m^[22m[39m
     [90m 77 |[39m         [33m<[39m[33mWrapper[39m[33m>[39m
     [90m 78 |[39m           [33m<[39m[33mSkeletonLoader[39m width[33m=[39m{[35m100[39m} height[33m=[39m{height} [33m/[39m[33m>[39m
     [90m 79 |[39m         [33m<[39m[33m/[39m[33mWrapper[39m[33m>[39m[0m

      at Object.process.env.NODE_ENV.exports.create (node_modules/react-test-renderer/cjs/react-test-renderer.development.js:14598:17)
      at create (node_modules/@testing-library/react-native/src/render-act.ts:15:29)
      at callback (node_modules/@testing-library/react-native/src/act.ts:31:24)
      at process.env.NODE_ENV.exports.act (node_modules/react/cjs/react.development.js:789:22)
      at actImplementation (node_modules/@testing-library/react-native/src/act.ts:30:25)
      at renderWithAct (node_modules/@testing-library/react-native/src/render-act.ts:13:11)
      at renderInternal (node_modules/@testing-library/react-native/src/render.tsx:69:33)
      at renderInternal (node_modules/@testing-library/react-native/src/render.tsx:44:10)
      at src/components/SkeletonLoader/SkeletonLoader.test.tsx:76:33
          at Array.forEach (<anonymous>)
      at Object.forEach (src/components/SkeletonLoader/SkeletonLoader.test.tsx:75:13)

FAIL src/components/shared/DrillScreen/DrillScreen.test.tsx
  ΓùÅ Test suite failed to run

    SyntaxError: C:\Users\ivans\Desktop\Dev\CasinoTrainingApp\src\styles\textStyles.ts: Unexpected token, expected "(" (22:9)

      20 |     marginBottom: 4,
      21 |   } as TextStyle,
    > 22 |    * Size: 18px, Weight: 700, Color: Gold
         |          ^
      23 |    */
      24 |   goldTitle: {
      25 |     fontSize: 18,

      27 |
      28 | // Text style factories
    > 29 | export { createTextStyles } from './textStyles';
         | ^
      30 | export type { TextStyles } from './textStyles';
      31 |

      at constructor (node_modules/@babel/parser/src/parse-error.ts:95:45)
      at TypeScriptParserMixin.toParseError [as raise] (node_modules/@babel/parser/src/tokenizer/index.ts:1504:19)
      at TypeScriptParserMixin.raise [as unexpected] (node_modules/@babel/parser/src/tokenizer/index.ts:1544:16)
      at TypeScriptParserMixin.unexpected [as expect] (node_modules/@babel/parser/src/parser/util.ts:157:12)
      at TypeScriptParserMixin.expect (node_modules/@babel/parser/src/parser/statement.ts:1726:10)
      at TypeScriptParserMixin.parseFunctionParams (node_modules/@babel/parser/src/plugins/typescript/index.ts:3692:13)
      at TypeScriptParserMixin.parseFunctionParams (node_modules/@babel/parser/src/parser/expression.ts:2491:10)
      at TypeScriptParserMixin.parseMethod (node_modules/@babel/parser/src/plugins/typescript/index.ts:4312:28)
      at TypeScriptParserMixin.parseMethod [as parseObjectMethod] (node_modules/@babel/parser/src/parser/expression.ts:2300:19)
      at TypeScriptParserMixin.parseObjectMethod (node_modules/@babel/parser/src/parser/expression.ts:2381:24)
      at TypeScriptParserMixin.parseObjPropValue (node_modules/@babel/parser/src/plugins/typescript/index.ts:3675:20)
      at TypeScriptParserMixin.parseObjPropValue [as parsePropertyDefinition] (node_modules/@babel/parser/src/parser/expression.ts:2228:17)
      at TypeScriptParserMixin.parsePropertyDefinition [as parseObjectLike] (node_modules/@babel/parser/src/parser/expression.ts:2095:21)
      at TypeScriptParserMixin.parseObjectLike [as parseExprAtom] (node_modules/@babel/parser/src/parser/expression.ts:1181:21)
      at TypeScriptParserMixin.parseExprAtom [as parseExprSubscripts] (node_modules/@babel/parser/src/parser/expression.ts:742:23)
      at TypeScriptParserMixin.parseExprSubscripts [as parseUpdate] (node_modules/@babel/parser/src/parser/expression.ts:721:21)
      at TypeScriptParserMixin.parseUpdate (node_modules/@babel/parser/src/parser/expression.ts:683:23)
      at TypeScriptParserMixin.parseMaybeUnary (node_modules/@babel/parser/src/plugins/typescript/index.ts:3893:20)
      at TypeScriptParserMixin.parseMaybeUnary [as parseMaybeUnaryOrPrivate] (node_modules/@babel/parser/src/parser/expression.ts:417:14)
      at TypeScriptParserMixin.parseMaybeUnaryOrPrivate [as parseExprOps] (node_modules/@babel/parser/src/parser/expression.ts:429:23)
      at TypeScriptParserMixin.parseExprOps [as parseMaybeConditional] (node_modules/@babel/parser/src/parser/expression.ts:384:23)
      at TypeScriptParserMixin.parseMaybeConditional (node_modules/@babel/parser/src/parser/expression.ts:301:21)
      at TypeScriptParserMixin.parseMaybeAssign (node_modules/@babel/parser/src/plugins/typescript/index.ts:3764:22)
      at parseMaybeAssign (node_modules/@babel/parser/src/parser/expression.ts:257:12)
      at TypeScriptParserMixin.callback [as allowInAnd] (node_modules/@babel/parser/src/parser/expression.ts:3194:12)
      at TypeScriptParserMixin.allowInAnd [as parseMaybeAssignAllowIn] (node_modules/@babel/parser/src/parser/expression.ts:256:17)
      at TypeScriptParserMixin.parseMaybeAssignAllowIn [as parseMaybeAssignAllowInOrVoidPattern] (node_modules/@babel/parser/src/parser/expression.ts:3308:17)
      at TypeScriptParserMixin.parseMaybeAssignAllowInOrVoidPattern [as parseParenAndDistinguishExpression] (node_modules/@babel/parser/src/parser/expression.ts:1822:16)
      at TypeScriptParserMixin.parseParenAndDistinguishExpression [as parseExprAtom] (node_modules/@babel/parser/src/parser/expression.ts:1170:21)
      at TypeScriptParserMixin.parseExprAtom [as parseExprSubscripts] (node_modules/@babel/parser/src/parser/expression.ts:742:23)
      at TypeScriptParserMixin.parseExprSubscripts [as parseUpdate] (node_modules/@babel/parser/src/parser/expression.ts:721:21)
      at TypeScriptParserMixin.parseUpdate (node_modules/@babel/parser/src/parser/expression.ts:683:23)
      at TypeScriptParserMixin.parseMaybeUnary (node_modules/@babel/parser/src/plugins/typescript/index.ts:3893:20)
      at TypeScriptParserMixin.parseMaybeUnary [as parseMaybeUnaryOrPrivate] (node_modules/@babel/parser/src/parser/expression.ts:417:14)
      at TypeScriptParserMixin.parseMaybeUnaryOrPrivate [as parseExprOps] (node_modules/@babel/parser/src/parser/expression.ts:429:23)
      at TypeScriptParserMixin.parseExprOps [as parseMaybeConditional] (node_modules/@babel/parser/src/parser/expression.ts:384:23)
      at TypeScriptParserMixin.parseMaybeConditional (node_modules/@babel/parser/src/parser/expression.ts:301:21)
      at TypeScriptParserMixin.parseMaybeAssign (node_modules/@babel/parser/src/plugins/typescript/index.ts:3764:22)
      at TypeScriptParserMixin.parseMaybeAssign [as parseFunctionBody] (node_modules/@babel/parser/src/parser/expression.ts:2604:14)
      at TypeScriptParserMixin.parseFunctionBody [as parseArrowExpression] (node_modules/@babel/parser/src/parser/expression.ts:2559:10)
      at TypeScriptParserMixin.parseArrowExpression [as parseParenAndDistinguishExpression] (node_modules/@babel/parser/src/parser/expression.ts:1847:12)
      at TypeScriptParserMixin.parseParenAndDistinguishExpression [as parseExprAtom] (node_modules/@babel/parser/src/parser/expression.ts:1170:21)
      at TypeScriptParserMixin.parseExprAtom [as parseExprSubscripts] (node_modules/@babel/parser/src/parser/expression.ts:742:23)
      at TypeScriptParserMixin.parseExprSubscripts [as parseUpdate] (node_modules/@babel/parser/src/parser/expression.ts:721:21)
      at TypeScriptParserMixin.parseUpdate (node_modules/@babel/parser/src/parser/expression.ts:683:23)
      at TypeScriptParserMixin.parseMaybeUnary (node_modules/@babel/parser/src/plugins/typescript/index.ts:3893:20)
      at TypeScriptParserMixin.parseMaybeUnary [as parseMaybeUnaryOrPrivate] (node_modules/@babel/parser/src/parser/expression.ts:417:14)
      at TypeScriptParserMixin.parseMaybeUnaryOrPrivate [as parseExprOps] (node_modules/@babel/parser/src/parser/expression.ts:429:23)
      at TypeScriptParserMixin.parseExprOps [as parseMaybeConditional] (node_modules/@babel/parser/src/parser/expression.ts:384:23)
      at TypeScriptParserMixin.parseMaybeConditional (node_modules/@babel/parser/src/parser/expression.ts:301:21)
      at TypeScriptParserMixin.parseMaybeAssign (node_modules/@babel/parser/src/plugins/typescript/index.ts:3764:22)
      at parseMaybeAssign (node_modules/@babel/parser/src/parser/expression.ts:257:12)
      at TypeScriptParserMixin.callback [as allowInAnd] (node_modules/@babel/parser/src/parser/expression.ts:3189:16)
      at TypeScriptParserMixin.allowInAnd [as parseMaybeAssignAllowIn] (node_modules/@babel/parser/src/parser/expression.ts:256:17)
      at TypeScriptParserMixin.parseMaybeAssignAllowIn [as parseVar] (node_modules/@babel/parser/src/parser/statement.ts:1587:18)
      at TypeScriptParserMixin.parseVar (node_modules/@babel/parser/src/parser/statement.ts:1251:10)
      at TypeScriptParserMixin.parseVarStatement (node_modules/@babel/parser/src/plugins/typescript/index.ts:3085:33)
      at TypeScriptParserMixin.parseVarStatement (node_modules/@babel/parser/src/parser/statement.ts:612:21)
      at TypeScriptParserMixin.parseStatementContent (node_modules/@babel/parser/src/plugins/typescript/index.ts:3220:20)
      at TypeScriptParserMixin.parseStatementContent [as parseStatementLike] (node_modules/@babel/parser/src/parser/statement.ts:482:17)
      at TypeScriptParserMixin.parseStatementLike [as parseStatementListItem] (node_modules/@babel/parser/src/parser/statement.ts:431:17)
      at TypeScriptParserMixin.parseStatementListItem (node_modules/@babel/parser/src/parser/statement.ts:2635:17)
      at TypeScriptParserMixin.parseExportDeclaration (node_modules/@babel/parser/src/plugins/typescript/index.ts:3447:15)
      at TypeScriptParserMixin.parseExportDeclaration [as maybeParseExportDeclaration] (node_modules/@babel/parser/src/parser/statement.ts:2551:31)
      at TypeScriptParserMixin.maybeParseExportDeclaration (node_modules/@babel/parser/src/parser/statement.ts:2432:29)
      at TypeScriptParserMixin.parseExport (node_modules/@babel/parser/src/plugins/typescript/index.ts:3046:22)
      at TypeScriptParserMixin.parseExport (node_modules/@babel/parser/src/parser/statement.ts:649:25)
      at TypeScriptParserMixin.parseStatementContent (node_modules/@babel/parser/src/plugins/typescript/index.ts:3220:20)
      at TypeScriptParserMixin.parseStatementContent [as parseStatementLike] (node_modules/@babel/parser/src/parser/statement.ts:482:17)
      at TypeScriptParserMixin.parseStatementLike [as parseModuleItem] (node_modules/@babel/parser/src/parser/statement.ts:419:17)
      at TypeScriptParserMixin.parseModuleItem [as parseBlockOrModuleBlockBody] (node_modules/@babel/parser/src/parser/statement.ts:1443:16)
      at TypeScriptParserMixin.parseBlockOrModuleBlockBody [as parseBlockBody] (node_modules/@babel/parser/src/parser/statement.ts:1417:10)
      at TypeScriptParserMixin.parseBlockBody [as parseProgram] (node_modules/@babel/parser/src/parser/statement.ts:229:10)
      at TypeScriptParserMixin.parseProgram [as parseTopLevel] (node_modules/@babel/parser/src/parser/statement.ts:203:25)
      at TypeScriptParserMixin.parseTopLevel (node_modules/@babel/parser/src/parser/index.ts:83:25)
      at TypeScriptParserMixin.parse (node_modules/@babel/parser/src/plugins/typescript/index.ts:4354:20)
      at parse (node_modules/@babel/parser/src/index.ts:86:38)
      at parser (node_modules/@babel/core/src/parser/index.ts:29:19)
          at parser.next (<anonymous>)
      at normalizeFile (node_modules/@babel/core/src/transformation/normalize-file.ts:50:24)
          at normalizeFile.next (<anonymous>)
      at run (node_modules/@babel/core/src/transformation/index.ts:41:36)
          at run.next (<anonymous>)
      at transform (node_modules/@babel/core/src/transform.ts:29:20)
          at transform.next (<anonymous>)
      at evaluateSync (node_modules/gensync/index.js:251:28)
      at sync (node_modules/gensync/index.js:89:14)
      at fn (node_modules/@babel/core/src/errors/rewrite-stack-trace.ts:99:14)
      at transformSync (node_modules/@babel/core/src/transform.ts:66:52)
      at Object.require (src/styles/index.ts:29:1)

  console.error
    react-test-renderer is deprecated. See https://react.dev/warnings/react-test-renderer

    [0m [90m 74 |[39m
     [90m 75 |[39m     heights[33m.[39mforEach(height [33m=>[39m {
    [31m[1m>[22m[39m[90m 76 |[39m       [36mconst[39m { unmount } [33m=[39m render(
     [90m    |[39m                                 [31m[1m^[22m[39m
     [90m 77 |[39m         [33m<[39m[33mWrapper[39m[33m>[39m
     [90m 78 |[39m           [33m<[39m[33mSkeletonLoader[39m width[33m=[39m{[35m100[39m} height[33m=[39m{height} [33m/[39m[33m>[39m
     [90m 79 |[39m         [33m<[39m[33m/[39m[33mWrapper[39m[33m>[39m[0m

      at Object.process.env.NODE_ENV.exports.create (node_modules/react-test-renderer/cjs/react-test-renderer.development.js:14598:17)
      at create (node_modules/@testing-library/react-native/src/render-act.ts:15:29)
      at callback (node_modules/@testing-library/react-native/src/act.ts:31:24)
      at process.env.NODE_ENV.exports.act (node_modules/react/cjs/react.development.js:789:22)
      at actImplementation (node_modules/@testing-library/react-native/src/act.ts:30:25)
      at renderWithAct (node_modules/@testing-library/react-native/src/render-act.ts:13:11)
      at renderInternal (node_modules/@testing-library/react-native/src/render.tsx:69:33)
      at renderInternal (node_modules/@testing-library/react-native/src/render.tsx:44:10)
      at src/components/SkeletonLoader/SkeletonLoader.test.tsx:76:33
          at Array.forEach (<anonymous>)
      at Object.forEach (src/components/SkeletonLoader/SkeletonLoader.test.tsx:75:13)

FAIL src/components/ErrorBoundary/ErrorBoundary.test.tsx
  ΓùÅ Test suite failed to run

    SyntaxError: C:\Users\ivans\Desktop\Dev\CasinoTrainingApp\src\styles\textStyles.ts: Unexpected token, expected "(" (22:9)

      20 |     marginBottom: 4,
      21 |   } as TextStyle,
    > 22 |    * Size: 18px, Weight: 700, Color: Gold
         |          ^
      23 |    */
      24 |   goldTitle: {
      25 |     fontSize: 18,

      27 |
      28 | // Text style factories
    > 29 | export { createTextStyles } from './textStyles';
         | ^
      30 | export type { TextStyles } from './textStyles';
      31 |

      at constructor (node_modules/@babel/parser/src/parse-error.ts:95:45)
      at TypeScriptParserMixin.toParseError [as raise] (node_modules/@babel/parser/src/tokenizer/index.ts:1504:19)
      at TypeScriptParserMixin.raise [as unexpected] (node_modules/@babel/parser/src/tokenizer/index.ts:1544:16)
      at TypeScriptParserMixin.unexpected [as expect] (node_modules/@babel/parser/src/parser/util.ts:157:12)
      at TypeScriptParserMixin.expect (node_modules/@babel/parser/src/parser/statement.ts:1726:10)
      at TypeScriptParserMixin.parseFunctionParams (node_modules/@babel/parser/src/plugins/typescript/index.ts:3692:13)
      at TypeScriptParserMixin.parseFunctionParams (node_modules/@babel/parser/src/parser/expression.ts:2491:10)
      at TypeScriptParserMixin.parseMethod (node_modules/@babel/parser/src/plugins/typescript/index.ts:4312:28)
      at TypeScriptParserMixin.parseMethod [as parseObjectMethod] (node_modules/@babel/parser/src/parser/expression.ts:2300:19)
      at TypeScriptParserMixin.parseObjectMethod (node_modules/@babel/parser/src/parser/expression.ts:2381:24)
      at TypeScriptParserMixin.parseObjPropValue (node_modules/@babel/parser/src/plugins/typescript/index.ts:3675:20)
      at TypeScriptParserMixin.parseObjPropValue [as parsePropertyDefinition] (node_modules/@babel/parser/src/parser/expression.ts:2228:17)
      at TypeScriptParserMixin.parsePropertyDefinition [as parseObjectLike] (node_modules/@babel/parser/src/parser/expression.ts:2095:21)
      at TypeScriptParserMixin.parseObjectLike [as parseExprAtom] (node_modules/@babel/parser/src/parser/expression.ts:1181:21)
      at TypeScriptParserMixin.parseExprAtom [as parseExprSubscripts] (node_modules/@babel/parser/src/parser/expression.ts:742:23)
      at TypeScriptParserMixin.parseExprSubscripts [as parseUpdate] (node_modules/@babel/parser/src/parser/expression.ts:721:21)
      at TypeScriptParserMixin.parseUpdate (node_modules/@babel/parser/src/parser/expression.ts:683:23)
      at TypeScriptParserMixin.parseMaybeUnary (node_modules/@babel/parser/src/plugins/typescript/index.ts:3893:20)
      at TypeScriptParserMixin.parseMaybeUnary [as parseMaybeUnaryOrPrivate] (node_modules/@babel/parser/src/parser/expression.ts:417:14)
      at TypeScriptParserMixin.parseMaybeUnaryOrPrivate [as parseExprOps] (node_modules/@babel/parser/src/parser/expression.ts:429:23)
      at TypeScriptParserMixin.parseExprOps [as parseMaybeConditional] (node_modules/@babel/parser/src/parser/expression.ts:384:23)
      at TypeScriptParserMixin.parseMaybeConditional (node_modules/@babel/parser/src/parser/expression.ts:301:21)
      at TypeScriptParserMixin.parseMaybeAssign (node_modules/@babel/parser/src/plugins/typescript/index.ts:3764:22)
      at parseMaybeAssign (node_modules/@babel/parser/src/parser/expression.ts:257:12)
      at TypeScriptParserMixin.callback [as allowInAnd] (node_modules/@babel/parser/src/parser/expression.ts:3194:12)
      at TypeScriptParserMixin.allowInAnd [as parseMaybeAssignAllowIn] (node_modules/@babel/parser/src/parser/expression.ts:256:17)
      at TypeScriptParserMixin.parseMaybeAssignAllowIn [as parseMaybeAssignAllowInOrVoidPattern] (node_modules/@babel/parser/src/parser/expression.ts:3308:17)
      at TypeScriptParserMixin.parseMaybeAssignAllowInOrVoidPattern [as parseParenAndDistinguishExpression] (node_modules/@babel/parser/src/parser/expression.ts:1822:16)
      at TypeScriptParserMixin.parseParenAndDistinguishExpression [as parseExprAtom] (node_modules/@babel/parser/src/parser/expression.ts:1170:21)
      at TypeScriptParserMixin.parseExprAtom [as parseExprSubscripts] (node_modules/@babel/parser/src/parser/expression.ts:742:23)
      at TypeScriptParserMixin.parseExprSubscripts [as parseUpdate] (node_modules/@babel/parser/src/parser/expression.ts:721:21)
      at TypeScriptParserMixin.parseUpdate (node_modules/@babel/parser/src/parser/expression.ts:683:23)
      at TypeScriptParserMixin.parseMaybeUnary (node_modules/@babel/parser/src/plugins/typescript/index.ts:3893:20)
      at TypeScriptParserMixin.parseMaybeUnary [as parseMaybeUnaryOrPrivate] (node_modules/@babel/parser/src/parser/expression.ts:417:14)
      at TypeScriptParserMixin.parseMaybeUnaryOrPrivate [as parseExprOps] (node_modules/@babel/parser/src/parser/expression.ts:429:23)
      at TypeScriptParserMixin.parseExprOps [as parseMaybeConditional] (node_modules/@babel/parser/src/parser/expression.ts:384:23)
      at TypeScriptParserMixin.parseMaybeConditional (node_modules/@babel/parser/src/parser/expression.ts:301:21)
      at TypeScriptParserMixin.parseMaybeAssign (node_modules/@babel/parser/src/plugins/typescript/index.ts:3764:22)
      at TypeScriptParserMixin.parseMaybeAssign [as parseFunctionBody] (node_modules/@babel/parser/src/parser/expression.ts:2604:14)
      at TypeScriptParserMixin.parseFunctionBody [as parseArrowExpression] (node_modules/@babel/parser/src/parser/expression.ts:2559:10)
      at TypeScriptParserMixin.parseArrowExpression [as parseParenAndDistinguishExpression] (node_modules/@babel/parser/src/parser/expression.ts:1847:12)
      at TypeScriptParserMixin.parseParenAndDistinguishExpression [as parseExprAtom] (node_modules/@babel/parser/src/parser/expression.ts:1170:21)
      at TypeScriptParserMixin.parseExprAtom [as parseExprSubscripts] (node_modules/@babel/parser/src/parser/expression.ts:742:23)
      at TypeScriptParserMixin.parseExprSubscripts [as parseUpdate] (node_modules/@babel/parser/src/parser/expression.ts:721:21)
      at TypeScriptParserMixin.parseUpdate (node_modules/@babel/parser/src/parser/expression.ts:683:23)
      at TypeScriptParserMixin.parseMaybeUnary (node_modules/@babel/parser/src/plugins/typescript/index.ts:3893:20)
      at TypeScriptParserMixin.parseMaybeUnary [as parseMaybeUnaryOrPrivate] (node_modules/@babel/parser/src/parser/expression.ts:417:14)
      at TypeScriptParserMixin.parseMaybeUnaryOrPrivate [as parseExprOps] (node_modules/@babel/parser/src/parser/expression.ts:429:23)
      at TypeScriptParserMixin.parseExprOps [as parseMaybeConditional] (node_modules/@babel/parser/src/parser/expression.ts:384:23)
      at TypeScriptParserMixin.parseMaybeConditional (node_modules/@babel/parser/src/parser/expression.ts:301:21)
      at TypeScriptParserMixin.parseMaybeAssign (node_modules/@babel/parser/src/plugins/typescript/index.ts:3764:22)
      at parseMaybeAssign (node_modules/@babel/parser/src/parser/expression.ts:257:12)
      at TypeScriptParserMixin.callback [as allowInAnd] (node_modules/@babel/parser/src/parser/expression.ts:3189:16)
      at TypeScriptParserMixin.allowInAnd [as parseMaybeAssignAllowIn] (node_modules/@babel/parser/src/parser/expression.ts:256:17)
      at TypeScriptParserMixin.parseMaybeAssignAllowIn [as parseVar] (node_modules/@babel/parser/src/parser/statement.ts:1587:18)
      at TypeScriptParserMixin.parseVar (node_modules/@babel/parser/src/parser/statement.ts:1251:10)
      at TypeScriptParserMixin.parseVarStatement (node_modules/@babel/parser/src/plugins/typescript/index.ts:3085:33)
      at TypeScriptParserMixin.parseVarStatement (node_modules/@babel/parser/src/parser/statement.ts:612:21)
      at TypeScriptParserMixin.parseStatementContent (node_modules/@babel/parser/src/plugins/typescript/index.ts:3220:20)
      at TypeScriptParserMixin.parseStatementContent [as parseStatementLike] (node_modules/@babel/parser/src/parser/statement.ts:482:17)
      at TypeScriptParserMixin.parseStatementLike [as parseStatementListItem] (node_modules/@babel/parser/src/parser/statement.ts:431:17)
      at TypeScriptParserMixin.parseStatementListItem (node_modules/@babel/parser/src/parser/statement.ts:2635:17)
      at TypeScriptParserMixin.parseExportDeclaration (node_modules/@babel/parser/src/plugins/typescript/index.ts:3447:15)
      at TypeScriptParserMixin.parseExportDeclaration [as maybeParseExportDeclaration] (node_modules/@babel/parser/src/parser/statement.ts:2551:31)
      at TypeScriptParserMixin.maybeParseExportDeclaration (node_modules/@babel/parser/src/parser/statement.ts:2432:29)
      at TypeScriptParserMixin.parseExport (node_modules/@babel/parser/src/plugins/typescript/index.ts:3046:22)
      at TypeScriptParserMixin.parseExport (node_modules/@babel/parser/src/parser/statement.ts:649:25)
      at TypeScriptParserMixin.parseStatementContent (node_modules/@babel/parser/src/plugins/typescript/index.ts:3220:20)
      at TypeScriptParserMixin.parseStatementContent [as parseStatementLike] (node_modules/@babel/parser/src/parser/statement.ts:482:17)
      at TypeScriptParserMixin.parseStatementLike [as parseModuleItem] (node_modules/@babel/parser/src/parser/statement.ts:419:17)
      at TypeScriptParserMixin.parseModuleItem [as parseBlockOrModuleBlockBody] (node_modules/@babel/parser/src/parser/statement.ts:1443:16)
      at TypeScriptParserMixin.parseBlockOrModuleBlockBody [as parseBlockBody] (node_modules/@babel/parser/src/parser/statement.ts:1417:10)
      at TypeScriptParserMixin.parseBlockBody [as parseProgram] (node_modules/@babel/parser/src/parser/statement.ts:229:10)
      at TypeScriptParserMixin.parseProgram [as parseTopLevel] (node_modules/@babel/parser/src/parser/statement.ts:203:25)
      at TypeScriptParserMixin.parseTopLevel (node_modules/@babel/parser/src/parser/index.ts:83:25)
      at TypeScriptParserMixin.parse (node_modules/@babel/parser/src/plugins/typescript/index.ts:4354:20)
      at parse (node_modules/@babel/parser/src/index.ts:86:38)
      at parser (node_modules/@babel/core/src/parser/index.ts:29:19)
          at parser.next (<anonymous>)
      at normalizeFile (node_modules/@babel/core/src/transformation/normalize-file.ts:50:24)
          at normalizeFile.next (<anonymous>)
      at run (node_modules/@babel/core/src/transformation/index.ts:41:36)
          at run.next (<anonymous>)
      at transform (node_modules/@babel/core/src/transform.ts:29:20)
          at transform.next (<anonymous>)
      at evaluateSync (node_modules/gensync/index.js:251:28)
      at sync (node_modules/gensync/index.js:89:14)
      at fn (node_modules/@babel/core/src/errors/rewrite-stack-trace.ts:99:14)
      at transformSync (node_modules/@babel/core/src/transform.ts:66:52)
      at Object.require (src/styles/index.ts:29:1)

  console.error
    react-test-renderer is deprecated. See https://react.dev/warnings/react-test-renderer

    [0m [90m 74 |[39m
     [90m 75 |[39m     heights[33m.[39mforEach(height [33m=>[39m {
    [31m[1m>[22m[39m[90m 76 |[39m       [36mconst[39m { unmount } [33m=[39m render(
     [90m    |[39m                                 [31m[1m^[22m[39m
     [90m 77 |[39m         [33m<[39m[33mWrapper[39m[33m>[39m
     [90m 78 |[39m           [33m<[39m[33mSkeletonLoader[39m width[33m=[39m{[35m100[39m} height[33m=[39m{height} [33m/[39m[33m>[39m
     [90m 79 |[39m         [33m<[39m[33m/[39m[33mWrapper[39m[33m>[39m[0m

      at Object.process.env.NODE_ENV.exports.create (node_modules/react-test-renderer/cjs/react-test-renderer.development.js:14598:17)
      at create (node_modules/@testing-library/react-native/src/render-act.ts:15:29)
      at callback (node_modules/@testing-library/react-native/src/act.ts:31:24)
      at process.env.NODE_ENV.exports.act (node_modules/react/cjs/react.development.js:789:22)
      at actImplementation (node_modules/@testing-library/react-native/src/act.ts:30:25)
      at renderWithAct (node_modules/@testing-library/react-native/src/render-act.ts:13:11)
      at renderInternal (node_modules/@testing-library/react-native/src/render.tsx:69:33)
      at renderInternal (node_modules/@testing-library/react-native/src/render.tsx:44:10)
      at src/components/SkeletonLoader/SkeletonLoader.test.tsx:76:33
          at Array.forEach (<anonymous>)
      at Object.forEach (src/components/SkeletonLoader/SkeletonLoader.test.tsx:75:13)

  console.error
    react-test-renderer is deprecated. See https://react.dev/warnings/react-test-renderer

    [0m [90m 115 |[39m       }[33m;[39m
     [90m 116 |[39m
    [31m[1m>[22m[39m[90m 117 |[39m       [36mconst[39m { getByText } [33m=[39m render([33m<[39m[33mTestHomeScreen[39m navigation[33m=[39m{mockNavigation} [33m/[39m[33m>[39m)[33m;[39m
     [90m     |[39m                                   [31m[1m^[22m[39m
     [90m 118 |[39m
     [90m 119 |[39m       expect(getByText([32m'My Progress'[39m))[33m.[39mtoBeTruthy()[33m;[39m
     [90m 120 |[39m       expect(getByText([32m'Cash Conversion'[39m))[33m.[39mtoBeTruthy()[33m;[39m[0m

      at Object.process.env.NODE_ENV.exports.create (node_modules/react-test-renderer/cjs/react-test-renderer.development.js:14598:17)
      at create (node_modules/@testing-library/react-native/src/render-act.ts:15:29)
      at callback (node_modules/@testing-library/react-native/src/act.ts:31:24)
      at process.env.NODE_ENV.exports.act (node_modules/react/cjs/react.development.js:789:22)
      at actImplementation (node_modules/@testing-library/react-native/src/act.ts:30:25)
      at renderWithAct (node_modules/@testing-library/react-native/src/render-act.ts:13:11)
      at renderInternal (node_modules/@testing-library/react-native/src/render.tsx:69:33)
      at renderInternal (node_modules/@testing-library/react-native/src/render.tsx:44:10)
      at Object.<anonymous> (src/integration/__tests__/navigation.test.tsx:117:35)

PASS src/components/SkeletonLoader/SkeletonLoader.test.tsx
  SkeletonLoader
    ΓêÜ renders without crashing (16 ms)
    ΓêÜ renders with percentage width (7 ms)
    ΓêÜ renders with custom border radius (7 ms)
    ΓêÜ renders with custom style (5 ms)
    ΓêÜ renders with default border radius when not specified (6 ms)
    ΓêÜ handles numeric width values (8 ms)
    ΓêÜ handles different height values (35 ms)

FAIL src/features/texas-holdem-ultimate-training/screens/THUDrillScreen/THUDrillScreen.test.tsx
  ΓùÅ Test suite failed to run

    SyntaxError: C:\Users\ivans\Desktop\Dev\CasinoTrainingApp\src\styles\textStyles.ts: Unexpected token, expected "(" (22:9)

      20 |     marginBottom: 4,
      21 |   } as TextStyle,
    > 22 |    * Size: 18px, Weight: 700, Color: Gold
         |          ^
      23 |    */
      24 |   goldTitle: {
      25 |     fontSize: 18,

      27 |
      28 | // Text style factories
    > 29 | export { createTextStyles } from './textStyles';
         | ^
      30 | export type { TextStyles } from './textStyles';
      31 |

      at constructor (node_modules/@babel/parser/src/parse-error.ts:95:45)
      at TypeScriptParserMixin.toParseError [as raise] (node_modules/@babel/parser/src/tokenizer/index.ts:1504:19)
      at TypeScriptParserMixin.raise [as unexpected] (node_modules/@babel/parser/src/tokenizer/index.ts:1544:16)
      at TypeScriptParserMixin.unexpected [as expect] (node_modules/@babel/parser/src/parser/util.ts:157:12)
      at TypeScriptParserMixin.expect (node_modules/@babel/parser/src/parser/statement.ts:1726:10)
      at TypeScriptParserMixin.parseFunctionParams (node_modules/@babel/parser/src/plugins/typescript/index.ts:3692:13)
      at TypeScriptParserMixin.parseFunctionParams (node_modules/@babel/parser/src/parser/expression.ts:2491:10)
      at TypeScriptParserMixin.parseMethod (node_modules/@babel/parser/src/plugins/typescript/index.ts:4312:28)
      at TypeScriptParserMixin.parseMethod [as parseObjectMethod] (node_modules/@babel/parser/src/parser/expression.ts:2300:19)
      at TypeScriptParserMixin.parseObjectMethod (node_modules/@babel/parser/src/parser/expression.ts:2381:24)
      at TypeScriptParserMixin.parseObjPropValue (node_modules/@babel/parser/src/plugins/typescript/index.ts:3675:20)
      at TypeScriptParserMixin.parseObjPropValue [as parsePropertyDefinition] (node_modules/@babel/parser/src/parser/expression.ts:2228:17)
      at TypeScriptParserMixin.parsePropertyDefinition [as parseObjectLike] (node_modules/@babel/parser/src/parser/expression.ts:2095:21)
      at TypeScriptParserMixin.parseObjectLike [as parseExprAtom] (node_modules/@babel/parser/src/parser/expression.ts:1181:21)
      at TypeScriptParserMixin.parseExprAtom [as parseExprSubscripts] (node_modules/@babel/parser/src/parser/expression.ts:742:23)
      at TypeScriptParserMixin.parseExprSubscripts [as parseUpdate] (node_modules/@babel/parser/src/parser/expression.ts:721:21)
      at TypeScriptParserMixin.parseUpdate (node_modules/@babel/parser/src/parser/expression.ts:683:23)
      at TypeScriptParserMixin.parseMaybeUnary (node_modules/@babel/parser/src/plugins/typescript/index.ts:3893:20)
      at TypeScriptParserMixin.parseMaybeUnary [as parseMaybeUnaryOrPrivate] (node_modules/@babel/parser/src/parser/expression.ts:417:14)
      at TypeScriptParserMixin.parseMaybeUnaryOrPrivate [as parseExprOps] (node_modules/@babel/parser/src/parser/expression.ts:429:23)
      at TypeScriptParserMixin.parseExprOps [as parseMaybeConditional] (node_modules/@babel/parser/src/parser/expression.ts:384:23)
      at TypeScriptParserMixin.parseMaybeConditional (node_modules/@babel/parser/src/parser/expression.ts:301:21)
      at TypeScriptParserMixin.parseMaybeAssign (node_modules/@babel/parser/src/plugins/typescript/index.ts:3764:22)
      at parseMaybeAssign (node_modules/@babel/parser/src/parser/expression.ts:257:12)
      at TypeScriptParserMixin.callback [as allowInAnd] (node_modules/@babel/parser/src/parser/expression.ts:3194:12)
      at TypeScriptParserMixin.allowInAnd [as parseMaybeAssignAllowIn] (node_modules/@babel/parser/src/parser/expression.ts:256:17)
      at TypeScriptParserMixin.parseMaybeAssignAllowIn [as parseMaybeAssignAllowInOrVoidPattern] (node_modules/@babel/parser/src/parser/expression.ts:3308:17)
      at TypeScriptParserMixin.parseMaybeAssignAllowInOrVoidPattern [as parseParenAndDistinguishExpression] (node_modules/@babel/parser/src/parser/expression.ts:1822:16)
      at TypeScriptParserMixin.parseParenAndDistinguishExpression [as parseExprAtom] (node_modules/@babel/parser/src/parser/expression.ts:1170:21)
      at TypeScriptParserMixin.parseExprAtom [as parseExprSubscripts] (node_modules/@babel/parser/src/parser/expression.ts:742:23)
      at TypeScriptParserMixin.parseExprSubscripts [as parseUpdate] (node_modules/@babel/parser/src/parser/expression.ts:721:21)
      at TypeScriptParserMixin.parseUpdate (node_modules/@babel/parser/src/parser/expression.ts:683:23)
      at TypeScriptParserMixin.parseMaybeUnary (node_modules/@babel/parser/src/plugins/typescript/index.ts:3893:20)
      at TypeScriptParserMixin.parseMaybeUnary [as parseMaybeUnaryOrPrivate] (node_modules/@babel/parser/src/parser/expression.ts:417:14)
      at TypeScriptParserMixin.parseMaybeUnaryOrPrivate [as parseExprOps] (node_modules/@babel/parser/src/parser/expression.ts:429:23)
      at TypeScriptParserMixin.parseExprOps [as parseMaybeConditional] (node_modules/@babel/parser/src/parser/expression.ts:384:23)
      at TypeScriptParserMixin.parseMaybeConditional (node_modules/@babel/parser/src/parser/expression.ts:301:21)
      at TypeScriptParserMixin.parseMaybeAssign (node_modules/@babel/parser/src/plugins/typescript/index.ts:3764:22)
      at TypeScriptParserMixin.parseMaybeAssign [as parseFunctionBody] (node_modules/@babel/parser/src/parser/expression.ts:2604:14)
      at TypeScriptParserMixin.parseFunctionBody [as parseArrowExpression] (node_modules/@babel/parser/src/parser/expression.ts:2559:10)
      at TypeScriptParserMixin.parseArrowExpression [as parseParenAndDistinguishExpression] (node_modules/@babel/parser/src/parser/expression.ts:1847:12)
      at TypeScriptParserMixin.parseParenAndDistinguishExpression [as parseExprAtom] (node_modules/@babel/parser/src/parser/expression.ts:1170:21)
      at TypeScriptParserMixin.parseExprAtom [as parseExprSubscripts] (node_modules/@babel/parser/src/parser/expression.ts:742:23)
      at TypeScriptParserMixin.parseExprSubscripts [as parseUpdate] (node_modules/@babel/parser/src/parser/expression.ts:721:21)
      at TypeScriptParserMixin.parseUpdate (node_modules/@babel/parser/src/parser/expression.ts:683:23)
      at TypeScriptParserMixin.parseMaybeUnary (node_modules/@babel/parser/src/plugins/typescript/index.ts:3893:20)
      at TypeScriptParserMixin.parseMaybeUnary [as parseMaybeUnaryOrPrivate] (node_modules/@babel/parser/src/parser/expression.ts:417:14)
      at TypeScriptParserMixin.parseMaybeUnaryOrPrivate [as parseExprOps] (node_modules/@babel/parser/src/parser/expression.ts:429:23)
      at TypeScriptParserMixin.parseExprOps [as parseMaybeConditional] (node_modules/@babel/parser/src/parser/expression.ts:384:23)
      at TypeScriptParserMixin.parseMaybeConditional (node_modules/@babel/parser/src/parser/expression.ts:301:21)
      at TypeScriptParserMixin.parseMaybeAssign (node_modules/@babel/parser/src/plugins/typescript/index.ts:3764:22)
      at parseMaybeAssign (node_modules/@babel/parser/src/parser/expression.ts:257:12)
      at TypeScriptParserMixin.callback [as allowInAnd] (node_modules/@babel/parser/src/parser/expression.ts:3189:16)
      at TypeScriptParserMixin.allowInAnd [as parseMaybeAssignAllowIn] (node_modules/@babel/parser/src/parser/expression.ts:256:17)
      at TypeScriptParserMixin.parseMaybeAssignAllowIn [as parseVar] (node_modules/@babel/parser/src/parser/statement.ts:1587:18)
      at TypeScriptParserMixin.parseVar (node_modules/@babel/parser/src/parser/statement.ts:1251:10)
      at TypeScriptParserMixin.parseVarStatement (node_modules/@babel/parser/src/plugins/typescript/index.ts:3085:33)
      at TypeScriptParserMixin.parseVarStatement (node_modules/@babel/parser/src/parser/statement.ts:612:21)
      at TypeScriptParserMixin.parseStatementContent (node_modules/@babel/parser/src/plugins/typescript/index.ts:3220:20)
      at TypeScriptParserMixin.parseStatementContent [as parseStatementLike] (node_modules/@babel/parser/src/parser/statement.ts:482:17)
      at TypeScriptParserMixin.parseStatementLike [as parseStatementListItem] (node_modules/@babel/parser/src/parser/statement.ts:431:17)
      at TypeScriptParserMixin.parseStatementListItem (node_modules/@babel/parser/src/parser/statement.ts:2635:17)
      at TypeScriptParserMixin.parseExportDeclaration (node_modules/@babel/parser/src/plugins/typescript/index.ts:3447:15)
      at TypeScriptParserMixin.parseExportDeclaration [as maybeParseExportDeclaration] (node_modules/@babel/parser/src/parser/statement.ts:2551:31)
      at TypeScriptParserMixin.maybeParseExportDeclaration (node_modules/@babel/parser/src/parser/statement.ts:2432:29)
      at TypeScriptParserMixin.parseExport (node_modules/@babel/parser/src/plugins/typescript/index.ts:3046:22)
      at TypeScriptParserMixin.parseExport (node_modules/@babel/parser/src/parser/statement.ts:649:25)
      at TypeScriptParserMixin.parseStatementContent (node_modules/@babel/parser/src/plugins/typescript/index.ts:3220:20)
      at TypeScriptParserMixin.parseStatementContent [as parseStatementLike] (node_modules/@babel/parser/src/parser/statement.ts:482:17)
      at TypeScriptParserMixin.parseStatementLike [as parseModuleItem] (node_modules/@babel/parser/src/parser/statement.ts:419:17)
      at TypeScriptParserMixin.parseModuleItem [as parseBlockOrModuleBlockBody] (node_modules/@babel/parser/src/parser/statement.ts:1443:16)
      at TypeScriptParserMixin.parseBlockOrModuleBlockBody [as parseBlockBody] (node_modules/@babel/parser/src/parser/statement.ts:1417:10)
      at TypeScriptParserMixin.parseBlockBody [as parseProgram] (node_modules/@babel/parser/src/parser/statement.ts:229:10)
      at TypeScriptParserMixin.parseProgram [as parseTopLevel] (node_modules/@babel/parser/src/parser/statement.ts:203:25)
      at TypeScriptParserMixin.parseTopLevel (node_modules/@babel/parser/src/parser/index.ts:83:25)
      at TypeScriptParserMixin.parse (node_modules/@babel/parser/src/plugins/typescript/index.ts:4354:20)
      at parse (node_modules/@babel/parser/src/index.ts:86:38)
      at parser (node_modules/@babel/core/src/parser/index.ts:29:19)
          at parser.next (<anonymous>)
      at normalizeFile (node_modules/@babel/core/src/transformation/normalize-file.ts:50:24)
          at normalizeFile.next (<anonymous>)
      at run (node_modules/@babel/core/src/transformation/index.ts:41:36)
          at run.next (<anonymous>)
      at transform (node_modules/@babel/core/src/transform.ts:29:20)
          at transform.next (<anonymous>)
      at evaluateSync (node_modules/gensync/index.js:251:28)
      at sync (node_modules/gensync/index.js:89:14)
      at fn (node_modules/@babel/core/src/errors/rewrite-stack-trace.ts:99:14)
      at transformSync (node_modules/@babel/core/src/transform.ts:66:52)
      at Object.require (src/styles/index.ts:29:1)

  console.error
    react-test-renderer is deprecated. See https://react.dev/warnings/react-test-renderer

    [0m [90m 127 |[39m       }[33m;[39m
     [90m 128 |[39m
    [31m[1m>[22m[39m[90m 129 |[39m       [36mconst[39m { getByText } [33m=[39m render([33m<[39m[33mTestHomeScreen[39m navigation[33m=[39m{mockNavigation} [33m/[39m[33m>[39m)[33m;[39m
     [90m     |[39m                                   [31m[1m^[22m[39m
     [90m 130 |[39m
     [90m 131 |[39m       fireEvent[33m.[39mpress(getByText([32m'My Progress'[39m))[33m;[39m
     [90m 132 |[39m[0m

      at Object.process.env.NODE_ENV.exports.create (node_modules/react-test-renderer/cjs/react-test-renderer.development.js:14598:17)
      at create (node_modules/@testing-library/react-native/src/render-act.ts:15:29)
      at callback (node_modules/@testing-library/react-native/src/act.ts:31:24)
      at process.env.NODE_ENV.exports.act (node_modules/react/cjs/react.development.js:789:22)
      at actImplementation (node_modules/@testing-library/react-native/src/act.ts:30:25)
      at renderWithAct (node_modules/@testing-library/react-native/src/render-act.ts:13:11)
      at renderInternal (node_modules/@testing-library/react-native/src/render.tsx:69:33)
      at renderInternal (node_modules/@testing-library/react-native/src/render.tsx:44:10)
      at Object.<anonymous> (src/integration/__tests__/navigation.test.tsx:129:35)

FAIL src/features/caribbean-poker-training/screens/CPDrillScreen/CPDrillScreen.test.tsx
  ΓùÅ Test suite failed to run

    SyntaxError: C:\Users\ivans\Desktop\Dev\CasinoTrainingApp\src\styles\textStyles.ts: Unexpected token, expected "(" (22:9)

      20 |     marginBottom: 4,
      21 |   } as TextStyle,
    > 22 |    * Size: 18px, Weight: 700, Color: Gold
         |          ^
      23 |    */
      24 |   goldTitle: {
      25 |     fontSize: 18,

      27 |
      28 | // Text style factories
    > 29 | export { createTextStyles } from './textStyles';
         | ^
      30 | export type { TextStyles } from './textStyles';
      31 |

      at constructor (node_modules/@babel/parser/src/parse-error.ts:95:45)
      at TypeScriptParserMixin.toParseError [as raise] (node_modules/@babel/parser/src/tokenizer/index.ts:1504:19)
      at TypeScriptParserMixin.raise [as unexpected] (node_modules/@babel/parser/src/tokenizer/index.ts:1544:16)
      at TypeScriptParserMixin.unexpected [as expect] (node_modules/@babel/parser/src/parser/util.ts:157:12)
      at TypeScriptParserMixin.expect (node_modules/@babel/parser/src/parser/statement.ts:1726:10)
      at TypeScriptParserMixin.parseFunctionParams (node_modules/@babel/parser/src/plugins/typescript/index.ts:3692:13)
      at TypeScriptParserMixin.parseFunctionParams (node_modules/@babel/parser/src/parser/expression.ts:2491:10)
      at TypeScriptParserMixin.parseMethod (node_modules/@babel/parser/src/plugins/typescript/index.ts:4312:28)
      at TypeScriptParserMixin.parseMethod [as parseObjectMethod] (node_modules/@babel/parser/src/parser/expression.ts:2300:19)
      at TypeScriptParserMixin.parseObjectMethod (node_modules/@babel/parser/src/parser/expression.ts:2381:24)
      at TypeScriptParserMixin.parseObjPropValue (node_modules/@babel/parser/src/plugins/typescript/index.ts:3675:20)
      at TypeScriptParserMixin.parseObjPropValue [as parsePropertyDefinition] (node_modules/@babel/parser/src/parser/expression.ts:2228:17)
      at TypeScriptParserMixin.parsePropertyDefinition [as parseObjectLike] (node_modules/@babel/parser/src/parser/expression.ts:2095:21)
      at TypeScriptParserMixin.parseObjectLike [as parseExprAtom] (node_modules/@babel/parser/src/parser/expression.ts:1181:21)
      at TypeScriptParserMixin.parseExprAtom [as parseExprSubscripts] (node_modules/@babel/parser/src/parser/expression.ts:742:23)
      at TypeScriptParserMixin.parseExprSubscripts [as parseUpdate] (node_modules/@babel/parser/src/parser/expression.ts:721:21)
      at TypeScriptParserMixin.parseUpdate (node_modules/@babel/parser/src/parser/expression.ts:683:23)
      at TypeScriptParserMixin.parseMaybeUnary (node_modules/@babel/parser/src/plugins/typescript/index.ts:3893:20)
      at TypeScriptParserMixin.parseMaybeUnary [as parseMaybeUnaryOrPrivate] (node_modules/@babel/parser/src/parser/expression.ts:417:14)
      at TypeScriptParserMixin.parseMaybeUnaryOrPrivate [as parseExprOps] (node_modules/@babel/parser/src/parser/expression.ts:429:23)
      at TypeScriptParserMixin.parseExprOps [as parseMaybeConditional] (node_modules/@babel/parser/src/parser/expression.ts:384:23)
      at TypeScriptParserMixin.parseMaybeConditional (node_modules/@babel/parser/src/parser/expression.ts:301:21)
      at TypeScriptParserMixin.parseMaybeAssign (node_modules/@babel/parser/src/plugins/typescript/index.ts:3764:22)
      at parseMaybeAssign (node_modules/@babel/parser/src/parser/expression.ts:257:12)
      at TypeScriptParserMixin.callback [as allowInAnd] (node_modules/@babel/parser/src/parser/expression.ts:3194:12)
      at TypeScriptParserMixin.allowInAnd [as parseMaybeAssignAllowIn] (node_modules/@babel/parser/src/parser/expression.ts:256:17)
      at TypeScriptParserMixin.parseMaybeAssignAllowIn [as parseMaybeAssignAllowInOrVoidPattern] (node_modules/@babel/parser/src/parser/expression.ts:3308:17)
      at TypeScriptParserMixin.parseMaybeAssignAllowInOrVoidPattern [as parseParenAndDistinguishExpression] (node_modules/@babel/parser/src/parser/expression.ts:1822:16)
      at TypeScriptParserMixin.parseParenAndDistinguishExpression [as parseExprAtom] (node_modules/@babel/parser/src/parser/expression.ts:1170:21)
      at TypeScriptParserMixin.parseExprAtom [as parseExprSubscripts] (node_modules/@babel/parser/src/parser/expression.ts:742:23)
      at TypeScriptParserMixin.parseExprSubscripts [as parseUpdate] (node_modules/@babel/parser/src/parser/expression.ts:721:21)
      at TypeScriptParserMixin.parseUpdate (node_modules/@babel/parser/src/parser/expression.ts:683:23)
      at TypeScriptParserMixin.parseMaybeUnary (node_modules/@babel/parser/src/plugins/typescript/index.ts:3893:20)
      at TypeScriptParserMixin.parseMaybeUnary [as parseMaybeUnaryOrPrivate] (node_modules/@babel/parser/src/parser/expression.ts:417:14)
      at TypeScriptParserMixin.parseMaybeUnaryOrPrivate [as parseExprOps] (node_modules/@babel/parser/src/parser/expression.ts:429:23)
      at TypeScriptParserMixin.parseExprOps [as parseMaybeConditional] (node_modules/@babel/parser/src/parser/expression.ts:384:23)
      at TypeScriptParserMixin.parseMaybeConditional (node_modules/@babel/parser/src/parser/expression.ts:301:21)
      at TypeScriptParserMixin.parseMaybeAssign (node_modules/@babel/parser/src/plugins/typescript/index.ts:3764:22)
      at TypeScriptParserMixin.parseMaybeAssign [as parseFunctionBody] (node_modules/@babel/parser/src/parser/expression.ts:2604:14)
      at TypeScriptParserMixin.parseFunctionBody [as parseArrowExpression] (node_modules/@babel/parser/src/parser/expression.ts:2559:10)
      at TypeScriptParserMixin.parseArrowExpression [as parseParenAndDistinguishExpression] (node_modules/@babel/parser/src/parser/expression.ts:1847:12)
      at TypeScriptParserMixin.parseParenAndDistinguishExpression [as parseExprAtom] (node_modules/@babel/parser/src/parser/expression.ts:1170:21)
      at TypeScriptParserMixin.parseExprAtom [as parseExprSubscripts] (node_modules/@babel/parser/src/parser/expression.ts:742:23)
      at TypeScriptParserMixin.parseExprSubscripts [as parseUpdate] (node_modules/@babel/parser/src/parser/expression.ts:721:21)
      at TypeScriptParserMixin.parseUpdate (node_modules/@babel/parser/src/parser/expression.ts:683:23)
      at TypeScriptParserMixin.parseMaybeUnary (node_modules/@babel/parser/src/plugins/typescript/index.ts:3893:20)
      at TypeScriptParserMixin.parseMaybeUnary [as parseMaybeUnaryOrPrivate] (node_modules/@babel/parser/src/parser/expression.ts:417:14)
      at TypeScriptParserMixin.parseMaybeUnaryOrPrivate [as parseExprOps] (node_modules/@babel/parser/src/parser/expression.ts:429:23)
      at TypeScriptParserMixin.parseExprOps [as parseMaybeConditional] (node_modules/@babel/parser/src/parser/expression.ts:384:23)
      at TypeScriptParserMixin.parseMaybeConditional (node_modules/@babel/parser/src/parser/expression.ts:301:21)
      at TypeScriptParserMixin.parseMaybeAssign (node_modules/@babel/parser/src/plugins/typescript/index.ts:3764:22)
      at parseMaybeAssign (node_modules/@babel/parser/src/parser/expression.ts:257:12)
      at TypeScriptParserMixin.callback [as allowInAnd] (node_modules/@babel/parser/src/parser/expression.ts:3189:16)
      at TypeScriptParserMixin.allowInAnd [as parseMaybeAssignAllowIn] (node_modules/@babel/parser/src/parser/expression.ts:256:17)
      at TypeScriptParserMixin.parseMaybeAssignAllowIn [as parseVar] (node_modules/@babel/parser/src/parser/statement.ts:1587:18)
      at TypeScriptParserMixin.parseVar (node_modules/@babel/parser/src/parser/statement.ts:1251:10)
      at TypeScriptParserMixin.parseVarStatement (node_modules/@babel/parser/src/plugins/typescript/index.ts:3085:33)
      at TypeScriptParserMixin.parseVarStatement (node_modules/@babel/parser/src/parser/statement.ts:612:21)
      at TypeScriptParserMixin.parseStatementContent (node_modules/@babel/parser/src/plugins/typescript/index.ts:3220:20)
      at TypeScriptParserMixin.parseStatementContent [as parseStatementLike] (node_modules/@babel/parser/src/parser/statement.ts:482:17)
      at TypeScriptParserMixin.parseStatementLike [as parseStatementListItem] (node_modules/@babel/parser/src/parser/statement.ts:431:17)
      at TypeScriptParserMixin.parseStatementListItem (node_modules/@babel/parser/src/parser/statement.ts:2635:17)
      at TypeScriptParserMixin.parseExportDeclaration (node_modules/@babel/parser/src/plugins/typescript/index.ts:3447:15)
      at TypeScriptParserMixin.parseExportDeclaration [as maybeParseExportDeclaration] (node_modules/@babel/parser/src/parser/statement.ts:2551:31)
      at TypeScriptParserMixin.maybeParseExportDeclaration (node_modules/@babel/parser/src/parser/statement.ts:2432:29)
      at TypeScriptParserMixin.parseExport (node_modules/@babel/parser/src/plugins/typescript/index.ts:3046:22)
      at TypeScriptParserMixin.parseExport (node_modules/@babel/parser/src/parser/statement.ts:649:25)
      at TypeScriptParserMixin.parseStatementContent (node_modules/@babel/parser/src/plugins/typescript/index.ts:3220:20)
      at TypeScriptParserMixin.parseStatementContent [as parseStatementLike] (node_modules/@babel/parser/src/parser/statement.ts:482:17)
      at TypeScriptParserMixin.parseStatementLike [as parseModuleItem] (node_modules/@babel/parser/src/parser/statement.ts:419:17)
      at TypeScriptParserMixin.parseModuleItem [as parseBlockOrModuleBlockBody] (node_modules/@babel/parser/src/parser/statement.ts:1443:16)
      at TypeScriptParserMixin.parseBlockOrModuleBlockBody [as parseBlockBody] (node_modules/@babel/parser/src/parser/statement.ts:1417:10)
      at TypeScriptParserMixin.parseBlockBody [as parseProgram] (node_modules/@babel/parser/src/parser/statement.ts:229:10)
      at TypeScriptParserMixin.parseProgram [as parseTopLevel] (node_modules/@babel/parser/src/parser/statement.ts:203:25)
      at TypeScriptParserMixin.parseTopLevel (node_modules/@babel/parser/src/parser/index.ts:83:25)
      at TypeScriptParserMixin.parse (node_modules/@babel/parser/src/plugins/typescript/index.ts:4354:20)
      at parse (node_modules/@babel/parser/src/index.ts:86:38)
      at parser (node_modules/@babel/core/src/parser/index.ts:29:19)
          at parser.next (<anonymous>)
      at normalizeFile (node_modules/@babel/core/src/transformation/normalize-file.ts:50:24)
          at normalizeFile.next (<anonymous>)
      at run (node_modules/@babel/core/src/transformation/index.ts:41:36)
          at run.next (<anonymous>)
      at transform (node_modules/@babel/core/src/transform.ts:29:20)
          at transform.next (<anonymous>)
      at evaluateSync (node_modules/gensync/index.js:251:28)
      at sync (node_modules/gensync/index.js:89:14)
      at fn (node_modules/@babel/core/src/errors/rewrite-stack-trace.ts:99:14)
      at transformSync (node_modules/@babel/core/src/transform.ts:66:52)
      at Object.require (src/styles/index.ts:29:1)

  console.error
    react-test-renderer is deprecated. See https://react.dev/warnings/react-test-renderer

    [0m [90m 43 |[39m     mockState[33m.[39mroulette[33m.[39mplacedBets [33m=[39m [{ amount[33m:[39m [35m1[39m }[33m,[39m { amount[33m:[39m [35m3[39m }[33m,[39m { amount[33m:[39m [35m2[39m }][33m;[39m
     [90m 44 |[39m
    [31m[1m>[22m[39m[90m 45 |[39m     [36mconst[39m { result } [33m=[39m renderHook(() [33m=>[39m useLayoutPracticeSession())[33m;[39m
     [90m    |[39m                                  [31m[1m^[22m[39m
     [90m 46 |[39m
     [90m 47 |[39m     expect(result[33m.[39mcurrent[33m.[39mselectedChipValue)[33m.[39mtoBe([35m25[39m)[33m;[39m
     [90m 48 |[39m     expect(result[33m.[39mcurrent[33m.[39mtotalBetAmount)[33m.[39mtoBe([35m6[39m)[33m;[39m[0m

      at Object.process.env.NODE_ENV.exports.create (node_modules/react-test-renderer/cjs/react-test-renderer.development.js:14598:17)
      at create (node_modules/@testing-library/react-native/src/render-act.ts:15:29)
      at callback (node_modules/@testing-library/react-native/src/act.ts:31:24)
      at process.env.NODE_ENV.exports.act (node_modules/react/cjs/react.development.js:789:22)
      at actImplementation (node_modules/@testing-library/react-native/src/act.ts:30:25)
      at renderWithAct (node_modules/@testing-library/react-native/src/render-act.ts:13:11)
      at renderInternal (node_modules/@testing-library/react-native/src/render.tsx:69:33)
      at renderInternal (node_modules/@testing-library/react-native/src/render.tsx:44:10)
      at renderHook (node_modules/@testing-library/react-native/src/render-hook.tsx:55:58)
      at Object.<anonymous> (src/features/roulette-training/screens/reference/RouletteLayoutPracticeScreen/useLayoutPracticeSession.test.ts:45:34)

  console.error
    react-test-renderer is deprecated. See https://react.dev/warnings/react-test-renderer

    [0m [90m 50 |[39m
     [90m 51 |[39m   it([32m'updates selected number when number is pressed'[39m[33m,[39m () [33m=>[39m {
    [31m[1m>[22m[39m[90m 52 |[39m     [36mconst[39m { result } [33m=[39m renderHook(() [33m=>[39m useLayoutPracticeSession())[33m;[39m
     [90m    |[39m                                  [31m[1m^[22m[39m
     [90m 53 |[39m
     [90m 54 |[39m     act(() [33m=>[39m {
     [90m 55 |[39m       result[33m.[39mcurrent[33m.[39mhandleNumberPress([35m17[39m)[33m;[39m[0m

      at Object.process.env.NODE_ENV.exports.create (node_modules/react-test-renderer/cjs/react-test-renderer.development.js:14598:17)
      at create (node_modules/@testing-library/react-native/src/render-act.ts:15:29)
      at callback (node_modules/@testing-library/react-native/src/act.ts:31:24)
      at process.env.NODE_ENV.exports.act (node_modules/react/cjs/react.development.js:789:22)
      at actImplementation (node_modules/@testing-library/react-native/src/act.ts:30:25)
      at renderWithAct (node_modules/@testing-library/react-native/src/render-act.ts:13:11)
      at renderInternal (node_modules/@testing-library/react-native/src/render.tsx:69:33)
      at renderInternal (node_modules/@testing-library/react-native/src/render.tsx:44:10)
      at renderHook (node_modules/@testing-library/react-native/src/render-hook.tsx:55:58)
      at Object.<anonymous> (src/features/roulette-training/screens/reference/RouletteLayoutPracticeScreen/useLayoutPracticeSession.test.ts:52:34)

  console.error
    react-test-renderer is deprecated. See https://react.dev/warnings/react-test-renderer

    [0m [90m 4 |[39m describe([32m'useModalAnimation'[39m[33m,[39m () [33m=>[39m {
     [90m 5 |[39m   it([32m'returns fadeAnim and scaleAnim values'[39m[33m,[39m () [33m=>[39m {
    [31m[1m>[22m[39m[90m 6 |[39m     [36mconst[39m { result } [33m=[39m renderHook(() [33m=>[39m useModalAnimation([36mfalse[39m))[33m;[39m
     [90m   |[39m                                  [31m[1m^[22m[39m
     [90m 7 |[39m
     [90m 8 |[39m     expect(result[33m.[39mcurrent[33m.[39mfadeAnim)[33m.[39mtoBeDefined()[33m;[39m
     [90m 9 |[39m     expect(result[33m.[39mcurrent[33m.[39mscaleAnim)[33m.[39mtoBeDefined()[33m;[39m[0m

      at Object.process.env.NODE_ENV.exports.create (node_modules/react-test-renderer/cjs/react-test-renderer.development.js:14598:17)
      at create (node_modules/@testing-library/react-native/src/render-act.ts:15:29)
      at callback (node_modules/@testing-library/react-native/src/act.ts:31:24)
      at process.env.NODE_ENV.exports.act (node_modules/react/cjs/react.development.js:789:22)
      at actImplementation (node_modules/@testing-library/react-native/src/act.ts:30:25)
      at renderWithAct (node_modules/@testing-library/react-native/src/render-act.ts:13:11)
      at renderInternal (node_modules/@testing-library/react-native/src/render.tsx:69:33)
      at renderInternal (node_modules/@testing-library/react-native/src/render.tsx:44:10)
      at renderHook (node_modules/@testing-library/react-native/src/render-hook.tsx:55:58)
      at Object.<anonymous> (src/components/shared/useModalAnimation/useModalAnimation.test.ts:6:34)

PASS src/features/cash-conversion-training/utils/__tests__/calculations.test.ts
  calculateCorrectAnswer
    for-the-money requests
      ΓêÜ should calculate correct bet for simple tier request (8 ms)
      ΓêÜ should round down to nearest $5 increment
      ΓêÜ should apply difficulty cap for easy mode ($50 max)
      ΓêÜ should apply difficulty cap for medium mode ($100 max) (1 ms)
      ΓêÜ should apply difficulty cap for hard mode ($200 max) (1 ms)
      ΓêÜ should ensure minimum bet of $5 (1 ms)
      ΓêÜ should calculate correctly for voisins (9 positions) (6 ms)
      ΓêÜ should calculate correctly for orphelins (5 positions)
      ΓêÜ should calculate correctly for zero (4 positions)
      ΓêÜ should calculate correctly for neighbors (5 positions)
    by-amount requests
      ΓêÜ should use specified amount for by-amount request (1 ms)
      ΓêÜ should calculate change correctly for by-amount request (1 ms)
  validateAnswer
    ΓêÜ should return correct for matching answers (1 ms)
    ΓêÜ should return incorrect for wrong total bet (1 ms)
    ΓêÜ should return incorrect for wrong bet per position (1 ms)
    ΓêÜ should return incorrect for wrong change (5 ms)
    ΓêÜ should return all comparison values in result (1 ms)
  generateRandomCashAmount
    ΓêÜ should return multiples of $25 (7 ms)
    ΓêÜ should return amount within valid range for easy difficulty (17 ms)
    ΓêÜ should return amount within valid range for medium difficulty (20 ms)
    ΓêÜ should return amount within valid range for hard difficulty (16 ms)
    ΓêÜ should work without sector parameter (default to tier) (8 ms)
  generateRandomSector
    ΓêÜ should return a valid sector (45 ms)
    ΓêÜ should eventually return all sector types (1 ms)
  generateRandomRequest
    for-the-money requests
      ΓêÜ should generate a valid for-the-money request (1 ms)
      ΓêÜ should generate request with cash amount resulting in change < maxChange (9 ms)
      ΓêÜ should adjust cash amount when change would be too high (1 ms)
    by-amount requests
      ΓêÜ should generate a valid by-amount request with specified amount (8 ms)
      ΓêÜ should generate by-amount request with valid change (7 ms)
      ΓêÜ should adjust cash amount when no valid bets found for by-amount (1 ms)
    all sectors
      ΓêÜ should work with all sector types (1 ms)
      ΓêÜ should work with all difficulty levels (2 ms)
    cash amount validation
      ΓêÜ should generate cash amounts that are multiples of $25 (4 ms)
      ΓêÜ should generate varied request types over multiple calls (1 ms)

  console.error
    react-test-renderer is deprecated. See https://react.dev/warnings/react-test-renderer

    [0m [90m 60 |[39m
     [90m 61 |[39m   it([32m'dispatches setSelectedChipValue on chip selection'[39m[33m,[39m () [33m=>[39m {
    [31m[1m>[22m[39m[90m 62 |[39m     [36mconst[39m { result } [33m=[39m renderHook(() [33m=>[39m useLayoutPracticeSession())[33m;[39m
     [90m    |[39m                                  [31m[1m^[22m[39m
     [90m 63 |[39m
     [90m 64 |[39m     act(() [33m=>[39m {
     [90m 65 |[39m       result[33m.[39mcurrent[33m.[39mhandleChipSelect([35m100[39m)[33m;[39m[0m

      at Object.process.env.NODE_ENV.exports.create (node_modules/react-test-renderer/cjs/react-test-renderer.development.js:14598:17)
      at create (node_modules/@testing-library/react-native/src/render-act.ts:15:29)
      at callback (node_modules/@testing-library/react-native/src/act.ts:31:24)
      at process.env.NODE_ENV.exports.act (node_modules/react/cjs/react.development.js:789:22)
      at actImplementation (node_modules/@testing-library/react-native/src/act.ts:30:25)
      at renderWithAct (node_modules/@testing-library/react-native/src/render-act.ts:13:11)
      at renderInternal (node_modules/@testing-library/react-native/src/render.tsx:69:33)
      at renderInternal (node_modules/@testing-library/react-native/src/render.tsx:44:10)
      at renderHook (node_modules/@testing-library/react-native/src/render-hook.tsx:55:58)
      at Object.<anonymous> (src/features/roulette-training/screens/reference/RouletteLayoutPracticeScreen/useLayoutPracticeSession.test.ts:62:34)

  console.error
    react-test-renderer is deprecated. See https://react.dev/warnings/react-test-renderer

    [0m [90m 11 |[39m
     [90m 12 |[39m   it([32m'returns objects with animation methods'[39m[33m,[39m () [33m=>[39m {
    [31m[1m>[22m[39m[90m 13 |[39m     [36mconst[39m { result } [33m=[39m renderHook(() [33m=>[39m useModalAnimation([36mfalse[39m))[33m;[39m
     [90m    |[39m                                  [31m[1m^[22m[39m
     [90m 14 |[39m
     [90m 15 |[39m     [90m// Verify they have animation-specific methods[39m
     [90m 16 |[39m     expect([36mtypeof[39m result[33m.[39mcurrent[33m.[39mfadeAnim[33m.[39msetValue)[33m.[39mtoBe([32m'function'[39m)[33m;[39m[0m

      at Object.process.env.NODE_ENV.exports.create (node_modules/react-test-renderer/cjs/react-test-renderer.development.js:14598:17)
      at create (node_modules/@testing-library/react-native/src/render-act.ts:15:29)
      at callback (node_modules/@testing-library/react-native/src/act.ts:31:24)
      at process.env.NODE_ENV.exports.act (node_modules/react/cjs/react.development.js:789:22)
      at actImplementation (node_modules/@testing-library/react-native/src/act.ts:30:25)
      at renderWithAct (node_modules/@testing-library/react-native/src/render-act.ts:13:11)
      at renderInternal (node_modules/@testing-library/react-native/src/render.tsx:69:33)
      at renderInternal (node_modules/@testing-library/react-native/src/render.tsx:44:10)
      at renderHook (node_modules/@testing-library/react-native/src/render-hook.tsx:55:58)
      at Object.<anonymous> (src/components/shared/useModalAnimation/useModalAnimation.test.ts:13:34)

  console.error
    react-test-renderer is deprecated. See https://react.dev/warnings/react-test-renderer

    [0m [90m 76 |[39m     [36mconst[39m showAlert [33m=[39m jest[33m.[39mfn()[33m;[39m
     [90m 77 |[39m     jest[33m.[39mspyOn([33mDate[39m[33m,[39m [32m'now'[39m)[33m.[39mmockReturnValue([35m123456789[39m)[33m;[39m
    [31m[1m>[22m[39m[90m 78 |[39m     [36mconst[39m { result } [33m=[39m renderHook(() [33m=>[39m useLayoutPracticeSession({ showAlert }))[33m;[39m
     [90m    |[39m                                  [31m[1m^[22m[39m
     [90m 79 |[39m
     [90m 80 |[39m     act(() [33m=>[39m {
     [90m 81 |[39m       result[33m.[39mcurrent[33m.[39mhandleBetAreaPress([33mBetType[39m[33m.[39m[33mSTRAIGHT[39m[33m,[39m [[35m7[39m])[33m;[39m[0m

      at Object.process.env.NODE_ENV.exports.create (node_modules/react-test-renderer/cjs/react-test-renderer.development.js:14598:17)
      at create (node_modules/@testing-library/react-native/src/render-act.ts:15:29)
      at callback (node_modules/@testing-library/react-native/src/act.ts:31:24)
      at process.env.NODE_ENV.exports.act (node_modules/react/cjs/react.development.js:789:22)
      at actImplementation (node_modules/@testing-library/react-native/src/act.ts:30:25)
      at renderWithAct (node_modules/@testing-library/react-native/src/render-act.ts:13:11)
      at renderInternal (node_modules/@testing-library/react-native/src/render.tsx:69:33)
      at renderInternal (node_modules/@testing-library/react-native/src/render.tsx:44:10)
      at renderHook (node_modules/@testing-library/react-native/src/render-hook.tsx:55:58)
      at Object.<anonymous> (src/features/roulette-training/screens/reference/RouletteLayoutPracticeScreen/useLayoutPracticeSession.test.ts:78:34)

  console.error
    react-test-renderer is deprecated. See https://react.dev/warnings/react-test-renderer

    [0m [90m 19 |[39m
     [90m 20 |[39m   it([32m'can be called with visible true'[39m[33m,[39m () [33m=>[39m {
    [31m[1m>[22m[39m[90m 21 |[39m     [36mconst[39m { result } [33m=[39m renderHook(() [33m=>[39m useModalAnimation([36mtrue[39m))[33m;[39m
     [90m    |[39m                                  [31m[1m^[22m[39m
     [90m 22 |[39m
     [90m 23 |[39m     expect(result[33m.[39mcurrent[33m.[39mfadeAnim)[33m.[39mtoBeDefined()[33m;[39m
     [90m 24 |[39m     expect(result[33m.[39mcurrent[33m.[39mscaleAnim)[33m.[39mtoBeDefined()[33m;[39m[0m

      at Object.process.env.NODE_ENV.exports.create (node_modules/react-test-renderer/cjs/react-test-renderer.development.js:14598:17)
      at create (node_modules/@testing-library/react-native/src/render-act.ts:15:29)
      at callback (node_modules/@testing-library/react-native/src/act.ts:31:24)
      at process.env.NODE_ENV.exports.act (node_modules/react/cjs/react.development.js:789:22)
      at actImplementation (node_modules/@testing-library/react-native/src/act.ts:30:25)
      at renderWithAct (node_modules/@testing-library/react-native/src/render-act.ts:13:11)
      at renderInternal (node_modules/@testing-library/react-native/src/render.tsx:69:33)
      at renderInternal (node_modules/@testing-library/react-native/src/render.tsx:44:10)
      at renderHook (node_modules/@testing-library/react-native/src/render-hook.tsx:55:58)
      at Object.<anonymous> (src/components/shared/useModalAnimation/useModalAnimation.test.ts:21:34)

  console.error
    react-test-renderer is deprecated. See https://react.dev/warnings/react-test-renderer

    [0m [90m 26 |[39m
     [90m 27 |[39m   it([32m'can be called with visible false'[39m[33m,[39m () [33m=>[39m {
    [31m[1m>[22m[39m[90m 28 |[39m     [36mconst[39m { result } [33m=[39m renderHook(() [33m=>[39m useModalAnimation([36mfalse[39m))[33m;[39m
     [90m    |[39m                                  [31m[1m^[22m[39m
     [90m 29 |[39m
     [90m 30 |[39m     expect(result[33m.[39mcurrent[33m.[39mfadeAnim)[33m.[39mtoBeDefined()[33m;[39m
     [90m 31 |[39m     expect(result[33m.[39mcurrent[33m.[39mscaleAnim)[33m.[39mtoBeDefined()[33m;[39m[0m

      at Object.process.env.NODE_ENV.exports.create (node_modules/react-test-renderer/cjs/react-test-renderer.development.js:14598:17)
      at create (node_modules/@testing-library/react-native/src/render-act.ts:15:29)
      at callback (node_modules/@testing-library/react-native/src/act.ts:31:24)
      at process.env.NODE_ENV.exports.act (node_modules/react/cjs/react.development.js:789:22)
      at actImplementation (node_modules/@testing-library/react-native/src/act.ts:30:25)
      at renderWithAct (node_modules/@testing-library/react-native/src/render-act.ts:13:11)
      at renderInternal (node_modules/@testing-library/react-native/src/render.tsx:69:33)
      at renderInternal (node_modules/@testing-library/react-native/src/render.tsx:44:10)
      at renderHook (node_modules/@testing-library/react-native/src/render-hook.tsx:55:58)
      at Object.<anonymous> (src/components/shared/useModalAnimation/useModalAnimation.test.ts:28:34)

  console.error
    react-test-renderer is deprecated. See https://react.dev/warnings/react-test-renderer

    [0m [90m  95 |[39m   it([32m'clears bets, resets selected number, and shows cleared alert'[39m[33m,[39m () [33m=>[39m {
     [90m  96 |[39m     [36mconst[39m showAlert [33m=[39m jest[33m.[39mfn()[33m;[39m
    [31m[1m>[22m[39m[90m  97 |[39m     [36mconst[39m { result } [33m=[39m renderHook(() [33m=>[39m useLayoutPracticeSession({ showAlert }))[33m;[39m
     [90m     |[39m                                  [31m[1m^[22m[39m
     [90m  98 |[39m
     [90m  99 |[39m     act(() [33m=>[39m {
     [90m 100 |[39m       result[33m.[39mcurrent[33m.[39mhandleNumberPress([35m20[39m)[33m;[39m[0m

      at Object.process.env.NODE_ENV.exports.create (node_modules/react-test-renderer/cjs/react-test-renderer.development.js:14598:17)
      at create (node_modules/@testing-library/react-native/src/render-act.ts:15:29)
      at callback (node_modules/@testing-library/react-native/src/act.ts:31:24)
      at process.env.NODE_ENV.exports.act (node_modules/react/cjs/react.development.js:789:22)
      at actImplementation (node_modules/@testing-library/react-native/src/act.ts:30:25)
      at renderWithAct (node_modules/@testing-library/react-native/src/render-act.ts:13:11)
      at renderInternal (node_modules/@testing-library/react-native/src/render.tsx:69:33)
      at renderInternal (node_modules/@testing-library/react-native/src/render.tsx:44:10)
      at renderHook (node_modules/@testing-library/react-native/src/render-hook.tsx:55:58)
      at Object.<anonymous> (src/features/roulette-training/screens/reference/RouletteLayoutPracticeScreen/useLayoutPracticeSession.test.ts:97:34)

  console.error
    react-test-renderer is deprecated. See https://react.dev/warnings/react-test-renderer

    [0m [90m 33 |[39m
     [90m 34 |[39m   it([32m'hook does not throw errors on mount and unmount'[39m[33m,[39m () [33m=>[39m {
    [31m[1m>[22m[39m[90m 35 |[39m     [36mconst[39m { result[33m,[39m unmount } [33m=[39m renderHook(() [33m=>[39m useModalAnimation([36mtrue[39m))[33m;[39m
     [90m    |[39m                                           [31m[1m^[22m[39m
     [90m 36 |[39m
     [90m 37 |[39m     expect(result[33m.[39mcurrent[33m.[39mfadeAnim)[33m.[39mtoBeDefined()[33m;[39m
     [90m 38 |[39m[0m

      at Object.process.env.NODE_ENV.exports.create (node_modules/react-test-renderer/cjs/react-test-renderer.development.js:14598:17)
      at create (node_modules/@testing-library/react-native/src/render-act.ts:15:29)
      at callback (node_modules/@testing-library/react-native/src/act.ts:31:24)
      at process.env.NODE_ENV.exports.act (node_modules/react/cjs/react.development.js:789:22)
      at actImplementation (node_modules/@testing-library/react-native/src/act.ts:30:25)
      at renderWithAct (node_modules/@testing-library/react-native/src/render-act.ts:13:11)
      at renderInternal (node_modules/@testing-library/react-native/src/render.tsx:69:33)
      at renderInternal (node_modules/@testing-library/react-native/src/render.tsx:44:10)
      at renderHook (node_modules/@testing-library/react-native/src/render-hook.tsx:55:58)
      at Object.<anonymous> (src/components/shared/useModalAnimation/useModalAnimation.test.ts:35:43)

PASS src/features/roulette-training/screens/reference/RouletteLayoutPracticeScreen/useLayoutPracticeSession.test.ts
  useLayoutPracticeSession
    ΓêÜ exposes selected chip value and total amount from store (45 ms)
    ΓêÜ updates selected number when number is pressed (11 ms)
    ΓêÜ dispatches setSelectedChipValue on chip selection (17 ms)
    ΓêÜ dispatches placeBet and shows bet details alert (8 ms)
    ΓêÜ clears bets, resets selected number, and shows cleared alert (9 ms)

  console.error
    react-test-renderer is deprecated. See https://react.dev/warnings/react-test-renderer

    [0m [90m 140 |[39m       }[33m;[39m
     [90m 141 |[39m
    [31m[1m>[22m[39m[90m 142 |[39m       [36mconst[39m { getByText } [33m=[39m render([33m<[39m[33mTestHomeScreen[39m navigation[33m=[39m{mockNavigation} [33m/[39m[33m>[39m)[33m;[39m
     [90m     |[39m                                   [31m[1m^[22m[39m
     [90m 143 |[39m
     [90m 144 |[39m       fireEvent[33m.[39mpress(getByText([32m'Cash Conversion'[39m))[33m;[39m
     [90m 145 |[39m[0m

      at Object.process.env.NODE_ENV.exports.create (node_modules/react-test-renderer/cjs/react-test-renderer.development.js:14598:17)
      at create (node_modules/@testing-library/react-native/src/render-act.ts:15:29)
      at callback (node_modules/@testing-library/react-native/src/act.ts:31:24)
      at process.env.NODE_ENV.exports.act (node_modules/react/cjs/react.development.js:789:22)
      at actImplementation (node_modules/@testing-library/react-native/src/act.ts:30:25)
      at renderWithAct (node_modules/@testing-library/react-native/src/render-act.ts:13:11)
      at renderInternal (node_modules/@testing-library/react-native/src/render.tsx:69:33)
      at renderInternal (node_modules/@testing-library/react-native/src/render.tsx:44:10)
      at Object.<anonymous> (src/integration/__tests__/navigation.test.tsx:142:35)

  console.error
    react-test-renderer is deprecated. See https://react.dev/warnings/react-test-renderer

    [0m [90m 28 |[39m     getRandomWinningNumber[33m.[39mmockReturnValue([35m17[39m)[33m;[39m
     [90m 29 |[39m
    [31m[1m>[22m[39m[90m 30 |[39m     [36mconst[39m { result } [33m=[39m renderHook(() [33m=>[39m usePositionTrainingSession({ mode[33m:[39m [32m'random'[39m }))[33m;[39m
     [90m    |[39m                                  [31m[1m^[22m[39m
     [90m 31 |[39m
     [90m 32 |[39m     expect(getRandomWinningNumber)[33m.[39mtoHaveBeenCalledTimes([35m1[39m)[33m;[39m
     [90m 33 |[39m     expect(result[33m.[39mcurrent[33m.[39mcurrentWinningNumber)[33m.[39mtoBe([35m17[39m)[33m;[39m[0m

      at Object.process.env.NODE_ENV.exports.create (node_modules/react-test-renderer/cjs/react-test-renderer.development.js:14598:17)
      at create (node_modules/@testing-library/react-native/src/render-act.ts:15:29)
      at callback (node_modules/@testing-library/react-native/src/act.ts:31:24)
      at process.env.NODE_ENV.exports.act (node_modules/react/cjs/react.development.js:789:22)
      at actImplementation (node_modules/@testing-library/react-native/src/act.ts:30:25)
      at renderWithAct (node_modules/@testing-library/react-native/src/render-act.ts:13:11)
      at renderInternal (node_modules/@testing-library/react-native/src/render.tsx:69:33)
      at renderInternal (node_modules/@testing-library/react-native/src/render.tsx:44:10)
      at renderHook (node_modules/@testing-library/react-native/src/render-hook.tsx:55:58)
      at Object.<anonymous> (src/features/racetrack-position-training/screens/PositionTrainingScreen/usePositionTrainingSession.test.tsx:30:34)

PASS src/components/shared/useModalAnimation/useModalAnimation.test.ts
  useModalAnimation
    ΓêÜ returns fadeAnim and scaleAnim values (27 ms)
    ΓêÜ returns objects with animation methods (11 ms)
    ΓêÜ can be called with visible true (10 ms)
    ΓêÜ can be called with visible false (7 ms)
    ΓêÜ hook does not throw errors on mount and unmount (8 ms)

  console.error
    react-test-renderer is deprecated. See https://react.dev/warnings/react-test-renderer

    [0m [90m 155 |[39m       }[33m;[39m
     [90m 156 |[39m
    [31m[1m>[22m[39m[90m 157 |[39m       [36mconst[39m { getByText } [33m=[39m render([33m<[39m[33mTestProgressScreen[39m navigation[33m=[39m{mockNavigation} [33m/[39m[33m>[39m)[33m;[39m
     [90m     |[39m                                   [31m[1m^[22m[39m
     [90m 158 |[39m
     [90m 159 |[39m       expect(getByText([32m'My Progress'[39m))[33m.[39mtoBeTruthy()[33m;[39m
     [90m 160 |[39m     })[33m;[39m[0m

      at Object.process.env.NODE_ENV.exports.create (node_modules/react-test-renderer/cjs/react-test-renderer.development.js:14598:17)
      at create (node_modules/@testing-library/react-native/src/render-act.ts:15:29)
      at callback (node_modules/@testing-library/react-native/src/act.ts:31:24)
      at process.env.NODE_ENV.exports.act (node_modules/react/cjs/react.development.js:789:22)
      at actImplementation (node_modules/@testing-library/react-native/src/act.ts:30:25)
      at renderWithAct (node_modules/@testing-library/react-native/src/render-act.ts:13:11)
      at renderInternal (node_modules/@testing-library/react-native/src/render.tsx:69:33)
      at renderInternal (node_modules/@testing-library/react-native/src/render.tsx:44:10)
      at Object.<anonymous> (src/integration/__tests__/navigation.test.tsx:157:35)

  console.error
    react-test-renderer is deprecated. See https://react.dev/warnings/react-test-renderer

    [0m [90m 44 |[39m     })[33m;[39m
     [90m 45 |[39m
    [31m[1m>[22m[39m[90m 46 |[39m     [36mconst[39m { result } [33m=[39m renderHook(() [33m=>[39m usePositionTrainingSession({ mode[33m:[39m [32m'single'[39m }))[33m;[39m
     [90m    |[39m                                  [31m[1m^[22m[39m
     [90m 47 |[39m
     [90m 48 |[39m     act(() [33m=>[39m {
     [90m 49 |[39m       result[33m.[39mcurrent[33m.[39mhandleNumberPress([32m'12'[39m)[33m;[39m[0m

      at Object.process.env.NODE_ENV.exports.create (node_modules/react-test-renderer/cjs/react-test-renderer.development.js:14598:17)
      at create (node_modules/@testing-library/react-native/src/render-act.ts:15:29)
      at callback (node_modules/@testing-library/react-native/src/act.ts:31:24)
      at process.env.NODE_ENV.exports.act (node_modules/react/cjs/react.development.js:789:22)
      at actImplementation (node_modules/@testing-library/react-native/src/act.ts:30:25)
      at renderWithAct (node_modules/@testing-library/react-native/src/render-act.ts:13:11)
      at renderInternal (node_modules/@testing-library/react-native/src/render.tsx:69:33)
      at renderInternal (node_modules/@testing-library/react-native/src/render.tsx:44:10)
      at renderHook (node_modules/@testing-library/react-native/src/render-hook.tsx:55:58)
      at Object.<anonymous> (src/features/racetrack-position-training/screens/PositionTrainingScreen/usePositionTrainingSession.test.tsx:46:34)

  console.error
    react-test-renderer is deprecated. See https://react.dev/warnings/react-test-renderer

    [0m [90m 166 |[39m       }[33m;[39m
     [90m 167 |[39m
    [31m[1m>[22m[39m[90m 168 |[39m       [36mconst[39m { getByText } [33m=[39m render([33m<[39m[33mTestProgressScreen[39m navigation[33m=[39m{mockNavigation} [33m/[39m[33m>[39m)[33m;[39m
     [90m     |[39m                                   [31m[1m^[22m[39m
     [90m 169 |[39m
     [90m 170 |[39m       fireEvent[33m.[39mpress(getByText([32m'Go Back'[39m))[33m;[39m
     [90m 171 |[39m[0m

      at Object.process.env.NODE_ENV.exports.create (node_modules/react-test-renderer/cjs/react-test-renderer.development.js:14598:17)
      at create (node_modules/@testing-library/react-native/src/render-act.ts:15:29)
      at callback (node_modules/@testing-library/react-native/src/act.ts:31:24)
      at process.env.NODE_ENV.exports.act (node_modules/react/cjs/react.development.js:789:22)
      at actImplementation (node_modules/@testing-library/react-native/src/act.ts:30:25)
      at renderWithAct (node_modules/@testing-library/react-native/src/render-act.ts:13:11)
      at renderInternal (node_modules/@testing-library/react-native/src/render.tsx:69:33)
      at renderInternal (node_modules/@testing-library/react-native/src/render.tsx:44:10)
      at Object.<anonymous> (src/integration/__tests__/navigation.test.tsx:168:35)

  console.error
    react-test-renderer is deprecated. See https://react.dev/warnings/react-test-renderer

    [0m [90m 73 |[39m     })[33m;[39m
     [90m 74 |[39m
    [31m[1m>[22m[39m[90m 75 |[39m     [36mconst[39m { result } [33m=[39m renderHook(() [33m=>[39m usePositionTrainingSession({ mode[33m:[39m [32m'random'[39m }))[33m;[39m
     [90m    |[39m                                  [31m[1m^[22m[39m
     [90m 76 |[39m
     [90m 77 |[39m     act(() [33m=>[39m {
     [90m 78 |[39m       result[33m.[39mcurrent[33m.[39mhandleNumberPress([32m'12'[39m)[33m;[39m[0m

      at Object.process.env.NODE_ENV.exports.create (node_modules/react-test-renderer/cjs/react-test-renderer.development.js:14598:17)
      at create (node_modules/@testing-library/react-native/src/render-act.ts:15:29)
      at callback (node_modules/@testing-library/react-native/src/act.ts:31:24)
      at process.env.NODE_ENV.exports.act (node_modules/react/cjs/react.development.js:789:22)
      at actImplementation (node_modules/@testing-library/react-native/src/act.ts:30:25)
      at renderWithAct (node_modules/@testing-library/react-native/src/render-act.ts:13:11)
      at renderInternal (node_modules/@testing-library/react-native/src/render.tsx:69:33)
      at renderInternal (node_modules/@testing-library/react-native/src/render.tsx:44:10)
      at renderHook (node_modules/@testing-library/react-native/src/render-hook.tsx:55:58)
      at Object.<anonymous> (src/features/racetrack-position-training/screens/PositionTrainingScreen/usePositionTrainingSession.test.tsx:75:34)

  console.error
    react-test-renderer is deprecated. See https://react.dev/warnings/react-test-renderer

    [0m [90m 182 |[39m
     [90m 183 |[39m       [90m// Start at home[39m
    [31m[1m>[22m[39m[90m 184 |[39m       [36mconst[39m { getByText[33m:[39m getByTextHome } [33m=[39m render([33m<[39m[33mTestHomeScreen[39m navigation[33m=[39m{mockNavigation} [33m/[39m[33m>[39m)[33m;[39m
     [90m     |[39m                                                  [31m[1m^[22m[39m
     [90m 185 |[39m
     [90m 186 |[39m       [90m// Navigate to progress[39m
     [90m 187 |[39m       fireEvent[33m.[39mpress(getByTextHome([32m'My Progress'[39m))[33m;[39m[0m

      at Object.process.env.NODE_ENV.exports.create (node_modules/react-test-renderer/cjs/react-test-renderer.development.js:14598:17)
      at create (node_modules/@testing-library/react-native/src/render-act.ts:15:29)
      at callback (node_modules/@testing-library/react-native/src/act.ts:31:24)
      at process.env.NODE_ENV.exports.act (node_modules/react/cjs/react.development.js:789:22)
      at actImplementation (node_modules/@testing-library/react-native/src/act.ts:30:25)
      at renderWithAct (node_modules/@testing-library/react-native/src/render-act.ts:13:11)
      at renderInternal (node_modules/@testing-library/react-native/src/render.tsx:69:33)
      at renderInternal (node_modules/@testing-library/react-native/src/render.tsx:44:10)
      at Object.<anonymous> (src/integration/__tests__/navigation.test.tsx:184:50)

  console.error
    react-test-renderer is deprecated. See https://react.dev/warnings/react-test-renderer

    [0m [90m 189 |[39m
     [90m 190 |[39m       [90m// Simulate being on progress screen (separate render)[39m
    [31m[1m>[22m[39m[90m 191 |[39m       [36mconst[39m { getByText[33m:[39m getByTextProgress } [33m=[39m render(
     [90m     |[39m                                                      [31m[1m^[22m[39m
     [90m 192 |[39m         [33m<[39m[33mTestProgressScreen[39m navigation[33m=[39m{mockNavigation} [33m/[39m[33m>[39m
     [90m 193 |[39m       )[33m;[39m
     [90m 194 |[39m[0m

      at Object.process.env.NODE_ENV.exports.create (node_modules/react-test-renderer/cjs/react-test-renderer.development.js:14598:17)
      at create (node_modules/@testing-library/react-native/src/render-act.ts:15:29)
      at callback (node_modules/@testing-library/react-native/src/act.ts:31:24)
      at process.env.NODE_ENV.exports.act (node_modules/react/cjs/react.development.js:789:22)
      at actImplementation (node_modules/@testing-library/react-native/src/act.ts:30:25)
      at renderWithAct (node_modules/@testing-library/react-native/src/render-act.ts:13:11)
      at renderInternal (node_modules/@testing-library/react-native/src/render.tsx:69:33)
      at renderInternal (node_modules/@testing-library/react-native/src/render.tsx:44:10)
      at Object.<anonymous> (src/integration/__tests__/navigation.test.tsx:191:54)

  console.error
    react-test-renderer is deprecated. See https://react.dev/warnings/react-test-renderer

    [0m [90m 92 |[39m     getRandomWinningNumber[33m.[39mmockReturnValueOnce([35m4[39m)[33m.[39mmockReturnValueOnce([35m22[39m)[33m;[39m
     [90m 93 |[39m
    [31m[1m>[22m[39m[90m 94 |[39m     [36mconst[39m { result } [33m=[39m renderHook(() [33m=>[39m usePositionTrainingSession({ mode[33m:[39m [32m'random'[39m }))[33m;[39m
     [90m    |[39m                                  [31m[1m^[22m[39m
     [90m 95 |[39m
     [90m 96 |[39m     act(() [33m=>[39m {
     [90m 97 |[39m       result[33m.[39mcurrent[33m.[39mhandleNext()[33m;[39m[0m

      at Object.process.env.NODE_ENV.exports.create (node_modules/react-test-renderer/cjs/react-test-renderer.development.js:14598:17)
      at create (node_modules/@testing-library/react-native/src/render-act.ts:15:29)
      at callback (node_modules/@testing-library/react-native/src/act.ts:31:24)
      at process.env.NODE_ENV.exports.act (node_modules/react/cjs/react.development.js:789:22)
      at actImplementation (node_modules/@testing-library/react-native/src/act.ts:30:25)
      at renderWithAct (node_modules/@testing-library/react-native/src/render-act.ts:13:11)
      at renderInternal (node_modules/@testing-library/react-native/src/render.tsx:69:33)
      at renderInternal (node_modules/@testing-library/react-native/src/render.tsx:44:10)
      at renderHook (node_modules/@testing-library/react-native/src/render-hook.tsx:55:58)
      at Object.<anonymous> (src/features/racetrack-position-training/screens/PositionTrainingScreen/usePositionTrainingSession.test.tsx:94:34)

  console.error
    react-test-renderer is deprecated. See https://react.dev/warnings/react-test-renderer

    [0m [90m 204 |[39m       }[33m;[39m
     [90m 205 |[39m
    [31m[1m>[22m[39m[90m 206 |[39m       [36mconst[39m { getByText } [33m=[39m render([33m<[39m[33mTestHomeScreen[39m navigation[33m=[39m{mockNavigation} [33m/[39m[33m>[39m)[33m;[39m
     [90m     |[39m                                   [31m[1m^[22m[39m
     [90m 207 |[39m
     [90m 208 |[39m       [90m// Navigate multiple times[39m
     [90m 209 |[39m       fireEvent[33m.[39mpress(getByText([32m'My Progress'[39m))[33m;[39m[0m

      at Object.process.env.NODE_ENV.exports.create (node_modules/react-test-renderer/cjs/react-test-renderer.development.js:14598:17)
      at create (node_modules/@testing-library/react-native/src/render-act.ts:15:29)
      at callback (node_modules/@testing-library/react-native/src/act.ts:31:24)
      at process.env.NODE_ENV.exports.act (node_modules/react/cjs/react.development.js:789:22)
      at actImplementation (node_modules/@testing-library/react-native/src/act.ts:30:25)
      at renderWithAct (node_modules/@testing-library/react-native/src/render-act.ts:13:11)
      at renderInternal (node_modules/@testing-library/react-native/src/render.tsx:69:33)
      at renderInternal (node_modules/@testing-library/react-native/src/render.tsx:44:10)
      at Object.<anonymous> (src/integration/__tests__/navigation.test.tsx:206:35)

PASS src/features/racetrack-position-training/screens/PositionTrainingScreen/usePositionTrainingSession.test.tsx
  usePositionTrainingSession
    ΓêÜ generates an initial number on mount (51 ms)
    ΓêÜ increments stats and auto-advances on correct answer (17 ms)
    ΓêÜ updates stats and does not auto-advance on incorrect answer (19 ms)
    ΓêÜ resets round when handleNext is called (12 ms)

PASS src/integration/__tests__/navigation.test.tsx
  Navigation Integration
    HomeScreen Navigation
      ΓêÜ should render home screen with title (33 ms)
      ΓêÜ should render navigation buttons (115 ms)
      ΓêÜ should call navigate with Progress when My Progress button is pressed (81 ms)
      ΓêÜ should call navigate with CashConversionMenu when Cash Conversion button is pressed (10 ms)
    ProgressScreen Navigation
      ΓêÜ should render progress screen with title (14 ms)
      ΓêÜ should call goBack when back button is pressed (14 ms)
    Navigation Flow
      ΓêÜ should support navigating from home to progress and back (22 ms)
      ΓêÜ should support multiple navigation calls (11 ms)

PASS src/features/racetrack/utils/__tests__/racetrack.utils.test.ts
  racetrack.utils
    getNeighbors
      ΓêÜ should return empty array for invalid number (7 ms)
      ΓêÜ should return correct neighbors for valid number with default count (1 ms)
      ΓêÜ should return correct neighbors with custom count (1 ms)
      ΓêÜ should wrap around the wheel correctly (1 ms)
      ΓêÜ should return the center number in the middle of the array
    getTopNumberCenterX
      ΓêÜ should return correct X for first top number (index 0)
      ΓêÜ should return correct X for last top number (1 ms)
      ΓêÜ should return increasing X values for increasing indices (1 ms)
    getBottomNumberCenterX
      ΓêÜ should return correct X for first bottom number (index 0) (1 ms)
      ΓêÜ should return correct X for last bottom number
      ΓêÜ should return increasing X values for increasing indices (1 ms)
    svgToComponent
      ΓêÜ should convert SVG coordinates to component coordinates (1 ms)
      ΓêÜ should convert bottom-right corner correctly (1 ms)
      ΓêÜ should convert center point correctly (1 ms)
    svgDimensionToComponent
      ΓêÜ should convert width dimension correctly
      ΓêÜ should convert height dimension correctly (1 ms)
      ΓêÜ should convert full width correctly
      ΓêÜ should convert full height correctly (1 ms)

  console.error
    react-test-renderer is deprecated. See https://react.dev/warnings/react-test-renderer

    [0m [90m 30 |[39m     getRandomWinningNumber[33m.[39mmockReturnValue([35m18[39m)[33m;[39m
     [90m 31 |[39m
    [31m[1m>[22m[39m[90m 32 |[39m     [36mconst[39m { result } [33m=[39m renderHook(() [33m=>[39m useSectorTrainingSession({ mode[33m:[39m [32m'random'[39m }))[33m;[39m
     [90m    |[39m                                  [31m[1m^[22m[39m
     [90m 33 |[39m
     [90m 34 |[39m     expect(result[33m.[39mcurrent[33m.[39mcurrentWinningNumber)[33m.[39mtoBe([35m18[39m)[33m;[39m
     [90m 35 |[39m     expect(getRandomWinningNumber)[33m.[39mtoHaveBeenCalledTimes([35m1[39m)[33m;[39m[0m

      at Object.process.env.NODE_ENV.exports.create (node_modules/react-test-renderer/cjs/react-test-renderer.development.js:14598:17)
      at create (node_modules/@testing-library/react-native/src/render-act.ts:15:29)
      at callback (node_modules/@testing-library/react-native/src/act.ts:31:24)
      at process.env.NODE_ENV.exports.act (node_modules/react/cjs/react.development.js:789:22)
      at actImplementation (node_modules/@testing-library/react-native/src/act.ts:30:25)
      at renderWithAct (node_modules/@testing-library/react-native/src/render-act.ts:13:11)
      at renderInternal (node_modules/@testing-library/react-native/src/render.tsx:69:33)
      at renderInternal (node_modules/@testing-library/react-native/src/render.tsx:44:10)
      at renderHook (node_modules/@testing-library/react-native/src/render-hook.tsx:55:58)
      at Object.<anonymous> (src/features/racetrack-sector-training/screens/SectorTrainingScreen/useSectorTrainingSession.test.tsx:32:34)

PASS src/features/roulette-training/utils/__tests__/exerciseHelpers.test.ts
  exerciseHelpers
    getBetTypeName
      ΓêÜ should return correct name for STRAIGHT bet type (2 ms)
      ΓêÜ should return correct name for SPLIT bet type (1 ms)
      ΓêÜ should return correct name for CORNER bet type
      ΓêÜ should return correct name for STREET bet type (1 ms)
      ΓêÜ should return correct name for LINE bet type
    getBetPayout
      ΓêÜ should return correct payout for STRAIGHT (35:1) (1 ms)
      ΓêÜ should return correct payout for SPLIT (17:1)
      ΓêÜ should return correct payout for STREET (11:1)
      ΓêÜ should return correct payout for CORNER (8:1)
      ΓêÜ should return correct payout for LINE (5:1)
    getSplitsForNumber
      for zero
        ΓêÜ should return all zero splits (2 ms)
      for numbers 1-12
        ΓêÜ should return correct splits for number 1 (1 ms)
        ΓêÜ should return correct splits for number 5
        ΓêÜ should return correct splits for number 12 (1 ms)
    getCornersForNumber
      ΓêÜ should return corners containing 0 (1 ms)
      ΓêÜ should return corners containing 5 (1 ms)
      ΓêÜ should return empty array for numbers not in any corner (1 ms)
      ΓêÜ should always return arrays of length 4 (3 ms)
    getStreetsForNumber
      ΓêÜ should return streets containing 0 (4 ms)
      ΓêÜ should return streets containing 5 (2 ms)
      ΓêÜ should always return arrays of length 3 (2 ms)
    getSixLinesForNumber
      ΓêÜ should return six lines containing 5 (1 ms)
      ΓêÜ should return empty array for 0 (not in any six line)
      ΓêÜ should always return arrays of length 6 (2 ms)
    formatBetNumbers
      ΓêÜ should format straight bet as single number
      ΓêÜ should format split bet with hyphen (1 ms)
      ΓêÜ should format corner bet with hyphens
      ΓêÜ should format street bet with hyphens (1 ms)
      ΓêÜ should format six line bet with hyphens
    generateBetExplanation
      ΓêÜ should generate explanation for single bet (1 ms)
      ΓêÜ should generate explanation for multiple bets
      ΓêÜ should calculate total correctly (1 ms)
      ΓêÜ should handle empty bets array
    createMockBets
      ΓêÜ should create mock bets with correct structure (2 ms)
      ΓêÜ should create unique IDs for each bet
      ΓêÜ should create unique timestamps for each bet (1 ms)

PASS src/utils/__tests__/roulette.utils.test.ts
  Roulette Utils
    calculatePayout
      ΓêÜ calculates correct payout for Straight bet (35:1) (1 ms)
      ΓêÜ calculates correct payout for Red/Black bet (1:1) (1 ms)
    calculateTotalPayout
      ΓêÜ calculates total payout for multiple winning bets (1 ms)
      ΓêÜ returns 0 if no bets win
    validateBetPlacement
      ΓêÜ validates Straight bet requires 1 number (1 ms)
      ΓêÜ validates Split bet requires 2 numbers
      ΓêÜ validates Corner bet requires 4 numbers (1 ms)
      ΓêÜ validates Even/Odd bet requires 18 numbers (1 ms)
    formatTime
      ΓêÜ formats seconds into MM:SS (1 ms)
    calculateScorePercentage
      ΓêÜ calculates correct percentage
      ΓêÜ handles zero total to avoid NaN
    validateBetPlacement - additional coverage
      ΓêÜ validates Street bet requires 3 numbers (12 ms)
      ΓêÜ validates Line bet requires 6 numbers (1 ms)
      ΓêÜ validates Dozen bet requires 12 numbers (2 ms)
      ΓêÜ validates Column bet requires 12 numbers (1 ms)
      ΓêÜ validates Red/Black bet requires 18 numbers (1 ms)
      ΓêÜ validates High/Low bet requires 18 numbers (1 ms)
    generateRandomNumber
      ΓêÜ should return a number between 0 and 36 (46 ms)
      ΓêÜ should return an integer (3 ms)
      ΓêÜ should eventually generate all numbers 0-36 (1 ms)

  console.error
    react-test-renderer is deprecated. See https://react.dev/warnings/react-test-renderer

    [0m [90m 40 |[39m     getSectorForNumber[33m.[39mmockReturnValueOnce([32m'tier'[39m)[33m.[39mmockReturnValueOnce([32m'voisins'[39m)[33m;[39m
     [90m 41 |[39m
    [31m[1m>[22m[39m[90m 42 |[39m     [36mconst[39m { result } [33m=[39m renderHook(() [33m=>[39m useSectorTrainingSession({ mode[33m:[39m [32m'voisins'[39m }))[33m;[39m
     [90m    |[39m                                  [31m[1m^[22m[39m
     [90m 43 |[39m
     [90m 44 |[39m     expect(getRandomWinningNumber)[33m.[39mtoHaveBeenCalledTimes([35m2[39m)[33m;[39m
     [90m 45 |[39m     expect(result[33m.[39mcurrent[33m.[39mcurrentWinningNumber)[33m.[39mtoBe([35m29[39m)[33m;[39m[0m

      at Object.process.env.NODE_ENV.exports.create (node_modules/react-test-renderer/cjs/react-test-renderer.development.js:14598:17)
      at create (node_modules/@testing-library/react-native/src/render-act.ts:15:29)
      at callback (node_modules/@testing-library/react-native/src/act.ts:31:24)
      at process.env.NODE_ENV.exports.act (node_modules/react/cjs/react.development.js:789:22)
      at actImplementation (node_modules/@testing-library/react-native/src/act.ts:30:25)
      at renderWithAct (node_modules/@testing-library/react-native/src/render-act.ts:13:11)
      at renderInternal (node_modules/@testing-library/react-native/src/render.tsx:69:33)
      at renderInternal (node_modules/@testing-library/react-native/src/render.tsx:44:10)
      at renderHook (node_modules/@testing-library/react-native/src/render-hook.tsx:55:58)
      at Object.<anonymous> (src/features/racetrack-sector-training/screens/SectorTrainingScreen/useSectorTrainingSession.test.tsx:42:34)

  console.error
    react-test-renderer is deprecated. See https://react.dev/warnings/react-test-renderer

    [0m [90m 51 |[39m     [36mconst[39m onCorrect [33m=[39m jest[33m.[39mfn()[33m;[39m
     [90m 52 |[39m
    [31m[1m>[22m[39m[90m 53 |[39m     [36mconst[39m { result } [33m=[39m renderHook(() [33m=>[39m useSectorTrainingSession({ mode[33m:[39m [32m'random'[39m[33m,[39m onCorrect }))[33m;[39m
     [90m    |[39m                                  [31m[1m^[22m[39m
     [90m 54 |[39m
     [90m 55 |[39m     [36mawait[39m act([36masync[39m () [33m=>[39m {
     [90m 56 |[39m       [36mawait[39m result[33m.[39mcurrent[33m.[39mhandleSectorPress([32m'voisins'[39m)[33m;[39m[0m

      at Object.process.env.NODE_ENV.exports.create (node_modules/react-test-renderer/cjs/react-test-renderer.development.js:14598:17)
      at create (node_modules/@testing-library/react-native/src/render-act.ts:15:29)
      at callback (node_modules/@testing-library/react-native/src/act.ts:31:24)
      at process.env.NODE_ENV.exports.act (node_modules/react/cjs/react.development.js:789:22)
      at actImplementation (node_modules/@testing-library/react-native/src/act.ts:30:25)
      at renderWithAct (node_modules/@testing-library/react-native/src/render-act.ts:13:11)
      at renderInternal (node_modules/@testing-library/react-native/src/render.tsx:69:33)
      at renderInternal (node_modules/@testing-library/react-native/src/render.tsx:44:10)
      at renderHook (node_modules/@testing-library/react-native/src/render-hook.tsx:55:58)
      at Object.<anonymous> (src/features/racetrack-sector-training/screens/SectorTrainingScreen/useSectorTrainingSession.test.tsx:53:34)

PASS src/features/roulette-training/utils/__tests__/betGenerators.test.ts
  betGenerators
    distributeChipsRandomly
      ΓêÜ should return empty array for zero positions (1 ms)
      ΓêÜ should return single element for one position
      ΓêÜ should return zeros for zero chips (1 ms)
      ΓêÜ should return zeros for negative chips
      ΓêÜ should distribute chips that sum to target
      ΓêÜ should have correct number of positions (1 ms)
      ΓêÜ should ensure minimum 1 chip per position when enough chips (1 ms)
      ΓêÜ should allow zeros when not enough chips for all positions
      ΓêÜ should produce varied distributions over multiple calls (2 ms)
    generateBetsForNumber
      with STRAIGHT bet type only
        ΓêÜ should generate a straight bet for the number (1 ms)
        ΓêÜ should have correct payout for straight bet (1 ms)
        ΓêÜ should contain the winning number in straight bet
      with SPLIT bet type
        ΓêÜ should generate split bets containing the number (1 ms)
        ΓêÜ should have correct payout for split bets (1 ms)
      with multiple bet types
        ΓêÜ should generate bets for all allowed types
        ΓêÜ should only generate allowed bet types (1 ms)
      with target chips
        ΓêÜ should distribute chips to sum approximately to target (1 ms)
        ΓêÜ should assign positive chips to all bets (1 ms)
      for zero
        ΓêÜ should generate valid bets for zero
    generateSingleBetFromConfig
      ΓêÜ should generate a bet from the possible bets (1 ms)
      ΓêÜ should return a number from the selected bet
      ΓêÜ should have correct payout for bet type (1 ms)
      ΓêÜ should use target chips with variance
      ΓêÜ should generate random chips when no target specified (1 ms)
      with different bet types
        ΓêÜ should generate CORNER bet correctly (1 ms)
        ΓêÜ should generate STREET bet correctly (1 ms)
        ΓêÜ should generate STRAIGHT bet correctly

PASS src/features/call-bets-training/utils/__tests__/validation.test.ts
  Call Bets Validation Utils
    validateCallBet
      ΓêÜ should return isCorrect true when user places all correct bets (4 ms)
      ΓêÜ should ignore order of numbers in a bet (e.g. [8, 5] vs [5, 8]) (1 ms)
      ΓêÜ should return isCorrect false when bets are missing (1 ms)
      ΓêÜ should return isCorrect false when extra bets are placed (1 ms)
      ΓêÜ should handle empty user bets (1 ms)
      ΓêÜ should handle invalid mode gracefully (1 ms)
    getRandomMode
      ΓêÜ should return a valid mode excluding random
    getModeDisplayName
      ΓêÜ should return correct display name for Tier (2 ms)
      ΓêÜ should return correct display name for Random

  console.error
    react-test-renderer is deprecated. See https://react.dev/warnings/react-test-renderer

    [0m [90m 73 |[39m     [36mconst[39m onIncorrect [33m=[39m jest[33m.[39mfn()[33m;[39m
     [90m 74 |[39m
    [31m[1m>[22m[39m[90m 75 |[39m     [36mconst[39m { result } [33m=[39m renderHook(() [33m=>[39m useSectorTrainingSession({ mode[33m:[39m [32m'random'[39m[33m,[39m onIncorrect }))[33m;[39m
     [90m    |[39m                                  [31m[1m^[22m[39m
     [90m 76 |[39m
     [90m 77 |[39m     [36mawait[39m act([36masync[39m () [33m=>[39m {
     [90m 78 |[39m       [36mawait[39m result[33m.[39mcurrent[33m.[39mhandleSectorPress([32m'tier'[39m)[33m;[39m[0m

      at Object.process.env.NODE_ENV.exports.create (node_modules/react-test-renderer/cjs/react-test-renderer.development.js:14598:17)
      at create (node_modules/@testing-library/react-native/src/render-act.ts:15:29)
      at callback (node_modules/@testing-library/react-native/src/act.ts:31:24)
      at process.env.NODE_ENV.exports.act (node_modules/react/cjs/react.development.js:789:22)
      at actImplementation (node_modules/@testing-library/react-native/src/act.ts:30:25)
      at renderWithAct (node_modules/@testing-library/react-native/src/render-act.ts:13:11)
      at renderInternal (node_modules/@testing-library/react-native/src/render.tsx:69:33)
      at renderInternal (node_modules/@testing-library/react-native/src/render.tsx:44:10)
      at renderHook (node_modules/@testing-library/react-native/src/render-hook.tsx:55:58)
      at Object.<anonymous> (src/features/racetrack-sector-training/screens/SectorTrainingScreen/useSectorTrainingSession.test.tsx:75:34)

PASS src/features/racetrack-sector-training/screens/SectorTrainingScreen/useSectorTrainingSession.test.tsx
  useSectorTrainingSession
    ΓêÜ generates initial number on mount (45 ms)
    ΓêÜ filters generated number for non-random mode (9 ms)
    ΓêÜ increments stats and auto-advances when answer is correct (14 ms)
    ΓêÜ increments total and stays on same number when answer is incorrect (9 ms)

PASS src/features/plo-training/utils/__tests__/plo.utils.test.ts
  plo.utils
    calculatePotAmount
      ΓêÜ should calculate pot correctly for simple bet scenario (1 ms)
      ΓêÜ should calculate pot correctly with raise
      ΓêÜ should calculate pot correctly with calls (1 ms)
      ΓêÜ should exclude requesting player own money from dead money
      ΓêÜ should handle fold actions (1 ms)
    validatePotAnswer
      ΓêÜ should return correct for right answer (1 ms)
      ΓêÜ should return incorrect for wrong answer (1 ms)
      ΓêÜ should include formula in explanation (1 ms)
    generateRandomPotRequest
      ΓêÜ should generate a valid pot request (2 ms)
      ΓêÜ should have valid blind values (1 ms)
      ΓêÜ should have at least one bet action (1 ms)
      ΓêÜ should generate different scenarios on multiple calls (1 ms)

  console.error
    react-test-renderer is deprecated. See https://react.dev/warnings/react-test-renderer

    [0m [90m  5 |[39m
     [90m  6 |[39m [36mconst[39m renderWithTheme [33m=[39m (component[33m:[39m [33mReact[39m[33m.[39m[33mReactElement[39m) [33m=>[39m {
    [31m[1m>[22m[39m[90m  7 |[39m   [36mreturn[39m render([33m<[39m[33mThemeProvider[39m[33m>[39m{component}[33m<[39m[33m/[39m[33mThemeProvider[39m[33m>[39m)[33m;[39m
     [90m    |[39m                [31m[1m^[22m[39m
     [90m  8 |[39m }[33m;[39m
     [90m  9 |[39m
     [90m 10 |[39m describe([32m'PositionTrainingSidebar'[39m[33m,[39m () [33m=>[39m {[0m

      at Object.process.env.NODE_ENV.exports.create (node_modules/react-test-renderer/cjs/react-test-renderer.development.js:14598:17)
      at create (node_modules/@testing-library/react-native/src/render-act.ts:15:29)
      at callback (node_modules/@testing-library/react-native/src/act.ts:31:24)
      at process.env.NODE_ENV.exports.act (node_modules/react/cjs/react.development.js:789:22)
      at actImplementation (node_modules/@testing-library/react-native/src/act.ts:30:25)
      at renderWithAct (node_modules/@testing-library/react-native/src/render-act.ts:13:11)
      at renderInternal (node_modules/@testing-library/react-native/src/render.tsx:69:33)
      at renderInternal (node_modules/@testing-library/react-native/src/render.tsx:44:10)
      at renderWithTheme (src/features/racetrack-position-training/components/PositionTrainingSidebar.test.tsx:7:16)
      at Object.renderWithTheme (src/features/racetrack-position-training/components/PositionTrainingSidebar.test.tsx:27:41)

PASS src/config/__tests__/betConfigs.test.ts
  betConfigs
    BET_CONFIGS
      ΓêÜ should contain all expected bet types (8 ms)
      ΓêÜ should have valid config structure for each bet type (16 ms)
    STRAIGHT_UP config
      ΓêÜ should have correct payout of 35 (1 ms)
      ΓêÜ should generate bets for numbers 0-12 (2 ms)
      ΓêÜ should format numbers correctly (1 ms)
    SPLIT config
      ΓêÜ should have correct payout of 17 (1 ms)
      ΓêÜ should generate split bets with exactly 2 numbers (2 ms)
      ΓêÜ should include splits with zero (1 ms)
      ΓêÜ should format numbers correctly
    STREET config
      ΓêÜ should have correct payout of 11 (1 ms)
      ΓêÜ should generate street bets with exactly 3 numbers (1 ms)
      ΓêÜ should format numbers correctly (1 ms)
    CORNER config
      ΓêÜ should have correct payout of 8 (1 ms)
      ΓêÜ should generate corner bets with exactly 4 numbers (1 ms)
      ΓêÜ should format numbers correctly
    SIX_LINE config
      ΓêÜ should have correct payout of 5
      ΓêÜ should generate six line bets with exactly 6 numbers (1 ms)
      ΓêÜ should format numbers correctly
    getBetConfig
      ΓêÜ should return correct config for each valid key (1 ms)
      ΓêÜ should return BetConfig type with all required properties (2 ms)
    payout values
      ΓêÜ should have correct payout values for all bet types (1 ms)
      ΓêÜ should have payouts in descending order by coverage (1 ms)

  console.error
    react-test-renderer is deprecated. See https://react.dev/warnings/react-test-renderer

    [0m [90m  5 |[39m
     [90m  6 |[39m [36mconst[39m renderWithTheme [33m=[39m (component[33m:[39m [33mReact[39m[33m.[39m[33mReactElement[39m) [33m=>[39m {
    [31m[1m>[22m[39m[90m  7 |[39m   [36mreturn[39m render([33m<[39m[33mThemeProvider[39m[33m>[39m{component}[33m<[39m[33m/[39m[33mThemeProvider[39m[33m>[39m)[33m;[39m
     [90m    |[39m                [31m[1m^[22m[39m
     [90m  8 |[39m }[33m;[39m
     [90m  9 |[39m
     [90m 10 |[39m describe([32m'PositionTrainingSidebar'[39m[33m,[39m () [33m=>[39m {[0m

      at Object.process.env.NODE_ENV.exports.create (node_modules/react-test-renderer/cjs/react-test-renderer.development.js:14598:17)
      at create (node_modules/@testing-library/react-native/src/render-act.ts:15:29)
      at callback (node_modules/@testing-library/react-native/src/act.ts:31:24)
      at process.env.NODE_ENV.exports.act (node_modules/react/cjs/react.development.js:789:22)
      at actImplementation (node_modules/@testing-library/react-native/src/act.ts:30:25)
      at renderWithAct (node_modules/@testing-library/react-native/src/render-act.ts:13:11)
      at renderInternal (node_modules/@testing-library/react-native/src/render.tsx:69:33)
      at renderInternal (node_modules/@testing-library/react-native/src/render.tsx:44:10)
      at renderWithTheme (src/features/racetrack-position-training/components/PositionTrainingSidebar.test.tsx:7:16)
      at Object.renderWithTheme (src/features/racetrack-position-training/components/PositionTrainingSidebar.test.tsx:36:27)

  console.error
    react-test-renderer is deprecated. See https://react.dev/warnings/react-test-renderer

    [0m [90m  6 |[39m   it([32m'renders without crashing'[39m[33m,[39m () [33m=>[39m {
     [90m  7 |[39m     [36mconst[39m mockOnNumberPress [33m=[39m jest[33m.[39mfn()[33m;[39m
    [31m[1m>[22m[39m[90m  8 |[39m     render([33m<[39m[33mRacetrack[39m onNumberPress[33m=[39m{mockOnNumberPress} [33m/[39m[33m>[39m)[33m;[39m
     [90m    |[39m           [31m[1m^[22m[39m
     [90m  9 |[39m   })[33m;[39m
     [90m 10 |[39m
     [90m 11 |[39m   it([32m'renders all wheel numbers'[39m[33m,[39m () [33m=>[39m {[0m

      at Object.process.env.NODE_ENV.exports.create (node_modules/react-test-renderer/cjs/react-test-renderer.development.js:14598:17)
      at create (node_modules/@testing-library/react-native/src/render-act.ts:15:29)
      at callback (node_modules/@testing-library/react-native/src/act.ts:31:24)
      at process.env.NODE_ENV.exports.act (node_modules/react/cjs/react.development.js:789:22)
      at actImplementation (node_modules/@testing-library/react-native/src/act.ts:30:25)
      at renderWithAct (node_modules/@testing-library/react-native/src/render-act.ts:13:11)
      at renderInternal (node_modules/@testing-library/react-native/src/render.tsx:69:33)
      at renderInternal (node_modules/@testing-library/react-native/src/render.tsx:44:10)
      at Object.<anonymous> (src/components/Racetrack/Racetrack.test.tsx:8:11)

  console.error
    react-test-renderer is deprecated. See https://react.dev/warnings/react-test-renderer

    [0m [90m  5 |[39m
     [90m  6 |[39m [36mconst[39m renderWithTheme [33m=[39m (component[33m:[39m [33mReact[39m[33m.[39m[33mReactElement[39m) [33m=>[39m {
    [31m[1m>[22m[39m[90m  7 |[39m   [36mreturn[39m render([33m<[39m[33mThemeProvider[39m[33m>[39m{component}[33m<[39m[33m/[39m[33mThemeProvider[39m[33m>[39m)[33m;[39m
     [90m    |[39m                [31m[1m^[22m[39m
     [90m  8 |[39m }[33m;[39m
     [90m  9 |[39m
     [90m 10 |[39m describe([32m'PositionTrainingSidebar'[39m[33m,[39m () [33m=>[39m {[0m

      at Object.process.env.NODE_ENV.exports.create (node_modules/react-test-renderer/cjs/react-test-renderer.development.js:14598:17)
      at create (node_modules/@testing-library/react-native/src/render-act.ts:15:29)
      at callback (node_modules/@testing-library/react-native/src/act.ts:31:24)
      at process.env.NODE_ENV.exports.act (node_modules/react/cjs/react.development.js:789:22)
      at actImplementation (node_modules/@testing-library/react-native/src/act.ts:30:25)
      at renderWithAct (node_modules/@testing-library/react-native/src/render-act.ts:13:11)
      at renderInternal (node_modules/@testing-library/react-native/src/render.tsx:69:33)
      at renderInternal (node_modules/@testing-library/react-native/src/render.tsx:44:10)
      at renderWithTheme (src/features/racetrack-position-training/components/PositionTrainingSidebar.test.tsx:7:16)
      at Object.renderWithTheme (src/features/racetrack-position-training/components/PositionTrainingSidebar.test.tsx:44:27)

  console.error
    react-test-renderer is deprecated. See https://react.dev/warnings/react-test-renderer

    [0m [90m 11 |[39m   it([32m'renders all wheel numbers'[39m[33m,[39m () [33m=>[39m {
     [90m 12 |[39m     [36mconst[39m mockOnNumberPress [33m=[39m jest[33m.[39mfn()[33m;[39m
    [31m[1m>[22m[39m[90m 13 |[39m     [36mconst[39m { getByText } [33m=[39m render([33m<[39m[33mRacetrack[39m onNumberPress[33m=[39m{mockOnNumberPress} [33m/[39m[33m>[39m)[33m;[39m
     [90m    |[39m                                 [31m[1m^[22m[39m
     [90m 14 |[39m
     [90m 15 |[39m     [90m// Check for a few key numbers[39m
     [90m 16 |[39m     expect(getByText([32m'0'[39m))[33m.[39mtoBeTruthy()[33m;[39m[0m

      at Object.process.env.NODE_ENV.exports.create (node_modules/react-test-renderer/cjs/react-test-renderer.development.js:14598:17)
      at create (node_modules/@testing-library/react-native/src/render-act.ts:15:29)
      at callback (node_modules/@testing-library/react-native/src/act.ts:31:24)
      at process.env.NODE_ENV.exports.act (node_modules/react/cjs/react.development.js:789:22)
      at actImplementation (node_modules/@testing-library/react-native/src/act.ts:30:25)
      at renderWithAct (node_modules/@testing-library/react-native/src/render-act.ts:13:11)
      at renderInternal (node_modules/@testing-library/react-native/src/render.tsx:69:33)
      at renderInternal (node_modules/@testing-library/react-native/src/render.tsx:44:10)
      at Object.<anonymous> (src/components/Racetrack/Racetrack.test.tsx:13:33)

  console.error
    react-test-renderer is deprecated. See https://react.dev/warnings/react-test-renderer

    [0m [90m  5 |[39m
     [90m  6 |[39m [36mconst[39m renderWithTheme [33m=[39m (component[33m:[39m [33mReact[39m[33m.[39m[33mReactElement[39m) [33m=>[39m {
    [31m[1m>[22m[39m[90m  7 |[39m   [36mreturn[39m render([33m<[39m[33mThemeProvider[39m[33m>[39m{component}[33m<[39m[33m/[39m[33mThemeProvider[39m[33m>[39m)[33m;[39m
     [90m    |[39m                [31m[1m^[22m[39m
     [90m  8 |[39m }[33m;[39m
     [90m  9 |[39m
     [90m 10 |[39m describe([32m'PositionTrainingSidebar'[39m[33m,[39m () [33m=>[39m {[0m

      at Object.process.env.NODE_ENV.exports.create (node_modules/react-test-renderer/cjs/react-test-renderer.development.js:14598:17)
      at create (node_modules/@testing-library/react-native/src/render-act.ts:15:29)
      at callback (node_modules/@testing-library/react-native/src/act.ts:31:24)
      at process.env.NODE_ENV.exports.act (node_modules/react/cjs/react.development.js:789:22)
      at actImplementation (node_modules/@testing-library/react-native/src/act.ts:30:25)
      at renderWithAct (node_modules/@testing-library/react-native/src/render-act.ts:13:11)
      at renderInternal (node_modules/@testing-library/react-native/src/render.tsx:69:33)
      at renderInternal (node_modules/@testing-library/react-native/src/render.tsx:44:10)
      at renderWithTheme (src/features/racetrack-position-training/components/PositionTrainingSidebar.test.tsx:7:16)
      at Object.renderWithTheme (src/features/racetrack-position-training/components/PositionTrainingSidebar.test.tsx:62:29)

PASS src/features/racetrack-position-training/components/PositionTrainingSidebar.test.tsx
  PositionTrainingSidebar
    ΓêÜ renders score, accuracy and target number (16 ms)
    ΓêÜ calls onSkip when skip button is pressed (7 ms)
    ΓêÜ renders incorrect feedback details (11 ms)
    ΓêÜ hides skip button while processing (5 ms)

  console.error
    react-test-renderer is deprecated. See https://react.dev/warnings/react-test-renderer

    [0m [90m 20 |[39m   it([32m'renders the title'[39m[33m,[39m () [33m=>[39m {
     [90m 21 |[39m     [36mconst[39m mockOnNumberPress [33m=[39m jest[33m.[39mfn()[33m;[39m
    [31m[1m>[22m[39m[90m 22 |[39m     [36mconst[39m { getByText } [33m=[39m render([33m<[39m[33mRacetrack[39m onNumberPress[33m=[39m{mockOnNumberPress} [33m/[39m[33m>[39m)[33m;[39m
     [90m    |[39m                                 [31m[1m^[22m[39m
     [90m 23 |[39m
     [90m 24 |[39m     expect(getByText([32m'Racetrack - Neighbor Bets'[39m))[33m.[39mtoBeTruthy()[33m;[39m
     [90m 25 |[39m   })[33m;[39m[0m

      at Object.process.env.NODE_ENV.exports.create (node_modules/react-test-renderer/cjs/react-test-renderer.development.js:14598:17)
      at create (node_modules/@testing-library/react-native/src/render-act.ts:15:29)
      at callback (node_modules/@testing-library/react-native/src/act.ts:31:24)
      at process.env.NODE_ENV.exports.act (node_modules/react/cjs/react.development.js:789:22)
      at actImplementation (node_modules/@testing-library/react-native/src/act.ts:30:25)
      at renderWithAct (node_modules/@testing-library/react-native/src/render-act.ts:13:11)
      at renderInternal (node_modules/@testing-library/react-native/src/render.tsx:69:33)
      at renderInternal (node_modules/@testing-library/react-native/src/render.tsx:44:10)
      at Object.<anonymous> (src/components/Racetrack/Racetrack.test.tsx:22:33)

PASS src/components/Racetrack/Racetrack.test.tsx
  Racetrack
    ΓêÜ renders without crashing (13 ms)
    ΓêÜ renders all wheel numbers (12 ms)
    ΓêÜ renders the title (7 ms)

FAIL src/features/caribbean-poker-training/screens/CPMenuScreen/CPMenuScreen.test.tsx
  ΓùÅ Test suite failed to run

    SyntaxError: C:\Users\ivans\Desktop\Dev\CasinoTrainingApp\src\styles\textStyles.ts: Unexpected token, expected "(" (22:9)

      20 |     marginBottom: 4,
      21 |   } as TextStyle,
    > 22 |    * Size: 18px, Weight: 700, Color: Gold
         |          ^
      23 |    */
      24 |   goldTitle: {
      25 |     fontSize: 18,

      27 |
      28 | // Text style factories
    > 29 | export { createTextStyles } from './textStyles';
         | ^
      30 | export type { TextStyles } from './textStyles';
      31 |

      at constructor (node_modules/@babel/parser/src/parse-error.ts:95:45)
      at TypeScriptParserMixin.toParseError [as raise] (node_modules/@babel/parser/src/tokenizer/index.ts:1504:19)
      at TypeScriptParserMixin.raise [as unexpected] (node_modules/@babel/parser/src/tokenizer/index.ts:1544:16)
      at TypeScriptParserMixin.unexpected [as expect] (node_modules/@babel/parser/src/parser/util.ts:157:12)
      at TypeScriptParserMixin.expect (node_modules/@babel/parser/src/parser/statement.ts:1726:10)
      at TypeScriptParserMixin.parseFunctionParams (node_modules/@babel/parser/src/plugins/typescript/index.ts:3692:13)
      at TypeScriptParserMixin.parseFunctionParams (node_modules/@babel/parser/src/parser/expression.ts:2491:10)
      at TypeScriptParserMixin.parseMethod (node_modules/@babel/parser/src/plugins/typescript/index.ts:4312:28)
      at TypeScriptParserMixin.parseMethod [as parseObjectMethod] (node_modules/@babel/parser/src/parser/expression.ts:2300:19)
      at TypeScriptParserMixin.parseObjectMethod (node_modules/@babel/parser/src/parser/expression.ts:2381:24)
      at TypeScriptParserMixin.parseObjPropValue (node_modules/@babel/parser/src/plugins/typescript/index.ts:3675:20)
      at TypeScriptParserMixin.parseObjPropValue [as parsePropertyDefinition] (node_modules/@babel/parser/src/parser/expression.ts:2228:17)
      at TypeScriptParserMixin.parsePropertyDefinition [as parseObjectLike] (node_modules/@babel/parser/src/parser/expression.ts:2095:21)
      at TypeScriptParserMixin.parseObjectLike [as parseExprAtom] (node_modules/@babel/parser/src/parser/expression.ts:1181:21)
      at TypeScriptParserMixin.parseExprAtom [as parseExprSubscripts] (node_modules/@babel/parser/src/parser/expression.ts:742:23)
      at TypeScriptParserMixin.parseExprSubscripts [as parseUpdate] (node_modules/@babel/parser/src/parser/expression.ts:721:21)
      at TypeScriptParserMixin.parseUpdate (node_modules/@babel/parser/src/parser/expression.ts:683:23)
      at TypeScriptParserMixin.parseMaybeUnary (node_modules/@babel/parser/src/plugins/typescript/index.ts:3893:20)
      at TypeScriptParserMixin.parseMaybeUnary [as parseMaybeUnaryOrPrivate] (node_modules/@babel/parser/src/parser/expression.ts:417:14)
      at TypeScriptParserMixin.parseMaybeUnaryOrPrivate [as parseExprOps] (node_modules/@babel/parser/src/parser/expression.ts:429:23)
      at TypeScriptParserMixin.parseExprOps [as parseMaybeConditional] (node_modules/@babel/parser/src/parser/expression.ts:384:23)
      at TypeScriptParserMixin.parseMaybeConditional (node_modules/@babel/parser/src/parser/expression.ts:301:21)
      at TypeScriptParserMixin.parseMaybeAssign (node_modules/@babel/parser/src/plugins/typescript/index.ts:3764:22)
      at parseMaybeAssign (node_modules/@babel/parser/src/parser/expression.ts:257:12)
      at TypeScriptParserMixin.callback [as allowInAnd] (node_modules/@babel/parser/src/parser/expression.ts:3194:12)
      at TypeScriptParserMixin.allowInAnd [as parseMaybeAssignAllowIn] (node_modules/@babel/parser/src/parser/expression.ts:256:17)
      at TypeScriptParserMixin.parseMaybeAssignAllowIn [as parseMaybeAssignAllowInOrVoidPattern] (node_modules/@babel/parser/src/parser/expression.ts:3308:17)
      at TypeScriptParserMixin.parseMaybeAssignAllowInOrVoidPattern [as parseParenAndDistinguishExpression] (node_modules/@babel/parser/src/parser/expression.ts:1822:16)
      at TypeScriptParserMixin.parseParenAndDistinguishExpression [as parseExprAtom] (node_modules/@babel/parser/src/parser/expression.ts:1170:21)
      at TypeScriptParserMixin.parseExprAtom [as parseExprSubscripts] (node_modules/@babel/parser/src/parser/expression.ts:742:23)
      at TypeScriptParserMixin.parseExprSubscripts [as parseUpdate] (node_modules/@babel/parser/src/parser/expression.ts:721:21)
      at TypeScriptParserMixin.parseUpdate (node_modules/@babel/parser/src/parser/expression.ts:683:23)
      at TypeScriptParserMixin.parseMaybeUnary (node_modules/@babel/parser/src/plugins/typescript/index.ts:3893:20)
      at TypeScriptParserMixin.parseMaybeUnary [as parseMaybeUnaryOrPrivate] (node_modules/@babel/parser/src/parser/expression.ts:417:14)
      at TypeScriptParserMixin.parseMaybeUnaryOrPrivate [as parseExprOps] (node_modules/@babel/parser/src/parser/expression.ts:429:23)
      at TypeScriptParserMixin.parseExprOps [as parseMaybeConditional] (node_modules/@babel/parser/src/parser/expression.ts:384:23)
      at TypeScriptParserMixin.parseMaybeConditional (node_modules/@babel/parser/src/parser/expression.ts:301:21)
      at TypeScriptParserMixin.parseMaybeAssign (node_modules/@babel/parser/src/plugins/typescript/index.ts:3764:22)
      at TypeScriptParserMixin.parseMaybeAssign [as parseFunctionBody] (node_modules/@babel/parser/src/parser/expression.ts:2604:14)
      at TypeScriptParserMixin.parseFunctionBody [as parseArrowExpression] (node_modules/@babel/parser/src/parser/expression.ts:2559:10)
      at TypeScriptParserMixin.parseArrowExpression [as parseParenAndDistinguishExpression] (node_modules/@babel/parser/src/parser/expression.ts:1847:12)
      at TypeScriptParserMixin.parseParenAndDistinguishExpression [as parseExprAtom] (node_modules/@babel/parser/src/parser/expression.ts:1170:21)
      at TypeScriptParserMixin.parseExprAtom [as parseExprSubscripts] (node_modules/@babel/parser/src/parser/expression.ts:742:23)
      at TypeScriptParserMixin.parseExprSubscripts [as parseUpdate] (node_modules/@babel/parser/src/parser/expression.ts:721:21)
      at TypeScriptParserMixin.parseUpdate (node_modules/@babel/parser/src/parser/expression.ts:683:23)
      at TypeScriptParserMixin.parseMaybeUnary (node_modules/@babel/parser/src/plugins/typescript/index.ts:3893:20)
      at TypeScriptParserMixin.parseMaybeUnary [as parseMaybeUnaryOrPrivate] (node_modules/@babel/parser/src/parser/expression.ts:417:14)
      at TypeScriptParserMixin.parseMaybeUnaryOrPrivate [as parseExprOps] (node_modules/@babel/parser/src/parser/expression.ts:429:23)
      at TypeScriptParserMixin.parseExprOps [as parseMaybeConditional] (node_modules/@babel/parser/src/parser/expression.ts:384:23)
      at TypeScriptParserMixin.parseMaybeConditional (node_modules/@babel/parser/src/parser/expression.ts:301:21)
      at TypeScriptParserMixin.parseMaybeAssign (node_modules/@babel/parser/src/plugins/typescript/index.ts:3764:22)
      at parseMaybeAssign (node_modules/@babel/parser/src/parser/expression.ts:257:12)
      at TypeScriptParserMixin.callback [as allowInAnd] (node_modules/@babel/parser/src/parser/expression.ts:3189:16)
      at TypeScriptParserMixin.allowInAnd [as parseMaybeAssignAllowIn] (node_modules/@babel/parser/src/parser/expression.ts:256:17)
      at TypeScriptParserMixin.parseMaybeAssignAllowIn [as parseVar] (node_modules/@babel/parser/src/parser/statement.ts:1587:18)
      at TypeScriptParserMixin.parseVar (node_modules/@babel/parser/src/parser/statement.ts:1251:10)
      at TypeScriptParserMixin.parseVarStatement (node_modules/@babel/parser/src/plugins/typescript/index.ts:3085:33)
      at TypeScriptParserMixin.parseVarStatement (node_modules/@babel/parser/src/parser/statement.ts:612:21)
      at TypeScriptParserMixin.parseStatementContent (node_modules/@babel/parser/src/plugins/typescript/index.ts:3220:20)
      at TypeScriptParserMixin.parseStatementContent [as parseStatementLike] (node_modules/@babel/parser/src/parser/statement.ts:482:17)
      at TypeScriptParserMixin.parseStatementLike [as parseStatementListItem] (node_modules/@babel/parser/src/parser/statement.ts:431:17)
      at TypeScriptParserMixin.parseStatementListItem (node_modules/@babel/parser/src/parser/statement.ts:2635:17)
      at TypeScriptParserMixin.parseExportDeclaration (node_modules/@babel/parser/src/plugins/typescript/index.ts:3447:15)
      at TypeScriptParserMixin.parseExportDeclaration [as maybeParseExportDeclaration] (node_modules/@babel/parser/src/parser/statement.ts:2551:31)
      at TypeScriptParserMixin.maybeParseExportDeclaration (node_modules/@babel/parser/src/parser/statement.ts:2432:29)
      at TypeScriptParserMixin.parseExport (node_modules/@babel/parser/src/plugins/typescript/index.ts:3046:22)
      at TypeScriptParserMixin.parseExport (node_modules/@babel/parser/src/parser/statement.ts:649:25)
      at TypeScriptParserMixin.parseStatementContent (node_modules/@babel/parser/src/plugins/typescript/index.ts:3220:20)
      at TypeScriptParserMixin.parseStatementContent [as parseStatementLike] (node_modules/@babel/parser/src/parser/statement.ts:482:17)
      at TypeScriptParserMixin.parseStatementLike [as parseModuleItem] (node_modules/@babel/parser/src/parser/statement.ts:419:17)
      at TypeScriptParserMixin.parseModuleItem [as parseBlockOrModuleBlockBody] (node_modules/@babel/parser/src/parser/statement.ts:1443:16)
      at TypeScriptParserMixin.parseBlockOrModuleBlockBody [as parseBlockBody] (node_modules/@babel/parser/src/parser/statement.ts:1417:10)
      at TypeScriptParserMixin.parseBlockBody [as parseProgram] (node_modules/@babel/parser/src/parser/statement.ts:229:10)
      at TypeScriptParserMixin.parseProgram [as parseTopLevel] (node_modules/@babel/parser/src/parser/statement.ts:203:25)
      at TypeScriptParserMixin.parseTopLevel (node_modules/@babel/parser/src/parser/index.ts:83:25)
      at TypeScriptParserMixin.parse (node_modules/@babel/parser/src/plugins/typescript/index.ts:4354:20)
      at parse (node_modules/@babel/parser/src/index.ts:86:38)
      at parser (node_modules/@babel/core/src/parser/index.ts:29:19)
          at parser.next (<anonymous>)
      at normalizeFile (node_modules/@babel/core/src/transformation/normalize-file.ts:50:24)
          at normalizeFile.next (<anonymous>)
      at run (node_modules/@babel/core/src/transformation/index.ts:41:36)
          at run.next (<anonymous>)
      at transform (node_modules/@babel/core/src/transform.ts:29:20)
          at transform.next (<anonymous>)
      at evaluateSync (node_modules/gensync/index.js:251:28)
      at sync (node_modules/gensync/index.js:89:14)
      at fn (node_modules/@babel/core/src/errors/rewrite-stack-trace.ts:99:14)
      at transformSync (node_modules/@babel/core/src/transform.ts:66:52)
      at Object.require (src/styles/index.ts:29:1)

Summary of all failing tests
FAIL src/features/plo-training/components/PotCalculationInput/PotCalculationInput.test.tsx
  ΓùÅ Test suite failed to run

    SyntaxError: C:\Users\ivans\Desktop\Dev\CasinoTrainingApp\src\styles\textStyles.ts: Unexpected token, expected "(" (22:9)

      20 |     marginBottom: 4,
      21 |   } as TextStyle,
    > 22 |    * Size: 18px, Weight: 700, Color: Gold
         |          ^
      23 |    */
      24 |   goldTitle: {
      25 |     fontSize: 18,

      27 |
      28 | // Text style factories
    > 29 | export { createTextStyles } from './textStyles';
         | ^
      30 | export type { TextStyles } from './textStyles';
      31 |

      at constructor (node_modules/@babel/parser/src/parse-error.ts:95:45)
      at TypeScriptParserMixin.toParseError [as raise] (node_modules/@babel/parser/src/tokenizer/index.ts:1504:19)
      at TypeScriptParserMixin.raise [as unexpected] (node_modules/@babel/parser/src/tokenizer/index.ts:1544:16)
      at TypeScriptParserMixin.unexpected [as expect] (node_modules/@babel/parser/src/parser/util.ts:157:12)
      at TypeScriptParserMixin.expect (node_modules/@babel/parser/src/parser/statement.ts:1726:10)
      at TypeScriptParserMixin.parseFunctionParams (node_modules/@babel/parser/src/plugins/typescript/index.ts:3692:13)
      at TypeScriptParserMixin.parseFunctionParams (node_modules/@babel/parser/src/parser/expression.ts:2491:10)
      at TypeScriptParserMixin.parseMethod (node_modules/@babel/parser/src/plugins/typescript/index.ts:4312:28)
      at TypeScriptParserMixin.parseMethod [as parseObjectMethod] (node_modules/@babel/parser/src/parser/expression.ts:2300:19)
      at TypeScriptParserMixin.parseObjectMethod (node_modules/@babel/parser/src/parser/expression.ts:2381:24)
      at TypeScriptParserMixin.parseObjPropValue (node_modules/@babel/parser/src/plugins/typescript/index.ts:3675:20)
      at TypeScriptParserMixin.parseObjPropValue [as parsePropertyDefinition] (node_modules/@babel/parser/src/parser/expression.ts:2228:17)
      at TypeScriptParserMixin.parsePropertyDefinition [as parseObjectLike] (node_modules/@babel/parser/src/parser/expression.ts:2095:21)
      at TypeScriptParserMixin.parseObjectLike [as parseExprAtom] (node_modules/@babel/parser/src/parser/expression.ts:1181:21)
      at TypeScriptParserMixin.parseExprAtom [as parseExprSubscripts] (node_modules/@babel/parser/src/parser/expression.ts:742:23)
      at TypeScriptParserMixin.parseExprSubscripts [as parseUpdate] (node_modules/@babel/parser/src/parser/expression.ts:721:21)
      at TypeScriptParserMixin.parseUpdate (node_modules/@babel/parser/src/parser/expression.ts:683:23)
      at TypeScriptParserMixin.parseMaybeUnary (node_modules/@babel/parser/src/plugins/typescript/index.ts:3893:20)
      at TypeScriptParserMixin.parseMaybeUnary [as parseMaybeUnaryOrPrivate] (node_modules/@babel/parser/src/parser/expression.ts:417:14)
      at TypeScriptParserMixin.parseMaybeUnaryOrPrivate [as parseExprOps] (node_modules/@babel/parser/src/parser/expression.ts:429:23)
      at TypeScriptParserMixin.parseExprOps [as parseMaybeConditional] (node_modules/@babel/parser/src/parser/expression.ts:384:23)
      at TypeScriptParserMixin.parseMaybeConditional (node_modules/@babel/parser/src/parser/expression.ts:301:21)
      at TypeScriptParserMixin.parseMaybeAssign (node_modules/@babel/parser/src/plugins/typescript/index.ts:3764:22)
      at parseMaybeAssign (node_modules/@babel/parser/src/parser/expression.ts:257:12)
      at TypeScriptParserMixin.callback [as allowInAnd] (node_modules/@babel/parser/src/parser/expression.ts:3194:12)
      at TypeScriptParserMixin.allowInAnd [as parseMaybeAssignAllowIn] (node_modules/@babel/parser/src/parser/expression.ts:256:17)
      at TypeScriptParserMixin.parseMaybeAssignAllowIn [as parseMaybeAssignAllowInOrVoidPattern] (node_modules/@babel/parser/src/parser/expression.ts:3308:17)
      at TypeScriptParserMixin.parseMaybeAssignAllowInOrVoidPattern [as parseParenAndDistinguishExpression] (node_modules/@babel/parser/src/parser/expression.ts:1822:16)
      at TypeScriptParserMixin.parseParenAndDistinguishExpression [as parseExprAtom] (node_modules/@babel/parser/src/parser/expression.ts:1170:21)
      at TypeScriptParserMixin.parseExprAtom [as parseExprSubscripts] (node_modules/@babel/parser/src/parser/expression.ts:742:23)
      at TypeScriptParserMixin.parseExprSubscripts [as parseUpdate] (node_modules/@babel/parser/src/parser/expression.ts:721:21)
      at TypeScriptParserMixin.parseUpdate (node_modules/@babel/parser/src/parser/expression.ts:683:23)
      at TypeScriptParserMixin.parseMaybeUnary (node_modules/@babel/parser/src/plugins/typescript/index.ts:3893:20)
      at TypeScriptParserMixin.parseMaybeUnary [as parseMaybeUnaryOrPrivate] (node_modules/@babel/parser/src/parser/expression.ts:417:14)
      at TypeScriptParserMixin.parseMaybeUnaryOrPrivate [as parseExprOps] (node_modules/@babel/parser/src/parser/expression.ts:429:23)
      at TypeScriptParserMixin.parseExprOps [as parseMaybeConditional] (node_modules/@babel/parser/src/parser/expression.ts:384:23)
      at TypeScriptParserMixin.parseMaybeConditional (node_modules/@babel/parser/src/parser/expression.ts:301:21)
      at TypeScriptParserMixin.parseMaybeAssign (node_modules/@babel/parser/src/plugins/typescript/index.ts:3764:22)
      at TypeScriptParserMixin.parseMaybeAssign [as parseFunctionBody] (node_modules/@babel/parser/src/parser/expression.ts:2604:14)
      at TypeScriptParserMixin.parseFunctionBody [as parseArrowExpression] (node_modules/@babel/parser/src/parser/expression.ts:2559:10)
      at TypeScriptParserMixin.parseArrowExpression [as parseParenAndDistinguishExpression] (node_modules/@babel/parser/src/parser/expression.ts:1847:12)
      at TypeScriptParserMixin.parseParenAndDistinguishExpression [as parseExprAtom] (node_modules/@babel/parser/src/parser/expression.ts:1170:21)
      at TypeScriptParserMixin.parseExprAtom [as parseExprSubscripts] (node_modules/@babel/parser/src/parser/expression.ts:742:23)
      at TypeScriptParserMixin.parseExprSubscripts [as parseUpdate] (node_modules/@babel/parser/src/parser/expression.ts:721:21)
      at TypeScriptParserMixin.parseUpdate (node_modules/@babel/parser/src/parser/expression.ts:683:23)
      at TypeScriptParserMixin.parseMaybeUnary (node_modules/@babel/parser/src/plugins/typescript/index.ts:3893:20)
      at TypeScriptParserMixin.parseMaybeUnary [as parseMaybeUnaryOrPrivate] (node_modules/@babel/parser/src/parser/expression.ts:417:14)
      at TypeScriptParserMixin.parseMaybeUnaryOrPrivate [as parseExprOps] (node_modules/@babel/parser/src/parser/expression.ts:429:23)
      at TypeScriptParserMixin.parseExprOps [as parseMaybeConditional] (node_modules/@babel/parser/src/parser/expression.ts:384:23)
      at TypeScriptParserMixin.parseMaybeConditional (node_modules/@babel/parser/src/parser/expression.ts:301:21)
      at TypeScriptParserMixin.parseMaybeAssign (node_modules/@babel/parser/src/plugins/typescript/index.ts:3764:22)
      at parseMaybeAssign (node_modules/@babel/parser/src/parser/expression.ts:257:12)
      at TypeScriptParserMixin.callback [as allowInAnd] (node_modules/@babel/parser/src/parser/expression.ts:3189:16)
      at TypeScriptParserMixin.allowInAnd [as parseMaybeAssignAllowIn] (node_modules/@babel/parser/src/parser/expression.ts:256:17)
      at TypeScriptParserMixin.parseMaybeAssignAllowIn [as parseVar] (node_modules/@babel/parser/src/parser/statement.ts:1587:18)
      at TypeScriptParserMixin.parseVar (node_modules/@babel/parser/src/parser/statement.ts:1251:10)
      at TypeScriptParserMixin.parseVarStatement (node_modules/@babel/parser/src/plugins/typescript/index.ts:3085:33)
      at TypeScriptParserMixin.parseVarStatement (node_modules/@babel/parser/src/parser/statement.ts:612:21)
      at TypeScriptParserMixin.parseStatementContent (node_modules/@babel/parser/src/plugins/typescript/index.ts:3220:20)
      at TypeScriptParserMixin.parseStatementContent [as parseStatementLike] (node_modules/@babel/parser/src/parser/statement.ts:482:17)
      at TypeScriptParserMixin.parseStatementLike [as parseStatementListItem] (node_modules/@babel/parser/src/parser/statement.ts:431:17)
      at TypeScriptParserMixin.parseStatementListItem (node_modules/@babel/parser/src/parser/statement.ts:2635:17)
      at TypeScriptParserMixin.parseExportDeclaration (node_modules/@babel/parser/src/plugins/typescript/index.ts:3447:15)
      at TypeScriptParserMixin.parseExportDeclaration [as maybeParseExportDeclaration] (node_modules/@babel/parser/src/parser/statement.ts:2551:31)
      at TypeScriptParserMixin.maybeParseExportDeclaration (node_modules/@babel/parser/src/parser/statement.ts:2432:29)
      at TypeScriptParserMixin.parseExport (node_modules/@babel/parser/src/plugins/typescript/index.ts:3046:22)
      at TypeScriptParserMixin.parseExport (node_modules/@babel/parser/src/parser/statement.ts:649:25)
      at TypeScriptParserMixin.parseStatementContent (node_modules/@babel/parser/src/plugins/typescript/index.ts:3220:20)
      at TypeScriptParserMixin.parseStatementContent [as parseStatementLike] (node_modules/@babel/parser/src/parser/statement.ts:482:17)
      at TypeScriptParserMixin.parseStatementLike [as parseModuleItem] (node_modules/@babel/parser/src/parser/statement.ts:419:17)
      at TypeScriptParserMixin.parseModuleItem [as parseBlockOrModuleBlockBody] (node_modules/@babel/parser/src/parser/statement.ts:1443:16)
      at TypeScriptParserMixin.parseBlockOrModuleBlockBody [as parseBlockBody] (node_modules/@babel/parser/src/parser/statement.ts:1417:10)
      at TypeScriptParserMixin.parseBlockBody [as parseProgram] (node_modules/@babel/parser/src/parser/statement.ts:229:10)
      at TypeScriptParserMixin.parseProgram [as parseTopLevel] (node_modules/@babel/parser/src/parser/statement.ts:203:25)
      at TypeScriptParserMixin.parseTopLevel (node_modules/@babel/parser/src/parser/index.ts:83:25)
      at TypeScriptParserMixin.parse (node_modules/@babel/parser/src/plugins/typescript/index.ts:4354:20)
      at parse (node_modules/@babel/parser/src/index.ts:86:38)
      at parser (node_modules/@babel/core/src/parser/index.ts:29:19)
          at parser.next (<anonymous>)
      at normalizeFile (node_modules/@babel/core/src/transformation/normalize-file.ts:50:24)
          at normalizeFile.next (<anonymous>)
      at run (node_modules/@babel/core/src/transformation/index.ts:41:36)
          at run.next (<anonymous>)
      at transform (node_modules/@babel/core/src/transform.ts:29:20)
          at transform.next (<anonymous>)
      at evaluateSync (node_modules/gensync/index.js:251:28)
      at sync (node_modules/gensync/index.js:89:14)
      at fn (node_modules/@babel/core/src/errors/rewrite-stack-trace.ts:99:14)
      at transformSync (node_modules/@babel/core/src/transform.ts:66:52)
      at Object.require (src/styles/index.ts:29:1)

FAIL src/features/roulette-training/components/ExerciseLayout/ExerciseLayout.test.tsx
  ΓùÅ Test suite failed to run

    SyntaxError: C:\Users\ivans\Desktop\Dev\CasinoTrainingApp\src\styles\textStyles.ts: Unexpected token, expected "(" (22:9)

      20 |     marginBottom: 4,
      21 |   } as TextStyle,
    > 22 |    * Size: 18px, Weight: 700, Color: Gold
         |          ^
      23 |    */
      24 |   goldTitle: {
      25 |     fontSize: 18,

      27 |
      28 | // Text style factories
    > 29 | export { createTextStyles } from './textStyles';
         | ^
      30 | export type { TextStyles } from './textStyles';
      31 |

      at constructor (node_modules/@babel/parser/src/parse-error.ts:95:45)
      at TypeScriptParserMixin.toParseError [as raise] (node_modules/@babel/parser/src/tokenizer/index.ts:1504:19)
      at TypeScriptParserMixin.raise [as unexpected] (node_modules/@babel/parser/src/tokenizer/index.ts:1544:16)
      at TypeScriptParserMixin.unexpected [as expect] (node_modules/@babel/parser/src/parser/util.ts:157:12)
      at TypeScriptParserMixin.expect (node_modules/@babel/parser/src/parser/statement.ts:1726:10)
      at TypeScriptParserMixin.parseFunctionParams (node_modules/@babel/parser/src/plugins/typescript/index.ts:3692:13)
      at TypeScriptParserMixin.parseFunctionParams (node_modules/@babel/parser/src/parser/expression.ts:2491:10)
      at TypeScriptParserMixin.parseMethod (node_modules/@babel/parser/src/plugins/typescript/index.ts:4312:28)
      at TypeScriptParserMixin.parseMethod [as parseObjectMethod] (node_modules/@babel/parser/src/parser/expression.ts:2300:19)
      at TypeScriptParserMixin.parseObjectMethod (node_modules/@babel/parser/src/parser/expression.ts:2381:24)
      at TypeScriptParserMixin.parseObjPropValue (node_modules/@babel/parser/src/plugins/typescript/index.ts:3675:20)
      at TypeScriptParserMixin.parseObjPropValue [as parsePropertyDefinition] (node_modules/@babel/parser/src/parser/expression.ts:2228:17)
      at TypeScriptParserMixin.parsePropertyDefinition [as parseObjectLike] (node_modules/@babel/parser/src/parser/expression.ts:2095:21)
      at TypeScriptParserMixin.parseObjectLike [as parseExprAtom] (node_modules/@babel/parser/src/parser/expression.ts:1181:21)
      at TypeScriptParserMixin.parseExprAtom [as parseExprSubscripts] (node_modules/@babel/parser/src/parser/expression.ts:742:23)
      at TypeScriptParserMixin.parseExprSubscripts [as parseUpdate] (node_modules/@babel/parser/src/parser/expression.ts:721:21)
      at TypeScriptParserMixin.parseUpdate (node_modules/@babel/parser/src/parser/expression.ts:683:23)
      at TypeScriptParserMixin.parseMaybeUnary (node_modules/@babel/parser/src/plugins/typescript/index.ts:3893:20)
      at TypeScriptParserMixin.parseMaybeUnary [as parseMaybeUnaryOrPrivate] (node_modules/@babel/parser/src/parser/expression.ts:417:14)
      at TypeScriptParserMixin.parseMaybeUnaryOrPrivate [as parseExprOps] (node_modules/@babel/parser/src/parser/expression.ts:429:23)
      at TypeScriptParserMixin.parseExprOps [as parseMaybeConditional] (node_modules/@babel/parser/src/parser/expression.ts:384:23)
      at TypeScriptParserMixin.parseMaybeConditional (node_modules/@babel/parser/src/parser/expression.ts:301:21)
      at TypeScriptParserMixin.parseMaybeAssign (node_modules/@babel/parser/src/plugins/typescript/index.ts:3764:22)
      at parseMaybeAssign (node_modules/@babel/parser/src/parser/expression.ts:257:12)
      at TypeScriptParserMixin.callback [as allowInAnd] (node_modules/@babel/parser/src/parser/expression.ts:3194:12)
      at TypeScriptParserMixin.allowInAnd [as parseMaybeAssignAllowIn] (node_modules/@babel/parser/src/parser/expression.ts:256:17)
      at TypeScriptParserMixin.parseMaybeAssignAllowIn [as parseMaybeAssignAllowInOrVoidPattern] (node_modules/@babel/parser/src/parser/expression.ts:3308:17)
      at TypeScriptParserMixin.parseMaybeAssignAllowInOrVoidPattern [as parseParenAndDistinguishExpression] (node_modules/@babel/parser/src/parser/expression.ts:1822:16)
      at TypeScriptParserMixin.parseParenAndDistinguishExpression [as parseExprAtom] (node_modules/@babel/parser/src/parser/expression.ts:1170:21)
      at TypeScriptParserMixin.parseExprAtom [as parseExprSubscripts] (node_modules/@babel/parser/src/parser/expression.ts:742:23)
      at TypeScriptParserMixin.parseExprSubscripts [as parseUpdate] (node_modules/@babel/parser/src/parser/expression.ts:721:21)
      at TypeScriptParserMixin.parseUpdate (node_modules/@babel/parser/src/parser/expression.ts:683:23)
      at TypeScriptParserMixin.parseMaybeUnary (node_modules/@babel/parser/src/plugins/typescript/index.ts:3893:20)
      at TypeScriptParserMixin.parseMaybeUnary [as parseMaybeUnaryOrPrivate] (node_modules/@babel/parser/src/parser/expression.ts:417:14)
      at TypeScriptParserMixin.parseMaybeUnaryOrPrivate [as parseExprOps] (node_modules/@babel/parser/src/parser/expression.ts:429:23)
      at TypeScriptParserMixin.parseExprOps [as parseMaybeConditional] (node_modules/@babel/parser/src/parser/expression.ts:384:23)
      at TypeScriptParserMixin.parseMaybeConditional (node_modules/@babel/parser/src/parser/expression.ts:301:21)
      at TypeScriptParserMixin.parseMaybeAssign (node_modules/@babel/parser/src/plugins/typescript/index.ts:3764:22)
      at TypeScriptParserMixin.parseMaybeAssign [as parseFunctionBody] (node_modules/@babel/parser/src/parser/expression.ts:2604:14)
      at TypeScriptParserMixin.parseFunctionBody [as parseArrowExpression] (node_modules/@babel/parser/src/parser/expression.ts:2559:10)
      at TypeScriptParserMixin.parseArrowExpression [as parseParenAndDistinguishExpression] (node_modules/@babel/parser/src/parser/expression.ts:1847:12)
      at TypeScriptParserMixin.parseParenAndDistinguishExpression [as parseExprAtom] (node_modules/@babel/parser/src/parser/expression.ts:1170:21)
      at TypeScriptParserMixin.parseExprAtom [as parseExprSubscripts] (node_modules/@babel/parser/src/parser/expression.ts:742:23)
      at TypeScriptParserMixin.parseExprSubscripts [as parseUpdate] (node_modules/@babel/parser/src/parser/expression.ts:721:21)
      at TypeScriptParserMixin.parseUpdate (node_modules/@babel/parser/src/parser/expression.ts:683:23)
      at TypeScriptParserMixin.parseMaybeUnary (node_modules/@babel/parser/src/plugins/typescript/index.ts:3893:20)
      at TypeScriptParserMixin.parseMaybeUnary [as parseMaybeUnaryOrPrivate] (node_modules/@babel/parser/src/parser/expression.ts:417:14)
      at TypeScriptParserMixin.parseMaybeUnaryOrPrivate [as parseExprOps] (node_modules/@babel/parser/src/parser/expression.ts:429:23)
      at TypeScriptParserMixin.parseExprOps [as parseMaybeConditional] (node_modules/@babel/parser/src/parser/expression.ts:384:23)
      at TypeScriptParserMixin.parseMaybeConditional (node_modules/@babel/parser/src/parser/expression.ts:301:21)
      at TypeScriptParserMixin.parseMaybeAssign (node_modules/@babel/parser/src/plugins/typescript/index.ts:3764:22)
      at parseMaybeAssign (node_modules/@babel/parser/src/parser/expression.ts:257:12)
      at TypeScriptParserMixin.callback [as allowInAnd] (node_modules/@babel/parser/src/parser/expression.ts:3189:16)
      at TypeScriptParserMixin.allowInAnd [as parseMaybeAssignAllowIn] (node_modules/@babel/parser/src/parser/expression.ts:256:17)
      at TypeScriptParserMixin.parseMaybeAssignAllowIn [as parseVar] (node_modules/@babel/parser/src/parser/statement.ts:1587:18)
      at TypeScriptParserMixin.parseVar (node_modules/@babel/parser/src/parser/statement.ts:1251:10)
      at TypeScriptParserMixin.parseVarStatement (node_modules/@babel/parser/src/plugins/typescript/index.ts:3085:33)
      at TypeScriptParserMixin.parseVarStatement (node_modules/@babel/parser/src/parser/statement.ts:612:21)
      at TypeScriptParserMixin.parseStatementContent (node_modules/@babel/parser/src/plugins/typescript/index.ts:3220:20)
      at TypeScriptParserMixin.parseStatementContent [as parseStatementLike] (node_modules/@babel/parser/src/parser/statement.ts:482:17)
      at TypeScriptParserMixin.parseStatementLike [as parseStatementListItem] (node_modules/@babel/parser/src/parser/statement.ts:431:17)
      at TypeScriptParserMixin.parseStatementListItem (node_modules/@babel/parser/src/parser/statement.ts:2635:17)
      at TypeScriptParserMixin.parseExportDeclaration (node_modules/@babel/parser/src/plugins/typescript/index.ts:3447:15)
      at TypeScriptParserMixin.parseExportDeclaration [as maybeParseExportDeclaration] (node_modules/@babel/parser/src/parser/statement.ts:2551:31)
      at TypeScriptParserMixin.maybeParseExportDeclaration (node_modules/@babel/parser/src/parser/statement.ts:2432:29)
      at TypeScriptParserMixin.parseExport (node_modules/@babel/parser/src/plugins/typescript/index.ts:3046:22)
      at TypeScriptParserMixin.parseExport (node_modules/@babel/parser/src/parser/statement.ts:649:25)
      at TypeScriptParserMixin.parseStatementContent (node_modules/@babel/parser/src/plugins/typescript/index.ts:3220:20)
      at TypeScriptParserMixin.parseStatementContent [as parseStatementLike] (node_modules/@babel/parser/src/parser/statement.ts:482:17)
      at TypeScriptParserMixin.parseStatementLike [as parseModuleItem] (node_modules/@babel/parser/src/parser/statement.ts:419:17)
      at TypeScriptParserMixin.parseModuleItem [as parseBlockOrModuleBlockBody] (node_modules/@babel/parser/src/parser/statement.ts:1443:16)
      at TypeScriptParserMixin.parseBlockOrModuleBlockBody [as parseBlockBody] (node_modules/@babel/parser/src/parser/statement.ts:1417:10)
      at TypeScriptParserMixin.parseBlockBody [as parseProgram] (node_modules/@babel/parser/src/parser/statement.ts:229:10)
      at TypeScriptParserMixin.parseProgram [as parseTopLevel] (node_modules/@babel/parser/src/parser/statement.ts:203:25)
      at TypeScriptParserMixin.parseTopLevel (node_modules/@babel/parser/src/parser/index.ts:83:25)
      at TypeScriptParserMixin.parse (node_modules/@babel/parser/src/plugins/typescript/index.ts:4354:20)
      at parse (node_modules/@babel/parser/src/index.ts:86:38)
      at parser (node_modules/@babel/core/src/parser/index.ts:29:19)
          at parser.next (<anonymous>)
      at normalizeFile (node_modules/@babel/core/src/transformation/normalize-file.ts:50:24)
          at normalizeFile.next (<anonymous>)
      at run (node_modules/@babel/core/src/transformation/index.ts:41:36)
          at run.next (<anonymous>)
      at transform (node_modules/@babel/core/src/transform.ts:29:20)
          at transform.next (<anonymous>)
      at evaluateSync (node_modules/gensync/index.js:251:28)
      at sync (node_modules/gensync/index.js:89:14)
      at fn (node_modules/@babel/core/src/errors/rewrite-stack-trace.ts:99:14)
      at transformSync (node_modules/@babel/core/src/transform.ts:66:52)
      at Object.require (src/styles/index.ts:29:1)

FAIL src/features/cash-conversion-training/screens/CashConversionTrainingScreen/CashConversionTrainingScreen.test.tsx
  ΓùÅ Test suite failed to run

    SyntaxError: C:\Users\ivans\Desktop\Dev\CasinoTrainingApp\src\styles\textStyles.ts: Unexpected token, expected "(" (22:9)

      20 |     marginBottom: 4,
      21 |   } as TextStyle,
    > 22 |    * Size: 18px, Weight: 700, Color: Gold
         |          ^
      23 |    */
      24 |   goldTitle: {
      25 |     fontSize: 18,

      27 |
      28 | // Text style factories
    > 29 | export { createTextStyles } from './textStyles';
         | ^
      30 | export type { TextStyles } from './textStyles';
      31 |

      at constructor (node_modules/@babel/parser/src/parse-error.ts:95:45)
      at TypeScriptParserMixin.toParseError [as raise] (node_modules/@babel/parser/src/tokenizer/index.ts:1504:19)
      at TypeScriptParserMixin.raise [as unexpected] (node_modules/@babel/parser/src/tokenizer/index.ts:1544:16)
      at TypeScriptParserMixin.unexpected [as expect] (node_modules/@babel/parser/src/parser/util.ts:157:12)
      at TypeScriptParserMixin.expect (node_modules/@babel/parser/src/parser/statement.ts:1726:10)
      at TypeScriptParserMixin.parseFunctionParams (node_modules/@babel/parser/src/plugins/typescript/index.ts:3692:13)
      at TypeScriptParserMixin.parseFunctionParams (node_modules/@babel/parser/src/parser/expression.ts:2491:10)
      at TypeScriptParserMixin.parseMethod (node_modules/@babel/parser/src/plugins/typescript/index.ts:4312:28)
      at TypeScriptParserMixin.parseMethod [as parseObjectMethod] (node_modules/@babel/parser/src/parser/expression.ts:2300:19)
      at TypeScriptParserMixin.parseObjectMethod (node_modules/@babel/parser/src/parser/expression.ts:2381:24)
      at TypeScriptParserMixin.parseObjPropValue (node_modules/@babel/parser/src/plugins/typescript/index.ts:3675:20)
      at TypeScriptParserMixin.parseObjPropValue [as parsePropertyDefinition] (node_modules/@babel/parser/src/parser/expression.ts:2228:17)
      at TypeScriptParserMixin.parsePropertyDefinition [as parseObjectLike] (node_modules/@babel/parser/src/parser/expression.ts:2095:21)
      at TypeScriptParserMixin.parseObjectLike [as parseExprAtom] (node_modules/@babel/parser/src/parser/expression.ts:1181:21)
      at TypeScriptParserMixin.parseExprAtom [as parseExprSubscripts] (node_modules/@babel/parser/src/parser/expression.ts:742:23)
      at TypeScriptParserMixin.parseExprSubscripts [as parseUpdate] (node_modules/@babel/parser/src/parser/expression.ts:721:21)
      at TypeScriptParserMixin.parseUpdate (node_modules/@babel/parser/src/parser/expression.ts:683:23)
      at TypeScriptParserMixin.parseMaybeUnary (node_modules/@babel/parser/src/plugins/typescript/index.ts:3893:20)
      at TypeScriptParserMixin.parseMaybeUnary [as parseMaybeUnaryOrPrivate] (node_modules/@babel/parser/src/parser/expression.ts:417:14)
      at TypeScriptParserMixin.parseMaybeUnaryOrPrivate [as parseExprOps] (node_modules/@babel/parser/src/parser/expression.ts:429:23)
      at TypeScriptParserMixin.parseExprOps [as parseMaybeConditional] (node_modules/@babel/parser/src/parser/expression.ts:384:23)
      at TypeScriptParserMixin.parseMaybeConditional (node_modules/@babel/parser/src/parser/expression.ts:301:21)
      at TypeScriptParserMixin.parseMaybeAssign (node_modules/@babel/parser/src/plugins/typescript/index.ts:3764:22)
      at parseMaybeAssign (node_modules/@babel/parser/src/parser/expression.ts:257:12)
      at TypeScriptParserMixin.callback [as allowInAnd] (node_modules/@babel/parser/src/parser/expression.ts:3194:12)
      at TypeScriptParserMixin.allowInAnd [as parseMaybeAssignAllowIn] (node_modules/@babel/parser/src/parser/expression.ts:256:17)
      at TypeScriptParserMixin.parseMaybeAssignAllowIn [as parseMaybeAssignAllowInOrVoidPattern] (node_modules/@babel/parser/src/parser/expression.ts:3308:17)
      at TypeScriptParserMixin.parseMaybeAssignAllowInOrVoidPattern [as parseParenAndDistinguishExpression] (node_modules/@babel/parser/src/parser/expression.ts:1822:16)
      at TypeScriptParserMixin.parseParenAndDistinguishExpression [as parseExprAtom] (node_modules/@babel/parser/src/parser/expression.ts:1170:21)
      at TypeScriptParserMixin.parseExprAtom [as parseExprSubscripts] (node_modules/@babel/parser/src/parser/expression.ts:742:23)
      at TypeScriptParserMixin.parseExprSubscripts [as parseUpdate] (node_modules/@babel/parser/src/parser/expression.ts:721:21)
      at TypeScriptParserMixin.parseUpdate (node_modules/@babel/parser/src/parser/expression.ts:683:23)
      at TypeScriptParserMixin.parseMaybeUnary (node_modules/@babel/parser/src/plugins/typescript/index.ts:3893:20)
      at TypeScriptParserMixin.parseMaybeUnary [as parseMaybeUnaryOrPrivate] (node_modules/@babel/parser/src/parser/expression.ts:417:14)
      at TypeScriptParserMixin.parseMaybeUnaryOrPrivate [as parseExprOps] (node_modules/@babel/parser/src/parser/expression.ts:429:23)
      at TypeScriptParserMixin.parseExprOps [as parseMaybeConditional] (node_modules/@babel/parser/src/parser/expression.ts:384:23)
      at TypeScriptParserMixin.parseMaybeConditional (node_modules/@babel/parser/src/parser/expression.ts:301:21)
      at TypeScriptParserMixin.parseMaybeAssign (node_modules/@babel/parser/src/plugins/typescript/index.ts:3764:22)
      at TypeScriptParserMixin.parseMaybeAssign [as parseFunctionBody] (node_modules/@babel/parser/src/parser/expression.ts:2604:14)
      at TypeScriptParserMixin.parseFunctionBody [as parseArrowExpression] (node_modules/@babel/parser/src/parser/expression.ts:2559:10)
      at TypeScriptParserMixin.parseArrowExpression [as parseParenAndDistinguishExpression] (node_modules/@babel/parser/src/parser/expression.ts:1847:12)
      at TypeScriptParserMixin.parseParenAndDistinguishExpression [as parseExprAtom] (node_modules/@babel/parser/src/parser/expression.ts:1170:21)
      at TypeScriptParserMixin.parseExprAtom [as parseExprSubscripts] (node_modules/@babel/parser/src/parser/expression.ts:742:23)
      at TypeScriptParserMixin.parseExprSubscripts [as parseUpdate] (node_modules/@babel/parser/src/parser/expression.ts:721:21)
      at TypeScriptParserMixin.parseUpdate (node_modules/@babel/parser/src/parser/expression.ts:683:23)
      at TypeScriptParserMixin.parseMaybeUnary (node_modules/@babel/parser/src/plugins/typescript/index.ts:3893:20)
      at TypeScriptParserMixin.parseMaybeUnary [as parseMaybeUnaryOrPrivate] (node_modules/@babel/parser/src/parser/expression.ts:417:14)
      at TypeScriptParserMixin.parseMaybeUnaryOrPrivate [as parseExprOps] (node_modules/@babel/parser/src/parser/expression.ts:429:23)
      at TypeScriptParserMixin.parseExprOps [as parseMaybeConditional] (node_modules/@babel/parser/src/parser/expression.ts:384:23)
      at TypeScriptParserMixin.parseMaybeConditional (node_modules/@babel/parser/src/parser/expression.ts:301:21)
      at TypeScriptParserMixin.parseMaybeAssign (node_modules/@babel/parser/src/plugins/typescript/index.ts:3764:22)
      at parseMaybeAssign (node_modules/@babel/parser/src/parser/expression.ts:257:12)
      at TypeScriptParserMixin.callback [as allowInAnd] (node_modules/@babel/parser/src/parser/expression.ts:3189:16)
      at TypeScriptParserMixin.allowInAnd [as parseMaybeAssignAllowIn] (node_modules/@babel/parser/src/parser/expression.ts:256:17)
      at TypeScriptParserMixin.parseMaybeAssignAllowIn [as parseVar] (node_modules/@babel/parser/src/parser/statement.ts:1587:18)
      at TypeScriptParserMixin.parseVar (node_modules/@babel/parser/src/parser/statement.ts:1251:10)
      at TypeScriptParserMixin.parseVarStatement (node_modules/@babel/parser/src/plugins/typescript/index.ts:3085:33)
      at TypeScriptParserMixin.parseVarStatement (node_modules/@babel/parser/src/parser/statement.ts:612:21)
      at TypeScriptParserMixin.parseStatementContent (node_modules/@babel/parser/src/plugins/typescript/index.ts:3220:20)
      at TypeScriptParserMixin.parseStatementContent [as parseStatementLike] (node_modules/@babel/parser/src/parser/statement.ts:482:17)
      at TypeScriptParserMixin.parseStatementLike [as parseStatementListItem] (node_modules/@babel/parser/src/parser/statement.ts:431:17)
      at TypeScriptParserMixin.parseStatementListItem (node_modules/@babel/parser/src/parser/statement.ts:2635:17)
      at TypeScriptParserMixin.parseExportDeclaration (node_modules/@babel/parser/src/plugins/typescript/index.ts:3447:15)
      at TypeScriptParserMixin.parseExportDeclaration [as maybeParseExportDeclaration] (node_modules/@babel/parser/src/parser/statement.ts:2551:31)
      at TypeScriptParserMixin.maybeParseExportDeclaration (node_modules/@babel/parser/src/parser/statement.ts:2432:29)
      at TypeScriptParserMixin.parseExport (node_modules/@babel/parser/src/plugins/typescript/index.ts:3046:22)
      at TypeScriptParserMixin.parseExport (node_modules/@babel/parser/src/parser/statement.ts:649:25)
      at TypeScriptParserMixin.parseStatementContent (node_modules/@babel/parser/src/plugins/typescript/index.ts:3220:20)
      at TypeScriptParserMixin.parseStatementContent [as parseStatementLike] (node_modules/@babel/parser/src/parser/statement.ts:482:17)
      at TypeScriptParserMixin.parseStatementLike [as parseModuleItem] (node_modules/@babel/parser/src/parser/statement.ts:419:17)
      at TypeScriptParserMixin.parseModuleItem [as parseBlockOrModuleBlockBody] (node_modules/@babel/parser/src/parser/statement.ts:1443:16)
      at TypeScriptParserMixin.parseBlockOrModuleBlockBody [as parseBlockBody] (node_modules/@babel/parser/src/parser/statement.ts:1417:10)
      at TypeScriptParserMixin.parseBlockBody [as parseProgram] (node_modules/@babel/parser/src/parser/statement.ts:229:10)
      at TypeScriptParserMixin.parseProgram [as parseTopLevel] (node_modules/@babel/parser/src/parser/statement.ts:203:25)
      at TypeScriptParserMixin.parseTopLevel (node_modules/@babel/parser/src/parser/index.ts:83:25)
      at TypeScriptParserMixin.parse (node_modules/@babel/parser/src/plugins/typescript/index.ts:4354:20)
      at parse (node_modules/@babel/parser/src/index.ts:86:38)
      at parser (node_modules/@babel/core/src/parser/index.ts:29:19)
          at parser.next (<anonymous>)
      at normalizeFile (node_modules/@babel/core/src/transformation/normalize-file.ts:50:24)
          at normalizeFile.next (<anonymous>)
      at run (node_modules/@babel/core/src/transformation/index.ts:41:36)
          at run.next (<anonymous>)
      at transform (node_modules/@babel/core/src/transform.ts:29:20)
          at transform.next (<anonymous>)
      at evaluateSync (node_modules/gensync/index.js:251:28)
      at sync (node_modules/gensync/index.js:89:14)
      at fn (node_modules/@babel/core/src/errors/rewrite-stack-trace.ts:99:14)
      at transformSync (node_modules/@babel/core/src/transform.ts:66:52)
      at Object.require (src/styles/index.ts:29:1)

FAIL src/features/call-bets-training/screens/CallBetsTrainingScreen/CallBetsTrainingScreen.test.tsx
  ΓùÅ Test suite failed to run

    SyntaxError: C:\Users\ivans\Desktop\Dev\CasinoTrainingApp\src\styles\textStyles.ts: Unexpected token, expected "(" (22:9)

      20 |     marginBottom: 4,
      21 |   } as TextStyle,
    > 22 |    * Size: 18px, Weight: 700, Color: Gold
         |          ^
      23 |    */
      24 |   goldTitle: {
      25 |     fontSize: 18,

      27 |
      28 | // Text style factories
    > 29 | export { createTextStyles } from './textStyles';
         | ^
      30 | export type { TextStyles } from './textStyles';
      31 |

      at constructor (node_modules/@babel/parser/src/parse-error.ts:95:45)
      at TypeScriptParserMixin.toParseError [as raise] (node_modules/@babel/parser/src/tokenizer/index.ts:1504:19)
      at TypeScriptParserMixin.raise [as unexpected] (node_modules/@babel/parser/src/tokenizer/index.ts:1544:16)
      at TypeScriptParserMixin.unexpected [as expect] (node_modules/@babel/parser/src/parser/util.ts:157:12)
      at TypeScriptParserMixin.expect (node_modules/@babel/parser/src/parser/statement.ts:1726:10)
      at TypeScriptParserMixin.parseFunctionParams (node_modules/@babel/parser/src/plugins/typescript/index.ts:3692:13)
      at TypeScriptParserMixin.parseFunctionParams (node_modules/@babel/parser/src/parser/expression.ts:2491:10)
      at TypeScriptParserMixin.parseMethod (node_modules/@babel/parser/src/plugins/typescript/index.ts:4312:28)
      at TypeScriptParserMixin.parseMethod [as parseObjectMethod] (node_modules/@babel/parser/src/parser/expression.ts:2300:19)
      at TypeScriptParserMixin.parseObjectMethod (node_modules/@babel/parser/src/parser/expression.ts:2381:24)
      at TypeScriptParserMixin.parseObjPropValue (node_modules/@babel/parser/src/plugins/typescript/index.ts:3675:20)
      at TypeScriptParserMixin.parseObjPropValue [as parsePropertyDefinition] (node_modules/@babel/parser/src/parser/expression.ts:2228:17)
      at TypeScriptParserMixin.parsePropertyDefinition [as parseObjectLike] (node_modules/@babel/parser/src/parser/expression.ts:2095:21)
      at TypeScriptParserMixin.parseObjectLike [as parseExprAtom] (node_modules/@babel/parser/src/parser/expression.ts:1181:21)
      at TypeScriptParserMixin.parseExprAtom [as parseExprSubscripts] (node_modules/@babel/parser/src/parser/expression.ts:742:23)
      at TypeScriptParserMixin.parseExprSubscripts [as parseUpdate] (node_modules/@babel/parser/src/parser/expression.ts:721:21)
      at TypeScriptParserMixin.parseUpdate (node_modules/@babel/parser/src/parser/expression.ts:683:23)
      at TypeScriptParserMixin.parseMaybeUnary (node_modules/@babel/parser/src/plugins/typescript/index.ts:3893:20)
      at TypeScriptParserMixin.parseMaybeUnary [as parseMaybeUnaryOrPrivate] (node_modules/@babel/parser/src/parser/expression.ts:417:14)
      at TypeScriptParserMixin.parseMaybeUnaryOrPrivate [as parseExprOps] (node_modules/@babel/parser/src/parser/expression.ts:429:23)
      at TypeScriptParserMixin.parseExprOps [as parseMaybeConditional] (node_modules/@babel/parser/src/parser/expression.ts:384:23)
      at TypeScriptParserMixin.parseMaybeConditional (node_modules/@babel/parser/src/parser/expression.ts:301:21)
      at TypeScriptParserMixin.parseMaybeAssign (node_modules/@babel/parser/src/plugins/typescript/index.ts:3764:22)
      at parseMaybeAssign (node_modules/@babel/parser/src/parser/expression.ts:257:12)
      at TypeScriptParserMixin.callback [as allowInAnd] (node_modules/@babel/parser/src/parser/expression.ts:3194:12)
      at TypeScriptParserMixin.allowInAnd [as parseMaybeAssignAllowIn] (node_modules/@babel/parser/src/parser/expression.ts:256:17)
      at TypeScriptParserMixin.parseMaybeAssignAllowIn [as parseMaybeAssignAllowInOrVoidPattern] (node_modules/@babel/parser/src/parser/expression.ts:3308:17)
      at TypeScriptParserMixin.parseMaybeAssignAllowInOrVoidPattern [as parseParenAndDistinguishExpression] (node_modules/@babel/parser/src/parser/expression.ts:1822:16)
      at TypeScriptParserMixin.parseParenAndDistinguishExpression [as parseExprAtom] (node_modules/@babel/parser/src/parser/expression.ts:1170:21)
      at TypeScriptParserMixin.parseExprAtom [as parseExprSubscripts] (node_modules/@babel/parser/src/parser/expression.ts:742:23)
      at TypeScriptParserMixin.parseExprSubscripts [as parseUpdate] (node_modules/@babel/parser/src/parser/expression.ts:721:21)
      at TypeScriptParserMixin.parseUpdate (node_modules/@babel/parser/src/parser/expression.ts:683:23)
      at TypeScriptParserMixin.parseMaybeUnary (node_modules/@babel/parser/src/plugins/typescript/index.ts:3893:20)
      at TypeScriptParserMixin.parseMaybeUnary [as parseMaybeUnaryOrPrivate] (node_modules/@babel/parser/src/parser/expression.ts:417:14)
      at TypeScriptParserMixin.parseMaybeUnaryOrPrivate [as parseExprOps] (node_modules/@babel/parser/src/parser/expression.ts:429:23)
      at TypeScriptParserMixin.parseExprOps [as parseMaybeConditional] (node_modules/@babel/parser/src/parser/expression.ts:384:23)
      at TypeScriptParserMixin.parseMaybeConditional (node_modules/@babel/parser/src/parser/expression.ts:301:21)
      at TypeScriptParserMixin.parseMaybeAssign (node_modules/@babel/parser/src/plugins/typescript/index.ts:3764:22)
      at TypeScriptParserMixin.parseMaybeAssign [as parseFunctionBody] (node_modules/@babel/parser/src/parser/expression.ts:2604:14)
      at TypeScriptParserMixin.parseFunctionBody [as parseArrowExpression] (node_modules/@babel/parser/src/parser/expression.ts:2559:10)
      at TypeScriptParserMixin.parseArrowExpression [as parseParenAndDistinguishExpression] (node_modules/@babel/parser/src/parser/expression.ts:1847:12)
      at TypeScriptParserMixin.parseParenAndDistinguishExpression [as parseExprAtom] (node_modules/@babel/parser/src/parser/expression.ts:1170:21)
      at TypeScriptParserMixin.parseExprAtom [as parseExprSubscripts] (node_modules/@babel/parser/src/parser/expression.ts:742:23)
      at TypeScriptParserMixin.parseExprSubscripts [as parseUpdate] (node_modules/@babel/parser/src/parser/expression.ts:721:21)
      at TypeScriptParserMixin.parseUpdate (node_modules/@babel/parser/src/parser/expression.ts:683:23)
      at TypeScriptParserMixin.parseMaybeUnary (node_modules/@babel/parser/src/plugins/typescript/index.ts:3893:20)
      at TypeScriptParserMixin.parseMaybeUnary [as parseMaybeUnaryOrPrivate] (node_modules/@babel/parser/src/parser/expression.ts:417:14)
      at TypeScriptParserMixin.parseMaybeUnaryOrPrivate [as parseExprOps] (node_modules/@babel/parser/src/parser/expression.ts:429:23)
      at TypeScriptParserMixin.parseExprOps [as parseMaybeConditional] (node_modules/@babel/parser/src/parser/expression.ts:384:23)
      at TypeScriptParserMixin.parseMaybeConditional (node_modules/@babel/parser/src/parser/expression.ts:301:21)
      at TypeScriptParserMixin.parseMaybeAssign (node_modules/@babel/parser/src/plugins/typescript/index.ts:3764:22)
      at parseMaybeAssign (node_modules/@babel/parser/src/parser/expression.ts:257:12)
      at TypeScriptParserMixin.callback [as allowInAnd] (node_modules/@babel/parser/src/parser/expression.ts:3189:16)
      at TypeScriptParserMixin.allowInAnd [as parseMaybeAssignAllowIn] (node_modules/@babel/parser/src/parser/expression.ts:256:17)
      at TypeScriptParserMixin.parseMaybeAssignAllowIn [as parseVar] (node_modules/@babel/parser/src/parser/statement.ts:1587:18)
      at TypeScriptParserMixin.parseVar (node_modules/@babel/parser/src/parser/statement.ts:1251:10)
      at TypeScriptParserMixin.parseVarStatement (node_modules/@babel/parser/src/plugins/typescript/index.ts:3085:33)
      at TypeScriptParserMixin.parseVarStatement (node_modules/@babel/parser/src/parser/statement.ts:612:21)
      at TypeScriptParserMixin.parseStatementContent (node_modules/@babel/parser/src/plugins/typescript/index.ts:3220:20)
      at TypeScriptParserMixin.parseStatementContent [as parseStatementLike] (node_modules/@babel/parser/src/parser/statement.ts:482:17)
      at TypeScriptParserMixin.parseStatementLike [as parseStatementListItem] (node_modules/@babel/parser/src/parser/statement.ts:431:17)
      at TypeScriptParserMixin.parseStatementListItem (node_modules/@babel/parser/src/parser/statement.ts:2635:17)
      at TypeScriptParserMixin.parseExportDeclaration (node_modules/@babel/parser/src/plugins/typescript/index.ts:3447:15)
      at TypeScriptParserMixin.parseExportDeclaration [as maybeParseExportDeclaration] (node_modules/@babel/parser/src/parser/statement.ts:2551:31)
      at TypeScriptParserMixin.maybeParseExportDeclaration (node_modules/@babel/parser/src/parser/statement.ts:2432:29)
      at TypeScriptParserMixin.parseExport (node_modules/@babel/parser/src/plugins/typescript/index.ts:3046:22)
      at TypeScriptParserMixin.parseExport (node_modules/@babel/parser/src/parser/statement.ts:649:25)
      at TypeScriptParserMixin.parseStatementContent (node_modules/@babel/parser/src/plugins/typescript/index.ts:3220:20)
      at TypeScriptParserMixin.parseStatementContent [as parseStatementLike] (node_modules/@babel/parser/src/parser/statement.ts:482:17)
      at TypeScriptParserMixin.parseStatementLike [as parseModuleItem] (node_modules/@babel/parser/src/parser/statement.ts:419:17)
      at TypeScriptParserMixin.parseModuleItem [as parseBlockOrModuleBlockBody] (node_modules/@babel/parser/src/parser/statement.ts:1443:16)
      at TypeScriptParserMixin.parseBlockOrModuleBlockBody [as parseBlockBody] (node_modules/@babel/parser/src/parser/statement.ts:1417:10)
      at TypeScriptParserMixin.parseBlockBody [as parseProgram] (node_modules/@babel/parser/src/parser/statement.ts:229:10)
      at TypeScriptParserMixin.parseProgram [as parseTopLevel] (node_modules/@babel/parser/src/parser/statement.ts:203:25)
      at TypeScriptParserMixin.parseTopLevel (node_modules/@babel/parser/src/parser/index.ts:83:25)
      at TypeScriptParserMixin.parse (node_modules/@babel/parser/src/plugins/typescript/index.ts:4354:20)
      at parse (node_modules/@babel/parser/src/index.ts:86:38)
      at parser (node_modules/@babel/core/src/parser/index.ts:29:19)
          at parser.next (<anonymous>)
      at normalizeFile (node_modules/@babel/core/src/transformation/normalize-file.ts:50:24)
          at normalizeFile.next (<anonymous>)
      at run (node_modules/@babel/core/src/transformation/index.ts:41:36)
          at run.next (<anonymous>)
      at transform (node_modules/@babel/core/src/transform.ts:29:20)
          at transform.next (<anonymous>)
      at evaluateSync (node_modules/gensync/index.js:251:28)
      at sync (node_modules/gensync/index.js:89:14)
      at fn (node_modules/@babel/core/src/errors/rewrite-stack-trace.ts:99:14)
      at transformSync (node_modules/@babel/core/src/transform.ts:66:52)
      at Object.require (src/styles/index.ts:29:1)

FAIL src/features/call-bets-training/screens/CallBetsMenuScreen/CallBetsMenuScreen.test.tsx
  ΓùÅ Test suite failed to run

    SyntaxError: C:\Users\ivans\Desktop\Dev\CasinoTrainingApp\src\styles\textStyles.ts: Unexpected token, expected "(" (22:9)

      20 |     marginBottom: 4,
      21 |   } as TextStyle,
    > 22 |    * Size: 18px, Weight: 700, Color: Gold
         |          ^
      23 |    */
      24 |   goldTitle: {
      25 |     fontSize: 18,

      27 |
      28 | // Text style factories
    > 29 | export { createTextStyles } from './textStyles';
         | ^
      30 | export type { TextStyles } from './textStyles';
      31 |

      at constructor (node_modules/@babel/parser/src/parse-error.ts:95:45)
      at TypeScriptParserMixin.toParseError [as raise] (node_modules/@babel/parser/src/tokenizer/index.ts:1504:19)
      at TypeScriptParserMixin.raise [as unexpected] (node_modules/@babel/parser/src/tokenizer/index.ts:1544:16)
      at TypeScriptParserMixin.unexpected [as expect] (node_modules/@babel/parser/src/parser/util.ts:157:12)
      at TypeScriptParserMixin.expect (node_modules/@babel/parser/src/parser/statement.ts:1726:10)
      at TypeScriptParserMixin.parseFunctionParams (node_modules/@babel/parser/src/plugins/typescript/index.ts:3692:13)
      at TypeScriptParserMixin.parseFunctionParams (node_modules/@babel/parser/src/parser/expression.ts:2491:10)
      at TypeScriptParserMixin.parseMethod (node_modules/@babel/parser/src/plugins/typescript/index.ts:4312:28)
      at TypeScriptParserMixin.parseMethod [as parseObjectMethod] (node_modules/@babel/parser/src/parser/expression.ts:2300:19)
      at TypeScriptParserMixin.parseObjectMethod (node_modules/@babel/parser/src/parser/expression.ts:2381:24)
      at TypeScriptParserMixin.parseObjPropValue (node_modules/@babel/parser/src/plugins/typescript/index.ts:3675:20)
      at TypeScriptParserMixin.parseObjPropValue [as parsePropertyDefinition] (node_modules/@babel/parser/src/parser/expression.ts:2228:17)
      at TypeScriptParserMixin.parsePropertyDefinition [as parseObjectLike] (node_modules/@babel/parser/src/parser/expression.ts:2095:21)
      at TypeScriptParserMixin.parseObjectLike [as parseExprAtom] (node_modules/@babel/parser/src/parser/expression.ts:1181:21)
      at TypeScriptParserMixin.parseExprAtom [as parseExprSubscripts] (node_modules/@babel/parser/src/parser/expression.ts:742:23)
      at TypeScriptParserMixin.parseExprSubscripts [as parseUpdate] (node_modules/@babel/parser/src/parser/expression.ts:721:21)
      at TypeScriptParserMixin.parseUpdate (node_modules/@babel/parser/src/parser/expression.ts:683:23)
      at TypeScriptParserMixin.parseMaybeUnary (node_modules/@babel/parser/src/plugins/typescript/index.ts:3893:20)
      at TypeScriptParserMixin.parseMaybeUnary [as parseMaybeUnaryOrPrivate] (node_modules/@babel/parser/src/parser/expression.ts:417:14)
      at TypeScriptParserMixin.parseMaybeUnaryOrPrivate [as parseExprOps] (node_modules/@babel/parser/src/parser/expression.ts:429:23)
      at TypeScriptParserMixin.parseExprOps [as parseMaybeConditional] (node_modules/@babel/parser/src/parser/expression.ts:384:23)
      at TypeScriptParserMixin.parseMaybeConditional (node_modules/@babel/parser/src/parser/expression.ts:301:21)
      at TypeScriptParserMixin.parseMaybeAssign (node_modules/@babel/parser/src/plugins/typescript/index.ts:3764:22)
      at parseMaybeAssign (node_modules/@babel/parser/src/parser/expression.ts:257:12)
      at TypeScriptParserMixin.callback [as allowInAnd] (node_modules/@babel/parser/src/parser/expression.ts:3194:12)
      at TypeScriptParserMixin.allowInAnd [as parseMaybeAssignAllowIn] (node_modules/@babel/parser/src/parser/expression.ts:256:17)
      at TypeScriptParserMixin.parseMaybeAssignAllowIn [as parseMaybeAssignAllowInOrVoidPattern] (node_modules/@babel/parser/src/parser/expression.ts:3308:17)
      at TypeScriptParserMixin.parseMaybeAssignAllowInOrVoidPattern [as parseParenAndDistinguishExpression] (node_modules/@babel/parser/src/parser/expression.ts:1822:16)
      at TypeScriptParserMixin.parseParenAndDistinguishExpression [as parseExprAtom] (node_modules/@babel/parser/src/parser/expression.ts:1170:21)
      at TypeScriptParserMixin.parseExprAtom [as parseExprSubscripts] (node_modules/@babel/parser/src/parser/expression.ts:742:23)
      at TypeScriptParserMixin.parseExprSubscripts [as parseUpdate] (node_modules/@babel/parser/src/parser/expression.ts:721:21)
      at TypeScriptParserMixin.parseUpdate (node_modules/@babel/parser/src/parser/expression.ts:683:23)
      at TypeScriptParserMixin.parseMaybeUnary (node_modules/@babel/parser/src/plugins/typescript/index.ts:3893:20)
      at TypeScriptParserMixin.parseMaybeUnary [as parseMaybeUnaryOrPrivate] (node_modules/@babel/parser/src/parser/expression.ts:417:14)
      at TypeScriptParserMixin.parseMaybeUnaryOrPrivate [as parseExprOps] (node_modules/@babel/parser/src/parser/expression.ts:429:23)
      at TypeScriptParserMixin.parseExprOps [as parseMaybeConditional] (node_modules/@babel/parser/src/parser/expression.ts:384:23)
      at TypeScriptParserMixin.parseMaybeConditional (node_modules/@babel/parser/src/parser/expression.ts:301:21)
      at TypeScriptParserMixin.parseMaybeAssign (node_modules/@babel/parser/src/plugins/typescript/index.ts:3764:22)
      at TypeScriptParserMixin.parseMaybeAssign [as parseFunctionBody] (node_modules/@babel/parser/src/parser/expression.ts:2604:14)
      at TypeScriptParserMixin.parseFunctionBody [as parseArrowExpression] (node_modules/@babel/parser/src/parser/expression.ts:2559:10)
      at TypeScriptParserMixin.parseArrowExpression [as parseParenAndDistinguishExpression] (node_modules/@babel/parser/src/parser/expression.ts:1847:12)
      at TypeScriptParserMixin.parseParenAndDistinguishExpression [as parseExprAtom] (node_modules/@babel/parser/src/parser/expression.ts:1170:21)
      at TypeScriptParserMixin.parseExprAtom [as parseExprSubscripts] (node_modules/@babel/parser/src/parser/expression.ts:742:23)
      at TypeScriptParserMixin.parseExprSubscripts [as parseUpdate] (node_modules/@babel/parser/src/parser/expression.ts:721:21)
      at TypeScriptParserMixin.parseUpdate (node_modules/@babel/parser/src/parser/expression.ts:683:23)
      at TypeScriptParserMixin.parseMaybeUnary (node_modules/@babel/parser/src/plugins/typescript/index.ts:3893:20)
      at TypeScriptParserMixin.parseMaybeUnary [as parseMaybeUnaryOrPrivate] (node_modules/@babel/parser/src/parser/expression.ts:417:14)
      at TypeScriptParserMixin.parseMaybeUnaryOrPrivate [as parseExprOps] (node_modules/@babel/parser/src/parser/expression.ts:429:23)
      at TypeScriptParserMixin.parseExprOps [as parseMaybeConditional] (node_modules/@babel/parser/src/parser/expression.ts:384:23)
      at TypeScriptParserMixin.parseMaybeConditional (node_modules/@babel/parser/src/parser/expression.ts:301:21)
      at TypeScriptParserMixin.parseMaybeAssign (node_modules/@babel/parser/src/plugins/typescript/index.ts:3764:22)
      at parseMaybeAssign (node_modules/@babel/parser/src/parser/expression.ts:257:12)
      at TypeScriptParserMixin.callback [as allowInAnd] (node_modules/@babel/parser/src/parser/expression.ts:3189:16)
      at TypeScriptParserMixin.allowInAnd [as parseMaybeAssignAllowIn] (node_modules/@babel/parser/src/parser/expression.ts:256:17)
      at TypeScriptParserMixin.parseMaybeAssignAllowIn [as parseVar] (node_modules/@babel/parser/src/parser/statement.ts:1587:18)
      at TypeScriptParserMixin.parseVar (node_modules/@babel/parser/src/parser/statement.ts:1251:10)
      at TypeScriptParserMixin.parseVarStatement (node_modules/@babel/parser/src/plugins/typescript/index.ts:3085:33)
      at TypeScriptParserMixin.parseVarStatement (node_modules/@babel/parser/src/parser/statement.ts:612:21)
      at TypeScriptParserMixin.parseStatementContent (node_modules/@babel/parser/src/plugins/typescript/index.ts:3220:20)
      at TypeScriptParserMixin.parseStatementContent [as parseStatementLike] (node_modules/@babel/parser/src/parser/statement.ts:482:17)
      at TypeScriptParserMixin.parseStatementLike [as parseStatementListItem] (node_modules/@babel/parser/src/parser/statement.ts:431:17)
      at TypeScriptParserMixin.parseStatementListItem (node_modules/@babel/parser/src/parser/statement.ts:2635:17)
      at TypeScriptParserMixin.parseExportDeclaration (node_modules/@babel/parser/src/plugins/typescript/index.ts:3447:15)
      at TypeScriptParserMixin.parseExportDeclaration [as maybeParseExportDeclaration] (node_modules/@babel/parser/src/parser/statement.ts:2551:31)
      at TypeScriptParserMixin.maybeParseExportDeclaration (node_modules/@babel/parser/src/parser/statement.ts:2432:29)
      at TypeScriptParserMixin.parseExport (node_modules/@babel/parser/src/plugins/typescript/index.ts:3046:22)
      at TypeScriptParserMixin.parseExport (node_modules/@babel/parser/src/parser/statement.ts:649:25)
      at TypeScriptParserMixin.parseStatementContent (node_modules/@babel/parser/src/plugins/typescript/index.ts:3220:20)
      at TypeScriptParserMixin.parseStatementContent [as parseStatementLike] (node_modules/@babel/parser/src/parser/statement.ts:482:17)
      at TypeScriptParserMixin.parseStatementLike [as parseModuleItem] (node_modules/@babel/parser/src/parser/statement.ts:419:17)
      at TypeScriptParserMixin.parseModuleItem [as parseBlockOrModuleBlockBody] (node_modules/@babel/parser/src/parser/statement.ts:1443:16)
      at TypeScriptParserMixin.parseBlockOrModuleBlockBody [as parseBlockBody] (node_modules/@babel/parser/src/parser/statement.ts:1417:10)
      at TypeScriptParserMixin.parseBlockBody [as parseProgram] (node_modules/@babel/parser/src/parser/statement.ts:229:10)
      at TypeScriptParserMixin.parseProgram [as parseTopLevel] (node_modules/@babel/parser/src/parser/statement.ts:203:25)
      at TypeScriptParserMixin.parseTopLevel (node_modules/@babel/parser/src/parser/index.ts:83:25)
      at TypeScriptParserMixin.parse (node_modules/@babel/parser/src/plugins/typescript/index.ts:4354:20)
      at parse (node_modules/@babel/parser/src/index.ts:86:38)
      at parser (node_modules/@babel/core/src/parser/index.ts:29:19)
          at parser.next (<anonymous>)
      at normalizeFile (node_modules/@babel/core/src/transformation/normalize-file.ts:50:24)
          at normalizeFile.next (<anonymous>)
      at run (node_modules/@babel/core/src/transformation/index.ts:41:36)
          at run.next (<anonymous>)
      at transform (node_modules/@babel/core/src/transform.ts:29:20)
          at transform.next (<anonymous>)
      at evaluateSync (node_modules/gensync/index.js:251:28)
      at sync (node_modules/gensync/index.js:89:14)
      at fn (node_modules/@babel/core/src/errors/rewrite-stack-trace.ts:99:14)
      at transformSync (node_modules/@babel/core/src/transform.ts:66:52)
      at Object.require (src/styles/index.ts:29:1)

FAIL src/features/plo-training/screens/PLOGameTrainingScreen/PLOGameTrainingScreen.test.tsx
  ΓùÅ Test suite failed to run

    SyntaxError: C:\Users\ivans\Desktop\Dev\CasinoTrainingApp\src\styles\textStyles.ts: Unexpected token, expected "(" (22:9)

      20 |     marginBottom: 4,
      21 |   } as TextStyle,
    > 22 |    * Size: 18px, Weight: 700, Color: Gold
         |          ^
      23 |    */
      24 |   goldTitle: {
      25 |     fontSize: 18,

      27 |
      28 | // Text style factories
    > 29 | export { createTextStyles } from './textStyles';
         | ^
      30 | export type { TextStyles } from './textStyles';
      31 |

      at constructor (node_modules/@babel/parser/src/parse-error.ts:95:45)
      at TypeScriptParserMixin.toParseError [as raise] (node_modules/@babel/parser/src/tokenizer/index.ts:1504:19)
      at TypeScriptParserMixin.raise [as unexpected] (node_modules/@babel/parser/src/tokenizer/index.ts:1544:16)
      at TypeScriptParserMixin.unexpected [as expect] (node_modules/@babel/parser/src/parser/util.ts:157:12)
      at TypeScriptParserMixin.expect (node_modules/@babel/parser/src/parser/statement.ts:1726:10)
      at TypeScriptParserMixin.parseFunctionParams (node_modules/@babel/parser/src/plugins/typescript/index.ts:3692:13)
      at TypeScriptParserMixin.parseFunctionParams (node_modules/@babel/parser/src/parser/expression.ts:2491:10)
      at TypeScriptParserMixin.parseMethod (node_modules/@babel/parser/src/plugins/typescript/index.ts:4312:28)
      at TypeScriptParserMixin.parseMethod [as parseObjectMethod] (node_modules/@babel/parser/src/parser/expression.ts:2300:19)
      at TypeScriptParserMixin.parseObjectMethod (node_modules/@babel/parser/src/parser/expression.ts:2381:24)
      at TypeScriptParserMixin.parseObjPropValue (node_modules/@babel/parser/src/plugins/typescript/index.ts:3675:20)
      at TypeScriptParserMixin.parseObjPropValue [as parsePropertyDefinition] (node_modules/@babel/parser/src/parser/expression.ts:2228:17)
      at TypeScriptParserMixin.parsePropertyDefinition [as parseObjectLike] (node_modules/@babel/parser/src/parser/expression.ts:2095:21)
      at TypeScriptParserMixin.parseObjectLike [as parseExprAtom] (node_modules/@babel/parser/src/parser/expression.ts:1181:21)
      at TypeScriptParserMixin.parseExprAtom [as parseExprSubscripts] (node_modules/@babel/parser/src/parser/expression.ts:742:23)
      at TypeScriptParserMixin.parseExprSubscripts [as parseUpdate] (node_modules/@babel/parser/src/parser/expression.ts:721:21)
      at TypeScriptParserMixin.parseUpdate (node_modules/@babel/parser/src/parser/expression.ts:683:23)
      at TypeScriptParserMixin.parseMaybeUnary (node_modules/@babel/parser/src/plugins/typescript/index.ts:3893:20)
      at TypeScriptParserMixin.parseMaybeUnary [as parseMaybeUnaryOrPrivate] (node_modules/@babel/parser/src/parser/expression.ts:417:14)
      at TypeScriptParserMixin.parseMaybeUnaryOrPrivate [as parseExprOps] (node_modules/@babel/parser/src/parser/expression.ts:429:23)
      at TypeScriptParserMixin.parseExprOps [as parseMaybeConditional] (node_modules/@babel/parser/src/parser/expression.ts:384:23)
      at TypeScriptParserMixin.parseMaybeConditional (node_modules/@babel/parser/src/parser/expression.ts:301:21)
      at TypeScriptParserMixin.parseMaybeAssign (node_modules/@babel/parser/src/plugins/typescript/index.ts:3764:22)
      at parseMaybeAssign (node_modules/@babel/parser/src/parser/expression.ts:257:12)
      at TypeScriptParserMixin.callback [as allowInAnd] (node_modules/@babel/parser/src/parser/expression.ts:3194:12)
      at TypeScriptParserMixin.allowInAnd [as parseMaybeAssignAllowIn] (node_modules/@babel/parser/src/parser/expression.ts:256:17)
      at TypeScriptParserMixin.parseMaybeAssignAllowIn [as parseMaybeAssignAllowInOrVoidPattern] (node_modules/@babel/parser/src/parser/expression.ts:3308:17)
      at TypeScriptParserMixin.parseMaybeAssignAllowInOrVoidPattern [as parseParenAndDistinguishExpression] (node_modules/@babel/parser/src/parser/expression.ts:1822:16)
      at TypeScriptParserMixin.parseParenAndDistinguishExpression [as parseExprAtom] (node_modules/@babel/parser/src/parser/expression.ts:1170:21)
      at TypeScriptParserMixin.parseExprAtom [as parseExprSubscripts] (node_modules/@babel/parser/src/parser/expression.ts:742:23)
      at TypeScriptParserMixin.parseExprSubscripts [as parseUpdate] (node_modules/@babel/parser/src/parser/expression.ts:721:21)
      at TypeScriptParserMixin.parseUpdate (node_modules/@babel/parser/src/parser/expression.ts:683:23)
      at TypeScriptParserMixin.parseMaybeUnary (node_modules/@babel/parser/src/plugins/typescript/index.ts:3893:20)
      at TypeScriptParserMixin.parseMaybeUnary [as parseMaybeUnaryOrPrivate] (node_modules/@babel/parser/src/parser/expression.ts:417:14)
      at TypeScriptParserMixin.parseMaybeUnaryOrPrivate [as parseExprOps] (node_modules/@babel/parser/src/parser/expression.ts:429:23)
      at TypeScriptParserMixin.parseExprOps [as parseMaybeConditional] (node_modules/@babel/parser/src/parser/expression.ts:384:23)
      at TypeScriptParserMixin.parseMaybeConditional (node_modules/@babel/parser/src/parser/expression.ts:301:21)
      at TypeScriptParserMixin.parseMaybeAssign (node_modules/@babel/parser/src/plugins/typescript/index.ts:3764:22)
      at TypeScriptParserMixin.parseMaybeAssign [as parseFunctionBody] (node_modules/@babel/parser/src/parser/expression.ts:2604:14)
      at TypeScriptParserMixin.parseFunctionBody [as parseArrowExpression] (node_modules/@babel/parser/src/parser/expression.ts:2559:10)
      at TypeScriptParserMixin.parseArrowExpression [as parseParenAndDistinguishExpression] (node_modules/@babel/parser/src/parser/expression.ts:1847:12)
      at TypeScriptParserMixin.parseParenAndDistinguishExpression [as parseExprAtom] (node_modules/@babel/parser/src/parser/expression.ts:1170:21)
      at TypeScriptParserMixin.parseExprAtom [as parseExprSubscripts] (node_modules/@babel/parser/src/parser/expression.ts:742:23)
      at TypeScriptParserMixin.parseExprSubscripts [as parseUpdate] (node_modules/@babel/parser/src/parser/expression.ts:721:21)
      at TypeScriptParserMixin.parseUpdate (node_modules/@babel/parser/src/parser/expression.ts:683:23)
      at TypeScriptParserMixin.parseMaybeUnary (node_modules/@babel/parser/src/plugins/typescript/index.ts:3893:20)
      at TypeScriptParserMixin.parseMaybeUnary [as parseMaybeUnaryOrPrivate] (node_modules/@babel/parser/src/parser/expression.ts:417:14)
      at TypeScriptParserMixin.parseMaybeUnaryOrPrivate [as parseExprOps] (node_modules/@babel/parser/src/parser/expression.ts:429:23)
      at TypeScriptParserMixin.parseExprOps [as parseMaybeConditional] (node_modules/@babel/parser/src/parser/expression.ts:384:23)
      at TypeScriptParserMixin.parseMaybeConditional (node_modules/@babel/parser/src/parser/expression.ts:301:21)
      at TypeScriptParserMixin.parseMaybeAssign (node_modules/@babel/parser/src/plugins/typescript/index.ts:3764:22)
      at parseMaybeAssign (node_modules/@babel/parser/src/parser/expression.ts:257:12)
      at TypeScriptParserMixin.callback [as allowInAnd] (node_modules/@babel/parser/src/parser/expression.ts:3189:16)
      at TypeScriptParserMixin.allowInAnd [as parseMaybeAssignAllowIn] (node_modules/@babel/parser/src/parser/expression.ts:256:17)
      at TypeScriptParserMixin.parseMaybeAssignAllowIn [as parseVar] (node_modules/@babel/parser/src/parser/statement.ts:1587:18)
      at TypeScriptParserMixin.parseVar (node_modules/@babel/parser/src/parser/statement.ts:1251:10)
      at TypeScriptParserMixin.parseVarStatement (node_modules/@babel/parser/src/plugins/typescript/index.ts:3085:33)
      at TypeScriptParserMixin.parseVarStatement (node_modules/@babel/parser/src/parser/statement.ts:612:21)
      at TypeScriptParserMixin.parseStatementContent (node_modules/@babel/parser/src/plugins/typescript/index.ts:3220:20)
      at TypeScriptParserMixin.parseStatementContent [as parseStatementLike] (node_modules/@babel/parser/src/parser/statement.ts:482:17)
      at TypeScriptParserMixin.parseStatementLike [as parseStatementListItem] (node_modules/@babel/parser/src/parser/statement.ts:431:17)
      at TypeScriptParserMixin.parseStatementListItem (node_modules/@babel/parser/src/parser/statement.ts:2635:17)
      at TypeScriptParserMixin.parseExportDeclaration (node_modules/@babel/parser/src/plugins/typescript/index.ts:3447:15)
      at TypeScriptParserMixin.parseExportDeclaration [as maybeParseExportDeclaration] (node_modules/@babel/parser/src/parser/statement.ts:2551:31)
      at TypeScriptParserMixin.maybeParseExportDeclaration (node_modules/@babel/parser/src/parser/statement.ts:2432:29)
      at TypeScriptParserMixin.parseExport (node_modules/@babel/parser/src/plugins/typescript/index.ts:3046:22)
      at TypeScriptParserMixin.parseExport (node_modules/@babel/parser/src/parser/statement.ts:649:25)
      at TypeScriptParserMixin.parseStatementContent (node_modules/@babel/parser/src/plugins/typescript/index.ts:3220:20)
      at TypeScriptParserMixin.parseStatementContent [as parseStatementLike] (node_modules/@babel/parser/src/parser/statement.ts:482:17)
      at TypeScriptParserMixin.parseStatementLike [as parseModuleItem] (node_modules/@babel/parser/src/parser/statement.ts:419:17)
      at TypeScriptParserMixin.parseModuleItem [as parseBlockOrModuleBlockBody] (node_modules/@babel/parser/src/parser/statement.ts:1443:16)
      at TypeScriptParserMixin.parseBlockOrModuleBlockBody [as parseBlockBody] (node_modules/@babel/parser/src/parser/statement.ts:1417:10)
      at TypeScriptParserMixin.parseBlockBody [as parseProgram] (node_modules/@babel/parser/src/parser/statement.ts:229:10)
      at TypeScriptParserMixin.parseProgram [as parseTopLevel] (node_modules/@babel/parser/src/parser/statement.ts:203:25)
      at TypeScriptParserMixin.parseTopLevel (node_modules/@babel/parser/src/parser/index.ts:83:25)
      at TypeScriptParserMixin.parse (node_modules/@babel/parser/src/plugins/typescript/index.ts:4354:20)
      at parse (node_modules/@babel/parser/src/index.ts:86:38)
      at parser (node_modules/@babel/core/src/parser/index.ts:29:19)
          at parser.next (<anonymous>)
      at normalizeFile (node_modules/@babel/core/src/transformation/normalize-file.ts:50:24)
          at normalizeFile.next (<anonymous>)
      at run (node_modules/@babel/core/src/transformation/index.ts:41:36)
          at run.next (<anonymous>)
      at transform (node_modules/@babel/core/src/transform.ts:29:20)
          at transform.next (<anonymous>)
      at evaluateSync (node_modules/gensync/index.js:251:28)
      at sync (node_modules/gensync/index.js:89:14)
      at fn (node_modules/@babel/core/src/errors/rewrite-stack-trace.ts:99:14)
      at transformSync (node_modules/@babel/core/src/transform.ts:66:52)
      at Object.require (src/styles/index.ts:29:1)

FAIL src/features/racetrack-sector-training/screens/SectorMenuScreen/SectorMenuScreen.test.tsx
  ΓùÅ Test suite failed to run

    SyntaxError: C:\Users\ivans\Desktop\Dev\CasinoTrainingApp\src\styles\textStyles.ts: Unexpected token, expected "(" (22:9)

      20 |     marginBottom: 4,
      21 |   } as TextStyle,
    > 22 |    * Size: 18px, Weight: 700, Color: Gold
         |          ^
      23 |    */
      24 |   goldTitle: {
      25 |     fontSize: 18,

      27 |
      28 | // Text style factories
    > 29 | export { createTextStyles } from './textStyles';
         | ^
      30 | export type { TextStyles } from './textStyles';
      31 |

      at constructor (node_modules/@babel/parser/src/parse-error.ts:95:45)
      at TypeScriptParserMixin.toParseError [as raise] (node_modules/@babel/parser/src/tokenizer/index.ts:1504:19)
      at TypeScriptParserMixin.raise [as unexpected] (node_modules/@babel/parser/src/tokenizer/index.ts:1544:16)
      at TypeScriptParserMixin.unexpected [as expect] (node_modules/@babel/parser/src/parser/util.ts:157:12)
      at TypeScriptParserMixin.expect (node_modules/@babel/parser/src/parser/statement.ts:1726:10)
      at TypeScriptParserMixin.parseFunctionParams (node_modules/@babel/parser/src/plugins/typescript/index.ts:3692:13)
      at TypeScriptParserMixin.parseFunctionParams (node_modules/@babel/parser/src/parser/expression.ts:2491:10)
      at TypeScriptParserMixin.parseMethod (node_modules/@babel/parser/src/plugins/typescript/index.ts:4312:28)
      at TypeScriptParserMixin.parseMethod [as parseObjectMethod] (node_modules/@babel/parser/src/parser/expression.ts:2300:19)
      at TypeScriptParserMixin.parseObjectMethod (node_modules/@babel/parser/src/parser/expression.ts:2381:24)
      at TypeScriptParserMixin.parseObjPropValue (node_modules/@babel/parser/src/plugins/typescript/index.ts:3675:20)
      at TypeScriptParserMixin.parseObjPropValue [as parsePropertyDefinition] (node_modules/@babel/parser/src/parser/expression.ts:2228:17)
      at TypeScriptParserMixin.parsePropertyDefinition [as parseObjectLike] (node_modules/@babel/parser/src/parser/expression.ts:2095:21)
      at TypeScriptParserMixin.parseObjectLike [as parseExprAtom] (node_modules/@babel/parser/src/parser/expression.ts:1181:21)
      at TypeScriptParserMixin.parseExprAtom [as parseExprSubscripts] (node_modules/@babel/parser/src/parser/expression.ts:742:23)
      at TypeScriptParserMixin.parseExprSubscripts [as parseUpdate] (node_modules/@babel/parser/src/parser/expression.ts:721:21)
      at TypeScriptParserMixin.parseUpdate (node_modules/@babel/parser/src/parser/expression.ts:683:23)
      at TypeScriptParserMixin.parseMaybeUnary (node_modules/@babel/parser/src/plugins/typescript/index.ts:3893:20)
      at TypeScriptParserMixin.parseMaybeUnary [as parseMaybeUnaryOrPrivate] (node_modules/@babel/parser/src/parser/expression.ts:417:14)
      at TypeScriptParserMixin.parseMaybeUnaryOrPrivate [as parseExprOps] (node_modules/@babel/parser/src/parser/expression.ts:429:23)
      at TypeScriptParserMixin.parseExprOps [as parseMaybeConditional] (node_modules/@babel/parser/src/parser/expression.ts:384:23)
      at TypeScriptParserMixin.parseMaybeConditional (node_modules/@babel/parser/src/parser/expression.ts:301:21)
      at TypeScriptParserMixin.parseMaybeAssign (node_modules/@babel/parser/src/plugins/typescript/index.ts:3764:22)
      at parseMaybeAssign (node_modules/@babel/parser/src/parser/expression.ts:257:12)
      at TypeScriptParserMixin.callback [as allowInAnd] (node_modules/@babel/parser/src/parser/expression.ts:3194:12)
      at TypeScriptParserMixin.allowInAnd [as parseMaybeAssignAllowIn] (node_modules/@babel/parser/src/parser/expression.ts:256:17)
      at TypeScriptParserMixin.parseMaybeAssignAllowIn [as parseMaybeAssignAllowInOrVoidPattern] (node_modules/@babel/parser/src/parser/expression.ts:3308:17)
      at TypeScriptParserMixin.parseMaybeAssignAllowInOrVoidPattern [as parseParenAndDistinguishExpression] (node_modules/@babel/parser/src/parser/expression.ts:1822:16)
      at TypeScriptParserMixin.parseParenAndDistinguishExpression [as parseExprAtom] (node_modules/@babel/parser/src/parser/expression.ts:1170:21)
      at TypeScriptParserMixin.parseExprAtom [as parseExprSubscripts] (node_modules/@babel/parser/src/parser/expression.ts:742:23)
      at TypeScriptParserMixin.parseExprSubscripts [as parseUpdate] (node_modules/@babel/parser/src/parser/expression.ts:721:21)
      at TypeScriptParserMixin.parseUpdate (node_modules/@babel/parser/src/parser/expression.ts:683:23)
      at TypeScriptParserMixin.parseMaybeUnary (node_modules/@babel/parser/src/plugins/typescript/index.ts:3893:20)
      at TypeScriptParserMixin.parseMaybeUnary [as parseMaybeUnaryOrPrivate] (node_modules/@babel/parser/src/parser/expression.ts:417:14)
      at TypeScriptParserMixin.parseMaybeUnaryOrPrivate [as parseExprOps] (node_modules/@babel/parser/src/parser/expression.ts:429:23)
      at TypeScriptParserMixin.parseExprOps [as parseMaybeConditional] (node_modules/@babel/parser/src/parser/expression.ts:384:23)
      at TypeScriptParserMixin.parseMaybeConditional (node_modules/@babel/parser/src/parser/expression.ts:301:21)
      at TypeScriptParserMixin.parseMaybeAssign (node_modules/@babel/parser/src/plugins/typescript/index.ts:3764:22)
      at TypeScriptParserMixin.parseMaybeAssign [as parseFunctionBody] (node_modules/@babel/parser/src/parser/expression.ts:2604:14)
      at TypeScriptParserMixin.parseFunctionBody [as parseArrowExpression] (node_modules/@babel/parser/src/parser/expression.ts:2559:10)
      at TypeScriptParserMixin.parseArrowExpression [as parseParenAndDistinguishExpression] (node_modules/@babel/parser/src/parser/expression.ts:1847:12)
      at TypeScriptParserMixin.parseParenAndDistinguishExpression [as parseExprAtom] (node_modules/@babel/parser/src/parser/expression.ts:1170:21)
      at TypeScriptParserMixin.parseExprAtom [as parseExprSubscripts] (node_modules/@babel/parser/src/parser/expression.ts:742:23)
      at TypeScriptParserMixin.parseExprSubscripts [as parseUpdate] (node_modules/@babel/parser/src/parser/expression.ts:721:21)
      at TypeScriptParserMixin.parseUpdate (node_modules/@babel/parser/src/parser/expression.ts:683:23)
      at TypeScriptParserMixin.parseMaybeUnary (node_modules/@babel/parser/src/plugins/typescript/index.ts:3893:20)
      at TypeScriptParserMixin.parseMaybeUnary [as parseMaybeUnaryOrPrivate] (node_modules/@babel/parser/src/parser/expression.ts:417:14)
      at TypeScriptParserMixin.parseMaybeUnaryOrPrivate [as parseExprOps] (node_modules/@babel/parser/src/parser/expression.ts:429:23)
      at TypeScriptParserMixin.parseExprOps [as parseMaybeConditional] (node_modules/@babel/parser/src/parser/expression.ts:384:23)
      at TypeScriptParserMixin.parseMaybeConditional (node_modules/@babel/parser/src/parser/expression.ts:301:21)
      at TypeScriptParserMixin.parseMaybeAssign (node_modules/@babel/parser/src/plugins/typescript/index.ts:3764:22)
      at parseMaybeAssign (node_modules/@babel/parser/src/parser/expression.ts:257:12)
      at TypeScriptParserMixin.callback [as allowInAnd] (node_modules/@babel/parser/src/parser/expression.ts:3189:16)
      at TypeScriptParserMixin.allowInAnd [as parseMaybeAssignAllowIn] (node_modules/@babel/parser/src/parser/expression.ts:256:17)
      at TypeScriptParserMixin.parseMaybeAssignAllowIn [as parseVar] (node_modules/@babel/parser/src/parser/statement.ts:1587:18)
      at TypeScriptParserMixin.parseVar (node_modules/@babel/parser/src/parser/statement.ts:1251:10)
      at TypeScriptParserMixin.parseVarStatement (node_modules/@babel/parser/src/plugins/typescript/index.ts:3085:33)
      at TypeScriptParserMixin.parseVarStatement (node_modules/@babel/parser/src/parser/statement.ts:612:21)
      at TypeScriptParserMixin.parseStatementContent (node_modules/@babel/parser/src/plugins/typescript/index.ts:3220:20)
      at TypeScriptParserMixin.parseStatementContent [as parseStatementLike] (node_modules/@babel/parser/src/parser/statement.ts:482:17)
      at TypeScriptParserMixin.parseStatementLike [as parseStatementListItem] (node_modules/@babel/parser/src/parser/statement.ts:431:17)
      at TypeScriptParserMixin.parseStatementListItem (node_modules/@babel/parser/src/parser/statement.ts:2635:17)
      at TypeScriptParserMixin.parseExportDeclaration (node_modules/@babel/parser/src/plugins/typescript/index.ts:3447:15)
      at TypeScriptParserMixin.parseExportDeclaration [as maybeParseExportDeclaration] (node_modules/@babel/parser/src/parser/statement.ts:2551:31)
      at TypeScriptParserMixin.maybeParseExportDeclaration (node_modules/@babel/parser/src/parser/statement.ts:2432:29)
      at TypeScriptParserMixin.parseExport (node_modules/@babel/parser/src/plugins/typescript/index.ts:3046:22)
      at TypeScriptParserMixin.parseExport (node_modules/@babel/parser/src/parser/statement.ts:649:25)
      at TypeScriptParserMixin.parseStatementContent (node_modules/@babel/parser/src/plugins/typescript/index.ts:3220:20)
      at TypeScriptParserMixin.parseStatementContent [as parseStatementLike] (node_modules/@babel/parser/src/parser/statement.ts:482:17)
      at TypeScriptParserMixin.parseStatementLike [as parseModuleItem] (node_modules/@babel/parser/src/parser/statement.ts:419:17)
      at TypeScriptParserMixin.parseModuleItem [as parseBlockOrModuleBlockBody] (node_modules/@babel/parser/src/parser/statement.ts:1443:16)
      at TypeScriptParserMixin.parseBlockOrModuleBlockBody [as parseBlockBody] (node_modules/@babel/parser/src/parser/statement.ts:1417:10)
      at TypeScriptParserMixin.parseBlockBody [as parseProgram] (node_modules/@babel/parser/src/parser/statement.ts:229:10)
      at TypeScriptParserMixin.parseProgram [as parseTopLevel] (node_modules/@babel/parser/src/parser/statement.ts:203:25)
      at TypeScriptParserMixin.parseTopLevel (node_modules/@babel/parser/src/parser/index.ts:83:25)
      at TypeScriptParserMixin.parse (node_modules/@babel/parser/src/plugins/typescript/index.ts:4354:20)
      at parse (node_modules/@babel/parser/src/index.ts:86:38)
      at parser (node_modules/@babel/core/src/parser/index.ts:29:19)
          at parser.next (<anonymous>)
      at normalizeFile (node_modules/@babel/core/src/transformation/normalize-file.ts:50:24)
          at normalizeFile.next (<anonymous>)
      at run (node_modules/@babel/core/src/transformation/index.ts:41:36)
          at run.next (<anonymous>)
      at transform (node_modules/@babel/core/src/transform.ts:29:20)
          at transform.next (<anonymous>)
      at evaluateSync (node_modules/gensync/index.js:251:28)
      at sync (node_modules/gensync/index.js:89:14)
      at fn (node_modules/@babel/core/src/errors/rewrite-stack-trace.ts:99:14)
      at transformSync (node_modules/@babel/core/src/transform.ts:66:52)
      at Object.require (src/styles/index.ts:29:1)

FAIL src/features/roulette-knowledge-training/screens/RKDrillScreen/RKDrillScreen.test.tsx
  ΓùÅ Test suite failed to run

    SyntaxError: C:\Users\ivans\Desktop\Dev\CasinoTrainingApp\src\styles\textStyles.ts: Unexpected token, expected "(" (22:9)

      20 |     marginBottom: 4,
      21 |   } as TextStyle,
    > 22 |    * Size: 18px, Weight: 700, Color: Gold
         |          ^
      23 |    */
      24 |   goldTitle: {
      25 |     fontSize: 18,

      27 |
      28 | // Text style factories
    > 29 | export { createTextStyles } from './textStyles';
         | ^
      30 | export type { TextStyles } from './textStyles';
      31 |

      at constructor (node_modules/@babel/parser/src/parse-error.ts:95:45)
      at TypeScriptParserMixin.toParseError [as raise] (node_modules/@babel/parser/src/tokenizer/index.ts:1504:19)
      at TypeScriptParserMixin.raise [as unexpected] (node_modules/@babel/parser/src/tokenizer/index.ts:1544:16)
      at TypeScriptParserMixin.unexpected [as expect] (node_modules/@babel/parser/src/parser/util.ts:157:12)
      at TypeScriptParserMixin.expect (node_modules/@babel/parser/src/parser/statement.ts:1726:10)
      at TypeScriptParserMixin.parseFunctionParams (node_modules/@babel/parser/src/plugins/typescript/index.ts:3692:13)
      at TypeScriptParserMixin.parseFunctionParams (node_modules/@babel/parser/src/parser/expression.ts:2491:10)
      at TypeScriptParserMixin.parseMethod (node_modules/@babel/parser/src/plugins/typescript/index.ts:4312:28)
      at TypeScriptParserMixin.parseMethod [as parseObjectMethod] (node_modules/@babel/parser/src/parser/expression.ts:2300:19)
      at TypeScriptParserMixin.parseObjectMethod (node_modules/@babel/parser/src/parser/expression.ts:2381:24)
      at TypeScriptParserMixin.parseObjPropValue (node_modules/@babel/parser/src/plugins/typescript/index.ts:3675:20)
      at TypeScriptParserMixin.parseObjPropValue [as parsePropertyDefinition] (node_modules/@babel/parser/src/parser/expression.ts:2228:17)
      at TypeScriptParserMixin.parsePropertyDefinition [as parseObjectLike] (node_modules/@babel/parser/src/parser/expression.ts:2095:21)
      at TypeScriptParserMixin.parseObjectLike [as parseExprAtom] (node_modules/@babel/parser/src/parser/expression.ts:1181:21)
      at TypeScriptParserMixin.parseExprAtom [as parseExprSubscripts] (node_modules/@babel/parser/src/parser/expression.ts:742:23)
      at TypeScriptParserMixin.parseExprSubscripts [as parseUpdate] (node_modules/@babel/parser/src/parser/expression.ts:721:21)
      at TypeScriptParserMixin.parseUpdate (node_modules/@babel/parser/src/parser/expression.ts:683:23)
      at TypeScriptParserMixin.parseMaybeUnary (node_modules/@babel/parser/src/plugins/typescript/index.ts:3893:20)
      at TypeScriptParserMixin.parseMaybeUnary [as parseMaybeUnaryOrPrivate] (node_modules/@babel/parser/src/parser/expression.ts:417:14)
      at TypeScriptParserMixin.parseMaybeUnaryOrPrivate [as parseExprOps] (node_modules/@babel/parser/src/parser/expression.ts:429:23)
      at TypeScriptParserMixin.parseExprOps [as parseMaybeConditional] (node_modules/@babel/parser/src/parser/expression.ts:384:23)
      at TypeScriptParserMixin.parseMaybeConditional (node_modules/@babel/parser/src/parser/expression.ts:301:21)
      at TypeScriptParserMixin.parseMaybeAssign (node_modules/@babel/parser/src/plugins/typescript/index.ts:3764:22)
      at parseMaybeAssign (node_modules/@babel/parser/src/parser/expression.ts:257:12)
      at TypeScriptParserMixin.callback [as allowInAnd] (node_modules/@babel/parser/src/parser/expression.ts:3194:12)
      at TypeScriptParserMixin.allowInAnd [as parseMaybeAssignAllowIn] (node_modules/@babel/parser/src/parser/expression.ts:256:17)
      at TypeScriptParserMixin.parseMaybeAssignAllowIn [as parseMaybeAssignAllowInOrVoidPattern] (node_modules/@babel/parser/src/parser/expression.ts:3308:17)
      at TypeScriptParserMixin.parseMaybeAssignAllowInOrVoidPattern [as parseParenAndDistinguishExpression] (node_modules/@babel/parser/src/parser/expression.ts:1822:16)
      at TypeScriptParserMixin.parseParenAndDistinguishExpression [as parseExprAtom] (node_modules/@babel/parser/src/parser/expression.ts:1170:21)
      at TypeScriptParserMixin.parseExprAtom [as parseExprSubscripts] (node_modules/@babel/parser/src/parser/expression.ts:742:23)
      at TypeScriptParserMixin.parseExprSubscripts [as parseUpdate] (node_modules/@babel/parser/src/parser/expression.ts:721:21)
      at TypeScriptParserMixin.parseUpdate (node_modules/@babel/parser/src/parser/expression.ts:683:23)
      at TypeScriptParserMixin.parseMaybeUnary (node_modules/@babel/parser/src/plugins/typescript/index.ts:3893:20)
      at TypeScriptParserMixin.parseMaybeUnary [as parseMaybeUnaryOrPrivate] (node_modules/@babel/parser/src/parser/expression.ts:417:14)
      at TypeScriptParserMixin.parseMaybeUnaryOrPrivate [as parseExprOps] (node_modules/@babel/parser/src/parser/expression.ts:429:23)
      at TypeScriptParserMixin.parseExprOps [as parseMaybeConditional] (node_modules/@babel/parser/src/parser/expression.ts:384:23)
      at TypeScriptParserMixin.parseMaybeConditional (node_modules/@babel/parser/src/parser/expression.ts:301:21)
      at TypeScriptParserMixin.parseMaybeAssign (node_modules/@babel/parser/src/plugins/typescript/index.ts:3764:22)
      at TypeScriptParserMixin.parseMaybeAssign [as parseFunctionBody] (node_modules/@babel/parser/src/parser/expression.ts:2604:14)
      at TypeScriptParserMixin.parseFunctionBody [as parseArrowExpression] (node_modules/@babel/parser/src/parser/expression.ts:2559:10)
      at TypeScriptParserMixin.parseArrowExpression [as parseParenAndDistinguishExpression] (node_modules/@babel/parser/src/parser/expression.ts:1847:12)
      at TypeScriptParserMixin.parseParenAndDistinguishExpression [as parseExprAtom] (node_modules/@babel/parser/src/parser/expression.ts:1170:21)
      at TypeScriptParserMixin.parseExprAtom [as parseExprSubscripts] (node_modules/@babel/parser/src/parser/expression.ts:742:23)
      at TypeScriptParserMixin.parseExprSubscripts [as parseUpdate] (node_modules/@babel/parser/src/parser/expression.ts:721:21)
      at TypeScriptParserMixin.parseUpdate (node_modules/@babel/parser/src/parser/expression.ts:683:23)
      at TypeScriptParserMixin.parseMaybeUnary (node_modules/@babel/parser/src/plugins/typescript/index.ts:3893:20)
      at TypeScriptParserMixin.parseMaybeUnary [as parseMaybeUnaryOrPrivate] (node_modules/@babel/parser/src/parser/expression.ts:417:14)
      at TypeScriptParserMixin.parseMaybeUnaryOrPrivate [as parseExprOps] (node_modules/@babel/parser/src/parser/expression.ts:429:23)
      at TypeScriptParserMixin.parseExprOps [as parseMaybeConditional] (node_modules/@babel/parser/src/parser/expression.ts:384:23)
      at TypeScriptParserMixin.parseMaybeConditional (node_modules/@babel/parser/src/parser/expression.ts:301:21)
      at TypeScriptParserMixin.parseMaybeAssign (node_modules/@babel/parser/src/plugins/typescript/index.ts:3764:22)
      at parseMaybeAssign (node_modules/@babel/parser/src/parser/expression.ts:257:12)
      at TypeScriptParserMixin.callback [as allowInAnd] (node_modules/@babel/parser/src/parser/expression.ts:3189:16)
      at TypeScriptParserMixin.allowInAnd [as parseMaybeAssignAllowIn] (node_modules/@babel/parser/src/parser/expression.ts:256:17)
      at TypeScriptParserMixin.parseMaybeAssignAllowIn [as parseVar] (node_modules/@babel/parser/src/parser/statement.ts:1587:18)
      at TypeScriptParserMixin.parseVar (node_modules/@babel/parser/src/parser/statement.ts:1251:10)
      at TypeScriptParserMixin.parseVarStatement (node_modules/@babel/parser/src/plugins/typescript/index.ts:3085:33)
      at TypeScriptParserMixin.parseVarStatement (node_modules/@babel/parser/src/parser/statement.ts:612:21)
      at TypeScriptParserMixin.parseStatementContent (node_modules/@babel/parser/src/plugins/typescript/index.ts:3220:20)
      at TypeScriptParserMixin.parseStatementContent [as parseStatementLike] (node_modules/@babel/parser/src/parser/statement.ts:482:17)
      at TypeScriptParserMixin.parseStatementLike [as parseStatementListItem] (node_modules/@babel/parser/src/parser/statement.ts:431:17)
      at TypeScriptParserMixin.parseStatementListItem (node_modules/@babel/parser/src/parser/statement.ts:2635:17)
      at TypeScriptParserMixin.parseExportDeclaration (node_modules/@babel/parser/src/plugins/typescript/index.ts:3447:15)
      at TypeScriptParserMixin.parseExportDeclaration [as maybeParseExportDeclaration] (node_modules/@babel/parser/src/parser/statement.ts:2551:31)
      at TypeScriptParserMixin.maybeParseExportDeclaration (node_modules/@babel/parser/src/parser/statement.ts:2432:29)
      at TypeScriptParserMixin.parseExport (node_modules/@babel/parser/src/plugins/typescript/index.ts:3046:22)
      at TypeScriptParserMixin.parseExport (node_modules/@babel/parser/src/parser/statement.ts:649:25)
      at TypeScriptParserMixin.parseStatementContent (node_modules/@babel/parser/src/plugins/typescript/index.ts:3220:20)
      at TypeScriptParserMixin.parseStatementContent [as parseStatementLike] (node_modules/@babel/parser/src/parser/statement.ts:482:17)
      at TypeScriptParserMixin.parseStatementLike [as parseModuleItem] (node_modules/@babel/parser/src/parser/statement.ts:419:17)
      at TypeScriptParserMixin.parseModuleItem [as parseBlockOrModuleBlockBody] (node_modules/@babel/parser/src/parser/statement.ts:1443:16)
      at TypeScriptParserMixin.parseBlockOrModuleBlockBody [as parseBlockBody] (node_modules/@babel/parser/src/parser/statement.ts:1417:10)
      at TypeScriptParserMixin.parseBlockBody [as parseProgram] (node_modules/@babel/parser/src/parser/statement.ts:229:10)
      at TypeScriptParserMixin.parseProgram [as parseTopLevel] (node_modules/@babel/parser/src/parser/statement.ts:203:25)
      at TypeScriptParserMixin.parseTopLevel (node_modules/@babel/parser/src/parser/index.ts:83:25)
      at TypeScriptParserMixin.parse (node_modules/@babel/parser/src/plugins/typescript/index.ts:4354:20)
      at parse (node_modules/@babel/parser/src/index.ts:86:38)
      at parser (node_modules/@babel/core/src/parser/index.ts:29:19)
          at parser.next (<anonymous>)
      at normalizeFile (node_modules/@babel/core/src/transformation/normalize-file.ts:50:24)
          at normalizeFile.next (<anonymous>)
      at run (node_modules/@babel/core/src/transformation/index.ts:41:36)
          at run.next (<anonymous>)
      at transform (node_modules/@babel/core/src/transform.ts:29:20)
          at transform.next (<anonymous>)
      at evaluateSync (node_modules/gensync/index.js:251:28)
      at sync (node_modules/gensync/index.js:89:14)
      at fn (node_modules/@babel/core/src/errors/rewrite-stack-trace.ts:99:14)
      at transformSync (node_modules/@babel/core/src/transform.ts:66:52)
      at Object.require (src/styles/index.ts:29:1)

FAIL src/features/cash-conversion-training/screens/CashConversionMenuScreen/CashConversionMenuScreen.test.tsx
  ΓùÅ Test suite failed to run

    SyntaxError: C:\Users\ivans\Desktop\Dev\CasinoTrainingApp\src\styles\textStyles.ts: Unexpected token, expected "(" (22:9)

      20 |     marginBottom: 4,
      21 |   } as TextStyle,
    > 22 |    * Size: 18px, Weight: 700, Color: Gold
         |          ^
      23 |    */
      24 |   goldTitle: {
      25 |     fontSize: 18,

      27 |
      28 | // Text style factories
    > 29 | export { createTextStyles } from './textStyles';
         | ^
      30 | export type { TextStyles } from './textStyles';
      31 |

      at constructor (node_modules/@babel/parser/src/parse-error.ts:95:45)
      at TypeScriptParserMixin.toParseError [as raise] (node_modules/@babel/parser/src/tokenizer/index.ts:1504:19)
      at TypeScriptParserMixin.raise [as unexpected] (node_modules/@babel/parser/src/tokenizer/index.ts:1544:16)
      at TypeScriptParserMixin.unexpected [as expect] (node_modules/@babel/parser/src/parser/util.ts:157:12)
      at TypeScriptParserMixin.expect (node_modules/@babel/parser/src/parser/statement.ts:1726:10)
      at TypeScriptParserMixin.parseFunctionParams (node_modules/@babel/parser/src/plugins/typescript/index.ts:3692:13)
      at TypeScriptParserMixin.parseFunctionParams (node_modules/@babel/parser/src/parser/expression.ts:2491:10)
      at TypeScriptParserMixin.parseMethod (node_modules/@babel/parser/src/plugins/typescript/index.ts:4312:28)
      at TypeScriptParserMixin.parseMethod [as parseObjectMethod] (node_modules/@babel/parser/src/parser/expression.ts:2300:19)
      at TypeScriptParserMixin.parseObjectMethod (node_modules/@babel/parser/src/parser/expression.ts:2381:24)
      at TypeScriptParserMixin.parseObjPropValue (node_modules/@babel/parser/src/plugins/typescript/index.ts:3675:20)
      at TypeScriptParserMixin.parseObjPropValue [as parsePropertyDefinition] (node_modules/@babel/parser/src/parser/expression.ts:2228:17)
      at TypeScriptParserMixin.parsePropertyDefinition [as parseObjectLike] (node_modules/@babel/parser/src/parser/expression.ts:2095:21)
      at TypeScriptParserMixin.parseObjectLike [as parseExprAtom] (node_modules/@babel/parser/src/parser/expression.ts:1181:21)
      at TypeScriptParserMixin.parseExprAtom [as parseExprSubscripts] (node_modules/@babel/parser/src/parser/expression.ts:742:23)
      at TypeScriptParserMixin.parseExprSubscripts [as parseUpdate] (node_modules/@babel/parser/src/parser/expression.ts:721:21)
      at TypeScriptParserMixin.parseUpdate (node_modules/@babel/parser/src/parser/expression.ts:683:23)
      at TypeScriptParserMixin.parseMaybeUnary (node_modules/@babel/parser/src/plugins/typescript/index.ts:3893:20)
      at TypeScriptParserMixin.parseMaybeUnary [as parseMaybeUnaryOrPrivate] (node_modules/@babel/parser/src/parser/expression.ts:417:14)
      at TypeScriptParserMixin.parseMaybeUnaryOrPrivate [as parseExprOps] (node_modules/@babel/parser/src/parser/expression.ts:429:23)
      at TypeScriptParserMixin.parseExprOps [as parseMaybeConditional] (node_modules/@babel/parser/src/parser/expression.ts:384:23)
      at TypeScriptParserMixin.parseMaybeConditional (node_modules/@babel/parser/src/parser/expression.ts:301:21)
      at TypeScriptParserMixin.parseMaybeAssign (node_modules/@babel/parser/src/plugins/typescript/index.ts:3764:22)
      at parseMaybeAssign (node_modules/@babel/parser/src/parser/expression.ts:257:12)
      at TypeScriptParserMixin.callback [as allowInAnd] (node_modules/@babel/parser/src/parser/expression.ts:3194:12)
      at TypeScriptParserMixin.allowInAnd [as parseMaybeAssignAllowIn] (node_modules/@babel/parser/src/parser/expression.ts:256:17)
      at TypeScriptParserMixin.parseMaybeAssignAllowIn [as parseMaybeAssignAllowInOrVoidPattern] (node_modules/@babel/parser/src/parser/expression.ts:3308:17)
      at TypeScriptParserMixin.parseMaybeAssignAllowInOrVoidPattern [as parseParenAndDistinguishExpression] (node_modules/@babel/parser/src/parser/expression.ts:1822:16)
      at TypeScriptParserMixin.parseParenAndDistinguishExpression [as parseExprAtom] (node_modules/@babel/parser/src/parser/expression.ts:1170:21)
      at TypeScriptParserMixin.parseExprAtom [as parseExprSubscripts] (node_modules/@babel/parser/src/parser/expression.ts:742:23)
      at TypeScriptParserMixin.parseExprSubscripts [as parseUpdate] (node_modules/@babel/parser/src/parser/expression.ts:721:21)
      at TypeScriptParserMixin.parseUpdate (node_modules/@babel/parser/src/parser/expression.ts:683:23)
      at TypeScriptParserMixin.parseMaybeUnary (node_modules/@babel/parser/src/plugins/typescript/index.ts:3893:20)
      at TypeScriptParserMixin.parseMaybeUnary [as parseMaybeUnaryOrPrivate] (node_modules/@babel/parser/src/parser/expression.ts:417:14)
      at TypeScriptParserMixin.parseMaybeUnaryOrPrivate [as parseExprOps] (node_modules/@babel/parser/src/parser/expression.ts:429:23)
      at TypeScriptParserMixin.parseExprOps [as parseMaybeConditional] (node_modules/@babel/parser/src/parser/expression.ts:384:23)
      at TypeScriptParserMixin.parseMaybeConditional (node_modules/@babel/parser/src/parser/expression.ts:301:21)
      at TypeScriptParserMixin.parseMaybeAssign (node_modules/@babel/parser/src/plugins/typescript/index.ts:3764:22)
      at TypeScriptParserMixin.parseMaybeAssign [as parseFunctionBody] (node_modules/@babel/parser/src/parser/expression.ts:2604:14)
      at TypeScriptParserMixin.parseFunctionBody [as parseArrowExpression] (node_modules/@babel/parser/src/parser/expression.ts:2559:10)
      at TypeScriptParserMixin.parseArrowExpression [as parseParenAndDistinguishExpression] (node_modules/@babel/parser/src/parser/expression.ts:1847:12)
      at TypeScriptParserMixin.parseParenAndDistinguishExpression [as parseExprAtom] (node_modules/@babel/parser/src/parser/expression.ts:1170:21)
      at TypeScriptParserMixin.parseExprAtom [as parseExprSubscripts] (node_modules/@babel/parser/src/parser/expression.ts:742:23)
      at TypeScriptParserMixin.parseExprSubscripts [as parseUpdate] (node_modules/@babel/parser/src/parser/expression.ts:721:21)
      at TypeScriptParserMixin.parseUpdate (node_modules/@babel/parser/src/parser/expression.ts:683:23)
      at TypeScriptParserMixin.parseMaybeUnary (node_modules/@babel/parser/src/plugins/typescript/index.ts:3893:20)
      at TypeScriptParserMixin.parseMaybeUnary [as parseMaybeUnaryOrPrivate] (node_modules/@babel/parser/src/parser/expression.ts:417:14)
      at TypeScriptParserMixin.parseMaybeUnaryOrPrivate [as parseExprOps] (node_modules/@babel/parser/src/parser/expression.ts:429:23)
      at TypeScriptParserMixin.parseExprOps [as parseMaybeConditional] (node_modules/@babel/parser/src/parser/expression.ts:384:23)
      at TypeScriptParserMixin.parseMaybeConditional (node_modules/@babel/parser/src/parser/expression.ts:301:21)
      at TypeScriptParserMixin.parseMaybeAssign (node_modules/@babel/parser/src/plugins/typescript/index.ts:3764:22)
      at parseMaybeAssign (node_modules/@babel/parser/src/parser/expression.ts:257:12)
      at TypeScriptParserMixin.callback [as allowInAnd] (node_modules/@babel/parser/src/parser/expression.ts:3189:16)
      at TypeScriptParserMixin.allowInAnd [as parseMaybeAssignAllowIn] (node_modules/@babel/parser/src/parser/expression.ts:256:17)
      at TypeScriptParserMixin.parseMaybeAssignAllowIn [as parseVar] (node_modules/@babel/parser/src/parser/statement.ts:1587:18)
      at TypeScriptParserMixin.parseVar (node_modules/@babel/parser/src/parser/statement.ts:1251:10)
      at TypeScriptParserMixin.parseVarStatement (node_modules/@babel/parser/src/plugins/typescript/index.ts:3085:33)
      at TypeScriptParserMixin.parseVarStatement (node_modules/@babel/parser/src/parser/statement.ts:612:21)
      at TypeScriptParserMixin.parseStatementContent (node_modules/@babel/parser/src/plugins/typescript/index.ts:3220:20)
      at TypeScriptParserMixin.parseStatementContent [as parseStatementLike] (node_modules/@babel/parser/src/parser/statement.ts:482:17)
      at TypeScriptParserMixin.parseStatementLike [as parseStatementListItem] (node_modules/@babel/parser/src/parser/statement.ts:431:17)
      at TypeScriptParserMixin.parseStatementListItem (node_modules/@babel/parser/src/parser/statement.ts:2635:17)
      at TypeScriptParserMixin.parseExportDeclaration (node_modules/@babel/parser/src/plugins/typescript/index.ts:3447:15)
      at TypeScriptParserMixin.parseExportDeclaration [as maybeParseExportDeclaration] (node_modules/@babel/parser/src/parser/statement.ts:2551:31)
      at TypeScriptParserMixin.maybeParseExportDeclaration (node_modules/@babel/parser/src/parser/statement.ts:2432:29)
      at TypeScriptParserMixin.parseExport (node_modules/@babel/parser/src/plugins/typescript/index.ts:3046:22)
      at TypeScriptParserMixin.parseExport (node_modules/@babel/parser/src/parser/statement.ts:649:25)
      at TypeScriptParserMixin.parseStatementContent (node_modules/@babel/parser/src/plugins/typescript/index.ts:3220:20)
      at TypeScriptParserMixin.parseStatementContent [as parseStatementLike] (node_modules/@babel/parser/src/parser/statement.ts:482:17)
      at TypeScriptParserMixin.parseStatementLike [as parseModuleItem] (node_modules/@babel/parser/src/parser/statement.ts:419:17)
      at TypeScriptParserMixin.parseModuleItem [as parseBlockOrModuleBlockBody] (node_modules/@babel/parser/src/parser/statement.ts:1443:16)
      at TypeScriptParserMixin.parseBlockOrModuleBlockBody [as parseBlockBody] (node_modules/@babel/parser/src/parser/statement.ts:1417:10)
      at TypeScriptParserMixin.parseBlockBody [as parseProgram] (node_modules/@babel/parser/src/parser/statement.ts:229:10)
      at TypeScriptParserMixin.parseProgram [as parseTopLevel] (node_modules/@babel/parser/src/parser/statement.ts:203:25)
      at TypeScriptParserMixin.parseTopLevel (node_modules/@babel/parser/src/parser/index.ts:83:25)
      at TypeScriptParserMixin.parse (node_modules/@babel/parser/src/plugins/typescript/index.ts:4354:20)
      at parse (node_modules/@babel/parser/src/index.ts:86:38)
      at parser (node_modules/@babel/core/src/parser/index.ts:29:19)
          at parser.next (<anonymous>)
      at normalizeFile (node_modules/@babel/core/src/transformation/normalize-file.ts:50:24)
          at normalizeFile.next (<anonymous>)
      at run (node_modules/@babel/core/src/transformation/index.ts:41:36)
          at run.next (<anonymous>)
      at transform (node_modules/@babel/core/src/transform.ts:29:20)
          at transform.next (<anonymous>)
      at evaluateSync (node_modules/gensync/index.js:251:28)
      at sync (node_modules/gensync/index.js:89:14)
      at fn (node_modules/@babel/core/src/errors/rewrite-stack-trace.ts:99:14)
      at transformSync (node_modules/@babel/core/src/transform.ts:66:52)
      at Object.require (src/styles/index.ts:29:1)

FAIL src/features/racetrack-position-training/screens/PositionMenuScreen/PositionMenuScreen.test.tsx
  ΓùÅ Test suite failed to run

    SyntaxError: C:\Users\ivans\Desktop\Dev\CasinoTrainingApp\src\styles\textStyles.ts: Unexpected token, expected "(" (22:9)

      20 |     marginBottom: 4,
      21 |   } as TextStyle,
    > 22 |    * Size: 18px, Weight: 700, Color: Gold
         |          ^
      23 |    */
      24 |   goldTitle: {
      25 |     fontSize: 18,

      27 |
      28 | // Text style factories
    > 29 | export { createTextStyles } from './textStyles';
         | ^
      30 | export type { TextStyles } from './textStyles';
      31 |

      at constructor (node_modules/@babel/parser/src/parse-error.ts:95:45)
      at TypeScriptParserMixin.toParseError [as raise] (node_modules/@babel/parser/src/tokenizer/index.ts:1504:19)
      at TypeScriptParserMixin.raise [as unexpected] (node_modules/@babel/parser/src/tokenizer/index.ts:1544:16)
      at TypeScriptParserMixin.unexpected [as expect] (node_modules/@babel/parser/src/parser/util.ts:157:12)
      at TypeScriptParserMixin.expect (node_modules/@babel/parser/src/parser/statement.ts:1726:10)
      at TypeScriptParserMixin.parseFunctionParams (node_modules/@babel/parser/src/plugins/typescript/index.ts:3692:13)
      at TypeScriptParserMixin.parseFunctionParams (node_modules/@babel/parser/src/parser/expression.ts:2491:10)
      at TypeScriptParserMixin.parseMethod (node_modules/@babel/parser/src/plugins/typescript/index.ts:4312:28)
      at TypeScriptParserMixin.parseMethod [as parseObjectMethod] (node_modules/@babel/parser/src/parser/expression.ts:2300:19)
      at TypeScriptParserMixin.parseObjectMethod (node_modules/@babel/parser/src/parser/expression.ts:2381:24)
      at TypeScriptParserMixin.parseObjPropValue (node_modules/@babel/parser/src/plugins/typescript/index.ts:3675:20)
      at TypeScriptParserMixin.parseObjPropValue [as parsePropertyDefinition] (node_modules/@babel/parser/src/parser/expression.ts:2228:17)
      at TypeScriptParserMixin.parsePropertyDefinition [as parseObjectLike] (node_modules/@babel/parser/src/parser/expression.ts:2095:21)
      at TypeScriptParserMixin.parseObjectLike [as parseExprAtom] (node_modules/@babel/parser/src/parser/expression.ts:1181:21)
      at TypeScriptParserMixin.parseExprAtom [as parseExprSubscripts] (node_modules/@babel/parser/src/parser/expression.ts:742:23)
      at TypeScriptParserMixin.parseExprSubscripts [as parseUpdate] (node_modules/@babel/parser/src/parser/expression.ts:721:21)
      at TypeScriptParserMixin.parseUpdate (node_modules/@babel/parser/src/parser/expression.ts:683:23)
      at TypeScriptParserMixin.parseMaybeUnary (node_modules/@babel/parser/src/plugins/typescript/index.ts:3893:20)
      at TypeScriptParserMixin.parseMaybeUnary [as parseMaybeUnaryOrPrivate] (node_modules/@babel/parser/src/parser/expression.ts:417:14)
      at TypeScriptParserMixin.parseMaybeUnaryOrPrivate [as parseExprOps] (node_modules/@babel/parser/src/parser/expression.ts:429:23)
      at TypeScriptParserMixin.parseExprOps [as parseMaybeConditional] (node_modules/@babel/parser/src/parser/expression.ts:384:23)
      at TypeScriptParserMixin.parseMaybeConditional (node_modules/@babel/parser/src/parser/expression.ts:301:21)
      at TypeScriptParserMixin.parseMaybeAssign (node_modules/@babel/parser/src/plugins/typescript/index.ts:3764:22)
      at parseMaybeAssign (node_modules/@babel/parser/src/parser/expression.ts:257:12)
      at TypeScriptParserMixin.callback [as allowInAnd] (node_modules/@babel/parser/src/parser/expression.ts:3194:12)
      at TypeScriptParserMixin.allowInAnd [as parseMaybeAssignAllowIn] (node_modules/@babel/parser/src/parser/expression.ts:256:17)
      at TypeScriptParserMixin.parseMaybeAssignAllowIn [as parseMaybeAssignAllowInOrVoidPattern] (node_modules/@babel/parser/src/parser/expression.ts:3308:17)
      at TypeScriptParserMixin.parseMaybeAssignAllowInOrVoidPattern [as parseParenAndDistinguishExpression] (node_modules/@babel/parser/src/parser/expression.ts:1822:16)
      at TypeScriptParserMixin.parseParenAndDistinguishExpression [as parseExprAtom] (node_modules/@babel/parser/src/parser/expression.ts:1170:21)
      at TypeScriptParserMixin.parseExprAtom [as parseExprSubscripts] (node_modules/@babel/parser/src/parser/expression.ts:742:23)
      at TypeScriptParserMixin.parseExprSubscripts [as parseUpdate] (node_modules/@babel/parser/src/parser/expression.ts:721:21)
      at TypeScriptParserMixin.parseUpdate (node_modules/@babel/parser/src/parser/expression.ts:683:23)
      at TypeScriptParserMixin.parseMaybeUnary (node_modules/@babel/parser/src/plugins/typescript/index.ts:3893:20)
      at TypeScriptParserMixin.parseMaybeUnary [as parseMaybeUnaryOrPrivate] (node_modules/@babel/parser/src/parser/expression.ts:417:14)
      at TypeScriptParserMixin.parseMaybeUnaryOrPrivate [as parseExprOps] (node_modules/@babel/parser/src/parser/expression.ts:429:23)
      at TypeScriptParserMixin.parseExprOps [as parseMaybeConditional] (node_modules/@babel/parser/src/parser/expression.ts:384:23)
      at TypeScriptParserMixin.parseMaybeConditional (node_modules/@babel/parser/src/parser/expression.ts:301:21)
      at TypeScriptParserMixin.parseMaybeAssign (node_modules/@babel/parser/src/plugins/typescript/index.ts:3764:22)
      at TypeScriptParserMixin.parseMaybeAssign [as parseFunctionBody] (node_modules/@babel/parser/src/parser/expression.ts:2604:14)
      at TypeScriptParserMixin.parseFunctionBody [as parseArrowExpression] (node_modules/@babel/parser/src/parser/expression.ts:2559:10)
      at TypeScriptParserMixin.parseArrowExpression [as parseParenAndDistinguishExpression] (node_modules/@babel/parser/src/parser/expression.ts:1847:12)
      at TypeScriptParserMixin.parseParenAndDistinguishExpression [as parseExprAtom] (node_modules/@babel/parser/src/parser/expression.ts:1170:21)
      at TypeScriptParserMixin.parseExprAtom [as parseExprSubscripts] (node_modules/@babel/parser/src/parser/expression.ts:742:23)
      at TypeScriptParserMixin.parseExprSubscripts [as parseUpdate] (node_modules/@babel/parser/src/parser/expression.ts:721:21)
      at TypeScriptParserMixin.parseUpdate (node_modules/@babel/parser/src/parser/expression.ts:683:23)
      at TypeScriptParserMixin.parseMaybeUnary (node_modules/@babel/parser/src/plugins/typescript/index.ts:3893:20)
      at TypeScriptParserMixin.parseMaybeUnary [as parseMaybeUnaryOrPrivate] (node_modules/@babel/parser/src/parser/expression.ts:417:14)
      at TypeScriptParserMixin.parseMaybeUnaryOrPrivate [as parseExprOps] (node_modules/@babel/parser/src/parser/expression.ts:429:23)
      at TypeScriptParserMixin.parseExprOps [as parseMaybeConditional] (node_modules/@babel/parser/src/parser/expression.ts:384:23)
      at TypeScriptParserMixin.parseMaybeConditional (node_modules/@babel/parser/src/parser/expression.ts:301:21)
      at TypeScriptParserMixin.parseMaybeAssign (node_modules/@babel/parser/src/plugins/typescript/index.ts:3764:22)
      at parseMaybeAssign (node_modules/@babel/parser/src/parser/expression.ts:257:12)
      at TypeScriptParserMixin.callback [as allowInAnd] (node_modules/@babel/parser/src/parser/expression.ts:3189:16)
      at TypeScriptParserMixin.allowInAnd [as parseMaybeAssignAllowIn] (node_modules/@babel/parser/src/parser/expression.ts:256:17)
      at TypeScriptParserMixin.parseMaybeAssignAllowIn [as parseVar] (node_modules/@babel/parser/src/parser/statement.ts:1587:18)
      at TypeScriptParserMixin.parseVar (node_modules/@babel/parser/src/parser/statement.ts:1251:10)
      at TypeScriptParserMixin.parseVarStatement (node_modules/@babel/parser/src/plugins/typescript/index.ts:3085:33)
      at TypeScriptParserMixin.parseVarStatement (node_modules/@babel/parser/src/parser/statement.ts:612:21)
      at TypeScriptParserMixin.parseStatementContent (node_modules/@babel/parser/src/plugins/typescript/index.ts:3220:20)
      at TypeScriptParserMixin.parseStatementContent [as parseStatementLike] (node_modules/@babel/parser/src/parser/statement.ts:482:17)
      at TypeScriptParserMixin.parseStatementLike [as parseStatementListItem] (node_modules/@babel/parser/src/parser/statement.ts:431:17)
      at TypeScriptParserMixin.parseStatementListItem (node_modules/@babel/parser/src/parser/statement.ts:2635:17)
      at TypeScriptParserMixin.parseExportDeclaration (node_modules/@babel/parser/src/plugins/typescript/index.ts:3447:15)
      at TypeScriptParserMixin.parseExportDeclaration [as maybeParseExportDeclaration] (node_modules/@babel/parser/src/parser/statement.ts:2551:31)
      at TypeScriptParserMixin.maybeParseExportDeclaration (node_modules/@babel/parser/src/parser/statement.ts:2432:29)
      at TypeScriptParserMixin.parseExport (node_modules/@babel/parser/src/plugins/typescript/index.ts:3046:22)
      at TypeScriptParserMixin.parseExport (node_modules/@babel/parser/src/parser/statement.ts:649:25)
      at TypeScriptParserMixin.parseStatementContent (node_modules/@babel/parser/src/plugins/typescript/index.ts:3220:20)
      at TypeScriptParserMixin.parseStatementContent [as parseStatementLike] (node_modules/@babel/parser/src/parser/statement.ts:482:17)
      at TypeScriptParserMixin.parseStatementLike [as parseModuleItem] (node_modules/@babel/parser/src/parser/statement.ts:419:17)
      at TypeScriptParserMixin.parseModuleItem [as parseBlockOrModuleBlockBody] (node_modules/@babel/parser/src/parser/statement.ts:1443:16)
      at TypeScriptParserMixin.parseBlockOrModuleBlockBody [as parseBlockBody] (node_modules/@babel/parser/src/parser/statement.ts:1417:10)
      at TypeScriptParserMixin.parseBlockBody [as parseProgram] (node_modules/@babel/parser/src/parser/statement.ts:229:10)
      at TypeScriptParserMixin.parseProgram [as parseTopLevel] (node_modules/@babel/parser/src/parser/statement.ts:203:25)
      at TypeScriptParserMixin.parseTopLevel (node_modules/@babel/parser/src/parser/index.ts:83:25)
      at TypeScriptParserMixin.parse (node_modules/@babel/parser/src/plugins/typescript/index.ts:4354:20)
      at parse (node_modules/@babel/parser/src/index.ts:86:38)
      at parser (node_modules/@babel/core/src/parser/index.ts:29:19)
          at parser.next (<anonymous>)
      at normalizeFile (node_modules/@babel/core/src/transformation/normalize-file.ts:50:24)
          at normalizeFile.next (<anonymous>)
      at run (node_modules/@babel/core/src/transformation/index.ts:41:36)
          at run.next (<anonymous>)
      at transform (node_modules/@babel/core/src/transform.ts:29:20)
          at transform.next (<anonymous>)
      at evaluateSync (node_modules/gensync/index.js:251:28)
      at sync (node_modules/gensync/index.js:89:14)
      at fn (node_modules/@babel/core/src/errors/rewrite-stack-trace.ts:99:14)
      at transformSync (node_modules/@babel/core/src/transform.ts:66:52)
      at Object.require (src/styles/index.ts:29:1)

FAIL src/features/blackjack-training/screens/BJMenuScreen/BJMenuScreen.test.tsx
  ΓùÅ Test suite failed to run

    SyntaxError: C:\Users\ivans\Desktop\Dev\CasinoTrainingApp\src\styles\textStyles.ts: Unexpected token, expected "(" (22:9)

      20 |     marginBottom: 4,
      21 |   } as TextStyle,
    > 22 |    * Size: 18px, Weight: 700, Color: Gold
         |          ^
      23 |    */
      24 |   goldTitle: {
      25 |     fontSize: 18,

      27 |
      28 | // Text style factories
    > 29 | export { createTextStyles } from './textStyles';
         | ^
      30 | export type { TextStyles } from './textStyles';
      31 |

      at constructor (node_modules/@babel/parser/src/parse-error.ts:95:45)
      at TypeScriptParserMixin.toParseError [as raise] (node_modules/@babel/parser/src/tokenizer/index.ts:1504:19)
      at TypeScriptParserMixin.raise [as unexpected] (node_modules/@babel/parser/src/tokenizer/index.ts:1544:16)
      at TypeScriptParserMixin.unexpected [as expect] (node_modules/@babel/parser/src/parser/util.ts:157:12)
      at TypeScriptParserMixin.expect (node_modules/@babel/parser/src/parser/statement.ts:1726:10)
      at TypeScriptParserMixin.parseFunctionParams (node_modules/@babel/parser/src/plugins/typescript/index.ts:3692:13)
      at TypeScriptParserMixin.parseFunctionParams (node_modules/@babel/parser/src/parser/expression.ts:2491:10)
      at TypeScriptParserMixin.parseMethod (node_modules/@babel/parser/src/plugins/typescript/index.ts:4312:28)
      at TypeScriptParserMixin.parseMethod [as parseObjectMethod] (node_modules/@babel/parser/src/parser/expression.ts:2300:19)
      at TypeScriptParserMixin.parseObjectMethod (node_modules/@babel/parser/src/parser/expression.ts:2381:24)
      at TypeScriptParserMixin.parseObjPropValue (node_modules/@babel/parser/src/plugins/typescript/index.ts:3675:20)
      at TypeScriptParserMixin.parseObjPropValue [as parsePropertyDefinition] (node_modules/@babel/parser/src/parser/expression.ts:2228:17)
      at TypeScriptParserMixin.parsePropertyDefinition [as parseObjectLike] (node_modules/@babel/parser/src/parser/expression.ts:2095:21)
      at TypeScriptParserMixin.parseObjectLike [as parseExprAtom] (node_modules/@babel/parser/src/parser/expression.ts:1181:21)
      at TypeScriptParserMixin.parseExprAtom [as parseExprSubscripts] (node_modules/@babel/parser/src/parser/expression.ts:742:23)
      at TypeScriptParserMixin.parseExprSubscripts [as parseUpdate] (node_modules/@babel/parser/src/parser/expression.ts:721:21)
      at TypeScriptParserMixin.parseUpdate (node_modules/@babel/parser/src/parser/expression.ts:683:23)
      at TypeScriptParserMixin.parseMaybeUnary (node_modules/@babel/parser/src/plugins/typescript/index.ts:3893:20)
      at TypeScriptParserMixin.parseMaybeUnary [as parseMaybeUnaryOrPrivate] (node_modules/@babel/parser/src/parser/expression.ts:417:14)
      at TypeScriptParserMixin.parseMaybeUnaryOrPrivate [as parseExprOps] (node_modules/@babel/parser/src/parser/expression.ts:429:23)
      at TypeScriptParserMixin.parseExprOps [as parseMaybeConditional] (node_modules/@babel/parser/src/parser/expression.ts:384:23)
      at TypeScriptParserMixin.parseMaybeConditional (node_modules/@babel/parser/src/parser/expression.ts:301:21)
      at TypeScriptParserMixin.parseMaybeAssign (node_modules/@babel/parser/src/plugins/typescript/index.ts:3764:22)
      at parseMaybeAssign (node_modules/@babel/parser/src/parser/expression.ts:257:12)
      at TypeScriptParserMixin.callback [as allowInAnd] (node_modules/@babel/parser/src/parser/expression.ts:3194:12)
      at TypeScriptParserMixin.allowInAnd [as parseMaybeAssignAllowIn] (node_modules/@babel/parser/src/parser/expression.ts:256:17)
      at TypeScriptParserMixin.parseMaybeAssignAllowIn [as parseMaybeAssignAllowInOrVoidPattern] (node_modules/@babel/parser/src/parser/expression.ts:3308:17)
      at TypeScriptParserMixin.parseMaybeAssignAllowInOrVoidPattern [as parseParenAndDistinguishExpression] (node_modules/@babel/parser/src/parser/expression.ts:1822:16)
      at TypeScriptParserMixin.parseParenAndDistinguishExpression [as parseExprAtom] (node_modules/@babel/parser/src/parser/expression.ts:1170:21)
      at TypeScriptParserMixin.parseExprAtom [as parseExprSubscripts] (node_modules/@babel/parser/src/parser/expression.ts:742:23)
      at TypeScriptParserMixin.parseExprSubscripts [as parseUpdate] (node_modules/@babel/parser/src/parser/expression.ts:721:21)
      at TypeScriptParserMixin.parseUpdate (node_modules/@babel/parser/src/parser/expression.ts:683:23)
      at TypeScriptParserMixin.parseMaybeUnary (node_modules/@babel/parser/src/plugins/typescript/index.ts:3893:20)
      at TypeScriptParserMixin.parseMaybeUnary [as parseMaybeUnaryOrPrivate] (node_modules/@babel/parser/src/parser/expression.ts:417:14)
      at TypeScriptParserMixin.parseMaybeUnaryOrPrivate [as parseExprOps] (node_modules/@babel/parser/src/parser/expression.ts:429:23)
      at TypeScriptParserMixin.parseExprOps [as parseMaybeConditional] (node_modules/@babel/parser/src/parser/expression.ts:384:23)
      at TypeScriptParserMixin.parseMaybeConditional (node_modules/@babel/parser/src/parser/expression.ts:301:21)
      at TypeScriptParserMixin.parseMaybeAssign (node_modules/@babel/parser/src/plugins/typescript/index.ts:3764:22)
      at TypeScriptParserMixin.parseMaybeAssign [as parseFunctionBody] (node_modules/@babel/parser/src/parser/expression.ts:2604:14)
      at TypeScriptParserMixin.parseFunctionBody [as parseArrowExpression] (node_modules/@babel/parser/src/parser/expression.ts:2559:10)
      at TypeScriptParserMixin.parseArrowExpression [as parseParenAndDistinguishExpression] (node_modules/@babel/parser/src/parser/expression.ts:1847:12)
      at TypeScriptParserMixin.parseParenAndDistinguishExpression [as parseExprAtom] (node_modules/@babel/parser/src/parser/expression.ts:1170:21)
      at TypeScriptParserMixin.parseExprAtom [as parseExprSubscripts] (node_modules/@babel/parser/src/parser/expression.ts:742:23)
      at TypeScriptParserMixin.parseExprSubscripts [as parseUpdate] (node_modules/@babel/parser/src/parser/expression.ts:721:21)
      at TypeScriptParserMixin.parseUpdate (node_modules/@babel/parser/src/parser/expression.ts:683:23)
      at TypeScriptParserMixin.parseMaybeUnary (node_modules/@babel/parser/src/plugins/typescript/index.ts:3893:20)
      at TypeScriptParserMixin.parseMaybeUnary [as parseMaybeUnaryOrPrivate] (node_modules/@babel/parser/src/parser/expression.ts:417:14)
      at TypeScriptParserMixin.parseMaybeUnaryOrPrivate [as parseExprOps] (node_modules/@babel/parser/src/parser/expression.ts:429:23)
      at TypeScriptParserMixin.parseExprOps [as parseMaybeConditional] (node_modules/@babel/parser/src/parser/expression.ts:384:23)
      at TypeScriptParserMixin.parseMaybeConditional (node_modules/@babel/parser/src/parser/expression.ts:301:21)
      at TypeScriptParserMixin.parseMaybeAssign (node_modules/@babel/parser/src/plugins/typescript/index.ts:3764:22)
      at parseMaybeAssign (node_modules/@babel/parser/src/parser/expression.ts:257:12)
      at TypeScriptParserMixin.callback [as allowInAnd] (node_modules/@babel/parser/src/parser/expression.ts:3189:16)
      at TypeScriptParserMixin.allowInAnd [as parseMaybeAssignAllowIn] (node_modules/@babel/parser/src/parser/expression.ts:256:17)
      at TypeScriptParserMixin.parseMaybeAssignAllowIn [as parseVar] (node_modules/@babel/parser/src/parser/statement.ts:1587:18)
      at TypeScriptParserMixin.parseVar (node_modules/@babel/parser/src/parser/statement.ts:1251:10)
      at TypeScriptParserMixin.parseVarStatement (node_modules/@babel/parser/src/plugins/typescript/index.ts:3085:33)
      at TypeScriptParserMixin.parseVarStatement (node_modules/@babel/parser/src/parser/statement.ts:612:21)
      at TypeScriptParserMixin.parseStatementContent (node_modules/@babel/parser/src/plugins/typescript/index.ts:3220:20)
      at TypeScriptParserMixin.parseStatementContent [as parseStatementLike] (node_modules/@babel/parser/src/parser/statement.ts:482:17)
      at TypeScriptParserMixin.parseStatementLike [as parseStatementListItem] (node_modules/@babel/parser/src/parser/statement.ts:431:17)
      at TypeScriptParserMixin.parseStatementListItem (node_modules/@babel/parser/src/parser/statement.ts:2635:17)
      at TypeScriptParserMixin.parseExportDeclaration (node_modules/@babel/parser/src/plugins/typescript/index.ts:3447:15)
      at TypeScriptParserMixin.parseExportDeclaration [as maybeParseExportDeclaration] (node_modules/@babel/parser/src/parser/statement.ts:2551:31)
      at TypeScriptParserMixin.maybeParseExportDeclaration (node_modules/@babel/parser/src/parser/statement.ts:2432:29)
      at TypeScriptParserMixin.parseExport (node_modules/@babel/parser/src/plugins/typescript/index.ts:3046:22)
      at TypeScriptParserMixin.parseExport (node_modules/@babel/parser/src/parser/statement.ts:649:25)
      at TypeScriptParserMixin.parseStatementContent (node_modules/@babel/parser/src/plugins/typescript/index.ts:3220:20)
      at TypeScriptParserMixin.parseStatementContent [as parseStatementLike] (node_modules/@babel/parser/src/parser/statement.ts:482:17)
      at TypeScriptParserMixin.parseStatementLike [as parseModuleItem] (node_modules/@babel/parser/src/parser/statement.ts:419:17)
      at TypeScriptParserMixin.parseModuleItem [as parseBlockOrModuleBlockBody] (node_modules/@babel/parser/src/parser/statement.ts:1443:16)
      at TypeScriptParserMixin.parseBlockOrModuleBlockBody [as parseBlockBody] (node_modules/@babel/parser/src/parser/statement.ts:1417:10)
      at TypeScriptParserMixin.parseBlockBody [as parseProgram] (node_modules/@babel/parser/src/parser/statement.ts:229:10)
      at TypeScriptParserMixin.parseProgram [as parseTopLevel] (node_modules/@babel/parser/src/parser/statement.ts:203:25)
      at TypeScriptParserMixin.parseTopLevel (node_modules/@babel/parser/src/parser/index.ts:83:25)
      at TypeScriptParserMixin.parse (node_modules/@babel/parser/src/plugins/typescript/index.ts:4354:20)
      at parse (node_modules/@babel/parser/src/index.ts:86:38)
      at parser (node_modules/@babel/core/src/parser/index.ts:29:19)
          at parser.next (<anonymous>)
      at normalizeFile (node_modules/@babel/core/src/transformation/normalize-file.ts:50:24)
          at normalizeFile.next (<anonymous>)
      at run (node_modules/@babel/core/src/transformation/index.ts:41:36)
          at run.next (<anonymous>)
      at transform (node_modules/@babel/core/src/transform.ts:29:20)
          at transform.next (<anonymous>)
      at evaluateSync (node_modules/gensync/index.js:251:28)
      at sync (node_modules/gensync/index.js:89:14)
      at fn (node_modules/@babel/core/src/errors/rewrite-stack-trace.ts:99:14)
      at transformSync (node_modules/@babel/core/src/transform.ts:66:52)
      at Object.require (src/styles/index.ts:29:1)

FAIL src/features/plo-training/screens/PLOMenuScreen/PLOMenuScreen.test.tsx
  ΓùÅ Test suite failed to run

    SyntaxError: C:\Users\ivans\Desktop\Dev\CasinoTrainingApp\src\styles\textStyles.ts: Unexpected token, expected "(" (22:9)

      20 |     marginBottom: 4,
      21 |   } as TextStyle,
    > 22 |    * Size: 18px, Weight: 700, Color: Gold
         |          ^
      23 |    */
      24 |   goldTitle: {
      25 |     fontSize: 18,

      27 |
      28 | // Text style factories
    > 29 | export { createTextStyles } from './textStyles';
         | ^
      30 | export type { TextStyles } from './textStyles';
      31 |

      at constructor (node_modules/@babel/parser/src/parse-error.ts:95:45)
      at TypeScriptParserMixin.toParseError [as raise] (node_modules/@babel/parser/src/tokenizer/index.ts:1504:19)
      at TypeScriptParserMixin.raise [as unexpected] (node_modules/@babel/parser/src/tokenizer/index.ts:1544:16)
      at TypeScriptParserMixin.unexpected [as expect] (node_modules/@babel/parser/src/parser/util.ts:157:12)
      at TypeScriptParserMixin.expect (node_modules/@babel/parser/src/parser/statement.ts:1726:10)
      at TypeScriptParserMixin.parseFunctionParams (node_modules/@babel/parser/src/plugins/typescript/index.ts:3692:13)
      at TypeScriptParserMixin.parseFunctionParams (node_modules/@babel/parser/src/parser/expression.ts:2491:10)
      at TypeScriptParserMixin.parseMethod (node_modules/@babel/parser/src/plugins/typescript/index.ts:4312:28)
      at TypeScriptParserMixin.parseMethod [as parseObjectMethod] (node_modules/@babel/parser/src/parser/expression.ts:2300:19)
      at TypeScriptParserMixin.parseObjectMethod (node_modules/@babel/parser/src/parser/expression.ts:2381:24)
      at TypeScriptParserMixin.parseObjPropValue (node_modules/@babel/parser/src/plugins/typescript/index.ts:3675:20)
      at TypeScriptParserMixin.parseObjPropValue [as parsePropertyDefinition] (node_modules/@babel/parser/src/parser/expression.ts:2228:17)
      at TypeScriptParserMixin.parsePropertyDefinition [as parseObjectLike] (node_modules/@babel/parser/src/parser/expression.ts:2095:21)
      at TypeScriptParserMixin.parseObjectLike [as parseExprAtom] (node_modules/@babel/parser/src/parser/expression.ts:1181:21)
      at TypeScriptParserMixin.parseExprAtom [as parseExprSubscripts] (node_modules/@babel/parser/src/parser/expression.ts:742:23)
      at TypeScriptParserMixin.parseExprSubscripts [as parseUpdate] (node_modules/@babel/parser/src/parser/expression.ts:721:21)
      at TypeScriptParserMixin.parseUpdate (node_modules/@babel/parser/src/parser/expression.ts:683:23)
      at TypeScriptParserMixin.parseMaybeUnary (node_modules/@babel/parser/src/plugins/typescript/index.ts:3893:20)
      at TypeScriptParserMixin.parseMaybeUnary [as parseMaybeUnaryOrPrivate] (node_modules/@babel/parser/src/parser/expression.ts:417:14)
      at TypeScriptParserMixin.parseMaybeUnaryOrPrivate [as parseExprOps] (node_modules/@babel/parser/src/parser/expression.ts:429:23)
      at TypeScriptParserMixin.parseExprOps [as parseMaybeConditional] (node_modules/@babel/parser/src/parser/expression.ts:384:23)
      at TypeScriptParserMixin.parseMaybeConditional (node_modules/@babel/parser/src/parser/expression.ts:301:21)
      at TypeScriptParserMixin.parseMaybeAssign (node_modules/@babel/parser/src/plugins/typescript/index.ts:3764:22)
      at parseMaybeAssign (node_modules/@babel/parser/src/parser/expression.ts:257:12)
      at TypeScriptParserMixin.callback [as allowInAnd] (node_modules/@babel/parser/src/parser/expression.ts:3194:12)
      at TypeScriptParserMixin.allowInAnd [as parseMaybeAssignAllowIn] (node_modules/@babel/parser/src/parser/expression.ts:256:17)
      at TypeScriptParserMixin.parseMaybeAssignAllowIn [as parseMaybeAssignAllowInOrVoidPattern] (node_modules/@babel/parser/src/parser/expression.ts:3308:17)
      at TypeScriptParserMixin.parseMaybeAssignAllowInOrVoidPattern [as parseParenAndDistinguishExpression] (node_modules/@babel/parser/src/parser/expression.ts:1822:16)
      at TypeScriptParserMixin.parseParenAndDistinguishExpression [as parseExprAtom] (node_modules/@babel/parser/src/parser/expression.ts:1170:21)
      at TypeScriptParserMixin.parseExprAtom [as parseExprSubscripts] (node_modules/@babel/parser/src/parser/expression.ts:742:23)
      at TypeScriptParserMixin.parseExprSubscripts [as parseUpdate] (node_modules/@babel/parser/src/parser/expression.ts:721:21)
      at TypeScriptParserMixin.parseUpdate (node_modules/@babel/parser/src/parser/expression.ts:683:23)
      at TypeScriptParserMixin.parseMaybeUnary (node_modules/@babel/parser/src/plugins/typescript/index.ts:3893:20)
      at TypeScriptParserMixin.parseMaybeUnary [as parseMaybeUnaryOrPrivate] (node_modules/@babel/parser/src/parser/expression.ts:417:14)
      at TypeScriptParserMixin.parseMaybeUnaryOrPrivate [as parseExprOps] (node_modules/@babel/parser/src/parser/expression.ts:429:23)
      at TypeScriptParserMixin.parseExprOps [as parseMaybeConditional] (node_modules/@babel/parser/src/parser/expression.ts:384:23)
      at TypeScriptParserMixin.parseMaybeConditional (node_modules/@babel/parser/src/parser/expression.ts:301:21)
      at TypeScriptParserMixin.parseMaybeAssign (node_modules/@babel/parser/src/plugins/typescript/index.ts:3764:22)
      at TypeScriptParserMixin.parseMaybeAssign [as parseFunctionBody] (node_modules/@babel/parser/src/parser/expression.ts:2604:14)
      at TypeScriptParserMixin.parseFunctionBody [as parseArrowExpression] (node_modules/@babel/parser/src/parser/expression.ts:2559:10)
      at TypeScriptParserMixin.parseArrowExpression [as parseParenAndDistinguishExpression] (node_modules/@babel/parser/src/parser/expression.ts:1847:12)
      at TypeScriptParserMixin.parseParenAndDistinguishExpression [as parseExprAtom] (node_modules/@babel/parser/src/parser/expression.ts:1170:21)
      at TypeScriptParserMixin.parseExprAtom [as parseExprSubscripts] (node_modules/@babel/parser/src/parser/expression.ts:742:23)
      at TypeScriptParserMixin.parseExprSubscripts [as parseUpdate] (node_modules/@babel/parser/src/parser/expression.ts:721:21)
      at TypeScriptParserMixin.parseUpdate (node_modules/@babel/parser/src/parser/expression.ts:683:23)
      at TypeScriptParserMixin.parseMaybeUnary (node_modules/@babel/parser/src/plugins/typescript/index.ts:3893:20)
      at TypeScriptParserMixin.parseMaybeUnary [as parseMaybeUnaryOrPrivate] (node_modules/@babel/parser/src/parser/expression.ts:417:14)
      at TypeScriptParserMixin.parseMaybeUnaryOrPrivate [as parseExprOps] (node_modules/@babel/parser/src/parser/expression.ts:429:23)
      at TypeScriptParserMixin.parseExprOps [as parseMaybeConditional] (node_modules/@babel/parser/src/parser/expression.ts:384:23)
      at TypeScriptParserMixin.parseMaybeConditional (node_modules/@babel/parser/src/parser/expression.ts:301:21)
      at TypeScriptParserMixin.parseMaybeAssign (node_modules/@babel/parser/src/plugins/typescript/index.ts:3764:22)
      at parseMaybeAssign (node_modules/@babel/parser/src/parser/expression.ts:257:12)
      at TypeScriptParserMixin.callback [as allowInAnd] (node_modules/@babel/parser/src/parser/expression.ts:3189:16)
      at TypeScriptParserMixin.allowInAnd [as parseMaybeAssignAllowIn] (node_modules/@babel/parser/src/parser/expression.ts:256:17)
      at TypeScriptParserMixin.parseMaybeAssignAllowIn [as parseVar] (node_modules/@babel/parser/src/parser/statement.ts:1587:18)
      at TypeScriptParserMixin.parseVar (node_modules/@babel/parser/src/parser/statement.ts:1251:10)
      at TypeScriptParserMixin.parseVarStatement (node_modules/@babel/parser/src/plugins/typescript/index.ts:3085:33)
      at TypeScriptParserMixin.parseVarStatement (node_modules/@babel/parser/src/parser/statement.ts:612:21)
      at TypeScriptParserMixin.parseStatementContent (node_modules/@babel/parser/src/plugins/typescript/index.ts:3220:20)
      at TypeScriptParserMixin.parseStatementContent [as parseStatementLike] (node_modules/@babel/parser/src/parser/statement.ts:482:17)
      at TypeScriptParserMixin.parseStatementLike [as parseStatementListItem] (node_modules/@babel/parser/src/parser/statement.ts:431:17)
      at TypeScriptParserMixin.parseStatementListItem (node_modules/@babel/parser/src/parser/statement.ts:2635:17)
      at TypeScriptParserMixin.parseExportDeclaration (node_modules/@babel/parser/src/plugins/typescript/index.ts:3447:15)
      at TypeScriptParserMixin.parseExportDeclaration [as maybeParseExportDeclaration] (node_modules/@babel/parser/src/parser/statement.ts:2551:31)
      at TypeScriptParserMixin.maybeParseExportDeclaration (node_modules/@babel/parser/src/parser/statement.ts:2432:29)
      at TypeScriptParserMixin.parseExport (node_modules/@babel/parser/src/plugins/typescript/index.ts:3046:22)
      at TypeScriptParserMixin.parseExport (node_modules/@babel/parser/src/parser/statement.ts:649:25)
      at TypeScriptParserMixin.parseStatementContent (node_modules/@babel/parser/src/plugins/typescript/index.ts:3220:20)
      at TypeScriptParserMixin.parseStatementContent [as parseStatementLike] (node_modules/@babel/parser/src/parser/statement.ts:482:17)
      at TypeScriptParserMixin.parseStatementLike [as parseModuleItem] (node_modules/@babel/parser/src/parser/statement.ts:419:17)
      at TypeScriptParserMixin.parseModuleItem [as parseBlockOrModuleBlockBody] (node_modules/@babel/parser/src/parser/statement.ts:1443:16)
      at TypeScriptParserMixin.parseBlockOrModuleBlockBody [as parseBlockBody] (node_modules/@babel/parser/src/parser/statement.ts:1417:10)
      at TypeScriptParserMixin.parseBlockBody [as parseProgram] (node_modules/@babel/parser/src/parser/statement.ts:229:10)
      at TypeScriptParserMixin.parseProgram [as parseTopLevel] (node_modules/@babel/parser/src/parser/statement.ts:203:25)
      at TypeScriptParserMixin.parseTopLevel (node_modules/@babel/parser/src/parser/index.ts:83:25)
      at TypeScriptParserMixin.parse (node_modules/@babel/parser/src/plugins/typescript/index.ts:4354:20)
      at parse (node_modules/@babel/parser/src/index.ts:86:38)
      at parser (node_modules/@babel/core/src/parser/index.ts:29:19)
          at parser.next (<anonymous>)
      at normalizeFile (node_modules/@babel/core/src/transformation/normalize-file.ts:50:24)
          at normalizeFile.next (<anonymous>)
      at run (node_modules/@babel/core/src/transformation/index.ts:41:36)
          at run.next (<anonymous>)
      at transform (node_modules/@babel/core/src/transform.ts:29:20)
          at transform.next (<anonymous>)
      at evaluateSync (node_modules/gensync/index.js:251:28)
      at sync (node_modules/gensync/index.js:89:14)
      at fn (node_modules/@babel/core/src/errors/rewrite-stack-trace.ts:99:14)
      at transformSync (node_modules/@babel/core/src/transform.ts:66:52)
      at Object.require (src/styles/index.ts:29:1)

FAIL src/features/cash-conversion-training/components/AnswerInput/AnswerInput.test.tsx
  ΓùÅ Test suite failed to run

    SyntaxError: C:\Users\ivans\Desktop\Dev\CasinoTrainingApp\src\styles\textStyles.ts: Unexpected token, expected "(" (22:9)

      20 |     marginBottom: 4,
      21 |   } as TextStyle,
    > 22 |    * Size: 18px, Weight: 700, Color: Gold
         |          ^
      23 |    */
      24 |   goldTitle: {
      25 |     fontSize: 18,

      27 |
      28 | // Text style factories
    > 29 | export { createTextStyles } from './textStyles';
         | ^
      30 | export type { TextStyles } from './textStyles';
      31 |

      at constructor (node_modules/@babel/parser/src/parse-error.ts:95:45)
      at TypeScriptParserMixin.toParseError [as raise] (node_modules/@babel/parser/src/tokenizer/index.ts:1504:19)
      at TypeScriptParserMixin.raise [as unexpected] (node_modules/@babel/parser/src/tokenizer/index.ts:1544:16)
      at TypeScriptParserMixin.unexpected [as expect] (node_modules/@babel/parser/src/parser/util.ts:157:12)
      at TypeScriptParserMixin.expect (node_modules/@babel/parser/src/parser/statement.ts:1726:10)
      at TypeScriptParserMixin.parseFunctionParams (node_modules/@babel/parser/src/plugins/typescript/index.ts:3692:13)
      at TypeScriptParserMixin.parseFunctionParams (node_modules/@babel/parser/src/parser/expression.ts:2491:10)
      at TypeScriptParserMixin.parseMethod (node_modules/@babel/parser/src/plugins/typescript/index.ts:4312:28)
      at TypeScriptParserMixin.parseMethod [as parseObjectMethod] (node_modules/@babel/parser/src/parser/expression.ts:2300:19)
      at TypeScriptParserMixin.parseObjectMethod (node_modules/@babel/parser/src/parser/expression.ts:2381:24)
      at TypeScriptParserMixin.parseObjPropValue (node_modules/@babel/parser/src/plugins/typescript/index.ts:3675:20)
      at TypeScriptParserMixin.parseObjPropValue [as parsePropertyDefinition] (node_modules/@babel/parser/src/parser/expression.ts:2228:17)
      at TypeScriptParserMixin.parsePropertyDefinition [as parseObjectLike] (node_modules/@babel/parser/src/parser/expression.ts:2095:21)
      at TypeScriptParserMixin.parseObjectLike [as parseExprAtom] (node_modules/@babel/parser/src/parser/expression.ts:1181:21)
      at TypeScriptParserMixin.parseExprAtom [as parseExprSubscripts] (node_modules/@babel/parser/src/parser/expression.ts:742:23)
      at TypeScriptParserMixin.parseExprSubscripts [as parseUpdate] (node_modules/@babel/parser/src/parser/expression.ts:721:21)
      at TypeScriptParserMixin.parseUpdate (node_modules/@babel/parser/src/parser/expression.ts:683:23)
      at TypeScriptParserMixin.parseMaybeUnary (node_modules/@babel/parser/src/plugins/typescript/index.ts:3893:20)
      at TypeScriptParserMixin.parseMaybeUnary [as parseMaybeUnaryOrPrivate] (node_modules/@babel/parser/src/parser/expression.ts:417:14)
      at TypeScriptParserMixin.parseMaybeUnaryOrPrivate [as parseExprOps] (node_modules/@babel/parser/src/parser/expression.ts:429:23)
      at TypeScriptParserMixin.parseExprOps [as parseMaybeConditional] (node_modules/@babel/parser/src/parser/expression.ts:384:23)
      at TypeScriptParserMixin.parseMaybeConditional (node_modules/@babel/parser/src/parser/expression.ts:301:21)
      at TypeScriptParserMixin.parseMaybeAssign (node_modules/@babel/parser/src/plugins/typescript/index.ts:3764:22)
      at parseMaybeAssign (node_modules/@babel/parser/src/parser/expression.ts:257:12)
      at TypeScriptParserMixin.callback [as allowInAnd] (node_modules/@babel/parser/src/parser/expression.ts:3194:12)
      at TypeScriptParserMixin.allowInAnd [as parseMaybeAssignAllowIn] (node_modules/@babel/parser/src/parser/expression.ts:256:17)
      at TypeScriptParserMixin.parseMaybeAssignAllowIn [as parseMaybeAssignAllowInOrVoidPattern] (node_modules/@babel/parser/src/parser/expression.ts:3308:17)
      at TypeScriptParserMixin.parseMaybeAssignAllowInOrVoidPattern [as parseParenAndDistinguishExpression] (node_modules/@babel/parser/src/parser/expression.ts:1822:16)
      at TypeScriptParserMixin.parseParenAndDistinguishExpression [as parseExprAtom] (node_modules/@babel/parser/src/parser/expression.ts:1170:21)
      at TypeScriptParserMixin.parseExprAtom [as parseExprSubscripts] (node_modules/@babel/parser/src/parser/expression.ts:742:23)
      at TypeScriptParserMixin.parseExprSubscripts [as parseUpdate] (node_modules/@babel/parser/src/parser/expression.ts:721:21)
      at TypeScriptParserMixin.parseUpdate (node_modules/@babel/parser/src/parser/expression.ts:683:23)
      at TypeScriptParserMixin.parseMaybeUnary (node_modules/@babel/parser/src/plugins/typescript/index.ts:3893:20)
      at TypeScriptParserMixin.parseMaybeUnary [as parseMaybeUnaryOrPrivate] (node_modules/@babel/parser/src/parser/expression.ts:417:14)
      at TypeScriptParserMixin.parseMaybeUnaryOrPrivate [as parseExprOps] (node_modules/@babel/parser/src/parser/expression.ts:429:23)
      at TypeScriptParserMixin.parseExprOps [as parseMaybeConditional] (node_modules/@babel/parser/src/parser/expression.ts:384:23)
      at TypeScriptParserMixin.parseMaybeConditional (node_modules/@babel/parser/src/parser/expression.ts:301:21)
      at TypeScriptParserMixin.parseMaybeAssign (node_modules/@babel/parser/src/plugins/typescript/index.ts:3764:22)
      at TypeScriptParserMixin.parseMaybeAssign [as parseFunctionBody] (node_modules/@babel/parser/src/parser/expression.ts:2604:14)
      at TypeScriptParserMixin.parseFunctionBody [as parseArrowExpression] (node_modules/@babel/parser/src/parser/expression.ts:2559:10)
      at TypeScriptParserMixin.parseArrowExpression [as parseParenAndDistinguishExpression] (node_modules/@babel/parser/src/parser/expression.ts:1847:12)
      at TypeScriptParserMixin.parseParenAndDistinguishExpression [as parseExprAtom] (node_modules/@babel/parser/src/parser/expression.ts:1170:21)
      at TypeScriptParserMixin.parseExprAtom [as parseExprSubscripts] (node_modules/@babel/parser/src/parser/expression.ts:742:23)
      at TypeScriptParserMixin.parseExprSubscripts [as parseUpdate] (node_modules/@babel/parser/src/parser/expression.ts:721:21)
      at TypeScriptParserMixin.parseUpdate (node_modules/@babel/parser/src/parser/expression.ts:683:23)
      at TypeScriptParserMixin.parseMaybeUnary (node_modules/@babel/parser/src/plugins/typescript/index.ts:3893:20)
      at TypeScriptParserMixin.parseMaybeUnary [as parseMaybeUnaryOrPrivate] (node_modules/@babel/parser/src/parser/expression.ts:417:14)
      at TypeScriptParserMixin.parseMaybeUnaryOrPrivate [as parseExprOps] (node_modules/@babel/parser/src/parser/expression.ts:429:23)
      at TypeScriptParserMixin.parseExprOps [as parseMaybeConditional] (node_modules/@babel/parser/src/parser/expression.ts:384:23)
      at TypeScriptParserMixin.parseMaybeConditional (node_modules/@babel/parser/src/parser/expression.ts:301:21)
      at TypeScriptParserMixin.parseMaybeAssign (node_modules/@babel/parser/src/plugins/typescript/index.ts:3764:22)
      at parseMaybeAssign (node_modules/@babel/parser/src/parser/expression.ts:257:12)
      at TypeScriptParserMixin.callback [as allowInAnd] (node_modules/@babel/parser/src/parser/expression.ts:3189:16)
      at TypeScriptParserMixin.allowInAnd [as parseMaybeAssignAllowIn] (node_modules/@babel/parser/src/parser/expression.ts:256:17)
      at TypeScriptParserMixin.parseMaybeAssignAllowIn [as parseVar] (node_modules/@babel/parser/src/parser/statement.ts:1587:18)
      at TypeScriptParserMixin.parseVar (node_modules/@babel/parser/src/parser/statement.ts:1251:10)
      at TypeScriptParserMixin.parseVarStatement (node_modules/@babel/parser/src/plugins/typescript/index.ts:3085:33)
      at TypeScriptParserMixin.parseVarStatement (node_modules/@babel/parser/src/parser/statement.ts:612:21)
      at TypeScriptParserMixin.parseStatementContent (node_modules/@babel/parser/src/plugins/typescript/index.ts:3220:20)
      at TypeScriptParserMixin.parseStatementContent [as parseStatementLike] (node_modules/@babel/parser/src/parser/statement.ts:482:17)
      at TypeScriptParserMixin.parseStatementLike [as parseStatementListItem] (node_modules/@babel/parser/src/parser/statement.ts:431:17)
      at TypeScriptParserMixin.parseStatementListItem (node_modules/@babel/parser/src/parser/statement.ts:2635:17)
      at TypeScriptParserMixin.parseExportDeclaration (node_modules/@babel/parser/src/plugins/typescript/index.ts:3447:15)
      at TypeScriptParserMixin.parseExportDeclaration [as maybeParseExportDeclaration] (node_modules/@babel/parser/src/parser/statement.ts:2551:31)
      at TypeScriptParserMixin.maybeParseExportDeclaration (node_modules/@babel/parser/src/parser/statement.ts:2432:29)
      at TypeScriptParserMixin.parseExport (node_modules/@babel/parser/src/plugins/typescript/index.ts:3046:22)
      at TypeScriptParserMixin.parseExport (node_modules/@babel/parser/src/parser/statement.ts:649:25)
      at TypeScriptParserMixin.parseStatementContent (node_modules/@babel/parser/src/plugins/typescript/index.ts:3220:20)
      at TypeScriptParserMixin.parseStatementContent [as parseStatementLike] (node_modules/@babel/parser/src/parser/statement.ts:482:17)
      at TypeScriptParserMixin.parseStatementLike [as parseModuleItem] (node_modules/@babel/parser/src/parser/statement.ts:419:17)
      at TypeScriptParserMixin.parseModuleItem [as parseBlockOrModuleBlockBody] (node_modules/@babel/parser/src/parser/statement.ts:1443:16)
      at TypeScriptParserMixin.parseBlockOrModuleBlockBody [as parseBlockBody] (node_modules/@babel/parser/src/parser/statement.ts:1417:10)
      at TypeScriptParserMixin.parseBlockBody [as parseProgram] (node_modules/@babel/parser/src/parser/statement.ts:229:10)
      at TypeScriptParserMixin.parseProgram [as parseTopLevel] (node_modules/@babel/parser/src/parser/statement.ts:203:25)
      at TypeScriptParserMixin.parseTopLevel (node_modules/@babel/parser/src/parser/index.ts:83:25)
      at TypeScriptParserMixin.parse (node_modules/@babel/parser/src/plugins/typescript/index.ts:4354:20)
      at parse (node_modules/@babel/parser/src/index.ts:86:38)
      at parser (node_modules/@babel/core/src/parser/index.ts:29:19)
          at parser.next (<anonymous>)
      at normalizeFile (node_modules/@babel/core/src/transformation/normalize-file.ts:50:24)
          at normalizeFile.next (<anonymous>)
      at run (node_modules/@babel/core/src/transformation/index.ts:41:36)
          at run.next (<anonymous>)
      at transform (node_modules/@babel/core/src/transform.ts:29:20)
          at transform.next (<anonymous>)
      at evaluateSync (node_modules/gensync/index.js:251:28)
      at sync (node_modules/gensync/index.js:89:14)
      at fn (node_modules/@babel/core/src/errors/rewrite-stack-trace.ts:99:14)
      at transformSync (node_modules/@babel/core/src/transform.ts:66:52)
      at Object.require (src/styles/index.ts:29:1)

FAIL src/features/blackjack-training/screens/BJDrillScreen/BJDrillScreen.test.tsx
  ΓùÅ Test suite failed to run

    SyntaxError: C:\Users\ivans\Desktop\Dev\CasinoTrainingApp\src\styles\textStyles.ts: Unexpected token, expected "(" (22:9)

      20 |     marginBottom: 4,
      21 |   } as TextStyle,
    > 22 |    * Size: 18px, Weight: 700, Color: Gold
         |          ^
      23 |    */
      24 |   goldTitle: {
      25 |     fontSize: 18,

      27 |
      28 | // Text style factories
    > 29 | export { createTextStyles } from './textStyles';
         | ^
      30 | export type { TextStyles } from './textStyles';
      31 |

      at constructor (node_modules/@babel/parser/src/parse-error.ts:95:45)
      at TypeScriptParserMixin.toParseError [as raise] (node_modules/@babel/parser/src/tokenizer/index.ts:1504:19)
      at TypeScriptParserMixin.raise [as unexpected] (node_modules/@babel/parser/src/tokenizer/index.ts:1544:16)
      at TypeScriptParserMixin.unexpected [as expect] (node_modules/@babel/parser/src/parser/util.ts:157:12)
      at TypeScriptParserMixin.expect (node_modules/@babel/parser/src/parser/statement.ts:1726:10)
      at TypeScriptParserMixin.parseFunctionParams (node_modules/@babel/parser/src/plugins/typescript/index.ts:3692:13)
      at TypeScriptParserMixin.parseFunctionParams (node_modules/@babel/parser/src/parser/expression.ts:2491:10)
      at TypeScriptParserMixin.parseMethod (node_modules/@babel/parser/src/plugins/typescript/index.ts:4312:28)
      at TypeScriptParserMixin.parseMethod [as parseObjectMethod] (node_modules/@babel/parser/src/parser/expression.ts:2300:19)
      at TypeScriptParserMixin.parseObjectMethod (node_modules/@babel/parser/src/parser/expression.ts:2381:24)
      at TypeScriptParserMixin.parseObjPropValue (node_modules/@babel/parser/src/plugins/typescript/index.ts:3675:20)
      at TypeScriptParserMixin.parseObjPropValue [as parsePropertyDefinition] (node_modules/@babel/parser/src/parser/expression.ts:2228:17)
      at TypeScriptParserMixin.parsePropertyDefinition [as parseObjectLike] (node_modules/@babel/parser/src/parser/expression.ts:2095:21)
      at TypeScriptParserMixin.parseObjectLike [as parseExprAtom] (node_modules/@babel/parser/src/parser/expression.ts:1181:21)
      at TypeScriptParserMixin.parseExprAtom [as parseExprSubscripts] (node_modules/@babel/parser/src/parser/expression.ts:742:23)
      at TypeScriptParserMixin.parseExprSubscripts [as parseUpdate] (node_modules/@babel/parser/src/parser/expression.ts:721:21)
      at TypeScriptParserMixin.parseUpdate (node_modules/@babel/parser/src/parser/expression.ts:683:23)
      at TypeScriptParserMixin.parseMaybeUnary (node_modules/@babel/parser/src/plugins/typescript/index.ts:3893:20)
      at TypeScriptParserMixin.parseMaybeUnary [as parseMaybeUnaryOrPrivate] (node_modules/@babel/parser/src/parser/expression.ts:417:14)
      at TypeScriptParserMixin.parseMaybeUnaryOrPrivate [as parseExprOps] (node_modules/@babel/parser/src/parser/expression.ts:429:23)
      at TypeScriptParserMixin.parseExprOps [as parseMaybeConditional] (node_modules/@babel/parser/src/parser/expression.ts:384:23)
      at TypeScriptParserMixin.parseMaybeConditional (node_modules/@babel/parser/src/parser/expression.ts:301:21)
      at TypeScriptParserMixin.parseMaybeAssign (node_modules/@babel/parser/src/plugins/typescript/index.ts:3764:22)
      at parseMaybeAssign (node_modules/@babel/parser/src/parser/expression.ts:257:12)
      at TypeScriptParserMixin.callback [as allowInAnd] (node_modules/@babel/parser/src/parser/expression.ts:3194:12)
      at TypeScriptParserMixin.allowInAnd [as parseMaybeAssignAllowIn] (node_modules/@babel/parser/src/parser/expression.ts:256:17)
      at TypeScriptParserMixin.parseMaybeAssignAllowIn [as parseMaybeAssignAllowInOrVoidPattern] (node_modules/@babel/parser/src/parser/expression.ts:3308:17)
      at TypeScriptParserMixin.parseMaybeAssignAllowInOrVoidPattern [as parseParenAndDistinguishExpression] (node_modules/@babel/parser/src/parser/expression.ts:1822:16)
      at TypeScriptParserMixin.parseParenAndDistinguishExpression [as parseExprAtom] (node_modules/@babel/parser/src/parser/expression.ts:1170:21)
      at TypeScriptParserMixin.parseExprAtom [as parseExprSubscripts] (node_modules/@babel/parser/src/parser/expression.ts:742:23)
      at TypeScriptParserMixin.parseExprSubscripts [as parseUpdate] (node_modules/@babel/parser/src/parser/expression.ts:721:21)
      at TypeScriptParserMixin.parseUpdate (node_modules/@babel/parser/src/parser/expression.ts:683:23)
      at TypeScriptParserMixin.parseMaybeUnary (node_modules/@babel/parser/src/plugins/typescript/index.ts:3893:20)
      at TypeScriptParserMixin.parseMaybeUnary [as parseMaybeUnaryOrPrivate] (node_modules/@babel/parser/src/parser/expression.ts:417:14)
      at TypeScriptParserMixin.parseMaybeUnaryOrPrivate [as parseExprOps] (node_modules/@babel/parser/src/parser/expression.ts:429:23)
      at TypeScriptParserMixin.parseExprOps [as parseMaybeConditional] (node_modules/@babel/parser/src/parser/expression.ts:384:23)
      at TypeScriptParserMixin.parseMaybeConditional (node_modules/@babel/parser/src/parser/expression.ts:301:21)
      at TypeScriptParserMixin.parseMaybeAssign (node_modules/@babel/parser/src/plugins/typescript/index.ts:3764:22)
      at TypeScriptParserMixin.parseMaybeAssign [as parseFunctionBody] (node_modules/@babel/parser/src/parser/expression.ts:2604:14)
      at TypeScriptParserMixin.parseFunctionBody [as parseArrowExpression] (node_modules/@babel/parser/src/parser/expression.ts:2559:10)
      at TypeScriptParserMixin.parseArrowExpression [as parseParenAndDistinguishExpression] (node_modules/@babel/parser/src/parser/expression.ts:1847:12)
      at TypeScriptParserMixin.parseParenAndDistinguishExpression [as parseExprAtom] (node_modules/@babel/parser/src/parser/expression.ts:1170:21)
      at TypeScriptParserMixin.parseExprAtom [as parseExprSubscripts] (node_modules/@babel/parser/src/parser/expression.ts:742:23)
      at TypeScriptParserMixin.parseExprSubscripts [as parseUpdate] (node_modules/@babel/parser/src/parser/expression.ts:721:21)
      at TypeScriptParserMixin.parseUpdate (node_modules/@babel/parser/src/parser/expression.ts:683:23)
      at TypeScriptParserMixin.parseMaybeUnary (node_modules/@babel/parser/src/plugins/typescript/index.ts:3893:20)
      at TypeScriptParserMixin.parseMaybeUnary [as parseMaybeUnaryOrPrivate] (node_modules/@babel/parser/src/parser/expression.ts:417:14)
      at TypeScriptParserMixin.parseMaybeUnaryOrPrivate [as parseExprOps] (node_modules/@babel/parser/src/parser/expression.ts:429:23)
      at TypeScriptParserMixin.parseExprOps [as parseMaybeConditional] (node_modules/@babel/parser/src/parser/expression.ts:384:23)
      at TypeScriptParserMixin.parseMaybeConditional (node_modules/@babel/parser/src/parser/expression.ts:301:21)
      at TypeScriptParserMixin.parseMaybeAssign (node_modules/@babel/parser/src/plugins/typescript/index.ts:3764:22)
      at parseMaybeAssign (node_modules/@babel/parser/src/parser/expression.ts:257:12)
      at TypeScriptParserMixin.callback [as allowInAnd] (node_modules/@babel/parser/src/parser/expression.ts:3189:16)
      at TypeScriptParserMixin.allowInAnd [as parseMaybeAssignAllowIn] (node_modules/@babel/parser/src/parser/expression.ts:256:17)
      at TypeScriptParserMixin.parseMaybeAssignAllowIn [as parseVar] (node_modules/@babel/parser/src/parser/statement.ts:1587:18)
      at TypeScriptParserMixin.parseVar (node_modules/@babel/parser/src/parser/statement.ts:1251:10)
      at TypeScriptParserMixin.parseVarStatement (node_modules/@babel/parser/src/plugins/typescript/index.ts:3085:33)
      at TypeScriptParserMixin.parseVarStatement (node_modules/@babel/parser/src/parser/statement.ts:612:21)
      at TypeScriptParserMixin.parseStatementContent (node_modules/@babel/parser/src/plugins/typescript/index.ts:3220:20)
      at TypeScriptParserMixin.parseStatementContent [as parseStatementLike] (node_modules/@babel/parser/src/parser/statement.ts:482:17)
      at TypeScriptParserMixin.parseStatementLike [as parseStatementListItem] (node_modules/@babel/parser/src/parser/statement.ts:431:17)
      at TypeScriptParserMixin.parseStatementListItem (node_modules/@babel/parser/src/parser/statement.ts:2635:17)
      at TypeScriptParserMixin.parseExportDeclaration (node_modules/@babel/parser/src/plugins/typescript/index.ts:3447:15)
      at TypeScriptParserMixin.parseExportDeclaration [as maybeParseExportDeclaration] (node_modules/@babel/parser/src/parser/statement.ts:2551:31)
      at TypeScriptParserMixin.maybeParseExportDeclaration (node_modules/@babel/parser/src/parser/statement.ts:2432:29)
      at TypeScriptParserMixin.parseExport (node_modules/@babel/parser/src/plugins/typescript/index.ts:3046:22)
      at TypeScriptParserMixin.parseExport (node_modules/@babel/parser/src/parser/statement.ts:649:25)
      at TypeScriptParserMixin.parseStatementContent (node_modules/@babel/parser/src/plugins/typescript/index.ts:3220:20)
      at TypeScriptParserMixin.parseStatementContent [as parseStatementLike] (node_modules/@babel/parser/src/parser/statement.ts:482:17)
      at TypeScriptParserMixin.parseStatementLike [as parseModuleItem] (node_modules/@babel/parser/src/parser/statement.ts:419:17)
      at TypeScriptParserMixin.parseModuleItem [as parseBlockOrModuleBlockBody] (node_modules/@babel/parser/src/parser/statement.ts:1443:16)
      at TypeScriptParserMixin.parseBlockOrModuleBlockBody [as parseBlockBody] (node_modules/@babel/parser/src/parser/statement.ts:1417:10)
      at TypeScriptParserMixin.parseBlockBody [as parseProgram] (node_modules/@babel/parser/src/parser/statement.ts:229:10)
      at TypeScriptParserMixin.parseProgram [as parseTopLevel] (node_modules/@babel/parser/src/parser/statement.ts:203:25)
      at TypeScriptParserMixin.parseTopLevel (node_modules/@babel/parser/src/parser/index.ts:83:25)
      at TypeScriptParserMixin.parse (node_modules/@babel/parser/src/plugins/typescript/index.ts:4354:20)
      at parse (node_modules/@babel/parser/src/index.ts:86:38)
      at parser (node_modules/@babel/core/src/parser/index.ts:29:19)
          at parser.next (<anonymous>)
      at normalizeFile (node_modules/@babel/core/src/transformation/normalize-file.ts:50:24)
          at normalizeFile.next (<anonymous>)
      at run (node_modules/@babel/core/src/transformation/index.ts:41:36)
          at run.next (<anonymous>)
      at transform (node_modules/@babel/core/src/transform.ts:29:20)
          at transform.next (<anonymous>)
      at evaluateSync (node_modules/gensync/index.js:251:28)
      at sync (node_modules/gensync/index.js:89:14)
      at fn (node_modules/@babel/core/src/errors/rewrite-stack-trace.ts:99:14)
      at transformSync (node_modules/@babel/core/src/transform.ts:66:52)
      at Object.require (src/styles/index.ts:29:1)

FAIL src/features/call-bets-training/components/ResultFeedback/ResultFeedback.test.tsx
  ΓùÅ Test suite failed to run

    SyntaxError: C:\Users\ivans\Desktop\Dev\CasinoTrainingApp\src\styles\textStyles.ts: Unexpected token, expected "(" (22:9)

      20 |     marginBottom: 4,
      21 |   } as TextStyle,
    > 22 |    * Size: 18px, Weight: 700, Color: Gold
         |          ^
      23 |    */
      24 |   goldTitle: {
      25 |     fontSize: 18,

      27 |
      28 | // Text style factories
    > 29 | export { createTextStyles } from './textStyles';
         | ^
      30 | export type { TextStyles } from './textStyles';
      31 |

      at constructor (node_modules/@babel/parser/src/parse-error.ts:95:45)
      at TypeScriptParserMixin.toParseError [as raise] (node_modules/@babel/parser/src/tokenizer/index.ts:1504:19)
      at TypeScriptParserMixin.raise [as unexpected] (node_modules/@babel/parser/src/tokenizer/index.ts:1544:16)
      at TypeScriptParserMixin.unexpected [as expect] (node_modules/@babel/parser/src/parser/util.ts:157:12)
      at TypeScriptParserMixin.expect (node_modules/@babel/parser/src/parser/statement.ts:1726:10)
      at TypeScriptParserMixin.parseFunctionParams (node_modules/@babel/parser/src/plugins/typescript/index.ts:3692:13)
      at TypeScriptParserMixin.parseFunctionParams (node_modules/@babel/parser/src/parser/expression.ts:2491:10)
      at TypeScriptParserMixin.parseMethod (node_modules/@babel/parser/src/plugins/typescript/index.ts:4312:28)
      at TypeScriptParserMixin.parseMethod [as parseObjectMethod] (node_modules/@babel/parser/src/parser/expression.ts:2300:19)
      at TypeScriptParserMixin.parseObjectMethod (node_modules/@babel/parser/src/parser/expression.ts:2381:24)
      at TypeScriptParserMixin.parseObjPropValue (node_modules/@babel/parser/src/plugins/typescript/index.ts:3675:20)
      at TypeScriptParserMixin.parseObjPropValue [as parsePropertyDefinition] (node_modules/@babel/parser/src/parser/expression.ts:2228:17)
      at TypeScriptParserMixin.parsePropertyDefinition [as parseObjectLike] (node_modules/@babel/parser/src/parser/expression.ts:2095:21)
      at TypeScriptParserMixin.parseObjectLike [as parseExprAtom] (node_modules/@babel/parser/src/parser/expression.ts:1181:21)
      at TypeScriptParserMixin.parseExprAtom [as parseExprSubscripts] (node_modules/@babel/parser/src/parser/expression.ts:742:23)
      at TypeScriptParserMixin.parseExprSubscripts [as parseUpdate] (node_modules/@babel/parser/src/parser/expression.ts:721:21)
      at TypeScriptParserMixin.parseUpdate (node_modules/@babel/parser/src/parser/expression.ts:683:23)
      at TypeScriptParserMixin.parseMaybeUnary (node_modules/@babel/parser/src/plugins/typescript/index.ts:3893:20)
      at TypeScriptParserMixin.parseMaybeUnary [as parseMaybeUnaryOrPrivate] (node_modules/@babel/parser/src/parser/expression.ts:417:14)
      at TypeScriptParserMixin.parseMaybeUnaryOrPrivate [as parseExprOps] (node_modules/@babel/parser/src/parser/expression.ts:429:23)
      at TypeScriptParserMixin.parseExprOps [as parseMaybeConditional] (node_modules/@babel/parser/src/parser/expression.ts:384:23)
      at TypeScriptParserMixin.parseMaybeConditional (node_modules/@babel/parser/src/parser/expression.ts:301:21)
      at TypeScriptParserMixin.parseMaybeAssign (node_modules/@babel/parser/src/plugins/typescript/index.ts:3764:22)
      at parseMaybeAssign (node_modules/@babel/parser/src/parser/expression.ts:257:12)
      at TypeScriptParserMixin.callback [as allowInAnd] (node_modules/@babel/parser/src/parser/expression.ts:3194:12)
      at TypeScriptParserMixin.allowInAnd [as parseMaybeAssignAllowIn] (node_modules/@babel/parser/src/parser/expression.ts:256:17)
      at TypeScriptParserMixin.parseMaybeAssignAllowIn [as parseMaybeAssignAllowInOrVoidPattern] (node_modules/@babel/parser/src/parser/expression.ts:3308:17)
      at TypeScriptParserMixin.parseMaybeAssignAllowInOrVoidPattern [as parseParenAndDistinguishExpression] (node_modules/@babel/parser/src/parser/expression.ts:1822:16)
      at TypeScriptParserMixin.parseParenAndDistinguishExpression [as parseExprAtom] (node_modules/@babel/parser/src/parser/expression.ts:1170:21)
      at TypeScriptParserMixin.parseExprAtom [as parseExprSubscripts] (node_modules/@babel/parser/src/parser/expression.ts:742:23)
      at TypeScriptParserMixin.parseExprSubscripts [as parseUpdate] (node_modules/@babel/parser/src/parser/expression.ts:721:21)
      at TypeScriptParserMixin.parseUpdate (node_modules/@babel/parser/src/parser/expression.ts:683:23)
      at TypeScriptParserMixin.parseMaybeUnary (node_modules/@babel/parser/src/plugins/typescript/index.ts:3893:20)
      at TypeScriptParserMixin.parseMaybeUnary [as parseMaybeUnaryOrPrivate] (node_modules/@babel/parser/src/parser/expression.ts:417:14)
      at TypeScriptParserMixin.parseMaybeUnaryOrPrivate [as parseExprOps] (node_modules/@babel/parser/src/parser/expression.ts:429:23)
      at TypeScriptParserMixin.parseExprOps [as parseMaybeConditional] (node_modules/@babel/parser/src/parser/expression.ts:384:23)
      at TypeScriptParserMixin.parseMaybeConditional (node_modules/@babel/parser/src/parser/expression.ts:301:21)
      at TypeScriptParserMixin.parseMaybeAssign (node_modules/@babel/parser/src/plugins/typescript/index.ts:3764:22)
      at TypeScriptParserMixin.parseMaybeAssign [as parseFunctionBody] (node_modules/@babel/parser/src/parser/expression.ts:2604:14)
      at TypeScriptParserMixin.parseFunctionBody [as parseArrowExpression] (node_modules/@babel/parser/src/parser/expression.ts:2559:10)
      at TypeScriptParserMixin.parseArrowExpression [as parseParenAndDistinguishExpression] (node_modules/@babel/parser/src/parser/expression.ts:1847:12)
      at TypeScriptParserMixin.parseParenAndDistinguishExpression [as parseExprAtom] (node_modules/@babel/parser/src/parser/expression.ts:1170:21)
      at TypeScriptParserMixin.parseExprAtom [as parseExprSubscripts] (node_modules/@babel/parser/src/parser/expression.ts:742:23)
      at TypeScriptParserMixin.parseExprSubscripts [as parseUpdate] (node_modules/@babel/parser/src/parser/expression.ts:721:21)
      at TypeScriptParserMixin.parseUpdate (node_modules/@babel/parser/src/parser/expression.ts:683:23)
      at TypeScriptParserMixin.parseMaybeUnary (node_modules/@babel/parser/src/plugins/typescript/index.ts:3893:20)
      at TypeScriptParserMixin.parseMaybeUnary [as parseMaybeUnaryOrPrivate] (node_modules/@babel/parser/src/parser/expression.ts:417:14)
      at TypeScriptParserMixin.parseMaybeUnaryOrPrivate [as parseExprOps] (node_modules/@babel/parser/src/parser/expression.ts:429:23)
      at TypeScriptParserMixin.parseExprOps [as parseMaybeConditional] (node_modules/@babel/parser/src/parser/expression.ts:384:23)
      at TypeScriptParserMixin.parseMaybeConditional (node_modules/@babel/parser/src/parser/expression.ts:301:21)
      at TypeScriptParserMixin.parseMaybeAssign (node_modules/@babel/parser/src/plugins/typescript/index.ts:3764:22)
      at parseMaybeAssign (node_modules/@babel/parser/src/parser/expression.ts:257:12)
      at TypeScriptParserMixin.callback [as allowInAnd] (node_modules/@babel/parser/src/parser/expression.ts:3189:16)
      at TypeScriptParserMixin.allowInAnd [as parseMaybeAssignAllowIn] (node_modules/@babel/parser/src/parser/expression.ts:256:17)
      at TypeScriptParserMixin.parseMaybeAssignAllowIn [as parseVar] (node_modules/@babel/parser/src/parser/statement.ts:1587:18)
      at TypeScriptParserMixin.parseVar (node_modules/@babel/parser/src/parser/statement.ts:1251:10)
      at TypeScriptParserMixin.parseVarStatement (node_modules/@babel/parser/src/plugins/typescript/index.ts:3085:33)
      at TypeScriptParserMixin.parseVarStatement (node_modules/@babel/parser/src/parser/statement.ts:612:21)
      at TypeScriptParserMixin.parseStatementContent (node_modules/@babel/parser/src/plugins/typescript/index.ts:3220:20)
      at TypeScriptParserMixin.parseStatementContent [as parseStatementLike] (node_modules/@babel/parser/src/parser/statement.ts:482:17)
      at TypeScriptParserMixin.parseStatementLike [as parseStatementListItem] (node_modules/@babel/parser/src/parser/statement.ts:431:17)
      at TypeScriptParserMixin.parseStatementListItem (node_modules/@babel/parser/src/parser/statement.ts:2635:17)
      at TypeScriptParserMixin.parseExportDeclaration (node_modules/@babel/parser/src/plugins/typescript/index.ts:3447:15)
      at TypeScriptParserMixin.parseExportDeclaration [as maybeParseExportDeclaration] (node_modules/@babel/parser/src/parser/statement.ts:2551:31)
      at TypeScriptParserMixin.maybeParseExportDeclaration (node_modules/@babel/parser/src/parser/statement.ts:2432:29)
      at TypeScriptParserMixin.parseExport (node_modules/@babel/parser/src/plugins/typescript/index.ts:3046:22)
      at TypeScriptParserMixin.parseExport (node_modules/@babel/parser/src/parser/statement.ts:649:25)
      at TypeScriptParserMixin.parseStatementContent (node_modules/@babel/parser/src/plugins/typescript/index.ts:3220:20)
      at TypeScriptParserMixin.parseStatementContent [as parseStatementLike] (node_modules/@babel/parser/src/parser/statement.ts:482:17)
      at TypeScriptParserMixin.parseStatementLike [as parseModuleItem] (node_modules/@babel/parser/src/parser/statement.ts:419:17)
      at TypeScriptParserMixin.parseModuleItem [as parseBlockOrModuleBlockBody] (node_modules/@babel/parser/src/parser/statement.ts:1443:16)
      at TypeScriptParserMixin.parseBlockOrModuleBlockBody [as parseBlockBody] (node_modules/@babel/parser/src/parser/statement.ts:1417:10)
      at TypeScriptParserMixin.parseBlockBody [as parseProgram] (node_modules/@babel/parser/src/parser/statement.ts:229:10)
      at TypeScriptParserMixin.parseProgram [as parseTopLevel] (node_modules/@babel/parser/src/parser/statement.ts:203:25)
      at TypeScriptParserMixin.parseTopLevel (node_modules/@babel/parser/src/parser/index.ts:83:25)
      at TypeScriptParserMixin.parse (node_modules/@babel/parser/src/plugins/typescript/index.ts:4354:20)
      at parse (node_modules/@babel/parser/src/index.ts:86:38)
      at parser (node_modules/@babel/core/src/parser/index.ts:29:19)
          at parser.next (<anonymous>)
      at normalizeFile (node_modules/@babel/core/src/transformation/normalize-file.ts:50:24)
          at normalizeFile.next (<anonymous>)
      at run (node_modules/@babel/core/src/transformation/index.ts:41:36)
          at run.next (<anonymous>)
      at transform (node_modules/@babel/core/src/transform.ts:29:20)
          at transform.next (<anonymous>)
      at evaluateSync (node_modules/gensync/index.js:251:28)
      at sync (node_modules/gensync/index.js:89:14)
      at fn (node_modules/@babel/core/src/errors/rewrite-stack-trace.ts:99:14)
      at transformSync (node_modules/@babel/core/src/transform.ts:66:52)
      at Object.require (src/styles/index.ts:29:1)

FAIL src/features/call-bets-training/components/ChallengeDisplay/ChallengeDisplay.test.tsx
  ΓùÅ Test suite failed to run

    SyntaxError: C:\Users\ivans\Desktop\Dev\CasinoTrainingApp\src\styles\textStyles.ts: Unexpected token, expected "(" (22:9)

      20 |     marginBottom: 4,
      21 |   } as TextStyle,
    > 22 |    * Size: 18px, Weight: 700, Color: Gold
         |          ^
      23 |    */
      24 |   goldTitle: {
      25 |     fontSize: 18,

      27 |
      28 | // Text style factories
    > 29 | export { createTextStyles } from './textStyles';
         | ^
      30 | export type { TextStyles } from './textStyles';
      31 |

      at constructor (node_modules/@babel/parser/src/parse-error.ts:95:45)
      at TypeScriptParserMixin.toParseError [as raise] (node_modules/@babel/parser/src/tokenizer/index.ts:1504:19)
      at TypeScriptParserMixin.raise [as unexpected] (node_modules/@babel/parser/src/tokenizer/index.ts:1544:16)
      at TypeScriptParserMixin.unexpected [as expect] (node_modules/@babel/parser/src/parser/util.ts:157:12)
      at TypeScriptParserMixin.expect (node_modules/@babel/parser/src/parser/statement.ts:1726:10)
      at TypeScriptParserMixin.parseFunctionParams (node_modules/@babel/parser/src/plugins/typescript/index.ts:3692:13)
      at TypeScriptParserMixin.parseFunctionParams (node_modules/@babel/parser/src/parser/expression.ts:2491:10)
      at TypeScriptParserMixin.parseMethod (node_modules/@babel/parser/src/plugins/typescript/index.ts:4312:28)
      at TypeScriptParserMixin.parseMethod [as parseObjectMethod] (node_modules/@babel/parser/src/parser/expression.ts:2300:19)
      at TypeScriptParserMixin.parseObjectMethod (node_modules/@babel/parser/src/parser/expression.ts:2381:24)
      at TypeScriptParserMixin.parseObjPropValue (node_modules/@babel/parser/src/plugins/typescript/index.ts:3675:20)
      at TypeScriptParserMixin.parseObjPropValue [as parsePropertyDefinition] (node_modules/@babel/parser/src/parser/expression.ts:2228:17)
      at TypeScriptParserMixin.parsePropertyDefinition [as parseObjectLike] (node_modules/@babel/parser/src/parser/expression.ts:2095:21)
      at TypeScriptParserMixin.parseObjectLike [as parseExprAtom] (node_modules/@babel/parser/src/parser/expression.ts:1181:21)
      at TypeScriptParserMixin.parseExprAtom [as parseExprSubscripts] (node_modules/@babel/parser/src/parser/expression.ts:742:23)
      at TypeScriptParserMixin.parseExprSubscripts [as parseUpdate] (node_modules/@babel/parser/src/parser/expression.ts:721:21)
      at TypeScriptParserMixin.parseUpdate (node_modules/@babel/parser/src/parser/expression.ts:683:23)
      at TypeScriptParserMixin.parseMaybeUnary (node_modules/@babel/parser/src/plugins/typescript/index.ts:3893:20)
      at TypeScriptParserMixin.parseMaybeUnary [as parseMaybeUnaryOrPrivate] (node_modules/@babel/parser/src/parser/expression.ts:417:14)
      at TypeScriptParserMixin.parseMaybeUnaryOrPrivate [as parseExprOps] (node_modules/@babel/parser/src/parser/expression.ts:429:23)
      at TypeScriptParserMixin.parseExprOps [as parseMaybeConditional] (node_modules/@babel/parser/src/parser/expression.ts:384:23)
      at TypeScriptParserMixin.parseMaybeConditional (node_modules/@babel/parser/src/parser/expression.ts:301:21)
      at TypeScriptParserMixin.parseMaybeAssign (node_modules/@babel/parser/src/plugins/typescript/index.ts:3764:22)
      at parseMaybeAssign (node_modules/@babel/parser/src/parser/expression.ts:257:12)
      at TypeScriptParserMixin.callback [as allowInAnd] (node_modules/@babel/parser/src/parser/expression.ts:3194:12)
      at TypeScriptParserMixin.allowInAnd [as parseMaybeAssignAllowIn] (node_modules/@babel/parser/src/parser/expression.ts:256:17)
      at TypeScriptParserMixin.parseMaybeAssignAllowIn [as parseMaybeAssignAllowInOrVoidPattern] (node_modules/@babel/parser/src/parser/expression.ts:3308:17)
      at TypeScriptParserMixin.parseMaybeAssignAllowInOrVoidPattern [as parseParenAndDistinguishExpression] (node_modules/@babel/parser/src/parser/expression.ts:1822:16)
      at TypeScriptParserMixin.parseParenAndDistinguishExpression [as parseExprAtom] (node_modules/@babel/parser/src/parser/expression.ts:1170:21)
      at TypeScriptParserMixin.parseExprAtom [as parseExprSubscripts] (node_modules/@babel/parser/src/parser/expression.ts:742:23)
      at TypeScriptParserMixin.parseExprSubscripts [as parseUpdate] (node_modules/@babel/parser/src/parser/expression.ts:721:21)
      at TypeScriptParserMixin.parseUpdate (node_modules/@babel/parser/src/parser/expression.ts:683:23)
      at TypeScriptParserMixin.parseMaybeUnary (node_modules/@babel/parser/src/plugins/typescript/index.ts:3893:20)
      at TypeScriptParserMixin.parseMaybeUnary [as parseMaybeUnaryOrPrivate] (node_modules/@babel/parser/src/parser/expression.ts:417:14)
      at TypeScriptParserMixin.parseMaybeUnaryOrPrivate [as parseExprOps] (node_modules/@babel/parser/src/parser/expression.ts:429:23)
      at TypeScriptParserMixin.parseExprOps [as parseMaybeConditional] (node_modules/@babel/parser/src/parser/expression.ts:384:23)
      at TypeScriptParserMixin.parseMaybeConditional (node_modules/@babel/parser/src/parser/expression.ts:301:21)
      at TypeScriptParserMixin.parseMaybeAssign (node_modules/@babel/parser/src/plugins/typescript/index.ts:3764:22)
      at TypeScriptParserMixin.parseMaybeAssign [as parseFunctionBody] (node_modules/@babel/parser/src/parser/expression.ts:2604:14)
      at TypeScriptParserMixin.parseFunctionBody [as parseArrowExpression] (node_modules/@babel/parser/src/parser/expression.ts:2559:10)
      at TypeScriptParserMixin.parseArrowExpression [as parseParenAndDistinguishExpression] (node_modules/@babel/parser/src/parser/expression.ts:1847:12)
      at TypeScriptParserMixin.parseParenAndDistinguishExpression [as parseExprAtom] (node_modules/@babel/parser/src/parser/expression.ts:1170:21)
      at TypeScriptParserMixin.parseExprAtom [as parseExprSubscripts] (node_modules/@babel/parser/src/parser/expression.ts:742:23)
      at TypeScriptParserMixin.parseExprSubscripts [as parseUpdate] (node_modules/@babel/parser/src/parser/expression.ts:721:21)
      at TypeScriptParserMixin.parseUpdate (node_modules/@babel/parser/src/parser/expression.ts:683:23)
      at TypeScriptParserMixin.parseMaybeUnary (node_modules/@babel/parser/src/plugins/typescript/index.ts:3893:20)
      at TypeScriptParserMixin.parseMaybeUnary [as parseMaybeUnaryOrPrivate] (node_modules/@babel/parser/src/parser/expression.ts:417:14)
      at TypeScriptParserMixin.parseMaybeUnaryOrPrivate [as parseExprOps] (node_modules/@babel/parser/src/parser/expression.ts:429:23)
      at TypeScriptParserMixin.parseExprOps [as parseMaybeConditional] (node_modules/@babel/parser/src/parser/expression.ts:384:23)
      at TypeScriptParserMixin.parseMaybeConditional (node_modules/@babel/parser/src/parser/expression.ts:301:21)
      at TypeScriptParserMixin.parseMaybeAssign (node_modules/@babel/parser/src/plugins/typescript/index.ts:3764:22)
      at parseMaybeAssign (node_modules/@babel/parser/src/parser/expression.ts:257:12)
      at TypeScriptParserMixin.callback [as allowInAnd] (node_modules/@babel/parser/src/parser/expression.ts:3189:16)
      at TypeScriptParserMixin.allowInAnd [as parseMaybeAssignAllowIn] (node_modules/@babel/parser/src/parser/expression.ts:256:17)
      at TypeScriptParserMixin.parseMaybeAssignAllowIn [as parseVar] (node_modules/@babel/parser/src/parser/statement.ts:1587:18)
      at TypeScriptParserMixin.parseVar (node_modules/@babel/parser/src/parser/statement.ts:1251:10)
      at TypeScriptParserMixin.parseVarStatement (node_modules/@babel/parser/src/plugins/typescript/index.ts:3085:33)
      at TypeScriptParserMixin.parseVarStatement (node_modules/@babel/parser/src/parser/statement.ts:612:21)
      at TypeScriptParserMixin.parseStatementContent (node_modules/@babel/parser/src/plugins/typescript/index.ts:3220:20)
      at TypeScriptParserMixin.parseStatementContent [as parseStatementLike] (node_modules/@babel/parser/src/parser/statement.ts:482:17)
      at TypeScriptParserMixin.parseStatementLike [as parseStatementListItem] (node_modules/@babel/parser/src/parser/statement.ts:431:17)
      at TypeScriptParserMixin.parseStatementListItem (node_modules/@babel/parser/src/parser/statement.ts:2635:17)
      at TypeScriptParserMixin.parseExportDeclaration (node_modules/@babel/parser/src/plugins/typescript/index.ts:3447:15)
      at TypeScriptParserMixin.parseExportDeclaration [as maybeParseExportDeclaration] (node_modules/@babel/parser/src/parser/statement.ts:2551:31)
      at TypeScriptParserMixin.maybeParseExportDeclaration (node_modules/@babel/parser/src/parser/statement.ts:2432:29)
      at TypeScriptParserMixin.parseExport (node_modules/@babel/parser/src/plugins/typescript/index.ts:3046:22)
      at TypeScriptParserMixin.parseExport (node_modules/@babel/parser/src/parser/statement.ts:649:25)
      at TypeScriptParserMixin.parseStatementContent (node_modules/@babel/parser/src/plugins/typescript/index.ts:3220:20)
      at TypeScriptParserMixin.parseStatementContent [as parseStatementLike] (node_modules/@babel/parser/src/parser/statement.ts:482:17)
      at TypeScriptParserMixin.parseStatementLike [as parseModuleItem] (node_modules/@babel/parser/src/parser/statement.ts:419:17)
      at TypeScriptParserMixin.parseModuleItem [as parseBlockOrModuleBlockBody] (node_modules/@babel/parser/src/parser/statement.ts:1443:16)
      at TypeScriptParserMixin.parseBlockOrModuleBlockBody [as parseBlockBody] (node_modules/@babel/parser/src/parser/statement.ts:1417:10)
      at TypeScriptParserMixin.parseBlockBody [as parseProgram] (node_modules/@babel/parser/src/parser/statement.ts:229:10)
      at TypeScriptParserMixin.parseProgram [as parseTopLevel] (node_modules/@babel/parser/src/parser/statement.ts:203:25)
      at TypeScriptParserMixin.parseTopLevel (node_modules/@babel/parser/src/parser/index.ts:83:25)
      at TypeScriptParserMixin.parse (node_modules/@babel/parser/src/plugins/typescript/index.ts:4354:20)
      at parse (node_modules/@babel/parser/src/index.ts:86:38)
      at parser (node_modules/@babel/core/src/parser/index.ts:29:19)
          at parser.next (<anonymous>)
      at normalizeFile (node_modules/@babel/core/src/transformation/normalize-file.ts:50:24)
          at normalizeFile.next (<anonymous>)
      at run (node_modules/@babel/core/src/transformation/index.ts:41:36)
          at run.next (<anonymous>)
      at transform (node_modules/@babel/core/src/transform.ts:29:20)
          at transform.next (<anonymous>)
      at evaluateSync (node_modules/gensync/index.js:251:28)
      at sync (node_modules/gensync/index.js:89:14)
      at fn (node_modules/@babel/core/src/errors/rewrite-stack-trace.ts:99:14)
      at transformSync (node_modules/@babel/core/src/transform.ts:66:52)
      at Object.require (src/styles/index.ts:29:1)

FAIL src/features/roulette-knowledge-training/screens/RKMenuScreen/RKMenuScreen.test.tsx
  ΓùÅ Test suite failed to run

    SyntaxError: C:\Users\ivans\Desktop\Dev\CasinoTrainingApp\src\styles\textStyles.ts: Unexpected token, expected "(" (22:9)

      20 |     marginBottom: 4,
      21 |   } as TextStyle,
    > 22 |    * Size: 18px, Weight: 700, Color: Gold
         |          ^
      23 |    */
      24 |   goldTitle: {
      25 |     fontSize: 18,

      27 |
      28 | // Text style factories
    > 29 | export { createTextStyles } from './textStyles';
         | ^
      30 | export type { TextStyles } from './textStyles';
      31 |

      at constructor (node_modules/@babel/parser/src/parse-error.ts:95:45)
      at TypeScriptParserMixin.toParseError [as raise] (node_modules/@babel/parser/src/tokenizer/index.ts:1504:19)
      at TypeScriptParserMixin.raise [as unexpected] (node_modules/@babel/parser/src/tokenizer/index.ts:1544:16)
      at TypeScriptParserMixin.unexpected [as expect] (node_modules/@babel/parser/src/parser/util.ts:157:12)
      at TypeScriptParserMixin.expect (node_modules/@babel/parser/src/parser/statement.ts:1726:10)
      at TypeScriptParserMixin.parseFunctionParams (node_modules/@babel/parser/src/plugins/typescript/index.ts:3692:13)
      at TypeScriptParserMixin.parseFunctionParams (node_modules/@babel/parser/src/parser/expression.ts:2491:10)
      at TypeScriptParserMixin.parseMethod (node_modules/@babel/parser/src/plugins/typescript/index.ts:4312:28)
      at TypeScriptParserMixin.parseMethod [as parseObjectMethod] (node_modules/@babel/parser/src/parser/expression.ts:2300:19)
      at TypeScriptParserMixin.parseObjectMethod (node_modules/@babel/parser/src/parser/expression.ts:2381:24)
      at TypeScriptParserMixin.parseObjPropValue (node_modules/@babel/parser/src/plugins/typescript/index.ts:3675:20)
      at TypeScriptParserMixin.parseObjPropValue [as parsePropertyDefinition] (node_modules/@babel/parser/src/parser/expression.ts:2228:17)
      at TypeScriptParserMixin.parsePropertyDefinition [as parseObjectLike] (node_modules/@babel/parser/src/parser/expression.ts:2095:21)
      at TypeScriptParserMixin.parseObjectLike [as parseExprAtom] (node_modules/@babel/parser/src/parser/expression.ts:1181:21)
      at TypeScriptParserMixin.parseExprAtom [as parseExprSubscripts] (node_modules/@babel/parser/src/parser/expression.ts:742:23)
      at TypeScriptParserMixin.parseExprSubscripts [as parseUpdate] (node_modules/@babel/parser/src/parser/expression.ts:721:21)
      at TypeScriptParserMixin.parseUpdate (node_modules/@babel/parser/src/parser/expression.ts:683:23)
      at TypeScriptParserMixin.parseMaybeUnary (node_modules/@babel/parser/src/plugins/typescript/index.ts:3893:20)
      at TypeScriptParserMixin.parseMaybeUnary [as parseMaybeUnaryOrPrivate] (node_modules/@babel/parser/src/parser/expression.ts:417:14)
      at TypeScriptParserMixin.parseMaybeUnaryOrPrivate [as parseExprOps] (node_modules/@babel/parser/src/parser/expression.ts:429:23)
      at TypeScriptParserMixin.parseExprOps [as parseMaybeConditional] (node_modules/@babel/parser/src/parser/expression.ts:384:23)
      at TypeScriptParserMixin.parseMaybeConditional (node_modules/@babel/parser/src/parser/expression.ts:301:21)
      at TypeScriptParserMixin.parseMaybeAssign (node_modules/@babel/parser/src/plugins/typescript/index.ts:3764:22)
      at parseMaybeAssign (node_modules/@babel/parser/src/parser/expression.ts:257:12)
      at TypeScriptParserMixin.callback [as allowInAnd] (node_modules/@babel/parser/src/parser/expression.ts:3194:12)
      at TypeScriptParserMixin.allowInAnd [as parseMaybeAssignAllowIn] (node_modules/@babel/parser/src/parser/expression.ts:256:17)
      at TypeScriptParserMixin.parseMaybeAssignAllowIn [as parseMaybeAssignAllowInOrVoidPattern] (node_modules/@babel/parser/src/parser/expression.ts:3308:17)
      at TypeScriptParserMixin.parseMaybeAssignAllowInOrVoidPattern [as parseParenAndDistinguishExpression] (node_modules/@babel/parser/src/parser/expression.ts:1822:16)
      at TypeScriptParserMixin.parseParenAndDistinguishExpression [as parseExprAtom] (node_modules/@babel/parser/src/parser/expression.ts:1170:21)
      at TypeScriptParserMixin.parseExprAtom [as parseExprSubscripts] (node_modules/@babel/parser/src/parser/expression.ts:742:23)
      at TypeScriptParserMixin.parseExprSubscripts [as parseUpdate] (node_modules/@babel/parser/src/parser/expression.ts:721:21)
      at TypeScriptParserMixin.parseUpdate (node_modules/@babel/parser/src/parser/expression.ts:683:23)
      at TypeScriptParserMixin.parseMaybeUnary (node_modules/@babel/parser/src/plugins/typescript/index.ts:3893:20)
      at TypeScriptParserMixin.parseMaybeUnary [as parseMaybeUnaryOrPrivate] (node_modules/@babel/parser/src/parser/expression.ts:417:14)
      at TypeScriptParserMixin.parseMaybeUnaryOrPrivate [as parseExprOps] (node_modules/@babel/parser/src/parser/expression.ts:429:23)
      at TypeScriptParserMixin.parseExprOps [as parseMaybeConditional] (node_modules/@babel/parser/src/parser/expression.ts:384:23)
      at TypeScriptParserMixin.parseMaybeConditional (node_modules/@babel/parser/src/parser/expression.ts:301:21)
      at TypeScriptParserMixin.parseMaybeAssign (node_modules/@babel/parser/src/plugins/typescript/index.ts:3764:22)
      at TypeScriptParserMixin.parseMaybeAssign [as parseFunctionBody] (node_modules/@babel/parser/src/parser/expression.ts:2604:14)
      at TypeScriptParserMixin.parseFunctionBody [as parseArrowExpression] (node_modules/@babel/parser/src/parser/expression.ts:2559:10)
      at TypeScriptParserMixin.parseArrowExpression [as parseParenAndDistinguishExpression] (node_modules/@babel/parser/src/parser/expression.ts:1847:12)
      at TypeScriptParserMixin.parseParenAndDistinguishExpression [as parseExprAtom] (node_modules/@babel/parser/src/parser/expression.ts:1170:21)
      at TypeScriptParserMixin.parseExprAtom [as parseExprSubscripts] (node_modules/@babel/parser/src/parser/expression.ts:742:23)
      at TypeScriptParserMixin.parseExprSubscripts [as parseUpdate] (node_modules/@babel/parser/src/parser/expression.ts:721:21)
      at TypeScriptParserMixin.parseUpdate (node_modules/@babel/parser/src/parser/expression.ts:683:23)
      at TypeScriptParserMixin.parseMaybeUnary (node_modules/@babel/parser/src/plugins/typescript/index.ts:3893:20)
      at TypeScriptParserMixin.parseMaybeUnary [as parseMaybeUnaryOrPrivate] (node_modules/@babel/parser/src/parser/expression.ts:417:14)
      at TypeScriptParserMixin.parseMaybeUnaryOrPrivate [as parseExprOps] (node_modules/@babel/parser/src/parser/expression.ts:429:23)
      at TypeScriptParserMixin.parseExprOps [as parseMaybeConditional] (node_modules/@babel/parser/src/parser/expression.ts:384:23)
      at TypeScriptParserMixin.parseMaybeConditional (node_modules/@babel/parser/src/parser/expression.ts:301:21)
      at TypeScriptParserMixin.parseMaybeAssign (node_modules/@babel/parser/src/plugins/typescript/index.ts:3764:22)
      at parseMaybeAssign (node_modules/@babel/parser/src/parser/expression.ts:257:12)
      at TypeScriptParserMixin.callback [as allowInAnd] (node_modules/@babel/parser/src/parser/expression.ts:3189:16)
      at TypeScriptParserMixin.allowInAnd [as parseMaybeAssignAllowIn] (node_modules/@babel/parser/src/parser/expression.ts:256:17)
      at TypeScriptParserMixin.parseMaybeAssignAllowIn [as parseVar] (node_modules/@babel/parser/src/parser/statement.ts:1587:18)
      at TypeScriptParserMixin.parseVar (node_modules/@babel/parser/src/parser/statement.ts:1251:10)
      at TypeScriptParserMixin.parseVarStatement (node_modules/@babel/parser/src/plugins/typescript/index.ts:3085:33)
      at TypeScriptParserMixin.parseVarStatement (node_modules/@babel/parser/src/parser/statement.ts:612:21)
      at TypeScriptParserMixin.parseStatementContent (node_modules/@babel/parser/src/plugins/typescript/index.ts:3220:20)
      at TypeScriptParserMixin.parseStatementContent [as parseStatementLike] (node_modules/@babel/parser/src/parser/statement.ts:482:17)
      at TypeScriptParserMixin.parseStatementLike [as parseStatementListItem] (node_modules/@babel/parser/src/parser/statement.ts:431:17)
      at TypeScriptParserMixin.parseStatementListItem (node_modules/@babel/parser/src/parser/statement.ts:2635:17)
      at TypeScriptParserMixin.parseExportDeclaration (node_modules/@babel/parser/src/plugins/typescript/index.ts:3447:15)
      at TypeScriptParserMixin.parseExportDeclaration [as maybeParseExportDeclaration] (node_modules/@babel/parser/src/parser/statement.ts:2551:31)
      at TypeScriptParserMixin.maybeParseExportDeclaration (node_modules/@babel/parser/src/parser/statement.ts:2432:29)
      at TypeScriptParserMixin.parseExport (node_modules/@babel/parser/src/plugins/typescript/index.ts:3046:22)
      at TypeScriptParserMixin.parseExport (node_modules/@babel/parser/src/parser/statement.ts:649:25)
      at TypeScriptParserMixin.parseStatementContent (node_modules/@babel/parser/src/plugins/typescript/index.ts:3220:20)
      at TypeScriptParserMixin.parseStatementContent [as parseStatementLike] (node_modules/@babel/parser/src/parser/statement.ts:482:17)
      at TypeScriptParserMixin.parseStatementLike [as parseModuleItem] (node_modules/@babel/parser/src/parser/statement.ts:419:17)
      at TypeScriptParserMixin.parseModuleItem [as parseBlockOrModuleBlockBody] (node_modules/@babel/parser/src/parser/statement.ts:1443:16)
      at TypeScriptParserMixin.parseBlockOrModuleBlockBody [as parseBlockBody] (node_modules/@babel/parser/src/parser/statement.ts:1417:10)
      at TypeScriptParserMixin.parseBlockBody [as parseProgram] (node_modules/@babel/parser/src/parser/statement.ts:229:10)
      at TypeScriptParserMixin.parseProgram [as parseTopLevel] (node_modules/@babel/parser/src/parser/statement.ts:203:25)
      at TypeScriptParserMixin.parseTopLevel (node_modules/@babel/parser/src/parser/index.ts:83:25)
      at TypeScriptParserMixin.parse (node_modules/@babel/parser/src/plugins/typescript/index.ts:4354:20)
      at parse (node_modules/@babel/parser/src/index.ts:86:38)
      at parser (node_modules/@babel/core/src/parser/index.ts:29:19)
          at parser.next (<anonymous>)
      at normalizeFile (node_modules/@babel/core/src/transformation/normalize-file.ts:50:24)
          at normalizeFile.next (<anonymous>)
      at run (node_modules/@babel/core/src/transformation/index.ts:41:36)
          at run.next (<anonymous>)
      at transform (node_modules/@babel/core/src/transform.ts:29:20)
          at transform.next (<anonymous>)
      at evaluateSync (node_modules/gensync/index.js:251:28)
      at sync (node_modules/gensync/index.js:89:14)
      at fn (node_modules/@babel/core/src/errors/rewrite-stack-trace.ts:99:14)
      at transformSync (node_modules/@babel/core/src/transform.ts:66:52)
      at Object.require (src/styles/index.ts:29:1)

FAIL src/features/texas-holdem-ultimate-training/screens/THUMenuScreen/THUMenuScreen.test.tsx
  ΓùÅ Test suite failed to run

    SyntaxError: C:\Users\ivans\Desktop\Dev\CasinoTrainingApp\src\styles\textStyles.ts: Unexpected token, expected "(" (22:9)

      20 |     marginBottom: 4,
      21 |   } as TextStyle,
    > 22 |    * Size: 18px, Weight: 700, Color: Gold
         |          ^
      23 |    */
      24 |   goldTitle: {
      25 |     fontSize: 18,

      27 |
      28 | // Text style factories
    > 29 | export { createTextStyles } from './textStyles';
         | ^
      30 | export type { TextStyles } from './textStyles';
      31 |

      at constructor (node_modules/@babel/parser/src/parse-error.ts:95:45)
      at TypeScriptParserMixin.toParseError [as raise] (node_modules/@babel/parser/src/tokenizer/index.ts:1504:19)
      at TypeScriptParserMixin.raise [as unexpected] (node_modules/@babel/parser/src/tokenizer/index.ts:1544:16)
      at TypeScriptParserMixin.unexpected [as expect] (node_modules/@babel/parser/src/parser/util.ts:157:12)
      at TypeScriptParserMixin.expect (node_modules/@babel/parser/src/parser/statement.ts:1726:10)
      at TypeScriptParserMixin.parseFunctionParams (node_modules/@babel/parser/src/plugins/typescript/index.ts:3692:13)
      at TypeScriptParserMixin.parseFunctionParams (node_modules/@babel/parser/src/parser/expression.ts:2491:10)
      at TypeScriptParserMixin.parseMethod (node_modules/@babel/parser/src/plugins/typescript/index.ts:4312:28)
      at TypeScriptParserMixin.parseMethod [as parseObjectMethod] (node_modules/@babel/parser/src/parser/expression.ts:2300:19)
      at TypeScriptParserMixin.parseObjectMethod (node_modules/@babel/parser/src/parser/expression.ts:2381:24)
      at TypeScriptParserMixin.parseObjPropValue (node_modules/@babel/parser/src/plugins/typescript/index.ts:3675:20)
      at TypeScriptParserMixin.parseObjPropValue [as parsePropertyDefinition] (node_modules/@babel/parser/src/parser/expression.ts:2228:17)
      at TypeScriptParserMixin.parsePropertyDefinition [as parseObjectLike] (node_modules/@babel/parser/src/parser/expression.ts:2095:21)
      at TypeScriptParserMixin.parseObjectLike [as parseExprAtom] (node_modules/@babel/parser/src/parser/expression.ts:1181:21)
      at TypeScriptParserMixin.parseExprAtom [as parseExprSubscripts] (node_modules/@babel/parser/src/parser/expression.ts:742:23)
      at TypeScriptParserMixin.parseExprSubscripts [as parseUpdate] (node_modules/@babel/parser/src/parser/expression.ts:721:21)
      at TypeScriptParserMixin.parseUpdate (node_modules/@babel/parser/src/parser/expression.ts:683:23)
      at TypeScriptParserMixin.parseMaybeUnary (node_modules/@babel/parser/src/plugins/typescript/index.ts:3893:20)
      at TypeScriptParserMixin.parseMaybeUnary [as parseMaybeUnaryOrPrivate] (node_modules/@babel/parser/src/parser/expression.ts:417:14)
      at TypeScriptParserMixin.parseMaybeUnaryOrPrivate [as parseExprOps] (node_modules/@babel/parser/src/parser/expression.ts:429:23)
      at TypeScriptParserMixin.parseExprOps [as parseMaybeConditional] (node_modules/@babel/parser/src/parser/expression.ts:384:23)
      at TypeScriptParserMixin.parseMaybeConditional (node_modules/@babel/parser/src/parser/expression.ts:301:21)
      at TypeScriptParserMixin.parseMaybeAssign (node_modules/@babel/parser/src/plugins/typescript/index.ts:3764:22)
      at parseMaybeAssign (node_modules/@babel/parser/src/parser/expression.ts:257:12)
      at TypeScriptParserMixin.callback [as allowInAnd] (node_modules/@babel/parser/src/parser/expression.ts:3194:12)
      at TypeScriptParserMixin.allowInAnd [as parseMaybeAssignAllowIn] (node_modules/@babel/parser/src/parser/expression.ts:256:17)
      at TypeScriptParserMixin.parseMaybeAssignAllowIn [as parseMaybeAssignAllowInOrVoidPattern] (node_modules/@babel/parser/src/parser/expression.ts:3308:17)
      at TypeScriptParserMixin.parseMaybeAssignAllowInOrVoidPattern [as parseParenAndDistinguishExpression] (node_modules/@babel/parser/src/parser/expression.ts:1822:16)
      at TypeScriptParserMixin.parseParenAndDistinguishExpression [as parseExprAtom] (node_modules/@babel/parser/src/parser/expression.ts:1170:21)
      at TypeScriptParserMixin.parseExprAtom [as parseExprSubscripts] (node_modules/@babel/parser/src/parser/expression.ts:742:23)
      at TypeScriptParserMixin.parseExprSubscripts [as parseUpdate] (node_modules/@babel/parser/src/parser/expression.ts:721:21)
      at TypeScriptParserMixin.parseUpdate (node_modules/@babel/parser/src/parser/expression.ts:683:23)
      at TypeScriptParserMixin.parseMaybeUnary (node_modules/@babel/parser/src/plugins/typescript/index.ts:3893:20)
      at TypeScriptParserMixin.parseMaybeUnary [as parseMaybeUnaryOrPrivate] (node_modules/@babel/parser/src/parser/expression.ts:417:14)
      at TypeScriptParserMixin.parseMaybeUnaryOrPrivate [as parseExprOps] (node_modules/@babel/parser/src/parser/expression.ts:429:23)
      at TypeScriptParserMixin.parseExprOps [as parseMaybeConditional] (node_modules/@babel/parser/src/parser/expression.ts:384:23)
      at TypeScriptParserMixin.parseMaybeConditional (node_modules/@babel/parser/src/parser/expression.ts:301:21)
      at TypeScriptParserMixin.parseMaybeAssign (node_modules/@babel/parser/src/plugins/typescript/index.ts:3764:22)
      at TypeScriptParserMixin.parseMaybeAssign [as parseFunctionBody] (node_modules/@babel/parser/src/parser/expression.ts:2604:14)
      at TypeScriptParserMixin.parseFunctionBody [as parseArrowExpression] (node_modules/@babel/parser/src/parser/expression.ts:2559:10)
      at TypeScriptParserMixin.parseArrowExpression [as parseParenAndDistinguishExpression] (node_modules/@babel/parser/src/parser/expression.ts:1847:12)
      at TypeScriptParserMixin.parseParenAndDistinguishExpression [as parseExprAtom] (node_modules/@babel/parser/src/parser/expression.ts:1170:21)
      at TypeScriptParserMixin.parseExprAtom [as parseExprSubscripts] (node_modules/@babel/parser/src/parser/expression.ts:742:23)
      at TypeScriptParserMixin.parseExprSubscripts [as parseUpdate] (node_modules/@babel/parser/src/parser/expression.ts:721:21)
      at TypeScriptParserMixin.parseUpdate (node_modules/@babel/parser/src/parser/expression.ts:683:23)
      at TypeScriptParserMixin.parseMaybeUnary (node_modules/@babel/parser/src/plugins/typescript/index.ts:3893:20)
      at TypeScriptParserMixin.parseMaybeUnary [as parseMaybeUnaryOrPrivate] (node_modules/@babel/parser/src/parser/expression.ts:417:14)
      at TypeScriptParserMixin.parseMaybeUnaryOrPrivate [as parseExprOps] (node_modules/@babel/parser/src/parser/expression.ts:429:23)
      at TypeScriptParserMixin.parseExprOps [as parseMaybeConditional] (node_modules/@babel/parser/src/parser/expression.ts:384:23)
      at TypeScriptParserMixin.parseMaybeConditional (node_modules/@babel/parser/src/parser/expression.ts:301:21)
      at TypeScriptParserMixin.parseMaybeAssign (node_modules/@babel/parser/src/plugins/typescript/index.ts:3764:22)
      at parseMaybeAssign (node_modules/@babel/parser/src/parser/expression.ts:257:12)
      at TypeScriptParserMixin.callback [as allowInAnd] (node_modules/@babel/parser/src/parser/expression.ts:3189:16)
      at TypeScriptParserMixin.allowInAnd [as parseMaybeAssignAllowIn] (node_modules/@babel/parser/src/parser/expression.ts:256:17)
      at TypeScriptParserMixin.parseMaybeAssignAllowIn [as parseVar] (node_modules/@babel/parser/src/parser/statement.ts:1587:18)
      at TypeScriptParserMixin.parseVar (node_modules/@babel/parser/src/parser/statement.ts:1251:10)
      at TypeScriptParserMixin.parseVarStatement (node_modules/@babel/parser/src/plugins/typescript/index.ts:3085:33)
      at TypeScriptParserMixin.parseVarStatement (node_modules/@babel/parser/src/parser/statement.ts:612:21)
      at TypeScriptParserMixin.parseStatementContent (node_modules/@babel/parser/src/plugins/typescript/index.ts:3220:20)
      at TypeScriptParserMixin.parseStatementContent [as parseStatementLike] (node_modules/@babel/parser/src/parser/statement.ts:482:17)
      at TypeScriptParserMixin.parseStatementLike [as parseStatementListItem] (node_modules/@babel/parser/src/parser/statement.ts:431:17)
      at TypeScriptParserMixin.parseStatementListItem (node_modules/@babel/parser/src/parser/statement.ts:2635:17)
      at TypeScriptParserMixin.parseExportDeclaration (node_modules/@babel/parser/src/plugins/typescript/index.ts:3447:15)
      at TypeScriptParserMixin.parseExportDeclaration [as maybeParseExportDeclaration] (node_modules/@babel/parser/src/parser/statement.ts:2551:31)
      at TypeScriptParserMixin.maybeParseExportDeclaration (node_modules/@babel/parser/src/parser/statement.ts:2432:29)
      at TypeScriptParserMixin.parseExport (node_modules/@babel/parser/src/plugins/typescript/index.ts:3046:22)
      at TypeScriptParserMixin.parseExport (node_modules/@babel/parser/src/parser/statement.ts:649:25)
      at TypeScriptParserMixin.parseStatementContent (node_modules/@babel/parser/src/plugins/typescript/index.ts:3220:20)
      at TypeScriptParserMixin.parseStatementContent [as parseStatementLike] (node_modules/@babel/parser/src/parser/statement.ts:482:17)
      at TypeScriptParserMixin.parseStatementLike [as parseModuleItem] (node_modules/@babel/parser/src/parser/statement.ts:419:17)
      at TypeScriptParserMixin.parseModuleItem [as parseBlockOrModuleBlockBody] (node_modules/@babel/parser/src/parser/statement.ts:1443:16)
      at TypeScriptParserMixin.parseBlockOrModuleBlockBody [as parseBlockBody] (node_modules/@babel/parser/src/parser/statement.ts:1417:10)
      at TypeScriptParserMixin.parseBlockBody [as parseProgram] (node_modules/@babel/parser/src/parser/statement.ts:229:10)
      at TypeScriptParserMixin.parseProgram [as parseTopLevel] (node_modules/@babel/parser/src/parser/statement.ts:203:25)
      at TypeScriptParserMixin.parseTopLevel (node_modules/@babel/parser/src/parser/index.ts:83:25)
      at TypeScriptParserMixin.parse (node_modules/@babel/parser/src/plugins/typescript/index.ts:4354:20)
      at parse (node_modules/@babel/parser/src/index.ts:86:38)
      at parser (node_modules/@babel/core/src/parser/index.ts:29:19)
          at parser.next (<anonymous>)
      at normalizeFile (node_modules/@babel/core/src/transformation/normalize-file.ts:50:24)
          at normalizeFile.next (<anonymous>)
      at run (node_modules/@babel/core/src/transformation/index.ts:41:36)
          at run.next (<anonymous>)
      at transform (node_modules/@babel/core/src/transform.ts:29:20)
          at transform.next (<anonymous>)
      at evaluateSync (node_modules/gensync/index.js:251:28)
      at sync (node_modules/gensync/index.js:89:14)
      at fn (node_modules/@babel/core/src/errors/rewrite-stack-trace.ts:99:14)
      at transformSync (node_modules/@babel/core/src/transform.ts:66:52)
      at Object.require (src/styles/index.ts:29:1)

FAIL src/features/cash-conversion-training/components/ResultFeedback/ResultFeedback.test.tsx
  ΓùÅ Test suite failed to run

    SyntaxError: C:\Users\ivans\Desktop\Dev\CasinoTrainingApp\src\styles\textStyles.ts: Unexpected token, expected "(" (22:9)

      20 |     marginBottom: 4,
      21 |   } as TextStyle,
    > 22 |    * Size: 18px, Weight: 700, Color: Gold
         |          ^
      23 |    */
      24 |   goldTitle: {
      25 |     fontSize: 18,

      27 |
      28 | // Text style factories
    > 29 | export { createTextStyles } from './textStyles';
         | ^
      30 | export type { TextStyles } from './textStyles';
      31 |

      at constructor (node_modules/@babel/parser/src/parse-error.ts:95:45)
      at TypeScriptParserMixin.toParseError [as raise] (node_modules/@babel/parser/src/tokenizer/index.ts:1504:19)
      at TypeScriptParserMixin.raise [as unexpected] (node_modules/@babel/parser/src/tokenizer/index.ts:1544:16)
      at TypeScriptParserMixin.unexpected [as expect] (node_modules/@babel/parser/src/parser/util.ts:157:12)
      at TypeScriptParserMixin.expect (node_modules/@babel/parser/src/parser/statement.ts:1726:10)
      at TypeScriptParserMixin.parseFunctionParams (node_modules/@babel/parser/src/plugins/typescript/index.ts:3692:13)
      at TypeScriptParserMixin.parseFunctionParams (node_modules/@babel/parser/src/parser/expression.ts:2491:10)
      at TypeScriptParserMixin.parseMethod (node_modules/@babel/parser/src/plugins/typescript/index.ts:4312:28)
      at TypeScriptParserMixin.parseMethod [as parseObjectMethod] (node_modules/@babel/parser/src/parser/expression.ts:2300:19)
      at TypeScriptParserMixin.parseObjectMethod (node_modules/@babel/parser/src/parser/expression.ts:2381:24)
      at TypeScriptParserMixin.parseObjPropValue (node_modules/@babel/parser/src/plugins/typescript/index.ts:3675:20)
      at TypeScriptParserMixin.parseObjPropValue [as parsePropertyDefinition] (node_modules/@babel/parser/src/parser/expression.ts:2228:17)
      at TypeScriptParserMixin.parsePropertyDefinition [as parseObjectLike] (node_modules/@babel/parser/src/parser/expression.ts:2095:21)
      at TypeScriptParserMixin.parseObjectLike [as parseExprAtom] (node_modules/@babel/parser/src/parser/expression.ts:1181:21)
      at TypeScriptParserMixin.parseExprAtom [as parseExprSubscripts] (node_modules/@babel/parser/src/parser/expression.ts:742:23)
      at TypeScriptParserMixin.parseExprSubscripts [as parseUpdate] (node_modules/@babel/parser/src/parser/expression.ts:721:21)
      at TypeScriptParserMixin.parseUpdate (node_modules/@babel/parser/src/parser/expression.ts:683:23)
      at TypeScriptParserMixin.parseMaybeUnary (node_modules/@babel/parser/src/plugins/typescript/index.ts:3893:20)
      at TypeScriptParserMixin.parseMaybeUnary [as parseMaybeUnaryOrPrivate] (node_modules/@babel/parser/src/parser/expression.ts:417:14)
      at TypeScriptParserMixin.parseMaybeUnaryOrPrivate [as parseExprOps] (node_modules/@babel/parser/src/parser/expression.ts:429:23)
      at TypeScriptParserMixin.parseExprOps [as parseMaybeConditional] (node_modules/@babel/parser/src/parser/expression.ts:384:23)
      at TypeScriptParserMixin.parseMaybeConditional (node_modules/@babel/parser/src/parser/expression.ts:301:21)
      at TypeScriptParserMixin.parseMaybeAssign (node_modules/@babel/parser/src/plugins/typescript/index.ts:3764:22)
      at parseMaybeAssign (node_modules/@babel/parser/src/parser/expression.ts:257:12)
      at TypeScriptParserMixin.callback [as allowInAnd] (node_modules/@babel/parser/src/parser/expression.ts:3194:12)
      at TypeScriptParserMixin.allowInAnd [as parseMaybeAssignAllowIn] (node_modules/@babel/parser/src/parser/expression.ts:256:17)
      at TypeScriptParserMixin.parseMaybeAssignAllowIn [as parseMaybeAssignAllowInOrVoidPattern] (node_modules/@babel/parser/src/parser/expression.ts:3308:17)
      at TypeScriptParserMixin.parseMaybeAssignAllowInOrVoidPattern [as parseParenAndDistinguishExpression] (node_modules/@babel/parser/src/parser/expression.ts:1822:16)
      at TypeScriptParserMixin.parseParenAndDistinguishExpression [as parseExprAtom] (node_modules/@babel/parser/src/parser/expression.ts:1170:21)
      at TypeScriptParserMixin.parseExprAtom [as parseExprSubscripts] (node_modules/@babel/parser/src/parser/expression.ts:742:23)
      at TypeScriptParserMixin.parseExprSubscripts [as parseUpdate] (node_modules/@babel/parser/src/parser/expression.ts:721:21)
      at TypeScriptParserMixin.parseUpdate (node_modules/@babel/parser/src/parser/expression.ts:683:23)
      at TypeScriptParserMixin.parseMaybeUnary (node_modules/@babel/parser/src/plugins/typescript/index.ts:3893:20)
      at TypeScriptParserMixin.parseMaybeUnary [as parseMaybeUnaryOrPrivate] (node_modules/@babel/parser/src/parser/expression.ts:417:14)
      at TypeScriptParserMixin.parseMaybeUnaryOrPrivate [as parseExprOps] (node_modules/@babel/parser/src/parser/expression.ts:429:23)
      at TypeScriptParserMixin.parseExprOps [as parseMaybeConditional] (node_modules/@babel/parser/src/parser/expression.ts:384:23)
      at TypeScriptParserMixin.parseMaybeConditional (node_modules/@babel/parser/src/parser/expression.ts:301:21)
      at TypeScriptParserMixin.parseMaybeAssign (node_modules/@babel/parser/src/plugins/typescript/index.ts:3764:22)
      at TypeScriptParserMixin.parseMaybeAssign [as parseFunctionBody] (node_modules/@babel/parser/src/parser/expression.ts:2604:14)
      at TypeScriptParserMixin.parseFunctionBody [as parseArrowExpression] (node_modules/@babel/parser/src/parser/expression.ts:2559:10)
      at TypeScriptParserMixin.parseArrowExpression [as parseParenAndDistinguishExpression] (node_modules/@babel/parser/src/parser/expression.ts:1847:12)
      at TypeScriptParserMixin.parseParenAndDistinguishExpression [as parseExprAtom] (node_modules/@babel/parser/src/parser/expression.ts:1170:21)
      at TypeScriptParserMixin.parseExprAtom [as parseExprSubscripts] (node_modules/@babel/parser/src/parser/expression.ts:742:23)
      at TypeScriptParserMixin.parseExprSubscripts [as parseUpdate] (node_modules/@babel/parser/src/parser/expression.ts:721:21)
      at TypeScriptParserMixin.parseUpdate (node_modules/@babel/parser/src/parser/expression.ts:683:23)
      at TypeScriptParserMixin.parseMaybeUnary (node_modules/@babel/parser/src/plugins/typescript/index.ts:3893:20)
      at TypeScriptParserMixin.parseMaybeUnary [as parseMaybeUnaryOrPrivate] (node_modules/@babel/parser/src/parser/expression.ts:417:14)
      at TypeScriptParserMixin.parseMaybeUnaryOrPrivate [as parseExprOps] (node_modules/@babel/parser/src/parser/expression.ts:429:23)
      at TypeScriptParserMixin.parseExprOps [as parseMaybeConditional] (node_modules/@babel/parser/src/parser/expression.ts:384:23)
      at TypeScriptParserMixin.parseMaybeConditional (node_modules/@babel/parser/src/parser/expression.ts:301:21)
      at TypeScriptParserMixin.parseMaybeAssign (node_modules/@babel/parser/src/plugins/typescript/index.ts:3764:22)
      at parseMaybeAssign (node_modules/@babel/parser/src/parser/expression.ts:257:12)
      at TypeScriptParserMixin.callback [as allowInAnd] (node_modules/@babel/parser/src/parser/expression.ts:3189:16)
      at TypeScriptParserMixin.allowInAnd [as parseMaybeAssignAllowIn] (node_modules/@babel/parser/src/parser/expression.ts:256:17)
      at TypeScriptParserMixin.parseMaybeAssignAllowIn [as parseVar] (node_modules/@babel/parser/src/parser/statement.ts:1587:18)
      at TypeScriptParserMixin.parseVar (node_modules/@babel/parser/src/parser/statement.ts:1251:10)
      at TypeScriptParserMixin.parseVarStatement (node_modules/@babel/parser/src/plugins/typescript/index.ts:3085:33)
      at TypeScriptParserMixin.parseVarStatement (node_modules/@babel/parser/src/parser/statement.ts:612:21)
      at TypeScriptParserMixin.parseStatementContent (node_modules/@babel/parser/src/plugins/typescript/index.ts:3220:20)
      at TypeScriptParserMixin.parseStatementContent [as parseStatementLike] (node_modules/@babel/parser/src/parser/statement.ts:482:17)
      at TypeScriptParserMixin.parseStatementLike [as parseStatementListItem] (node_modules/@babel/parser/src/parser/statement.ts:431:17)
      at TypeScriptParserMixin.parseStatementListItem (node_modules/@babel/parser/src/parser/statement.ts:2635:17)
      at TypeScriptParserMixin.parseExportDeclaration (node_modules/@babel/parser/src/plugins/typescript/index.ts:3447:15)
      at TypeScriptParserMixin.parseExportDeclaration [as maybeParseExportDeclaration] (node_modules/@babel/parser/src/parser/statement.ts:2551:31)
      at TypeScriptParserMixin.maybeParseExportDeclaration (node_modules/@babel/parser/src/parser/statement.ts:2432:29)
      at TypeScriptParserMixin.parseExport (node_modules/@babel/parser/src/plugins/typescript/index.ts:3046:22)
      at TypeScriptParserMixin.parseExport (node_modules/@babel/parser/src/parser/statement.ts:649:25)
      at TypeScriptParserMixin.parseStatementContent (node_modules/@babel/parser/src/plugins/typescript/index.ts:3220:20)
      at TypeScriptParserMixin.parseStatementContent [as parseStatementLike] (node_modules/@babel/parser/src/parser/statement.ts:482:17)
      at TypeScriptParserMixin.parseStatementLike [as parseModuleItem] (node_modules/@babel/parser/src/parser/statement.ts:419:17)
      at TypeScriptParserMixin.parseModuleItem [as parseBlockOrModuleBlockBody] (node_modules/@babel/parser/src/parser/statement.ts:1443:16)
      at TypeScriptParserMixin.parseBlockOrModuleBlockBody [as parseBlockBody] (node_modules/@babel/parser/src/parser/statement.ts:1417:10)
      at TypeScriptParserMixin.parseBlockBody [as parseProgram] (node_modules/@babel/parser/src/parser/statement.ts:229:10)
      at TypeScriptParserMixin.parseProgram [as parseTopLevel] (node_modules/@babel/parser/src/parser/statement.ts:203:25)
      at TypeScriptParserMixin.parseTopLevel (node_modules/@babel/parser/src/parser/index.ts:83:25)
      at TypeScriptParserMixin.parse (node_modules/@babel/parser/src/plugins/typescript/index.ts:4354:20)
      at parse (node_modules/@babel/parser/src/index.ts:86:38)
      at parser (node_modules/@babel/core/src/parser/index.ts:29:19)
          at parser.next (<anonymous>)
      at normalizeFile (node_modules/@babel/core/src/transformation/normalize-file.ts:50:24)
          at normalizeFile.next (<anonymous>)
      at run (node_modules/@babel/core/src/transformation/index.ts:41:36)
          at run.next (<anonymous>)
      at transform (node_modules/@babel/core/src/transform.ts:29:20)
          at transform.next (<anonymous>)
      at evaluateSync (node_modules/gensync/index.js:251:28)
      at sync (node_modules/gensync/index.js:89:14)
      at fn (node_modules/@babel/core/src/errors/rewrite-stack-trace.ts:99:14)
      at transformSync (node_modules/@babel/core/src/transform.ts:66:52)
      at Object.require (src/styles/index.ts:29:1)

FAIL src/components/shared/DropdownSelector/DropdownSelector.test.tsx
  ΓùÅ Test suite failed to run

    SyntaxError: C:\Users\ivans\Desktop\Dev\CasinoTrainingApp\src\styles\textStyles.ts: Unexpected token, expected "(" (22:9)

      20 |     marginBottom: 4,
      21 |   } as TextStyle,
    > 22 |    * Size: 18px, Weight: 700, Color: Gold
         |          ^
      23 |    */
      24 |   goldTitle: {
      25 |     fontSize: 18,

      27 |
      28 | // Text style factories
    > 29 | export { createTextStyles } from './textStyles';
         | ^
      30 | export type { TextStyles } from './textStyles';
      31 |

      at constructor (node_modules/@babel/parser/src/parse-error.ts:95:45)
      at TypeScriptParserMixin.toParseError [as raise] (node_modules/@babel/parser/src/tokenizer/index.ts:1504:19)
      at TypeScriptParserMixin.raise [as unexpected] (node_modules/@babel/parser/src/tokenizer/index.ts:1544:16)
      at TypeScriptParserMixin.unexpected [as expect] (node_modules/@babel/parser/src/parser/util.ts:157:12)
      at TypeScriptParserMixin.expect (node_modules/@babel/parser/src/parser/statement.ts:1726:10)
      at TypeScriptParserMixin.parseFunctionParams (node_modules/@babel/parser/src/plugins/typescript/index.ts:3692:13)
      at TypeScriptParserMixin.parseFunctionParams (node_modules/@babel/parser/src/parser/expression.ts:2491:10)
      at TypeScriptParserMixin.parseMethod (node_modules/@babel/parser/src/plugins/typescript/index.ts:4312:28)
      at TypeScriptParserMixin.parseMethod [as parseObjectMethod] (node_modules/@babel/parser/src/parser/expression.ts:2300:19)
      at TypeScriptParserMixin.parseObjectMethod (node_modules/@babel/parser/src/parser/expression.ts:2381:24)
      at TypeScriptParserMixin.parseObjPropValue (node_modules/@babel/parser/src/plugins/typescript/index.ts:3675:20)
      at TypeScriptParserMixin.parseObjPropValue [as parsePropertyDefinition] (node_modules/@babel/parser/src/parser/expression.ts:2228:17)
      at TypeScriptParserMixin.parsePropertyDefinition [as parseObjectLike] (node_modules/@babel/parser/src/parser/expression.ts:2095:21)
      at TypeScriptParserMixin.parseObjectLike [as parseExprAtom] (node_modules/@babel/parser/src/parser/expression.ts:1181:21)
      at TypeScriptParserMixin.parseExprAtom [as parseExprSubscripts] (node_modules/@babel/parser/src/parser/expression.ts:742:23)
      at TypeScriptParserMixin.parseExprSubscripts [as parseUpdate] (node_modules/@babel/parser/src/parser/expression.ts:721:21)
      at TypeScriptParserMixin.parseUpdate (node_modules/@babel/parser/src/parser/expression.ts:683:23)
      at TypeScriptParserMixin.parseMaybeUnary (node_modules/@babel/parser/src/plugins/typescript/index.ts:3893:20)
      at TypeScriptParserMixin.parseMaybeUnary [as parseMaybeUnaryOrPrivate] (node_modules/@babel/parser/src/parser/expression.ts:417:14)
      at TypeScriptParserMixin.parseMaybeUnaryOrPrivate [as parseExprOps] (node_modules/@babel/parser/src/parser/expression.ts:429:23)
      at TypeScriptParserMixin.parseExprOps [as parseMaybeConditional] (node_modules/@babel/parser/src/parser/expression.ts:384:23)
      at TypeScriptParserMixin.parseMaybeConditional (node_modules/@babel/parser/src/parser/expression.ts:301:21)
      at TypeScriptParserMixin.parseMaybeAssign (node_modules/@babel/parser/src/plugins/typescript/index.ts:3764:22)
      at parseMaybeAssign (node_modules/@babel/parser/src/parser/expression.ts:257:12)
      at TypeScriptParserMixin.callback [as allowInAnd] (node_modules/@babel/parser/src/parser/expression.ts:3194:12)
      at TypeScriptParserMixin.allowInAnd [as parseMaybeAssignAllowIn] (node_modules/@babel/parser/src/parser/expression.ts:256:17)
      at TypeScriptParserMixin.parseMaybeAssignAllowIn [as parseMaybeAssignAllowInOrVoidPattern] (node_modules/@babel/parser/src/parser/expression.ts:3308:17)
      at TypeScriptParserMixin.parseMaybeAssignAllowInOrVoidPattern [as parseParenAndDistinguishExpression] (node_modules/@babel/parser/src/parser/expression.ts:1822:16)
      at TypeScriptParserMixin.parseParenAndDistinguishExpression [as parseExprAtom] (node_modules/@babel/parser/src/parser/expression.ts:1170:21)
      at TypeScriptParserMixin.parseExprAtom [as parseExprSubscripts] (node_modules/@babel/parser/src/parser/expression.ts:742:23)
      at TypeScriptParserMixin.parseExprSubscripts [as parseUpdate] (node_modules/@babel/parser/src/parser/expression.ts:721:21)
      at TypeScriptParserMixin.parseUpdate (node_modules/@babel/parser/src/parser/expression.ts:683:23)
      at TypeScriptParserMixin.parseMaybeUnary (node_modules/@babel/parser/src/plugins/typescript/index.ts:3893:20)
      at TypeScriptParserMixin.parseMaybeUnary [as parseMaybeUnaryOrPrivate] (node_modules/@babel/parser/src/parser/expression.ts:417:14)
      at TypeScriptParserMixin.parseMaybeUnaryOrPrivate [as parseExprOps] (node_modules/@babel/parser/src/parser/expression.ts:429:23)
      at TypeScriptParserMixin.parseExprOps [as parseMaybeConditional] (node_modules/@babel/parser/src/parser/expression.ts:384:23)
      at TypeScriptParserMixin.parseMaybeConditional (node_modules/@babel/parser/src/parser/expression.ts:301:21)
      at TypeScriptParserMixin.parseMaybeAssign (node_modules/@babel/parser/src/plugins/typescript/index.ts:3764:22)
      at TypeScriptParserMixin.parseMaybeAssign [as parseFunctionBody] (node_modules/@babel/parser/src/parser/expression.ts:2604:14)
      at TypeScriptParserMixin.parseFunctionBody [as parseArrowExpression] (node_modules/@babel/parser/src/parser/expression.ts:2559:10)
      at TypeScriptParserMixin.parseArrowExpression [as parseParenAndDistinguishExpression] (node_modules/@babel/parser/src/parser/expression.ts:1847:12)
      at TypeScriptParserMixin.parseParenAndDistinguishExpression [as parseExprAtom] (node_modules/@babel/parser/src/parser/expression.ts:1170:21)
      at TypeScriptParserMixin.parseExprAtom [as parseExprSubscripts] (node_modules/@babel/parser/src/parser/expression.ts:742:23)
      at TypeScriptParserMixin.parseExprSubscripts [as parseUpdate] (node_modules/@babel/parser/src/parser/expression.ts:721:21)
      at TypeScriptParserMixin.parseUpdate (node_modules/@babel/parser/src/parser/expression.ts:683:23)
      at TypeScriptParserMixin.parseMaybeUnary (node_modules/@babel/parser/src/plugins/typescript/index.ts:3893:20)
      at TypeScriptParserMixin.parseMaybeUnary [as parseMaybeUnaryOrPrivate] (node_modules/@babel/parser/src/parser/expression.ts:417:14)
      at TypeScriptParserMixin.parseMaybeUnaryOrPrivate [as parseExprOps] (node_modules/@babel/parser/src/parser/expression.ts:429:23)
      at TypeScriptParserMixin.parseExprOps [as parseMaybeConditional] (node_modules/@babel/parser/src/parser/expression.ts:384:23)
      at TypeScriptParserMixin.parseMaybeConditional (node_modules/@babel/parser/src/parser/expression.ts:301:21)
      at TypeScriptParserMixin.parseMaybeAssign (node_modules/@babel/parser/src/plugins/typescript/index.ts:3764:22)
      at parseMaybeAssign (node_modules/@babel/parser/src/parser/expression.ts:257:12)
      at TypeScriptParserMixin.callback [as allowInAnd] (node_modules/@babel/parser/src/parser/expression.ts:3189:16)
      at TypeScriptParserMixin.allowInAnd [as parseMaybeAssignAllowIn] (node_modules/@babel/parser/src/parser/expression.ts:256:17)
      at TypeScriptParserMixin.parseMaybeAssignAllowIn [as parseVar] (node_modules/@babel/parser/src/parser/statement.ts:1587:18)
      at TypeScriptParserMixin.parseVar (node_modules/@babel/parser/src/parser/statement.ts:1251:10)
      at TypeScriptParserMixin.parseVarStatement (node_modules/@babel/parser/src/plugins/typescript/index.ts:3085:33)
      at TypeScriptParserMixin.parseVarStatement (node_modules/@babel/parser/src/parser/statement.ts:612:21)
      at TypeScriptParserMixin.parseStatementContent (node_modules/@babel/parser/src/plugins/typescript/index.ts:3220:20)
      at TypeScriptParserMixin.parseStatementContent [as parseStatementLike] (node_modules/@babel/parser/src/parser/statement.ts:482:17)
      at TypeScriptParserMixin.parseStatementLike [as parseStatementListItem] (node_modules/@babel/parser/src/parser/statement.ts:431:17)
      at TypeScriptParserMixin.parseStatementListItem (node_modules/@babel/parser/src/parser/statement.ts:2635:17)
      at TypeScriptParserMixin.parseExportDeclaration (node_modules/@babel/parser/src/plugins/typescript/index.ts:3447:15)
      at TypeScriptParserMixin.parseExportDeclaration [as maybeParseExportDeclaration] (node_modules/@babel/parser/src/parser/statement.ts:2551:31)
      at TypeScriptParserMixin.maybeParseExportDeclaration (node_modules/@babel/parser/src/parser/statement.ts:2432:29)
      at TypeScriptParserMixin.parseExport (node_modules/@babel/parser/src/plugins/typescript/index.ts:3046:22)
      at TypeScriptParserMixin.parseExport (node_modules/@babel/parser/src/parser/statement.ts:649:25)
      at TypeScriptParserMixin.parseStatementContent (node_modules/@babel/parser/src/plugins/typescript/index.ts:3220:20)
      at TypeScriptParserMixin.parseStatementContent [as parseStatementLike] (node_modules/@babel/parser/src/parser/statement.ts:482:17)
      at TypeScriptParserMixin.parseStatementLike [as parseModuleItem] (node_modules/@babel/parser/src/parser/statement.ts:419:17)
      at TypeScriptParserMixin.parseModuleItem [as parseBlockOrModuleBlockBody] (node_modules/@babel/parser/src/parser/statement.ts:1443:16)
      at TypeScriptParserMixin.parseBlockOrModuleBlockBody [as parseBlockBody] (node_modules/@babel/parser/src/parser/statement.ts:1417:10)
      at TypeScriptParserMixin.parseBlockBody [as parseProgram] (node_modules/@babel/parser/src/parser/statement.ts:229:10)
      at TypeScriptParserMixin.parseProgram [as parseTopLevel] (node_modules/@babel/parser/src/parser/statement.ts:203:25)
      at TypeScriptParserMixin.parseTopLevel (node_modules/@babel/parser/src/parser/index.ts:83:25)
      at TypeScriptParserMixin.parse (node_modules/@babel/parser/src/plugins/typescript/index.ts:4354:20)
      at parse (node_modules/@babel/parser/src/index.ts:86:38)
      at parser (node_modules/@babel/core/src/parser/index.ts:29:19)
          at parser.next (<anonymous>)
      at normalizeFile (node_modules/@babel/core/src/transformation/normalize-file.ts:50:24)
          at normalizeFile.next (<anonymous>)
      at run (node_modules/@babel/core/src/transformation/index.ts:41:36)
          at run.next (<anonymous>)
      at transform (node_modules/@babel/core/src/transform.ts:29:20)
          at transform.next (<anonymous>)
      at evaluateSync (node_modules/gensync/index.js:251:28)
      at sync (node_modules/gensync/index.js:89:14)
      at fn (node_modules/@babel/core/src/errors/rewrite-stack-trace.ts:99:14)
      at transformSync (node_modules/@babel/core/src/transform.ts:66:52)
      at Object.require (src/styles/index.ts:29:1)

FAIL src/features/three-card-poker-training/screens/TCPDrillScreen/TCPDrillScreen.test.tsx
  ΓùÅ Test suite failed to run

    SyntaxError: C:\Users\ivans\Desktop\Dev\CasinoTrainingApp\src\styles\textStyles.ts: Unexpected token, expected "(" (22:9)

      20 |     marginBottom: 4,
      21 |   } as TextStyle,
    > 22 |    * Size: 18px, Weight: 700, Color: Gold
         |          ^
      23 |    */
      24 |   goldTitle: {
      25 |     fontSize: 18,

      27 |
      28 | // Text style factories
    > 29 | export { createTextStyles } from './textStyles';
         | ^
      30 | export type { TextStyles } from './textStyles';
      31 |

      at constructor (node_modules/@babel/parser/src/parse-error.ts:95:45)
      at TypeScriptParserMixin.toParseError [as raise] (node_modules/@babel/parser/src/tokenizer/index.ts:1504:19)
      at TypeScriptParserMixin.raise [as unexpected] (node_modules/@babel/parser/src/tokenizer/index.ts:1544:16)
      at TypeScriptParserMixin.unexpected [as expect] (node_modules/@babel/parser/src/parser/util.ts:157:12)
      at TypeScriptParserMixin.expect (node_modules/@babel/parser/src/parser/statement.ts:1726:10)
      at TypeScriptParserMixin.parseFunctionParams (node_modules/@babel/parser/src/plugins/typescript/index.ts:3692:13)
      at TypeScriptParserMixin.parseFunctionParams (node_modules/@babel/parser/src/parser/expression.ts:2491:10)
      at TypeScriptParserMixin.parseMethod (node_modules/@babel/parser/src/plugins/typescript/index.ts:4312:28)
      at TypeScriptParserMixin.parseMethod [as parseObjectMethod] (node_modules/@babel/parser/src/parser/expression.ts:2300:19)
      at TypeScriptParserMixin.parseObjectMethod (node_modules/@babel/parser/src/parser/expression.ts:2381:24)
      at TypeScriptParserMixin.parseObjPropValue (node_modules/@babel/parser/src/plugins/typescript/index.ts:3675:20)
      at TypeScriptParserMixin.parseObjPropValue [as parsePropertyDefinition] (node_modules/@babel/parser/src/parser/expression.ts:2228:17)
      at TypeScriptParserMixin.parsePropertyDefinition [as parseObjectLike] (node_modules/@babel/parser/src/parser/expression.ts:2095:21)
      at TypeScriptParserMixin.parseObjectLike [as parseExprAtom] (node_modules/@babel/parser/src/parser/expression.ts:1181:21)
      at TypeScriptParserMixin.parseExprAtom [as parseExprSubscripts] (node_modules/@babel/parser/src/parser/expression.ts:742:23)
      at TypeScriptParserMixin.parseExprSubscripts [as parseUpdate] (node_modules/@babel/parser/src/parser/expression.ts:721:21)
      at TypeScriptParserMixin.parseUpdate (node_modules/@babel/parser/src/parser/expression.ts:683:23)
      at TypeScriptParserMixin.parseMaybeUnary (node_modules/@babel/parser/src/plugins/typescript/index.ts:3893:20)
      at TypeScriptParserMixin.parseMaybeUnary [as parseMaybeUnaryOrPrivate] (node_modules/@babel/parser/src/parser/expression.ts:417:14)
      at TypeScriptParserMixin.parseMaybeUnaryOrPrivate [as parseExprOps] (node_modules/@babel/parser/src/parser/expression.ts:429:23)
      at TypeScriptParserMixin.parseExprOps [as parseMaybeConditional] (node_modules/@babel/parser/src/parser/expression.ts:384:23)
      at TypeScriptParserMixin.parseMaybeConditional (node_modules/@babel/parser/src/parser/expression.ts:301:21)
      at TypeScriptParserMixin.parseMaybeAssign (node_modules/@babel/parser/src/plugins/typescript/index.ts:3764:22)
      at parseMaybeAssign (node_modules/@babel/parser/src/parser/expression.ts:257:12)
      at TypeScriptParserMixin.callback [as allowInAnd] (node_modules/@babel/parser/src/parser/expression.ts:3194:12)
      at TypeScriptParserMixin.allowInAnd [as parseMaybeAssignAllowIn] (node_modules/@babel/parser/src/parser/expression.ts:256:17)
      at TypeScriptParserMixin.parseMaybeAssignAllowIn [as parseMaybeAssignAllowInOrVoidPattern] (node_modules/@babel/parser/src/parser/expression.ts:3308:17)
      at TypeScriptParserMixin.parseMaybeAssignAllowInOrVoidPattern [as parseParenAndDistinguishExpression] (node_modules/@babel/parser/src/parser/expression.ts:1822:16)
      at TypeScriptParserMixin.parseParenAndDistinguishExpression [as parseExprAtom] (node_modules/@babel/parser/src/parser/expression.ts:1170:21)
      at TypeScriptParserMixin.parseExprAtom [as parseExprSubscripts] (node_modules/@babel/parser/src/parser/expression.ts:742:23)
      at TypeScriptParserMixin.parseExprSubscripts [as parseUpdate] (node_modules/@babel/parser/src/parser/expression.ts:721:21)
      at TypeScriptParserMixin.parseUpdate (node_modules/@babel/parser/src/parser/expression.ts:683:23)
      at TypeScriptParserMixin.parseMaybeUnary (node_modules/@babel/parser/src/plugins/typescript/index.ts:3893:20)
      at TypeScriptParserMixin.parseMaybeUnary [as parseMaybeUnaryOrPrivate] (node_modules/@babel/parser/src/parser/expression.ts:417:14)
      at TypeScriptParserMixin.parseMaybeUnaryOrPrivate [as parseExprOps] (node_modules/@babel/parser/src/parser/expression.ts:429:23)
      at TypeScriptParserMixin.parseExprOps [as parseMaybeConditional] (node_modules/@babel/parser/src/parser/expression.ts:384:23)
      at TypeScriptParserMixin.parseMaybeConditional (node_modules/@babel/parser/src/parser/expression.ts:301:21)
      at TypeScriptParserMixin.parseMaybeAssign (node_modules/@babel/parser/src/plugins/typescript/index.ts:3764:22)
      at TypeScriptParserMixin.parseMaybeAssign [as parseFunctionBody] (node_modules/@babel/parser/src/parser/expression.ts:2604:14)
      at TypeScriptParserMixin.parseFunctionBody [as parseArrowExpression] (node_modules/@babel/parser/src/parser/expression.ts:2559:10)
      at TypeScriptParserMixin.parseArrowExpression [as parseParenAndDistinguishExpression] (node_modules/@babel/parser/src/parser/expression.ts:1847:12)
      at TypeScriptParserMixin.parseParenAndDistinguishExpression [as parseExprAtom] (node_modules/@babel/parser/src/parser/expression.ts:1170:21)
      at TypeScriptParserMixin.parseExprAtom [as parseExprSubscripts] (node_modules/@babel/parser/src/parser/expression.ts:742:23)
      at TypeScriptParserMixin.parseExprSubscripts [as parseUpdate] (node_modules/@babel/parser/src/parser/expression.ts:721:21)
      at TypeScriptParserMixin.parseUpdate (node_modules/@babel/parser/src/parser/expression.ts:683:23)
      at TypeScriptParserMixin.parseMaybeUnary (node_modules/@babel/parser/src/plugins/typescript/index.ts:3893:20)
      at TypeScriptParserMixin.parseMaybeUnary [as parseMaybeUnaryOrPrivate] (node_modules/@babel/parser/src/parser/expression.ts:417:14)
      at TypeScriptParserMixin.parseMaybeUnaryOrPrivate [as parseExprOps] (node_modules/@babel/parser/src/parser/expression.ts:429:23)
      at TypeScriptParserMixin.parseExprOps [as parseMaybeConditional] (node_modules/@babel/parser/src/parser/expression.ts:384:23)
      at TypeScriptParserMixin.parseMaybeConditional (node_modules/@babel/parser/src/parser/expression.ts:301:21)
      at TypeScriptParserMixin.parseMaybeAssign (node_modules/@babel/parser/src/plugins/typescript/index.ts:3764:22)
      at parseMaybeAssign (node_modules/@babel/parser/src/parser/expression.ts:257:12)
      at TypeScriptParserMixin.callback [as allowInAnd] (node_modules/@babel/parser/src/parser/expression.ts:3189:16)
      at TypeScriptParserMixin.allowInAnd [as parseMaybeAssignAllowIn] (node_modules/@babel/parser/src/parser/expression.ts:256:17)
      at TypeScriptParserMixin.parseMaybeAssignAllowIn [as parseVar] (node_modules/@babel/parser/src/parser/statement.ts:1587:18)
      at TypeScriptParserMixin.parseVar (node_modules/@babel/parser/src/parser/statement.ts:1251:10)
      at TypeScriptParserMixin.parseVarStatement (node_modules/@babel/parser/src/plugins/typescript/index.ts:3085:33)
      at TypeScriptParserMixin.parseVarStatement (node_modules/@babel/parser/src/parser/statement.ts:612:21)
      at TypeScriptParserMixin.parseStatementContent (node_modules/@babel/parser/src/plugins/typescript/index.ts:3220:20)
      at TypeScriptParserMixin.parseStatementContent [as parseStatementLike] (node_modules/@babel/parser/src/parser/statement.ts:482:17)
      at TypeScriptParserMixin.parseStatementLike [as parseStatementListItem] (node_modules/@babel/parser/src/parser/statement.ts:431:17)
      at TypeScriptParserMixin.parseStatementListItem (node_modules/@babel/parser/src/parser/statement.ts:2635:17)
      at TypeScriptParserMixin.parseExportDeclaration (node_modules/@babel/parser/src/plugins/typescript/index.ts:3447:15)
      at TypeScriptParserMixin.parseExportDeclaration [as maybeParseExportDeclaration] (node_modules/@babel/parser/src/parser/statement.ts:2551:31)
      at TypeScriptParserMixin.maybeParseExportDeclaration (node_modules/@babel/parser/src/parser/statement.ts:2432:29)
      at TypeScriptParserMixin.parseExport (node_modules/@babel/parser/src/plugins/typescript/index.ts:3046:22)
      at TypeScriptParserMixin.parseExport (node_modules/@babel/parser/src/parser/statement.ts:649:25)
      at TypeScriptParserMixin.parseStatementContent (node_modules/@babel/parser/src/plugins/typescript/index.ts:3220:20)
      at TypeScriptParserMixin.parseStatementContent [as parseStatementLike] (node_modules/@babel/parser/src/parser/statement.ts:482:17)
      at TypeScriptParserMixin.parseStatementLike [as parseModuleItem] (node_modules/@babel/parser/src/parser/statement.ts:419:17)
      at TypeScriptParserMixin.parseModuleItem [as parseBlockOrModuleBlockBody] (node_modules/@babel/parser/src/parser/statement.ts:1443:16)
      at TypeScriptParserMixin.parseBlockOrModuleBlockBody [as parseBlockBody] (node_modules/@babel/parser/src/parser/statement.ts:1417:10)
      at TypeScriptParserMixin.parseBlockBody [as parseProgram] (node_modules/@babel/parser/src/parser/statement.ts:229:10)
      at TypeScriptParserMixin.parseProgram [as parseTopLevel] (node_modules/@babel/parser/src/parser/statement.ts:203:25)
      at TypeScriptParserMixin.parseTopLevel (node_modules/@babel/parser/src/parser/index.ts:83:25)
      at TypeScriptParserMixin.parse (node_modules/@babel/parser/src/plugins/typescript/index.ts:4354:20)
      at parse (node_modules/@babel/parser/src/index.ts:86:38)
      at parser (node_modules/@babel/core/src/parser/index.ts:29:19)
          at parser.next (<anonymous>)
      at normalizeFile (node_modules/@babel/core/src/transformation/normalize-file.ts:50:24)
          at normalizeFile.next (<anonymous>)
      at run (node_modules/@babel/core/src/transformation/index.ts:41:36)
          at run.next (<anonymous>)
      at transform (node_modules/@babel/core/src/transform.ts:29:20)
          at transform.next (<anonymous>)
      at evaluateSync (node_modules/gensync/index.js:251:28)
      at sync (node_modules/gensync/index.js:89:14)
      at fn (node_modules/@babel/core/src/errors/rewrite-stack-trace.ts:99:14)
      at transformSync (node_modules/@babel/core/src/transform.ts:66:52)
      at Object.require (src/styles/index.ts:29:1)

FAIL src/components/NumberPad/NumberPad.test.tsx
  ΓùÅ Test suite failed to run

    SyntaxError: C:\Users\ivans\Desktop\Dev\CasinoTrainingApp\src\styles\textStyles.ts: Unexpected token, expected "(" (22:9)

      20 |     marginBottom: 4,
      21 |   } as TextStyle,
    > 22 |    * Size: 18px, Weight: 700, Color: Gold
         |          ^
      23 |    */
      24 |   goldTitle: {
      25 |     fontSize: 18,

      27 |
      28 | // Text style factories
    > 29 | export { createTextStyles } from './textStyles';
         | ^
      30 | export type { TextStyles } from './textStyles';
      31 |

      at constructor (node_modules/@babel/parser/src/parse-error.ts:95:45)
      at TypeScriptParserMixin.toParseError [as raise] (node_modules/@babel/parser/src/tokenizer/index.ts:1504:19)
      at TypeScriptParserMixin.raise [as unexpected] (node_modules/@babel/parser/src/tokenizer/index.ts:1544:16)
      at TypeScriptParserMixin.unexpected [as expect] (node_modules/@babel/parser/src/parser/util.ts:157:12)
      at TypeScriptParserMixin.expect (node_modules/@babel/parser/src/parser/statement.ts:1726:10)
      at TypeScriptParserMixin.parseFunctionParams (node_modules/@babel/parser/src/plugins/typescript/index.ts:3692:13)
      at TypeScriptParserMixin.parseFunctionParams (node_modules/@babel/parser/src/parser/expression.ts:2491:10)
      at TypeScriptParserMixin.parseMethod (node_modules/@babel/parser/src/plugins/typescript/index.ts:4312:28)
      at TypeScriptParserMixin.parseMethod [as parseObjectMethod] (node_modules/@babel/parser/src/parser/expression.ts:2300:19)
      at TypeScriptParserMixin.parseObjectMethod (node_modules/@babel/parser/src/parser/expression.ts:2381:24)
      at TypeScriptParserMixin.parseObjPropValue (node_modules/@babel/parser/src/plugins/typescript/index.ts:3675:20)
      at TypeScriptParserMixin.parseObjPropValue [as parsePropertyDefinition] (node_modules/@babel/parser/src/parser/expression.ts:2228:17)
      at TypeScriptParserMixin.parsePropertyDefinition [as parseObjectLike] (node_modules/@babel/parser/src/parser/expression.ts:2095:21)
      at TypeScriptParserMixin.parseObjectLike [as parseExprAtom] (node_modules/@babel/parser/src/parser/expression.ts:1181:21)
      at TypeScriptParserMixin.parseExprAtom [as parseExprSubscripts] (node_modules/@babel/parser/src/parser/expression.ts:742:23)
      at TypeScriptParserMixin.parseExprSubscripts [as parseUpdate] (node_modules/@babel/parser/src/parser/expression.ts:721:21)
      at TypeScriptParserMixin.parseUpdate (node_modules/@babel/parser/src/parser/expression.ts:683:23)
      at TypeScriptParserMixin.parseMaybeUnary (node_modules/@babel/parser/src/plugins/typescript/index.ts:3893:20)
      at TypeScriptParserMixin.parseMaybeUnary [as parseMaybeUnaryOrPrivate] (node_modules/@babel/parser/src/parser/expression.ts:417:14)
      at TypeScriptParserMixin.parseMaybeUnaryOrPrivate [as parseExprOps] (node_modules/@babel/parser/src/parser/expression.ts:429:23)
      at TypeScriptParserMixin.parseExprOps [as parseMaybeConditional] (node_modules/@babel/parser/src/parser/expression.ts:384:23)
      at TypeScriptParserMixin.parseMaybeConditional (node_modules/@babel/parser/src/parser/expression.ts:301:21)
      at TypeScriptParserMixin.parseMaybeAssign (node_modules/@babel/parser/src/plugins/typescript/index.ts:3764:22)
      at parseMaybeAssign (node_modules/@babel/parser/src/parser/expression.ts:257:12)
      at TypeScriptParserMixin.callback [as allowInAnd] (node_modules/@babel/parser/src/parser/expression.ts:3194:12)
      at TypeScriptParserMixin.allowInAnd [as parseMaybeAssignAllowIn] (node_modules/@babel/parser/src/parser/expression.ts:256:17)
      at TypeScriptParserMixin.parseMaybeAssignAllowIn [as parseMaybeAssignAllowInOrVoidPattern] (node_modules/@babel/parser/src/parser/expression.ts:3308:17)
      at TypeScriptParserMixin.parseMaybeAssignAllowInOrVoidPattern [as parseParenAndDistinguishExpression] (node_modules/@babel/parser/src/parser/expression.ts:1822:16)
      at TypeScriptParserMixin.parseParenAndDistinguishExpression [as parseExprAtom] (node_modules/@babel/parser/src/parser/expression.ts:1170:21)
      at TypeScriptParserMixin.parseExprAtom [as parseExprSubscripts] (node_modules/@babel/parser/src/parser/expression.ts:742:23)
      at TypeScriptParserMixin.parseExprSubscripts [as parseUpdate] (node_modules/@babel/parser/src/parser/expression.ts:721:21)
      at TypeScriptParserMixin.parseUpdate (node_modules/@babel/parser/src/parser/expression.ts:683:23)
      at TypeScriptParserMixin.parseMaybeUnary (node_modules/@babel/parser/src/plugins/typescript/index.ts:3893:20)
      at TypeScriptParserMixin.parseMaybeUnary [as parseMaybeUnaryOrPrivate] (node_modules/@babel/parser/src/parser/expression.ts:417:14)
      at TypeScriptParserMixin.parseMaybeUnaryOrPrivate [as parseExprOps] (node_modules/@babel/parser/src/parser/expression.ts:429:23)
      at TypeScriptParserMixin.parseExprOps [as parseMaybeConditional] (node_modules/@babel/parser/src/parser/expression.ts:384:23)
      at TypeScriptParserMixin.parseMaybeConditional (node_modules/@babel/parser/src/parser/expression.ts:301:21)
      at TypeScriptParserMixin.parseMaybeAssign (node_modules/@babel/parser/src/plugins/typescript/index.ts:3764:22)
      at TypeScriptParserMixin.parseMaybeAssign [as parseFunctionBody] (node_modules/@babel/parser/src/parser/expression.ts:2604:14)
      at TypeScriptParserMixin.parseFunctionBody [as parseArrowExpression] (node_modules/@babel/parser/src/parser/expression.ts:2559:10)
      at TypeScriptParserMixin.parseArrowExpression [as parseParenAndDistinguishExpression] (node_modules/@babel/parser/src/parser/expression.ts:1847:12)
      at TypeScriptParserMixin.parseParenAndDistinguishExpression [as parseExprAtom] (node_modules/@babel/parser/src/parser/expression.ts:1170:21)
      at TypeScriptParserMixin.parseExprAtom [as parseExprSubscripts] (node_modules/@babel/parser/src/parser/expression.ts:742:23)
      at TypeScriptParserMixin.parseExprSubscripts [as parseUpdate] (node_modules/@babel/parser/src/parser/expression.ts:721:21)
      at TypeScriptParserMixin.parseUpdate (node_modules/@babel/parser/src/parser/expression.ts:683:23)
      at TypeScriptParserMixin.parseMaybeUnary (node_modules/@babel/parser/src/plugins/typescript/index.ts:3893:20)
      at TypeScriptParserMixin.parseMaybeUnary [as parseMaybeUnaryOrPrivate] (node_modules/@babel/parser/src/parser/expression.ts:417:14)
      at TypeScriptParserMixin.parseMaybeUnaryOrPrivate [as parseExprOps] (node_modules/@babel/parser/src/parser/expression.ts:429:23)
      at TypeScriptParserMixin.parseExprOps [as parseMaybeConditional] (node_modules/@babel/parser/src/parser/expression.ts:384:23)
      at TypeScriptParserMixin.parseMaybeConditional (node_modules/@babel/parser/src/parser/expression.ts:301:21)
      at TypeScriptParserMixin.parseMaybeAssign (node_modules/@babel/parser/src/plugins/typescript/index.ts:3764:22)
      at parseMaybeAssign (node_modules/@babel/parser/src/parser/expression.ts:257:12)
      at TypeScriptParserMixin.callback [as allowInAnd] (node_modules/@babel/parser/src/parser/expression.ts:3189:16)
      at TypeScriptParserMixin.allowInAnd [as parseMaybeAssignAllowIn] (node_modules/@babel/parser/src/parser/expression.ts:256:17)
      at TypeScriptParserMixin.parseMaybeAssignAllowIn [as parseVar] (node_modules/@babel/parser/src/parser/statement.ts:1587:18)
      at TypeScriptParserMixin.parseVar (node_modules/@babel/parser/src/parser/statement.ts:1251:10)
      at TypeScriptParserMixin.parseVarStatement (node_modules/@babel/parser/src/plugins/typescript/index.ts:3085:33)
      at TypeScriptParserMixin.parseVarStatement (node_modules/@babel/parser/src/parser/statement.ts:612:21)
      at TypeScriptParserMixin.parseStatementContent (node_modules/@babel/parser/src/plugins/typescript/index.ts:3220:20)
      at TypeScriptParserMixin.parseStatementContent [as parseStatementLike] (node_modules/@babel/parser/src/parser/statement.ts:482:17)
      at TypeScriptParserMixin.parseStatementLike [as parseStatementListItem] (node_modules/@babel/parser/src/parser/statement.ts:431:17)
      at TypeScriptParserMixin.parseStatementListItem (node_modules/@babel/parser/src/parser/statement.ts:2635:17)
      at TypeScriptParserMixin.parseExportDeclaration (node_modules/@babel/parser/src/plugins/typescript/index.ts:3447:15)
      at TypeScriptParserMixin.parseExportDeclaration [as maybeParseExportDeclaration] (node_modules/@babel/parser/src/parser/statement.ts:2551:31)
      at TypeScriptParserMixin.maybeParseExportDeclaration (node_modules/@babel/parser/src/parser/statement.ts:2432:29)
      at TypeScriptParserMixin.parseExport (node_modules/@babel/parser/src/plugins/typescript/index.ts:3046:22)
      at TypeScriptParserMixin.parseExport (node_modules/@babel/parser/src/parser/statement.ts:649:25)
      at TypeScriptParserMixin.parseStatementContent (node_modules/@babel/parser/src/plugins/typescript/index.ts:3220:20)
      at TypeScriptParserMixin.parseStatementContent [as parseStatementLike] (node_modules/@babel/parser/src/parser/statement.ts:482:17)
      at TypeScriptParserMixin.parseStatementLike [as parseModuleItem] (node_modules/@babel/parser/src/parser/statement.ts:419:17)
      at TypeScriptParserMixin.parseModuleItem [as parseBlockOrModuleBlockBody] (node_modules/@babel/parser/src/parser/statement.ts:1443:16)
      at TypeScriptParserMixin.parseBlockOrModuleBlockBody [as parseBlockBody] (node_modules/@babel/parser/src/parser/statement.ts:1417:10)
      at TypeScriptParserMixin.parseBlockBody [as parseProgram] (node_modules/@babel/parser/src/parser/statement.ts:229:10)
      at TypeScriptParserMixin.parseProgram [as parseTopLevel] (node_modules/@babel/parser/src/parser/statement.ts:203:25)
      at TypeScriptParserMixin.parseTopLevel (node_modules/@babel/parser/src/parser/index.ts:83:25)
      at TypeScriptParserMixin.parse (node_modules/@babel/parser/src/plugins/typescript/index.ts:4354:20)
      at parse (node_modules/@babel/parser/src/index.ts:86:38)
      at parser (node_modules/@babel/core/src/parser/index.ts:29:19)
          at parser.next (<anonymous>)
      at normalizeFile (node_modules/@babel/core/src/transformation/normalize-file.ts:50:24)
          at normalizeFile.next (<anonymous>)
      at run (node_modules/@babel/core/src/transformation/index.ts:41:36)
          at run.next (<anonymous>)
      at transform (node_modules/@babel/core/src/transform.ts:29:20)
          at transform.next (<anonymous>)
      at evaluateSync (node_modules/gensync/index.js:251:28)
      at sync (node_modules/gensync/index.js:89:14)
      at fn (node_modules/@babel/core/src/errors/rewrite-stack-trace.ts:99:14)
      at transformSync (node_modules/@babel/core/src/transform.ts:66:52)
      at Object.require (src/styles/index.ts:29:1)

FAIL src/components/LoadingSpinner/LoadingSpinner.test.tsx
  ΓùÅ Test suite failed to run

    SyntaxError: C:\Users\ivans\Desktop\Dev\CasinoTrainingApp\src\styles\textStyles.ts: Unexpected token, expected "(" (22:9)

      20 |     marginBottom: 4,
      21 |   } as TextStyle,
    > 22 |    * Size: 18px, Weight: 700, Color: Gold
         |          ^
      23 |    */
      24 |   goldTitle: {
      25 |     fontSize: 18,

      27 |
      28 | // Text style factories
    > 29 | export { createTextStyles } from './textStyles';
         | ^
      30 | export type { TextStyles } from './textStyles';
      31 |

      at constructor (node_modules/@babel/parser/src/parse-error.ts:95:45)
      at TypeScriptParserMixin.toParseError [as raise] (node_modules/@babel/parser/src/tokenizer/index.ts:1504:19)
      at TypeScriptParserMixin.raise [as unexpected] (node_modules/@babel/parser/src/tokenizer/index.ts:1544:16)
      at TypeScriptParserMixin.unexpected [as expect] (node_modules/@babel/parser/src/parser/util.ts:157:12)
      at TypeScriptParserMixin.expect (node_modules/@babel/parser/src/parser/statement.ts:1726:10)
      at TypeScriptParserMixin.parseFunctionParams (node_modules/@babel/parser/src/plugins/typescript/index.ts:3692:13)
      at TypeScriptParserMixin.parseFunctionParams (node_modules/@babel/parser/src/parser/expression.ts:2491:10)
      at TypeScriptParserMixin.parseMethod (node_modules/@babel/parser/src/plugins/typescript/index.ts:4312:28)
      at TypeScriptParserMixin.parseMethod [as parseObjectMethod] (node_modules/@babel/parser/src/parser/expression.ts:2300:19)
      at TypeScriptParserMixin.parseObjectMethod (node_modules/@babel/parser/src/parser/expression.ts:2381:24)
      at TypeScriptParserMixin.parseObjPropValue (node_modules/@babel/parser/src/plugins/typescript/index.ts:3675:20)
      at TypeScriptParserMixin.parseObjPropValue [as parsePropertyDefinition] (node_modules/@babel/parser/src/parser/expression.ts:2228:17)
      at TypeScriptParserMixin.parsePropertyDefinition [as parseObjectLike] (node_modules/@babel/parser/src/parser/expression.ts:2095:21)
      at TypeScriptParserMixin.parseObjectLike [as parseExprAtom] (node_modules/@babel/parser/src/parser/expression.ts:1181:21)
      at TypeScriptParserMixin.parseExprAtom [as parseExprSubscripts] (node_modules/@babel/parser/src/parser/expression.ts:742:23)
      at TypeScriptParserMixin.parseExprSubscripts [as parseUpdate] (node_modules/@babel/parser/src/parser/expression.ts:721:21)
      at TypeScriptParserMixin.parseUpdate (node_modules/@babel/parser/src/parser/expression.ts:683:23)
      at TypeScriptParserMixin.parseMaybeUnary (node_modules/@babel/parser/src/plugins/typescript/index.ts:3893:20)
      at TypeScriptParserMixin.parseMaybeUnary [as parseMaybeUnaryOrPrivate] (node_modules/@babel/parser/src/parser/expression.ts:417:14)
      at TypeScriptParserMixin.parseMaybeUnaryOrPrivate [as parseExprOps] (node_modules/@babel/parser/src/parser/expression.ts:429:23)
      at TypeScriptParserMixin.parseExprOps [as parseMaybeConditional] (node_modules/@babel/parser/src/parser/expression.ts:384:23)
      at TypeScriptParserMixin.parseMaybeConditional (node_modules/@babel/parser/src/parser/expression.ts:301:21)
      at TypeScriptParserMixin.parseMaybeAssign (node_modules/@babel/parser/src/plugins/typescript/index.ts:3764:22)
      at parseMaybeAssign (node_modules/@babel/parser/src/parser/expression.ts:257:12)
      at TypeScriptParserMixin.callback [as allowInAnd] (node_modules/@babel/parser/src/parser/expression.ts:3194:12)
      at TypeScriptParserMixin.allowInAnd [as parseMaybeAssignAllowIn] (node_modules/@babel/parser/src/parser/expression.ts:256:17)
      at TypeScriptParserMixin.parseMaybeAssignAllowIn [as parseMaybeAssignAllowInOrVoidPattern] (node_modules/@babel/parser/src/parser/expression.ts:3308:17)
      at TypeScriptParserMixin.parseMaybeAssignAllowInOrVoidPattern [as parseParenAndDistinguishExpression] (node_modules/@babel/parser/src/parser/expression.ts:1822:16)
      at TypeScriptParserMixin.parseParenAndDistinguishExpression [as parseExprAtom] (node_modules/@babel/parser/src/parser/expression.ts:1170:21)
      at TypeScriptParserMixin.parseExprAtom [as parseExprSubscripts] (node_modules/@babel/parser/src/parser/expression.ts:742:23)
      at TypeScriptParserMixin.parseExprSubscripts [as parseUpdate] (node_modules/@babel/parser/src/parser/expression.ts:721:21)
      at TypeScriptParserMixin.parseUpdate (node_modules/@babel/parser/src/parser/expression.ts:683:23)
      at TypeScriptParserMixin.parseMaybeUnary (node_modules/@babel/parser/src/plugins/typescript/index.ts:3893:20)
      at TypeScriptParserMixin.parseMaybeUnary [as parseMaybeUnaryOrPrivate] (node_modules/@babel/parser/src/parser/expression.ts:417:14)
      at TypeScriptParserMixin.parseMaybeUnaryOrPrivate [as parseExprOps] (node_modules/@babel/parser/src/parser/expression.ts:429:23)
      at TypeScriptParserMixin.parseExprOps [as parseMaybeConditional] (node_modules/@babel/parser/src/parser/expression.ts:384:23)
      at TypeScriptParserMixin.parseMaybeConditional (node_modules/@babel/parser/src/parser/expression.ts:301:21)
      at TypeScriptParserMixin.parseMaybeAssign (node_modules/@babel/parser/src/plugins/typescript/index.ts:3764:22)
      at TypeScriptParserMixin.parseMaybeAssign [as parseFunctionBody] (node_modules/@babel/parser/src/parser/expression.ts:2604:14)
      at TypeScriptParserMixin.parseFunctionBody [as parseArrowExpression] (node_modules/@babel/parser/src/parser/expression.ts:2559:10)
      at TypeScriptParserMixin.parseArrowExpression [as parseParenAndDistinguishExpression] (node_modules/@babel/parser/src/parser/expression.ts:1847:12)
      at TypeScriptParserMixin.parseParenAndDistinguishExpression [as parseExprAtom] (node_modules/@babel/parser/src/parser/expression.ts:1170:21)
      at TypeScriptParserMixin.parseExprAtom [as parseExprSubscripts] (node_modules/@babel/parser/src/parser/expression.ts:742:23)
      at TypeScriptParserMixin.parseExprSubscripts [as parseUpdate] (node_modules/@babel/parser/src/parser/expression.ts:721:21)
      at TypeScriptParserMixin.parseUpdate (node_modules/@babel/parser/src/parser/expression.ts:683:23)
      at TypeScriptParserMixin.parseMaybeUnary (node_modules/@babel/parser/src/plugins/typescript/index.ts:3893:20)
      at TypeScriptParserMixin.parseMaybeUnary [as parseMaybeUnaryOrPrivate] (node_modules/@babel/parser/src/parser/expression.ts:417:14)
      at TypeScriptParserMixin.parseMaybeUnaryOrPrivate [as parseExprOps] (node_modules/@babel/parser/src/parser/expression.ts:429:23)
      at TypeScriptParserMixin.parseExprOps [as parseMaybeConditional] (node_modules/@babel/parser/src/parser/expression.ts:384:23)
      at TypeScriptParserMixin.parseMaybeConditional (node_modules/@babel/parser/src/parser/expression.ts:301:21)
      at TypeScriptParserMixin.parseMaybeAssign (node_modules/@babel/parser/src/plugins/typescript/index.ts:3764:22)
      at parseMaybeAssign (node_modules/@babel/parser/src/parser/expression.ts:257:12)
      at TypeScriptParserMixin.callback [as allowInAnd] (node_modules/@babel/parser/src/parser/expression.ts:3189:16)
      at TypeScriptParserMixin.allowInAnd [as parseMaybeAssignAllowIn] (node_modules/@babel/parser/src/parser/expression.ts:256:17)
      at TypeScriptParserMixin.parseMaybeAssignAllowIn [as parseVar] (node_modules/@babel/parser/src/parser/statement.ts:1587:18)
      at TypeScriptParserMixin.parseVar (node_modules/@babel/parser/src/parser/statement.ts:1251:10)
      at TypeScriptParserMixin.parseVarStatement (node_modules/@babel/parser/src/plugins/typescript/index.ts:3085:33)
      at TypeScriptParserMixin.parseVarStatement (node_modules/@babel/parser/src/parser/statement.ts:612:21)
      at TypeScriptParserMixin.parseStatementContent (node_modules/@babel/parser/src/plugins/typescript/index.ts:3220:20)
      at TypeScriptParserMixin.parseStatementContent [as parseStatementLike] (node_modules/@babel/parser/src/parser/statement.ts:482:17)
      at TypeScriptParserMixin.parseStatementLike [as parseStatementListItem] (node_modules/@babel/parser/src/parser/statement.ts:431:17)
      at TypeScriptParserMixin.parseStatementListItem (node_modules/@babel/parser/src/parser/statement.ts:2635:17)
      at TypeScriptParserMixin.parseExportDeclaration (node_modules/@babel/parser/src/plugins/typescript/index.ts:3447:15)
      at TypeScriptParserMixin.parseExportDeclaration [as maybeParseExportDeclaration] (node_modules/@babel/parser/src/parser/statement.ts:2551:31)
      at TypeScriptParserMixin.maybeParseExportDeclaration (node_modules/@babel/parser/src/parser/statement.ts:2432:29)
      at TypeScriptParserMixin.parseExport (node_modules/@babel/parser/src/plugins/typescript/index.ts:3046:22)
      at TypeScriptParserMixin.parseExport (node_modules/@babel/parser/src/parser/statement.ts:649:25)
      at TypeScriptParserMixin.parseStatementContent (node_modules/@babel/parser/src/plugins/typescript/index.ts:3220:20)
      at TypeScriptParserMixin.parseStatementContent [as parseStatementLike] (node_modules/@babel/parser/src/parser/statement.ts:482:17)
      at TypeScriptParserMixin.parseStatementLike [as parseModuleItem] (node_modules/@babel/parser/src/parser/statement.ts:419:17)
      at TypeScriptParserMixin.parseModuleItem [as parseBlockOrModuleBlockBody] (node_modules/@babel/parser/src/parser/statement.ts:1443:16)
      at TypeScriptParserMixin.parseBlockOrModuleBlockBody [as parseBlockBody] (node_modules/@babel/parser/src/parser/statement.ts:1417:10)
      at TypeScriptParserMixin.parseBlockBody [as parseProgram] (node_modules/@babel/parser/src/parser/statement.ts:229:10)
      at TypeScriptParserMixin.parseProgram [as parseTopLevel] (node_modules/@babel/parser/src/parser/statement.ts:203:25)
      at TypeScriptParserMixin.parseTopLevel (node_modules/@babel/parser/src/parser/index.ts:83:25)
      at TypeScriptParserMixin.parse (node_modules/@babel/parser/src/plugins/typescript/index.ts:4354:20)
      at parse (node_modules/@babel/parser/src/index.ts:86:38)
      at parser (node_modules/@babel/core/src/parser/index.ts:29:19)
          at parser.next (<anonymous>)
      at normalizeFile (node_modules/@babel/core/src/transformation/normalize-file.ts:50:24)
          at normalizeFile.next (<anonymous>)
      at run (node_modules/@babel/core/src/transformation/index.ts:41:36)
          at run.next (<anonymous>)
      at transform (node_modules/@babel/core/src/transform.ts:29:20)
          at transform.next (<anonymous>)
      at evaluateSync (node_modules/gensync/index.js:251:28)
      at sync (node_modules/gensync/index.js:89:14)
      at fn (node_modules/@babel/core/src/errors/rewrite-stack-trace.ts:99:14)
      at transformSync (node_modules/@babel/core/src/transform.ts:66:52)
      at Object.require (src/styles/index.ts:29:1)

FAIL src/components/shared/DrillMenuScreen/DrillMenuScreen.test.tsx
  ΓùÅ Test suite failed to run

    SyntaxError: C:\Users\ivans\Desktop\Dev\CasinoTrainingApp\src\styles\textStyles.ts: Unexpected token, expected "(" (22:9)

      20 |     marginBottom: 4,
      21 |   } as TextStyle,
    > 22 |    * Size: 18px, Weight: 700, Color: Gold
         |          ^
      23 |    */
      24 |   goldTitle: {
      25 |     fontSize: 18,

      27 |
      28 | // Text style factories
    > 29 | export { createTextStyles } from './textStyles';
         | ^
      30 | export type { TextStyles } from './textStyles';
      31 |

      at constructor (node_modules/@babel/parser/src/parse-error.ts:95:45)
      at TypeScriptParserMixin.toParseError [as raise] (node_modules/@babel/parser/src/tokenizer/index.ts:1504:19)
      at TypeScriptParserMixin.raise [as unexpected] (node_modules/@babel/parser/src/tokenizer/index.ts:1544:16)
      at TypeScriptParserMixin.unexpected [as expect] (node_modules/@babel/parser/src/parser/util.ts:157:12)
      at TypeScriptParserMixin.expect (node_modules/@babel/parser/src/parser/statement.ts:1726:10)
      at TypeScriptParserMixin.parseFunctionParams (node_modules/@babel/parser/src/plugins/typescript/index.ts:3692:13)
      at TypeScriptParserMixin.parseFunctionParams (node_modules/@babel/parser/src/parser/expression.ts:2491:10)
      at TypeScriptParserMixin.parseMethod (node_modules/@babel/parser/src/plugins/typescript/index.ts:4312:28)
      at TypeScriptParserMixin.parseMethod [as parseObjectMethod] (node_modules/@babel/parser/src/parser/expression.ts:2300:19)
      at TypeScriptParserMixin.parseObjectMethod (node_modules/@babel/parser/src/parser/expression.ts:2381:24)
      at TypeScriptParserMixin.parseObjPropValue (node_modules/@babel/parser/src/plugins/typescript/index.ts:3675:20)
      at TypeScriptParserMixin.parseObjPropValue [as parsePropertyDefinition] (node_modules/@babel/parser/src/parser/expression.ts:2228:17)
      at TypeScriptParserMixin.parsePropertyDefinition [as parseObjectLike] (node_modules/@babel/parser/src/parser/expression.ts:2095:21)
      at TypeScriptParserMixin.parseObjectLike [as parseExprAtom] (node_modules/@babel/parser/src/parser/expression.ts:1181:21)
      at TypeScriptParserMixin.parseExprAtom [as parseExprSubscripts] (node_modules/@babel/parser/src/parser/expression.ts:742:23)
      at TypeScriptParserMixin.parseExprSubscripts [as parseUpdate] (node_modules/@babel/parser/src/parser/expression.ts:721:21)
      at TypeScriptParserMixin.parseUpdate (node_modules/@babel/parser/src/parser/expression.ts:683:23)
      at TypeScriptParserMixin.parseMaybeUnary (node_modules/@babel/parser/src/plugins/typescript/index.ts:3893:20)
      at TypeScriptParserMixin.parseMaybeUnary [as parseMaybeUnaryOrPrivate] (node_modules/@babel/parser/src/parser/expression.ts:417:14)
      at TypeScriptParserMixin.parseMaybeUnaryOrPrivate [as parseExprOps] (node_modules/@babel/parser/src/parser/expression.ts:429:23)
      at TypeScriptParserMixin.parseExprOps [as parseMaybeConditional] (node_modules/@babel/parser/src/parser/expression.ts:384:23)
      at TypeScriptParserMixin.parseMaybeConditional (node_modules/@babel/parser/src/parser/expression.ts:301:21)
      at TypeScriptParserMixin.parseMaybeAssign (node_modules/@babel/parser/src/plugins/typescript/index.ts:3764:22)
      at parseMaybeAssign (node_modules/@babel/parser/src/parser/expression.ts:257:12)
      at TypeScriptParserMixin.callback [as allowInAnd] (node_modules/@babel/parser/src/parser/expression.ts:3194:12)
      at TypeScriptParserMixin.allowInAnd [as parseMaybeAssignAllowIn] (node_modules/@babel/parser/src/parser/expression.ts:256:17)
      at TypeScriptParserMixin.parseMaybeAssignAllowIn [as parseMaybeAssignAllowInOrVoidPattern] (node_modules/@babel/parser/src/parser/expression.ts:3308:17)
      at TypeScriptParserMixin.parseMaybeAssignAllowInOrVoidPattern [as parseParenAndDistinguishExpression] (node_modules/@babel/parser/src/parser/expression.ts:1822:16)
      at TypeScriptParserMixin.parseParenAndDistinguishExpression [as parseExprAtom] (node_modules/@babel/parser/src/parser/expression.ts:1170:21)
      at TypeScriptParserMixin.parseExprAtom [as parseExprSubscripts] (node_modules/@babel/parser/src/parser/expression.ts:742:23)
      at TypeScriptParserMixin.parseExprSubscripts [as parseUpdate] (node_modules/@babel/parser/src/parser/expression.ts:721:21)
      at TypeScriptParserMixin.parseUpdate (node_modules/@babel/parser/src/parser/expression.ts:683:23)
      at TypeScriptParserMixin.parseMaybeUnary (node_modules/@babel/parser/src/plugins/typescript/index.ts:3893:20)
      at TypeScriptParserMixin.parseMaybeUnary [as parseMaybeUnaryOrPrivate] (node_modules/@babel/parser/src/parser/expression.ts:417:14)
      at TypeScriptParserMixin.parseMaybeUnaryOrPrivate [as parseExprOps] (node_modules/@babel/parser/src/parser/expression.ts:429:23)
      at TypeScriptParserMixin.parseExprOps [as parseMaybeConditional] (node_modules/@babel/parser/src/parser/expression.ts:384:23)
      at TypeScriptParserMixin.parseMaybeConditional (node_modules/@babel/parser/src/parser/expression.ts:301:21)
      at TypeScriptParserMixin.parseMaybeAssign (node_modules/@babel/parser/src/plugins/typescript/index.ts:3764:22)
      at TypeScriptParserMixin.parseMaybeAssign [as parseFunctionBody] (node_modules/@babel/parser/src/parser/expression.ts:2604:14)
      at TypeScriptParserMixin.parseFunctionBody [as parseArrowExpression] (node_modules/@babel/parser/src/parser/expression.ts:2559:10)
      at TypeScriptParserMixin.parseArrowExpression [as parseParenAndDistinguishExpression] (node_modules/@babel/parser/src/parser/expression.ts:1847:12)
      at TypeScriptParserMixin.parseParenAndDistinguishExpression [as parseExprAtom] (node_modules/@babel/parser/src/parser/expression.ts:1170:21)
      at TypeScriptParserMixin.parseExprAtom [as parseExprSubscripts] (node_modules/@babel/parser/src/parser/expression.ts:742:23)
      at TypeScriptParserMixin.parseExprSubscripts [as parseUpdate] (node_modules/@babel/parser/src/parser/expression.ts:721:21)
      at TypeScriptParserMixin.parseUpdate (node_modules/@babel/parser/src/parser/expression.ts:683:23)
      at TypeScriptParserMixin.parseMaybeUnary (node_modules/@babel/parser/src/plugins/typescript/index.ts:3893:20)
      at TypeScriptParserMixin.parseMaybeUnary [as parseMaybeUnaryOrPrivate] (node_modules/@babel/parser/src/parser/expression.ts:417:14)
      at TypeScriptParserMixin.parseMaybeUnaryOrPrivate [as parseExprOps] (node_modules/@babel/parser/src/parser/expression.ts:429:23)
      at TypeScriptParserMixin.parseExprOps [as parseMaybeConditional] (node_modules/@babel/parser/src/parser/expression.ts:384:23)
      at TypeScriptParserMixin.parseMaybeConditional (node_modules/@babel/parser/src/parser/expression.ts:301:21)
      at TypeScriptParserMixin.parseMaybeAssign (node_modules/@babel/parser/src/plugins/typescript/index.ts:3764:22)
      at parseMaybeAssign (node_modules/@babel/parser/src/parser/expression.ts:257:12)
      at TypeScriptParserMixin.callback [as allowInAnd] (node_modules/@babel/parser/src/parser/expression.ts:3189:16)
      at TypeScriptParserMixin.allowInAnd [as parseMaybeAssignAllowIn] (node_modules/@babel/parser/src/parser/expression.ts:256:17)
      at TypeScriptParserMixin.parseMaybeAssignAllowIn [as parseVar] (node_modules/@babel/parser/src/parser/statement.ts:1587:18)
      at TypeScriptParserMixin.parseVar (node_modules/@babel/parser/src/parser/statement.ts:1251:10)
      at TypeScriptParserMixin.parseVarStatement (node_modules/@babel/parser/src/plugins/typescript/index.ts:3085:33)
      at TypeScriptParserMixin.parseVarStatement (node_modules/@babel/parser/src/parser/statement.ts:612:21)
      at TypeScriptParserMixin.parseStatementContent (node_modules/@babel/parser/src/plugins/typescript/index.ts:3220:20)
      at TypeScriptParserMixin.parseStatementContent [as parseStatementLike] (node_modules/@babel/parser/src/parser/statement.ts:482:17)
      at TypeScriptParserMixin.parseStatementLike [as parseStatementListItem] (node_modules/@babel/parser/src/parser/statement.ts:431:17)
      at TypeScriptParserMixin.parseStatementListItem (node_modules/@babel/parser/src/parser/statement.ts:2635:17)
      at TypeScriptParserMixin.parseExportDeclaration (node_modules/@babel/parser/src/plugins/typescript/index.ts:3447:15)
      at TypeScriptParserMixin.parseExportDeclaration [as maybeParseExportDeclaration] (node_modules/@babel/parser/src/parser/statement.ts:2551:31)
      at TypeScriptParserMixin.maybeParseExportDeclaration (node_modules/@babel/parser/src/parser/statement.ts:2432:29)
      at TypeScriptParserMixin.parseExport (node_modules/@babel/parser/src/plugins/typescript/index.ts:3046:22)
      at TypeScriptParserMixin.parseExport (node_modules/@babel/parser/src/parser/statement.ts:649:25)
      at TypeScriptParserMixin.parseStatementContent (node_modules/@babel/parser/src/plugins/typescript/index.ts:3220:20)
      at TypeScriptParserMixin.parseStatementContent [as parseStatementLike] (node_modules/@babel/parser/src/parser/statement.ts:482:17)
      at TypeScriptParserMixin.parseStatementLike [as parseModuleItem] (node_modules/@babel/parser/src/parser/statement.ts:419:17)
      at TypeScriptParserMixin.parseModuleItem [as parseBlockOrModuleBlockBody] (node_modules/@babel/parser/src/parser/statement.ts:1443:16)
      at TypeScriptParserMixin.parseBlockOrModuleBlockBody [as parseBlockBody] (node_modules/@babel/parser/src/parser/statement.ts:1417:10)
      at TypeScriptParserMixin.parseBlockBody [as parseProgram] (node_modules/@babel/parser/src/parser/statement.ts:229:10)
      at TypeScriptParserMixin.parseProgram [as parseTopLevel] (node_modules/@babel/parser/src/parser/statement.ts:203:25)
      at TypeScriptParserMixin.parseTopLevel (node_modules/@babel/parser/src/parser/index.ts:83:25)
      at TypeScriptParserMixin.parse (node_modules/@babel/parser/src/plugins/typescript/index.ts:4354:20)
      at parse (node_modules/@babel/parser/src/index.ts:86:38)
      at parser (node_modules/@babel/core/src/parser/index.ts:29:19)
          at parser.next (<anonymous>)
      at normalizeFile (node_modules/@babel/core/src/transformation/normalize-file.ts:50:24)
          at normalizeFile.next (<anonymous>)
      at run (node_modules/@babel/core/src/transformation/index.ts:41:36)
          at run.next (<anonymous>)
      at transform (node_modules/@babel/core/src/transform.ts:29:20)
          at transform.next (<anonymous>)
      at evaluateSync (node_modules/gensync/index.js:251:28)
      at sync (node_modules/gensync/index.js:89:14)
      at fn (node_modules/@babel/core/src/errors/rewrite-stack-trace.ts:99:14)
      at transformSync (node_modules/@babel/core/src/transform.ts:66:52)
      at Object.require (src/styles/index.ts:29:1)

FAIL src/features/three-card-poker-training/screens/TCPMenuScreen/TCPMenuScreen.test.tsx
  ΓùÅ Test suite failed to run

    SyntaxError: C:\Users\ivans\Desktop\Dev\CasinoTrainingApp\src\styles\textStyles.ts: Unexpected token, expected "(" (22:9)

      20 |     marginBottom: 4,
      21 |   } as TextStyle,
    > 22 |    * Size: 18px, Weight: 700, Color: Gold
         |          ^
      23 |    */
      24 |   goldTitle: {
      25 |     fontSize: 18,

      27 |
      28 | // Text style factories
    > 29 | export { createTextStyles } from './textStyles';
         | ^
      30 | export type { TextStyles } from './textStyles';
      31 |

      at constructor (node_modules/@babel/parser/src/parse-error.ts:95:45)
      at TypeScriptParserMixin.toParseError [as raise] (node_modules/@babel/parser/src/tokenizer/index.ts:1504:19)
      at TypeScriptParserMixin.raise [as unexpected] (node_modules/@babel/parser/src/tokenizer/index.ts:1544:16)
      at TypeScriptParserMixin.unexpected [as expect] (node_modules/@babel/parser/src/parser/util.ts:157:12)
      at TypeScriptParserMixin.expect (node_modules/@babel/parser/src/parser/statement.ts:1726:10)
      at TypeScriptParserMixin.parseFunctionParams (node_modules/@babel/parser/src/plugins/typescript/index.ts:3692:13)
      at TypeScriptParserMixin.parseFunctionParams (node_modules/@babel/parser/src/parser/expression.ts:2491:10)
      at TypeScriptParserMixin.parseMethod (node_modules/@babel/parser/src/plugins/typescript/index.ts:4312:28)
      at TypeScriptParserMixin.parseMethod [as parseObjectMethod] (node_modules/@babel/parser/src/parser/expression.ts:2300:19)
      at TypeScriptParserMixin.parseObjectMethod (node_modules/@babel/parser/src/parser/expression.ts:2381:24)
      at TypeScriptParserMixin.parseObjPropValue (node_modules/@babel/parser/src/plugins/typescript/index.ts:3675:20)
      at TypeScriptParserMixin.parseObjPropValue [as parsePropertyDefinition] (node_modules/@babel/parser/src/parser/expression.ts:2228:17)
      at TypeScriptParserMixin.parsePropertyDefinition [as parseObjectLike] (node_modules/@babel/parser/src/parser/expression.ts:2095:21)
      at TypeScriptParserMixin.parseObjectLike [as parseExprAtom] (node_modules/@babel/parser/src/parser/expression.ts:1181:21)
      at TypeScriptParserMixin.parseExprAtom [as parseExprSubscripts] (node_modules/@babel/parser/src/parser/expression.ts:742:23)
      at TypeScriptParserMixin.parseExprSubscripts [as parseUpdate] (node_modules/@babel/parser/src/parser/expression.ts:721:21)
      at TypeScriptParserMixin.parseUpdate (node_modules/@babel/parser/src/parser/expression.ts:683:23)
      at TypeScriptParserMixin.parseMaybeUnary (node_modules/@babel/parser/src/plugins/typescript/index.ts:3893:20)
      at TypeScriptParserMixin.parseMaybeUnary [as parseMaybeUnaryOrPrivate] (node_modules/@babel/parser/src/parser/expression.ts:417:14)
      at TypeScriptParserMixin.parseMaybeUnaryOrPrivate [as parseExprOps] (node_modules/@babel/parser/src/parser/expression.ts:429:23)
      at TypeScriptParserMixin.parseExprOps [as parseMaybeConditional] (node_modules/@babel/parser/src/parser/expression.ts:384:23)
      at TypeScriptParserMixin.parseMaybeConditional (node_modules/@babel/parser/src/parser/expression.ts:301:21)
      at TypeScriptParserMixin.parseMaybeAssign (node_modules/@babel/parser/src/plugins/typescript/index.ts:3764:22)
      at parseMaybeAssign (node_modules/@babel/parser/src/parser/expression.ts:257:12)
      at TypeScriptParserMixin.callback [as allowInAnd] (node_modules/@babel/parser/src/parser/expression.ts:3194:12)
      at TypeScriptParserMixin.allowInAnd [as parseMaybeAssignAllowIn] (node_modules/@babel/parser/src/parser/expression.ts:256:17)
      at TypeScriptParserMixin.parseMaybeAssignAllowIn [as parseMaybeAssignAllowInOrVoidPattern] (node_modules/@babel/parser/src/parser/expression.ts:3308:17)
      at TypeScriptParserMixin.parseMaybeAssignAllowInOrVoidPattern [as parseParenAndDistinguishExpression] (node_modules/@babel/parser/src/parser/expression.ts:1822:16)
      at TypeScriptParserMixin.parseParenAndDistinguishExpression [as parseExprAtom] (node_modules/@babel/parser/src/parser/expression.ts:1170:21)
      at TypeScriptParserMixin.parseExprAtom [as parseExprSubscripts] (node_modules/@babel/parser/src/parser/expression.ts:742:23)
      at TypeScriptParserMixin.parseExprSubscripts [as parseUpdate] (node_modules/@babel/parser/src/parser/expression.ts:721:21)
      at TypeScriptParserMixin.parseUpdate (node_modules/@babel/parser/src/parser/expression.ts:683:23)
      at TypeScriptParserMixin.parseMaybeUnary (node_modules/@babel/parser/src/plugins/typescript/index.ts:3893:20)
      at TypeScriptParserMixin.parseMaybeUnary [as parseMaybeUnaryOrPrivate] (node_modules/@babel/parser/src/parser/expression.ts:417:14)
      at TypeScriptParserMixin.parseMaybeUnaryOrPrivate [as parseExprOps] (node_modules/@babel/parser/src/parser/expression.ts:429:23)
      at TypeScriptParserMixin.parseExprOps [as parseMaybeConditional] (node_modules/@babel/parser/src/parser/expression.ts:384:23)
      at TypeScriptParserMixin.parseMaybeConditional (node_modules/@babel/parser/src/parser/expression.ts:301:21)
      at TypeScriptParserMixin.parseMaybeAssign (node_modules/@babel/parser/src/plugins/typescript/index.ts:3764:22)
      at TypeScriptParserMixin.parseMaybeAssign [as parseFunctionBody] (node_modules/@babel/parser/src/parser/expression.ts:2604:14)
      at TypeScriptParserMixin.parseFunctionBody [as parseArrowExpression] (node_modules/@babel/parser/src/parser/expression.ts:2559:10)
      at TypeScriptParserMixin.parseArrowExpression [as parseParenAndDistinguishExpression] (node_modules/@babel/parser/src/parser/expression.ts:1847:12)
      at TypeScriptParserMixin.parseParenAndDistinguishExpression [as parseExprAtom] (node_modules/@babel/parser/src/parser/expression.ts:1170:21)
      at TypeScriptParserMixin.parseExprAtom [as parseExprSubscripts] (node_modules/@babel/parser/src/parser/expression.ts:742:23)
      at TypeScriptParserMixin.parseExprSubscripts [as parseUpdate] (node_modules/@babel/parser/src/parser/expression.ts:721:21)
      at TypeScriptParserMixin.parseUpdate (node_modules/@babel/parser/src/parser/expression.ts:683:23)
      at TypeScriptParserMixin.parseMaybeUnary (node_modules/@babel/parser/src/plugins/typescript/index.ts:3893:20)
      at TypeScriptParserMixin.parseMaybeUnary [as parseMaybeUnaryOrPrivate] (node_modules/@babel/parser/src/parser/expression.ts:417:14)
      at TypeScriptParserMixin.parseMaybeUnaryOrPrivate [as parseExprOps] (node_modules/@babel/parser/src/parser/expression.ts:429:23)
      at TypeScriptParserMixin.parseExprOps [as parseMaybeConditional] (node_modules/@babel/parser/src/parser/expression.ts:384:23)
      at TypeScriptParserMixin.parseMaybeConditional (node_modules/@babel/parser/src/parser/expression.ts:301:21)
      at TypeScriptParserMixin.parseMaybeAssign (node_modules/@babel/parser/src/plugins/typescript/index.ts:3764:22)
      at parseMaybeAssign (node_modules/@babel/parser/src/parser/expression.ts:257:12)
      at TypeScriptParserMixin.callback [as allowInAnd] (node_modules/@babel/parser/src/parser/expression.ts:3189:16)
      at TypeScriptParserMixin.allowInAnd [as parseMaybeAssignAllowIn] (node_modules/@babel/parser/src/parser/expression.ts:256:17)
      at TypeScriptParserMixin.parseMaybeAssignAllowIn [as parseVar] (node_modules/@babel/parser/src/parser/statement.ts:1587:18)
      at TypeScriptParserMixin.parseVar (node_modules/@babel/parser/src/parser/statement.ts:1251:10)
      at TypeScriptParserMixin.parseVarStatement (node_modules/@babel/parser/src/plugins/typescript/index.ts:3085:33)
      at TypeScriptParserMixin.parseVarStatement (node_modules/@babel/parser/src/parser/statement.ts:612:21)
      at TypeScriptParserMixin.parseStatementContent (node_modules/@babel/parser/src/plugins/typescript/index.ts:3220:20)
      at TypeScriptParserMixin.parseStatementContent [as parseStatementLike] (node_modules/@babel/parser/src/parser/statement.ts:482:17)
      at TypeScriptParserMixin.parseStatementLike [as parseStatementListItem] (node_modules/@babel/parser/src/parser/statement.ts:431:17)
      at TypeScriptParserMixin.parseStatementListItem (node_modules/@babel/parser/src/parser/statement.ts:2635:17)
      at TypeScriptParserMixin.parseExportDeclaration (node_modules/@babel/parser/src/plugins/typescript/index.ts:3447:15)
      at TypeScriptParserMixin.parseExportDeclaration [as maybeParseExportDeclaration] (node_modules/@babel/parser/src/parser/statement.ts:2551:31)
      at TypeScriptParserMixin.maybeParseExportDeclaration (node_modules/@babel/parser/src/parser/statement.ts:2432:29)
      at TypeScriptParserMixin.parseExport (node_modules/@babel/parser/src/plugins/typescript/index.ts:3046:22)
      at TypeScriptParserMixin.parseExport (node_modules/@babel/parser/src/parser/statement.ts:649:25)
      at TypeScriptParserMixin.parseStatementContent (node_modules/@babel/parser/src/plugins/typescript/index.ts:3220:20)
      at TypeScriptParserMixin.parseStatementContent [as parseStatementLike] (node_modules/@babel/parser/src/parser/statement.ts:482:17)
      at TypeScriptParserMixin.parseStatementLike [as parseModuleItem] (node_modules/@babel/parser/src/parser/statement.ts:419:17)
      at TypeScriptParserMixin.parseModuleItem [as parseBlockOrModuleBlockBody] (node_modules/@babel/parser/src/parser/statement.ts:1443:16)
      at TypeScriptParserMixin.parseBlockOrModuleBlockBody [as parseBlockBody] (node_modules/@babel/parser/src/parser/statement.ts:1417:10)
      at TypeScriptParserMixin.parseBlockBody [as parseProgram] (node_modules/@babel/parser/src/parser/statement.ts:229:10)
      at TypeScriptParserMixin.parseProgram [as parseTopLevel] (node_modules/@babel/parser/src/parser/statement.ts:203:25)
      at TypeScriptParserMixin.parseTopLevel (node_modules/@babel/parser/src/parser/index.ts:83:25)
      at TypeScriptParserMixin.parse (node_modules/@babel/parser/src/plugins/typescript/index.ts:4354:20)
      at parse (node_modules/@babel/parser/src/index.ts:86:38)
      at parser (node_modules/@babel/core/src/parser/index.ts:29:19)
          at parser.next (<anonymous>)
      at normalizeFile (node_modules/@babel/core/src/transformation/normalize-file.ts:50:24)
          at normalizeFile.next (<anonymous>)
      at run (node_modules/@babel/core/src/transformation/index.ts:41:36)
          at run.next (<anonymous>)
      at transform (node_modules/@babel/core/src/transform.ts:29:20)
          at transform.next (<anonymous>)
      at evaluateSync (node_modules/gensync/index.js:251:28)
      at sync (node_modules/gensync/index.js:89:14)
      at fn (node_modules/@babel/core/src/errors/rewrite-stack-trace.ts:99:14)
      at transformSync (node_modules/@babel/core/src/transform.ts:66:52)
      at Object.require (src/styles/index.ts:29:1)

FAIL src/components/shared/DrillScreen/DrillScreen.test.tsx
  ΓùÅ Test suite failed to run

    SyntaxError: C:\Users\ivans\Desktop\Dev\CasinoTrainingApp\src\styles\textStyles.ts: Unexpected token, expected "(" (22:9)

      20 |     marginBottom: 4,
      21 |   } as TextStyle,
    > 22 |    * Size: 18px, Weight: 700, Color: Gold
         |          ^
      23 |    */
      24 |   goldTitle: {
      25 |     fontSize: 18,

      27 |
      28 | // Text style factories
    > 29 | export { createTextStyles } from './textStyles';
         | ^
      30 | export type { TextStyles } from './textStyles';
      31 |

      at constructor (node_modules/@babel/parser/src/parse-error.ts:95:45)
      at TypeScriptParserMixin.toParseError [as raise] (node_modules/@babel/parser/src/tokenizer/index.ts:1504:19)
      at TypeScriptParserMixin.raise [as unexpected] (node_modules/@babel/parser/src/tokenizer/index.ts:1544:16)
      at TypeScriptParserMixin.unexpected [as expect] (node_modules/@babel/parser/src/parser/util.ts:157:12)
      at TypeScriptParserMixin.expect (node_modules/@babel/parser/src/parser/statement.ts:1726:10)
      at TypeScriptParserMixin.parseFunctionParams (node_modules/@babel/parser/src/plugins/typescript/index.ts:3692:13)
      at TypeScriptParserMixin.parseFunctionParams (node_modules/@babel/parser/src/parser/expression.ts:2491:10)
      at TypeScriptParserMixin.parseMethod (node_modules/@babel/parser/src/plugins/typescript/index.ts:4312:28)
      at TypeScriptParserMixin.parseMethod [as parseObjectMethod] (node_modules/@babel/parser/src/parser/expression.ts:2300:19)
      at TypeScriptParserMixin.parseObjectMethod (node_modules/@babel/parser/src/parser/expression.ts:2381:24)
      at TypeScriptParserMixin.parseObjPropValue (node_modules/@babel/parser/src/plugins/typescript/index.ts:3675:20)
      at TypeScriptParserMixin.parseObjPropValue [as parsePropertyDefinition] (node_modules/@babel/parser/src/parser/expression.ts:2228:17)
      at TypeScriptParserMixin.parsePropertyDefinition [as parseObjectLike] (node_modules/@babel/parser/src/parser/expression.ts:2095:21)
      at TypeScriptParserMixin.parseObjectLike [as parseExprAtom] (node_modules/@babel/parser/src/parser/expression.ts:1181:21)
      at TypeScriptParserMixin.parseExprAtom [as parseExprSubscripts] (node_modules/@babel/parser/src/parser/expression.ts:742:23)
      at TypeScriptParserMixin.parseExprSubscripts [as parseUpdate] (node_modules/@babel/parser/src/parser/expression.ts:721:21)
      at TypeScriptParserMixin.parseUpdate (node_modules/@babel/parser/src/parser/expression.ts:683:23)
      at TypeScriptParserMixin.parseMaybeUnary (node_modules/@babel/parser/src/plugins/typescript/index.ts:3893:20)
      at TypeScriptParserMixin.parseMaybeUnary [as parseMaybeUnaryOrPrivate] (node_modules/@babel/parser/src/parser/expression.ts:417:14)
      at TypeScriptParserMixin.parseMaybeUnaryOrPrivate [as parseExprOps] (node_modules/@babel/parser/src/parser/expression.ts:429:23)
      at TypeScriptParserMixin.parseExprOps [as parseMaybeConditional] (node_modules/@babel/parser/src/parser/expression.ts:384:23)
      at TypeScriptParserMixin.parseMaybeConditional (node_modules/@babel/parser/src/parser/expression.ts:301:21)
      at TypeScriptParserMixin.parseMaybeAssign (node_modules/@babel/parser/src/plugins/typescript/index.ts:3764:22)
      at parseMaybeAssign (node_modules/@babel/parser/src/parser/expression.ts:257:12)
      at TypeScriptParserMixin.callback [as allowInAnd] (node_modules/@babel/parser/src/parser/expression.ts:3194:12)
      at TypeScriptParserMixin.allowInAnd [as parseMaybeAssignAllowIn] (node_modules/@babel/parser/src/parser/expression.ts:256:17)
      at TypeScriptParserMixin.parseMaybeAssignAllowIn [as parseMaybeAssignAllowInOrVoidPattern] (node_modules/@babel/parser/src/parser/expression.ts:3308:17)
      at TypeScriptParserMixin.parseMaybeAssignAllowInOrVoidPattern [as parseParenAndDistinguishExpression] (node_modules/@babel/parser/src/parser/expression.ts:1822:16)
      at TypeScriptParserMixin.parseParenAndDistinguishExpression [as parseExprAtom] (node_modules/@babel/parser/src/parser/expression.ts:1170:21)
      at TypeScriptParserMixin.parseExprAtom [as parseExprSubscripts] (node_modules/@babel/parser/src/parser/expression.ts:742:23)
      at TypeScriptParserMixin.parseExprSubscripts [as parseUpdate] (node_modules/@babel/parser/src/parser/expression.ts:721:21)
      at TypeScriptParserMixin.parseUpdate (node_modules/@babel/parser/src/parser/expression.ts:683:23)
      at TypeScriptParserMixin.parseMaybeUnary (node_modules/@babel/parser/src/plugins/typescript/index.ts:3893:20)
      at TypeScriptParserMixin.parseMaybeUnary [as parseMaybeUnaryOrPrivate] (node_modules/@babel/parser/src/parser/expression.ts:417:14)
      at TypeScriptParserMixin.parseMaybeUnaryOrPrivate [as parseExprOps] (node_modules/@babel/parser/src/parser/expression.ts:429:23)
      at TypeScriptParserMixin.parseExprOps [as parseMaybeConditional] (node_modules/@babel/parser/src/parser/expression.ts:384:23)
      at TypeScriptParserMixin.parseMaybeConditional (node_modules/@babel/parser/src/parser/expression.ts:301:21)
      at TypeScriptParserMixin.parseMaybeAssign (node_modules/@babel/parser/src/plugins/typescript/index.ts:3764:22)
      at TypeScriptParserMixin.parseMaybeAssign [as parseFunctionBody] (node_modules/@babel/parser/src/parser/expression.ts:2604:14)
      at TypeScriptParserMixin.parseFunctionBody [as parseArrowExpression] (node_modules/@babel/parser/src/parser/expression.ts:2559:10)
      at TypeScriptParserMixin.parseArrowExpression [as parseParenAndDistinguishExpression] (node_modules/@babel/parser/src/parser/expression.ts:1847:12)
      at TypeScriptParserMixin.parseParenAndDistinguishExpression [as parseExprAtom] (node_modules/@babel/parser/src/parser/expression.ts:1170:21)
      at TypeScriptParserMixin.parseExprAtom [as parseExprSubscripts] (node_modules/@babel/parser/src/parser/expression.ts:742:23)
      at TypeScriptParserMixin.parseExprSubscripts [as parseUpdate] (node_modules/@babel/parser/src/parser/expression.ts:721:21)
      at TypeScriptParserMixin.parseUpdate (node_modules/@babel/parser/src/parser/expression.ts:683:23)
      at TypeScriptParserMixin.parseMaybeUnary (node_modules/@babel/parser/src/plugins/typescript/index.ts:3893:20)
      at TypeScriptParserMixin.parseMaybeUnary [as parseMaybeUnaryOrPrivate] (node_modules/@babel/parser/src/parser/expression.ts:417:14)
      at TypeScriptParserMixin.parseMaybeUnaryOrPrivate [as parseExprOps] (node_modules/@babel/parser/src/parser/expression.ts:429:23)
      at TypeScriptParserMixin.parseExprOps [as parseMaybeConditional] (node_modules/@babel/parser/src/parser/expression.ts:384:23)
      at TypeScriptParserMixin.parseMaybeConditional (node_modules/@babel/parser/src/parser/expression.ts:301:21)
      at TypeScriptParserMixin.parseMaybeAssign (node_modules/@babel/parser/src/plugins/typescript/index.ts:3764:22)
      at parseMaybeAssign (node_modules/@babel/parser/src/parser/expression.ts:257:12)
      at TypeScriptParserMixin.callback [as allowInAnd] (node_modules/@babel/parser/src/parser/expression.ts:3189:16)
      at TypeScriptParserMixin.allowInAnd [as parseMaybeAssignAllowIn] (node_modules/@babel/parser/src/parser/expression.ts:256:17)
      at TypeScriptParserMixin.parseMaybeAssignAllowIn [as parseVar] (node_modules/@babel/parser/src/parser/statement.ts:1587:18)
      at TypeScriptParserMixin.parseVar (node_modules/@babel/parser/src/parser/statement.ts:1251:10)
      at TypeScriptParserMixin.parseVarStatement (node_modules/@babel/parser/src/plugins/typescript/index.ts:3085:33)
      at TypeScriptParserMixin.parseVarStatement (node_modules/@babel/parser/src/parser/statement.ts:612:21)
      at TypeScriptParserMixin.parseStatementContent (node_modules/@babel/parser/src/plugins/typescript/index.ts:3220:20)
      at TypeScriptParserMixin.parseStatementContent [as parseStatementLike] (node_modules/@babel/parser/src/parser/statement.ts:482:17)
      at TypeScriptParserMixin.parseStatementLike [as parseStatementListItem] (node_modules/@babel/parser/src/parser/statement.ts:431:17)
      at TypeScriptParserMixin.parseStatementListItem (node_modules/@babel/parser/src/parser/statement.ts:2635:17)
      at TypeScriptParserMixin.parseExportDeclaration (node_modules/@babel/parser/src/plugins/typescript/index.ts:3447:15)
      at TypeScriptParserMixin.parseExportDeclaration [as maybeParseExportDeclaration] (node_modules/@babel/parser/src/parser/statement.ts:2551:31)
      at TypeScriptParserMixin.maybeParseExportDeclaration (node_modules/@babel/parser/src/parser/statement.ts:2432:29)
      at TypeScriptParserMixin.parseExport (node_modules/@babel/parser/src/plugins/typescript/index.ts:3046:22)
      at TypeScriptParserMixin.parseExport (node_modules/@babel/parser/src/parser/statement.ts:649:25)
      at TypeScriptParserMixin.parseStatementContent (node_modules/@babel/parser/src/plugins/typescript/index.ts:3220:20)
      at TypeScriptParserMixin.parseStatementContent [as parseStatementLike] (node_modules/@babel/parser/src/parser/statement.ts:482:17)
      at TypeScriptParserMixin.parseStatementLike [as parseModuleItem] (node_modules/@babel/parser/src/parser/statement.ts:419:17)
      at TypeScriptParserMixin.parseModuleItem [as parseBlockOrModuleBlockBody] (node_modules/@babel/parser/src/parser/statement.ts:1443:16)
      at TypeScriptParserMixin.parseBlockOrModuleBlockBody [as parseBlockBody] (node_modules/@babel/parser/src/parser/statement.ts:1417:10)
      at TypeScriptParserMixin.parseBlockBody [as parseProgram] (node_modules/@babel/parser/src/parser/statement.ts:229:10)
      at TypeScriptParserMixin.parseProgram [as parseTopLevel] (node_modules/@babel/parser/src/parser/statement.ts:203:25)
      at TypeScriptParserMixin.parseTopLevel (node_modules/@babel/parser/src/parser/index.ts:83:25)
      at TypeScriptParserMixin.parse (node_modules/@babel/parser/src/plugins/typescript/index.ts:4354:20)
      at parse (node_modules/@babel/parser/src/index.ts:86:38)
      at parser (node_modules/@babel/core/src/parser/index.ts:29:19)
          at parser.next (<anonymous>)
      at normalizeFile (node_modules/@babel/core/src/transformation/normalize-file.ts:50:24)
          at normalizeFile.next (<anonymous>)
      at run (node_modules/@babel/core/src/transformation/index.ts:41:36)
          at run.next (<anonymous>)
      at transform (node_modules/@babel/core/src/transform.ts:29:20)
          at transform.next (<anonymous>)
      at evaluateSync (node_modules/gensync/index.js:251:28)
      at sync (node_modules/gensync/index.js:89:14)
      at fn (node_modules/@babel/core/src/errors/rewrite-stack-trace.ts:99:14)
      at transformSync (node_modules/@babel/core/src/transform.ts:66:52)
      at Object.require (src/styles/index.ts:29:1)

FAIL src/components/ErrorBoundary/ErrorBoundary.test.tsx
  ΓùÅ Test suite failed to run

    SyntaxError: C:\Users\ivans\Desktop\Dev\CasinoTrainingApp\src\styles\textStyles.ts: Unexpected token, expected "(" (22:9)

      20 |     marginBottom: 4,
      21 |   } as TextStyle,
    > 22 |    * Size: 18px, Weight: 700, Color: Gold
         |          ^
      23 |    */
      24 |   goldTitle: {
      25 |     fontSize: 18,

      27 |
      28 | // Text style factories
    > 29 | export { createTextStyles } from './textStyles';
         | ^
      30 | export type { TextStyles } from './textStyles';
      31 |

      at constructor (node_modules/@babel/parser/src/parse-error.ts:95:45)
      at TypeScriptParserMixin.toParseError [as raise] (node_modules/@babel/parser/src/tokenizer/index.ts:1504:19)
      at TypeScriptParserMixin.raise [as unexpected] (node_modules/@babel/parser/src/tokenizer/index.ts:1544:16)
      at TypeScriptParserMixin.unexpected [as expect] (node_modules/@babel/parser/src/parser/util.ts:157:12)
      at TypeScriptParserMixin.expect (node_modules/@babel/parser/src/parser/statement.ts:1726:10)
      at TypeScriptParserMixin.parseFunctionParams (node_modules/@babel/parser/src/plugins/typescript/index.ts:3692:13)
      at TypeScriptParserMixin.parseFunctionParams (node_modules/@babel/parser/src/parser/expression.ts:2491:10)
      at TypeScriptParserMixin.parseMethod (node_modules/@babel/parser/src/plugins/typescript/index.ts:4312:28)
      at TypeScriptParserMixin.parseMethod [as parseObjectMethod] (node_modules/@babel/parser/src/parser/expression.ts:2300:19)
      at TypeScriptParserMixin.parseObjectMethod (node_modules/@babel/parser/src/parser/expression.ts:2381:24)
      at TypeScriptParserMixin.parseObjPropValue (node_modules/@babel/parser/src/plugins/typescript/index.ts:3675:20)
      at TypeScriptParserMixin.parseObjPropValue [as parsePropertyDefinition] (node_modules/@babel/parser/src/parser/expression.ts:2228:17)
      at TypeScriptParserMixin.parsePropertyDefinition [as parseObjectLike] (node_modules/@babel/parser/src/parser/expression.ts:2095:21)
      at TypeScriptParserMixin.parseObjectLike [as parseExprAtom] (node_modules/@babel/parser/src/parser/expression.ts:1181:21)
      at TypeScriptParserMixin.parseExprAtom [as parseExprSubscripts] (node_modules/@babel/parser/src/parser/expression.ts:742:23)
      at TypeScriptParserMixin.parseExprSubscripts [as parseUpdate] (node_modules/@babel/parser/src/parser/expression.ts:721:21)
      at TypeScriptParserMixin.parseUpdate (node_modules/@babel/parser/src/parser/expression.ts:683:23)
      at TypeScriptParserMixin.parseMaybeUnary (node_modules/@babel/parser/src/plugins/typescript/index.ts:3893:20)
      at TypeScriptParserMixin.parseMaybeUnary [as parseMaybeUnaryOrPrivate] (node_modules/@babel/parser/src/parser/expression.ts:417:14)
      at TypeScriptParserMixin.parseMaybeUnaryOrPrivate [as parseExprOps] (node_modules/@babel/parser/src/parser/expression.ts:429:23)
      at TypeScriptParserMixin.parseExprOps [as parseMaybeConditional] (node_modules/@babel/parser/src/parser/expression.ts:384:23)
      at TypeScriptParserMixin.parseMaybeConditional (node_modules/@babel/parser/src/parser/expression.ts:301:21)
      at TypeScriptParserMixin.parseMaybeAssign (node_modules/@babel/parser/src/plugins/typescript/index.ts:3764:22)
      at parseMaybeAssign (node_modules/@babel/parser/src/parser/expression.ts:257:12)
      at TypeScriptParserMixin.callback [as allowInAnd] (node_modules/@babel/parser/src/parser/expression.ts:3194:12)
      at TypeScriptParserMixin.allowInAnd [as parseMaybeAssignAllowIn] (node_modules/@babel/parser/src/parser/expression.ts:256:17)
      at TypeScriptParserMixin.parseMaybeAssignAllowIn [as parseMaybeAssignAllowInOrVoidPattern] (node_modules/@babel/parser/src/parser/expression.ts:3308:17)
      at TypeScriptParserMixin.parseMaybeAssignAllowInOrVoidPattern [as parseParenAndDistinguishExpression] (node_modules/@babel/parser/src/parser/expression.ts:1822:16)
      at TypeScriptParserMixin.parseParenAndDistinguishExpression [as parseExprAtom] (node_modules/@babel/parser/src/parser/expression.ts:1170:21)
      at TypeScriptParserMixin.parseExprAtom [as parseExprSubscripts] (node_modules/@babel/parser/src/parser/expression.ts:742:23)
      at TypeScriptParserMixin.parseExprSubscripts [as parseUpdate] (node_modules/@babel/parser/src/parser/expression.ts:721:21)
      at TypeScriptParserMixin.parseUpdate (node_modules/@babel/parser/src/parser/expression.ts:683:23)
      at TypeScriptParserMixin.parseMaybeUnary (node_modules/@babel/parser/src/plugins/typescript/index.ts:3893:20)
      at TypeScriptParserMixin.parseMaybeUnary [as parseMaybeUnaryOrPrivate] (node_modules/@babel/parser/src/parser/expression.ts:417:14)
      at TypeScriptParserMixin.parseMaybeUnaryOrPrivate [as parseExprOps] (node_modules/@babel/parser/src/parser/expression.ts:429:23)
      at TypeScriptParserMixin.parseExprOps [as parseMaybeConditional] (node_modules/@babel/parser/src/parser/expression.ts:384:23)
      at TypeScriptParserMixin.parseMaybeConditional (node_modules/@babel/parser/src/parser/expression.ts:301:21)
      at TypeScriptParserMixin.parseMaybeAssign (node_modules/@babel/parser/src/plugins/typescript/index.ts:3764:22)
      at TypeScriptParserMixin.parseMaybeAssign [as parseFunctionBody] (node_modules/@babel/parser/src/parser/expression.ts:2604:14)
      at TypeScriptParserMixin.parseFunctionBody [as parseArrowExpression] (node_modules/@babel/parser/src/parser/expression.ts:2559:10)
      at TypeScriptParserMixin.parseArrowExpression [as parseParenAndDistinguishExpression] (node_modules/@babel/parser/src/parser/expression.ts:1847:12)
      at TypeScriptParserMixin.parseParenAndDistinguishExpression [as parseExprAtom] (node_modules/@babel/parser/src/parser/expression.ts:1170:21)
      at TypeScriptParserMixin.parseExprAtom [as parseExprSubscripts] (node_modules/@babel/parser/src/parser/expression.ts:742:23)
      at TypeScriptParserMixin.parseExprSubscripts [as parseUpdate] (node_modules/@babel/parser/src/parser/expression.ts:721:21)
      at TypeScriptParserMixin.parseUpdate (node_modules/@babel/parser/src/parser/expression.ts:683:23)
      at TypeScriptParserMixin.parseMaybeUnary (node_modules/@babel/parser/src/plugins/typescript/index.ts:3893:20)
      at TypeScriptParserMixin.parseMaybeUnary [as parseMaybeUnaryOrPrivate] (node_modules/@babel/parser/src/parser/expression.ts:417:14)
      at TypeScriptParserMixin.parseMaybeUnaryOrPrivate [as parseExprOps] (node_modules/@babel/parser/src/parser/expression.ts:429:23)
      at TypeScriptParserMixin.parseExprOps [as parseMaybeConditional] (node_modules/@babel/parser/src/parser/expression.ts:384:23)
      at TypeScriptParserMixin.parseMaybeConditional (node_modules/@babel/parser/src/parser/expression.ts:301:21)
      at TypeScriptParserMixin.parseMaybeAssign (node_modules/@babel/parser/src/plugins/typescript/index.ts:3764:22)
      at parseMaybeAssign (node_modules/@babel/parser/src/parser/expression.ts:257:12)
      at TypeScriptParserMixin.callback [as allowInAnd] (node_modules/@babel/parser/src/parser/expression.ts:3189:16)
      at TypeScriptParserMixin.allowInAnd [as parseMaybeAssignAllowIn] (node_modules/@babel/parser/src/parser/expression.ts:256:17)
      at TypeScriptParserMixin.parseMaybeAssignAllowIn [as parseVar] (node_modules/@babel/parser/src/parser/statement.ts:1587:18)
      at TypeScriptParserMixin.parseVar (node_modules/@babel/parser/src/parser/statement.ts:1251:10)
      at TypeScriptParserMixin.parseVarStatement (node_modules/@babel/parser/src/plugins/typescript/index.ts:3085:33)
      at TypeScriptParserMixin.parseVarStatement (node_modules/@babel/parser/src/parser/statement.ts:612:21)
      at TypeScriptParserMixin.parseStatementContent (node_modules/@babel/parser/src/plugins/typescript/index.ts:3220:20)
      at TypeScriptParserMixin.parseStatementContent [as parseStatementLike] (node_modules/@babel/parser/src/parser/statement.ts:482:17)
      at TypeScriptParserMixin.parseStatementLike [as parseStatementListItem] (node_modules/@babel/parser/src/parser/statement.ts:431:17)
      at TypeScriptParserMixin.parseStatementListItem (node_modules/@babel/parser/src/parser/statement.ts:2635:17)
      at TypeScriptParserMixin.parseExportDeclaration (node_modules/@babel/parser/src/plugins/typescript/index.ts:3447:15)
      at TypeScriptParserMixin.parseExportDeclaration [as maybeParseExportDeclaration] (node_modules/@babel/parser/src/parser/statement.ts:2551:31)
      at TypeScriptParserMixin.maybeParseExportDeclaration (node_modules/@babel/parser/src/parser/statement.ts:2432:29)
      at TypeScriptParserMixin.parseExport (node_modules/@babel/parser/src/plugins/typescript/index.ts:3046:22)
      at TypeScriptParserMixin.parseExport (node_modules/@babel/parser/src/parser/statement.ts:649:25)
      at TypeScriptParserMixin.parseStatementContent (node_modules/@babel/parser/src/plugins/typescript/index.ts:3220:20)
      at TypeScriptParserMixin.parseStatementContent [as parseStatementLike] (node_modules/@babel/parser/src/parser/statement.ts:482:17)
      at TypeScriptParserMixin.parseStatementLike [as parseModuleItem] (node_modules/@babel/parser/src/parser/statement.ts:419:17)
      at TypeScriptParserMixin.parseModuleItem [as parseBlockOrModuleBlockBody] (node_modules/@babel/parser/src/parser/statement.ts:1443:16)
      at TypeScriptParserMixin.parseBlockOrModuleBlockBody [as parseBlockBody] (node_modules/@babel/parser/src/parser/statement.ts:1417:10)
      at TypeScriptParserMixin.parseBlockBody [as parseProgram] (node_modules/@babel/parser/src/parser/statement.ts:229:10)
      at TypeScriptParserMixin.parseProgram [as parseTopLevel] (node_modules/@babel/parser/src/parser/statement.ts:203:25)
      at TypeScriptParserMixin.parseTopLevel (node_modules/@babel/parser/src/parser/index.ts:83:25)
      at TypeScriptParserMixin.parse (node_modules/@babel/parser/src/plugins/typescript/index.ts:4354:20)
      at parse (node_modules/@babel/parser/src/index.ts:86:38)
      at parser (node_modules/@babel/core/src/parser/index.ts:29:19)
          at parser.next (<anonymous>)
      at normalizeFile (node_modules/@babel/core/src/transformation/normalize-file.ts:50:24)
          at normalizeFile.next (<anonymous>)
      at run (node_modules/@babel/core/src/transformation/index.ts:41:36)
          at run.next (<anonymous>)
      at transform (node_modules/@babel/core/src/transform.ts:29:20)
          at transform.next (<anonymous>)
      at evaluateSync (node_modules/gensync/index.js:251:28)
      at sync (node_modules/gensync/index.js:89:14)
      at fn (node_modules/@babel/core/src/errors/rewrite-stack-trace.ts:99:14)
      at transformSync (node_modules/@babel/core/src/transform.ts:66:52)
      at Object.require (src/styles/index.ts:29:1)

FAIL src/features/texas-holdem-ultimate-training/screens/THUDrillScreen/THUDrillScreen.test.tsx
  ΓùÅ Test suite failed to run

    SyntaxError: C:\Users\ivans\Desktop\Dev\CasinoTrainingApp\src\styles\textStyles.ts: Unexpected token, expected "(" (22:9)

      20 |     marginBottom: 4,
      21 |   } as TextStyle,
    > 22 |    * Size: 18px, Weight: 700, Color: Gold
         |          ^
      23 |    */
      24 |   goldTitle: {
      25 |     fontSize: 18,

      27 |
      28 | // Text style factories
    > 29 | export { createTextStyles } from './textStyles';
         | ^
      30 | export type { TextStyles } from './textStyles';
      31 |

      at constructor (node_modules/@babel/parser/src/parse-error.ts:95:45)
      at TypeScriptParserMixin.toParseError [as raise] (node_modules/@babel/parser/src/tokenizer/index.ts:1504:19)
      at TypeScriptParserMixin.raise [as unexpected] (node_modules/@babel/parser/src/tokenizer/index.ts:1544:16)
      at TypeScriptParserMixin.unexpected [as expect] (node_modules/@babel/parser/src/parser/util.ts:157:12)
      at TypeScriptParserMixin.expect (node_modules/@babel/parser/src/parser/statement.ts:1726:10)
      at TypeScriptParserMixin.parseFunctionParams (node_modules/@babel/parser/src/plugins/typescript/index.ts:3692:13)
      at TypeScriptParserMixin.parseFunctionParams (node_modules/@babel/parser/src/parser/expression.ts:2491:10)
      at TypeScriptParserMixin.parseMethod (node_modules/@babel/parser/src/plugins/typescript/index.ts:4312:28)
      at TypeScriptParserMixin.parseMethod [as parseObjectMethod] (node_modules/@babel/parser/src/parser/expression.ts:2300:19)
      at TypeScriptParserMixin.parseObjectMethod (node_modules/@babel/parser/src/parser/expression.ts:2381:24)
      at TypeScriptParserMixin.parseObjPropValue (node_modules/@babel/parser/src/plugins/typescript/index.ts:3675:20)
      at TypeScriptParserMixin.parseObjPropValue [as parsePropertyDefinition] (node_modules/@babel/parser/src/parser/expression.ts:2228:17)
      at TypeScriptParserMixin.parsePropertyDefinition [as parseObjectLike] (node_modules/@babel/parser/src/parser/expression.ts:2095:21)
      at TypeScriptParserMixin.parseObjectLike [as parseExprAtom] (node_modules/@babel/parser/src/parser/expression.ts:1181:21)
      at TypeScriptParserMixin.parseExprAtom [as parseExprSubscripts] (node_modules/@babel/parser/src/parser/expression.ts:742:23)
      at TypeScriptParserMixin.parseExprSubscripts [as parseUpdate] (node_modules/@babel/parser/src/parser/expression.ts:721:21)
      at TypeScriptParserMixin.parseUpdate (node_modules/@babel/parser/src/parser/expression.ts:683:23)
      at TypeScriptParserMixin.parseMaybeUnary (node_modules/@babel/parser/src/plugins/typescript/index.ts:3893:20)
      at TypeScriptParserMixin.parseMaybeUnary [as parseMaybeUnaryOrPrivate] (node_modules/@babel/parser/src/parser/expression.ts:417:14)
      at TypeScriptParserMixin.parseMaybeUnaryOrPrivate [as parseExprOps] (node_modules/@babel/parser/src/parser/expression.ts:429:23)
      at TypeScriptParserMixin.parseExprOps [as parseMaybeConditional] (node_modules/@babel/parser/src/parser/expression.ts:384:23)
      at TypeScriptParserMixin.parseMaybeConditional (node_modules/@babel/parser/src/parser/expression.ts:301:21)
      at TypeScriptParserMixin.parseMaybeAssign (node_modules/@babel/parser/src/plugins/typescript/index.ts:3764:22)
      at parseMaybeAssign (node_modules/@babel/parser/src/parser/expression.ts:257:12)
      at TypeScriptParserMixin.callback [as allowInAnd] (node_modules/@babel/parser/src/parser/expression.ts:3194:12)
      at TypeScriptParserMixin.allowInAnd [as parseMaybeAssignAllowIn] (node_modules/@babel/parser/src/parser/expression.ts:256:17)
      at TypeScriptParserMixin.parseMaybeAssignAllowIn [as parseMaybeAssignAllowInOrVoidPattern] (node_modules/@babel/parser/src/parser/expression.ts:3308:17)
      at TypeScriptParserMixin.parseMaybeAssignAllowInOrVoidPattern [as parseParenAndDistinguishExpression] (node_modules/@babel/parser/src/parser/expression.ts:1822:16)
      at TypeScriptParserMixin.parseParenAndDistinguishExpression [as parseExprAtom] (node_modules/@babel/parser/src/parser/expression.ts:1170:21)
      at TypeScriptParserMixin.parseExprAtom [as parseExprSubscripts] (node_modules/@babel/parser/src/parser/expression.ts:742:23)
      at TypeScriptParserMixin.parseExprSubscripts [as parseUpdate] (node_modules/@babel/parser/src/parser/expression.ts:721:21)
      at TypeScriptParserMixin.parseUpdate (node_modules/@babel/parser/src/parser/expression.ts:683:23)
      at TypeScriptParserMixin.parseMaybeUnary (node_modules/@babel/parser/src/plugins/typescript/index.ts:3893:20)
      at TypeScriptParserMixin.parseMaybeUnary [as parseMaybeUnaryOrPrivate] (node_modules/@babel/parser/src/parser/expression.ts:417:14)
      at TypeScriptParserMixin.parseMaybeUnaryOrPrivate [as parseExprOps] (node_modules/@babel/parser/src/parser/expression.ts:429:23)
      at TypeScriptParserMixin.parseExprOps [as parseMaybeConditional] (node_modules/@babel/parser/src/parser/expression.ts:384:23)
      at TypeScriptParserMixin.parseMaybeConditional (node_modules/@babel/parser/src/parser/expression.ts:301:21)
      at TypeScriptParserMixin.parseMaybeAssign (node_modules/@babel/parser/src/plugins/typescript/index.ts:3764:22)
      at TypeScriptParserMixin.parseMaybeAssign [as parseFunctionBody] (node_modules/@babel/parser/src/parser/expression.ts:2604:14)
      at TypeScriptParserMixin.parseFunctionBody [as parseArrowExpression] (node_modules/@babel/parser/src/parser/expression.ts:2559:10)
      at TypeScriptParserMixin.parseArrowExpression [as parseParenAndDistinguishExpression] (node_modules/@babel/parser/src/parser/expression.ts:1847:12)
      at TypeScriptParserMixin.parseParenAndDistinguishExpression [as parseExprAtom] (node_modules/@babel/parser/src/parser/expression.ts:1170:21)
      at TypeScriptParserMixin.parseExprAtom [as parseExprSubscripts] (node_modules/@babel/parser/src/parser/expression.ts:742:23)
      at TypeScriptParserMixin.parseExprSubscripts [as parseUpdate] (node_modules/@babel/parser/src/parser/expression.ts:721:21)
      at TypeScriptParserMixin.parseUpdate (node_modules/@babel/parser/src/parser/expression.ts:683:23)
      at TypeScriptParserMixin.parseMaybeUnary (node_modules/@babel/parser/src/plugins/typescript/index.ts:3893:20)
      at TypeScriptParserMixin.parseMaybeUnary [as parseMaybeUnaryOrPrivate] (node_modules/@babel/parser/src/parser/expression.ts:417:14)
      at TypeScriptParserMixin.parseMaybeUnaryOrPrivate [as parseExprOps] (node_modules/@babel/parser/src/parser/expression.ts:429:23)
      at TypeScriptParserMixin.parseExprOps [as parseMaybeConditional] (node_modules/@babel/parser/src/parser/expression.ts:384:23)
      at TypeScriptParserMixin.parseMaybeConditional (node_modules/@babel/parser/src/parser/expression.ts:301:21)
      at TypeScriptParserMixin.parseMaybeAssign (node_modules/@babel/parser/src/plugins/typescript/index.ts:3764:22)
      at parseMaybeAssign (node_modules/@babel/parser/src/parser/expression.ts:257:12)
      at TypeScriptParserMixin.callback [as allowInAnd] (node_modules/@babel/parser/src/parser/expression.ts:3189:16)
      at TypeScriptParserMixin.allowInAnd [as parseMaybeAssignAllowIn] (node_modules/@babel/parser/src/parser/expression.ts:256:17)
      at TypeScriptParserMixin.parseMaybeAssignAllowIn [as parseVar] (node_modules/@babel/parser/src/parser/statement.ts:1587:18)
      at TypeScriptParserMixin.parseVar (node_modules/@babel/parser/src/parser/statement.ts:1251:10)
      at TypeScriptParserMixin.parseVarStatement (node_modules/@babel/parser/src/plugins/typescript/index.ts:3085:33)
      at TypeScriptParserMixin.parseVarStatement (node_modules/@babel/parser/src/parser/statement.ts:612:21)
      at TypeScriptParserMixin.parseStatementContent (node_modules/@babel/parser/src/plugins/typescript/index.ts:3220:20)
      at TypeScriptParserMixin.parseStatementContent [as parseStatementLike] (node_modules/@babel/parser/src/parser/statement.ts:482:17)
      at TypeScriptParserMixin.parseStatementLike [as parseStatementListItem] (node_modules/@babel/parser/src/parser/statement.ts:431:17)
      at TypeScriptParserMixin.parseStatementListItem (node_modules/@babel/parser/src/parser/statement.ts:2635:17)
      at TypeScriptParserMixin.parseExportDeclaration (node_modules/@babel/parser/src/plugins/typescript/index.ts:3447:15)
      at TypeScriptParserMixin.parseExportDeclaration [as maybeParseExportDeclaration] (node_modules/@babel/parser/src/parser/statement.ts:2551:31)
      at TypeScriptParserMixin.maybeParseExportDeclaration (node_modules/@babel/parser/src/parser/statement.ts:2432:29)
      at TypeScriptParserMixin.parseExport (node_modules/@babel/parser/src/plugins/typescript/index.ts:3046:22)
      at TypeScriptParserMixin.parseExport (node_modules/@babel/parser/src/parser/statement.ts:649:25)
      at TypeScriptParserMixin.parseStatementContent (node_modules/@babel/parser/src/plugins/typescript/index.ts:3220:20)
      at TypeScriptParserMixin.parseStatementContent [as parseStatementLike] (node_modules/@babel/parser/src/parser/statement.ts:482:17)
      at TypeScriptParserMixin.parseStatementLike [as parseModuleItem] (node_modules/@babel/parser/src/parser/statement.ts:419:17)
      at TypeScriptParserMixin.parseModuleItem [as parseBlockOrModuleBlockBody] (node_modules/@babel/parser/src/parser/statement.ts:1443:16)
      at TypeScriptParserMixin.parseBlockOrModuleBlockBody [as parseBlockBody] (node_modules/@babel/parser/src/parser/statement.ts:1417:10)
      at TypeScriptParserMixin.parseBlockBody [as parseProgram] (node_modules/@babel/parser/src/parser/statement.ts:229:10)
      at TypeScriptParserMixin.parseProgram [as parseTopLevel] (node_modules/@babel/parser/src/parser/statement.ts:203:25)
      at TypeScriptParserMixin.parseTopLevel (node_modules/@babel/parser/src/parser/index.ts:83:25)
      at TypeScriptParserMixin.parse (node_modules/@babel/parser/src/plugins/typescript/index.ts:4354:20)
      at parse (node_modules/@babel/parser/src/index.ts:86:38)
      at parser (node_modules/@babel/core/src/parser/index.ts:29:19)
          at parser.next (<anonymous>)
      at normalizeFile (node_modules/@babel/core/src/transformation/normalize-file.ts:50:24)
          at normalizeFile.next (<anonymous>)
      at run (node_modules/@babel/core/src/transformation/index.ts:41:36)
          at run.next (<anonymous>)
      at transform (node_modules/@babel/core/src/transform.ts:29:20)
          at transform.next (<anonymous>)
      at evaluateSync (node_modules/gensync/index.js:251:28)
      at sync (node_modules/gensync/index.js:89:14)
      at fn (node_modules/@babel/core/src/errors/rewrite-stack-trace.ts:99:14)
      at transformSync (node_modules/@babel/core/src/transform.ts:66:52)
      at Object.require (src/styles/index.ts:29:1)

FAIL src/features/caribbean-poker-training/screens/CPDrillScreen/CPDrillScreen.test.tsx
  ΓùÅ Test suite failed to run

    SyntaxError: C:\Users\ivans\Desktop\Dev\CasinoTrainingApp\src\styles\textStyles.ts: Unexpected token, expected "(" (22:9)

      20 |     marginBottom: 4,
      21 |   } as TextStyle,
    > 22 |    * Size: 18px, Weight: 700, Color: Gold
         |          ^
      23 |    */
      24 |   goldTitle: {
      25 |     fontSize: 18,

      27 |
      28 | // Text style factories
    > 29 | export { createTextStyles } from './textStyles';
         | ^
      30 | export type { TextStyles } from './textStyles';
      31 |

      at constructor (node_modules/@babel/parser/src/parse-error.ts:95:45)
      at TypeScriptParserMixin.toParseError [as raise] (node_modules/@babel/parser/src/tokenizer/index.ts:1504:19)
      at TypeScriptParserMixin.raise [as unexpected] (node_modules/@babel/parser/src/tokenizer/index.ts:1544:16)
      at TypeScriptParserMixin.unexpected [as expect] (node_modules/@babel/parser/src/parser/util.ts:157:12)
      at TypeScriptParserMixin.expect (node_modules/@babel/parser/src/parser/statement.ts:1726:10)
      at TypeScriptParserMixin.parseFunctionParams (node_modules/@babel/parser/src/plugins/typescript/index.ts:3692:13)
      at TypeScriptParserMixin.parseFunctionParams (node_modules/@babel/parser/src/parser/expression.ts:2491:10)
      at TypeScriptParserMixin.parseMethod (node_modules/@babel/parser/src/plugins/typescript/index.ts:4312:28)
      at TypeScriptParserMixin.parseMethod [as parseObjectMethod] (node_modules/@babel/parser/src/parser/expression.ts:2300:19)
      at TypeScriptParserMixin.parseObjectMethod (node_modules/@babel/parser/src/parser/expression.ts:2381:24)
      at TypeScriptParserMixin.parseObjPropValue (node_modules/@babel/parser/src/plugins/typescript/index.ts:3675:20)
      at TypeScriptParserMixin.parseObjPropValue [as parsePropertyDefinition] (node_modules/@babel/parser/src/parser/expression.ts:2228:17)
      at TypeScriptParserMixin.parsePropertyDefinition [as parseObjectLike] (node_modules/@babel/parser/src/parser/expression.ts:2095:21)
      at TypeScriptParserMixin.parseObjectLike [as parseExprAtom] (node_modules/@babel/parser/src/parser/expression.ts:1181:21)
      at TypeScriptParserMixin.parseExprAtom [as parseExprSubscripts] (node_modules/@babel/parser/src/parser/expression.ts:742:23)
      at TypeScriptParserMixin.parseExprSubscripts [as parseUpdate] (node_modules/@babel/parser/src/parser/expression.ts:721:21)
      at TypeScriptParserMixin.parseUpdate (node_modules/@babel/parser/src/parser/expression.ts:683:23)
      at TypeScriptParserMixin.parseMaybeUnary (node_modules/@babel/parser/src/plugins/typescript/index.ts:3893:20)
      at TypeScriptParserMixin.parseMaybeUnary [as parseMaybeUnaryOrPrivate] (node_modules/@babel/parser/src/parser/expression.ts:417:14)
      at TypeScriptParserMixin.parseMaybeUnaryOrPrivate [as parseExprOps] (node_modules/@babel/parser/src/parser/expression.ts:429:23)
      at TypeScriptParserMixin.parseExprOps [as parseMaybeConditional] (node_modules/@babel/parser/src/parser/expression.ts:384:23)
      at TypeScriptParserMixin.parseMaybeConditional (node_modules/@babel/parser/src/parser/expression.ts:301:21)
      at TypeScriptParserMixin.parseMaybeAssign (node_modules/@babel/parser/src/plugins/typescript/index.ts:3764:22)
      at parseMaybeAssign (node_modules/@babel/parser/src/parser/expression.ts:257:12)
      at TypeScriptParserMixin.callback [as allowInAnd] (node_modules/@babel/parser/src/parser/expression.ts:3194:12)
      at TypeScriptParserMixin.allowInAnd [as parseMaybeAssignAllowIn] (node_modules/@babel/parser/src/parser/expression.ts:256:17)
      at TypeScriptParserMixin.parseMaybeAssignAllowIn [as parseMaybeAssignAllowInOrVoidPattern] (node_modules/@babel/parser/src/parser/expression.ts:3308:17)
      at TypeScriptParserMixin.parseMaybeAssignAllowInOrVoidPattern [as parseParenAndDistinguishExpression] (node_modules/@babel/parser/src/parser/expression.ts:1822:16)
      at TypeScriptParserMixin.parseParenAndDistinguishExpression [as parseExprAtom] (node_modules/@babel/parser/src/parser/expression.ts:1170:21)
      at TypeScriptParserMixin.parseExprAtom [as parseExprSubscripts] (node_modules/@babel/parser/src/parser/expression.ts:742:23)
      at TypeScriptParserMixin.parseExprSubscripts [as parseUpdate] (node_modules/@babel/parser/src/parser/expression.ts:721:21)
      at TypeScriptParserMixin.parseUpdate (node_modules/@babel/parser/src/parser/expression.ts:683:23)
      at TypeScriptParserMixin.parseMaybeUnary (node_modules/@babel/parser/src/plugins/typescript/index.ts:3893:20)
      at TypeScriptParserMixin.parseMaybeUnary [as parseMaybeUnaryOrPrivate] (node_modules/@babel/parser/src/parser/expression.ts:417:14)
      at TypeScriptParserMixin.parseMaybeUnaryOrPrivate [as parseExprOps] (node_modules/@babel/parser/src/parser/expression.ts:429:23)
      at TypeScriptParserMixin.parseExprOps [as parseMaybeConditional] (node_modules/@babel/parser/src/parser/expression.ts:384:23)
      at TypeScriptParserMixin.parseMaybeConditional (node_modules/@babel/parser/src/parser/expression.ts:301:21)
      at TypeScriptParserMixin.parseMaybeAssign (node_modules/@babel/parser/src/plugins/typescript/index.ts:3764:22)
      at TypeScriptParserMixin.parseMaybeAssign [as parseFunctionBody] (node_modules/@babel/parser/src/parser/expression.ts:2604:14)
      at TypeScriptParserMixin.parseFunctionBody [as parseArrowExpression] (node_modules/@babel/parser/src/parser/expression.ts:2559:10)
      at TypeScriptParserMixin.parseArrowExpression [as parseParenAndDistinguishExpression] (node_modules/@babel/parser/src/parser/expression.ts:1847:12)
      at TypeScriptParserMixin.parseParenAndDistinguishExpression [as parseExprAtom] (node_modules/@babel/parser/src/parser/expression.ts:1170:21)
      at TypeScriptParserMixin.parseExprAtom [as parseExprSubscripts] (node_modules/@babel/parser/src/parser/expression.ts:742:23)
      at TypeScriptParserMixin.parseExprSubscripts [as parseUpdate] (node_modules/@babel/parser/src/parser/expression.ts:721:21)
      at TypeScriptParserMixin.parseUpdate (node_modules/@babel/parser/src/parser/expression.ts:683:23)
      at TypeScriptParserMixin.parseMaybeUnary (node_modules/@babel/parser/src/plugins/typescript/index.ts:3893:20)
      at TypeScriptParserMixin.parseMaybeUnary [as parseMaybeUnaryOrPrivate] (node_modules/@babel/parser/src/parser/expression.ts:417:14)
      at TypeScriptParserMixin.parseMaybeUnaryOrPrivate [as parseExprOps] (node_modules/@babel/parser/src/parser/expression.ts:429:23)
      at TypeScriptParserMixin.parseExprOps [as parseMaybeConditional] (node_modules/@babel/parser/src/parser/expression.ts:384:23)
      at TypeScriptParserMixin.parseMaybeConditional (node_modules/@babel/parser/src/parser/expression.ts:301:21)
      at TypeScriptParserMixin.parseMaybeAssign (node_modules/@babel/parser/src/plugins/typescript/index.ts:3764:22)
      at parseMaybeAssign (node_modules/@babel/parser/src/parser/expression.ts:257:12)
      at TypeScriptParserMixin.callback [as allowInAnd] (node_modules/@babel/parser/src/parser/expression.ts:3189:16)
      at TypeScriptParserMixin.allowInAnd [as parseMaybeAssignAllowIn] (node_modules/@babel/parser/src/parser/expression.ts:256:17)
      at TypeScriptParserMixin.parseMaybeAssignAllowIn [as parseVar] (node_modules/@babel/parser/src/parser/statement.ts:1587:18)
      at TypeScriptParserMixin.parseVar (node_modules/@babel/parser/src/parser/statement.ts:1251:10)
      at TypeScriptParserMixin.parseVarStatement (node_modules/@babel/parser/src/plugins/typescript/index.ts:3085:33)
      at TypeScriptParserMixin.parseVarStatement (node_modules/@babel/parser/src/parser/statement.ts:612:21)
      at TypeScriptParserMixin.parseStatementContent (node_modules/@babel/parser/src/plugins/typescript/index.ts:3220:20)
      at TypeScriptParserMixin.parseStatementContent [as parseStatementLike] (node_modules/@babel/parser/src/parser/statement.ts:482:17)
      at TypeScriptParserMixin.parseStatementLike [as parseStatementListItem] (node_modules/@babel/parser/src/parser/statement.ts:431:17)
      at TypeScriptParserMixin.parseStatementListItem (node_modules/@babel/parser/src/parser/statement.ts:2635:17)
      at TypeScriptParserMixin.parseExportDeclaration (node_modules/@babel/parser/src/plugins/typescript/index.ts:3447:15)
      at TypeScriptParserMixin.parseExportDeclaration [as maybeParseExportDeclaration] (node_modules/@babel/parser/src/parser/statement.ts:2551:31)
      at TypeScriptParserMixin.maybeParseExportDeclaration (node_modules/@babel/parser/src/parser/statement.ts:2432:29)
      at TypeScriptParserMixin.parseExport (node_modules/@babel/parser/src/plugins/typescript/index.ts:3046:22)
      at TypeScriptParserMixin.parseExport (node_modules/@babel/parser/src/parser/statement.ts:649:25)
      at TypeScriptParserMixin.parseStatementContent (node_modules/@babel/parser/src/plugins/typescript/index.ts:3220:20)
      at TypeScriptParserMixin.parseStatementContent [as parseStatementLike] (node_modules/@babel/parser/src/parser/statement.ts:482:17)
      at TypeScriptParserMixin.parseStatementLike [as parseModuleItem] (node_modules/@babel/parser/src/parser/statement.ts:419:17)
      at TypeScriptParserMixin.parseModuleItem [as parseBlockOrModuleBlockBody] (node_modules/@babel/parser/src/parser/statement.ts:1443:16)
      at TypeScriptParserMixin.parseBlockOrModuleBlockBody [as parseBlockBody] (node_modules/@babel/parser/src/parser/statement.ts:1417:10)
      at TypeScriptParserMixin.parseBlockBody [as parseProgram] (node_modules/@babel/parser/src/parser/statement.ts:229:10)
      at TypeScriptParserMixin.parseProgram [as parseTopLevel] (node_modules/@babel/parser/src/parser/statement.ts:203:25)
      at TypeScriptParserMixin.parseTopLevel (node_modules/@babel/parser/src/parser/index.ts:83:25)
      at TypeScriptParserMixin.parse (node_modules/@babel/parser/src/plugins/typescript/index.ts:4354:20)
      at parse (node_modules/@babel/parser/src/index.ts:86:38)
      at parser (node_modules/@babel/core/src/parser/index.ts:29:19)
          at parser.next (<anonymous>)
      at normalizeFile (node_modules/@babel/core/src/transformation/normalize-file.ts:50:24)
          at normalizeFile.next (<anonymous>)
      at run (node_modules/@babel/core/src/transformation/index.ts:41:36)
          at run.next (<anonymous>)
      at transform (node_modules/@babel/core/src/transform.ts:29:20)
          at transform.next (<anonymous>)
      at evaluateSync (node_modules/gensync/index.js:251:28)
      at sync (node_modules/gensync/index.js:89:14)
      at fn (node_modules/@babel/core/src/errors/rewrite-stack-trace.ts:99:14)
      at transformSync (node_modules/@babel/core/src/transform.ts:66:52)
      at Object.require (src/styles/index.ts:29:1)

FAIL src/features/caribbean-poker-training/screens/CPMenuScreen/CPMenuScreen.test.tsx
  ΓùÅ Test suite failed to run

    SyntaxError: C:\Users\ivans\Desktop\Dev\CasinoTrainingApp\src\styles\textStyles.ts: Unexpected token, expected "(" (22:9)

      20 |     marginBottom: 4,
      21 |   } as TextStyle,
    > 22 |    * Size: 18px, Weight: 700, Color: Gold
         |          ^
      23 |    */
      24 |   goldTitle: {
      25 |     fontSize: 18,

      27 |
      28 | // Text style factories
    > 29 | export { createTextStyles } from './textStyles';
         | ^
      30 | export type { TextStyles } from './textStyles';
      31 |

      at constructor (node_modules/@babel/parser/src/parse-error.ts:95:45)
      at TypeScriptParserMixin.toParseError [as raise] (node_modules/@babel/parser/src/tokenizer/index.ts:1504:19)
      at TypeScriptParserMixin.raise [as unexpected] (node_modules/@babel/parser/src/tokenizer/index.ts:1544:16)
      at TypeScriptParserMixin.unexpected [as expect] (node_modules/@babel/parser/src/parser/util.ts:157:12)
      at TypeScriptParserMixin.expect (node_modules/@babel/parser/src/parser/statement.ts:1726:10)
      at TypeScriptParserMixin.parseFunctionParams (node_modules/@babel/parser/src/plugins/typescript/index.ts:3692:13)
      at TypeScriptParserMixin.parseFunctionParams (node_modules/@babel/parser/src/parser/expression.ts:2491:10)
      at TypeScriptParserMixin.parseMethod (node_modules/@babel/parser/src/plugins/typescript/index.ts:4312:28)
      at TypeScriptParserMixin.parseMethod [as parseObjectMethod] (node_modules/@babel/parser/src/parser/expression.ts:2300:19)
      at TypeScriptParserMixin.parseObjectMethod (node_modules/@babel/parser/src/parser/expression.ts:2381:24)
      at TypeScriptParserMixin.parseObjPropValue (node_modules/@babel/parser/src/plugins/typescript/index.ts:3675:20)
      at TypeScriptParserMixin.parseObjPropValue [as parsePropertyDefinition] (node_modules/@babel/parser/src/parser/expression.ts:2228:17)
      at TypeScriptParserMixin.parsePropertyDefinition [as parseObjectLike] (node_modules/@babel/parser/src/parser/expression.ts:2095:21)
      at TypeScriptParserMixin.parseObjectLike [as parseExprAtom] (node_modules/@babel/parser/src/parser/expression.ts:1181:21)
      at TypeScriptParserMixin.parseExprAtom [as parseExprSubscripts] (node_modules/@babel/parser/src/parser/expression.ts:742:23)
      at TypeScriptParserMixin.parseExprSubscripts [as parseUpdate] (node_modules/@babel/parser/src/parser/expression.ts:721:21)
      at TypeScriptParserMixin.parseUpdate (node_modules/@babel/parser/src/parser/expression.ts:683:23)
      at TypeScriptParserMixin.parseMaybeUnary (node_modules/@babel/parser/src/plugins/typescript/index.ts:3893:20)
      at TypeScriptParserMixin.parseMaybeUnary [as parseMaybeUnaryOrPrivate] (node_modules/@babel/parser/src/parser/expression.ts:417:14)
      at TypeScriptParserMixin.parseMaybeUnaryOrPrivate [as parseExprOps] (node_modules/@babel/parser/src/parser/expression.ts:429:23)
      at TypeScriptParserMixin.parseExprOps [as parseMaybeConditional] (node_modules/@babel/parser/src/parser/expression.ts:384:23)
      at TypeScriptParserMixin.parseMaybeConditional (node_modules/@babel/parser/src/parser/expression.ts:301:21)
      at TypeScriptParserMixin.parseMaybeAssign (node_modules/@babel/parser/src/plugins/typescript/index.ts:3764:22)
      at parseMaybeAssign (node_modules/@babel/parser/src/parser/expression.ts:257:12)
      at TypeScriptParserMixin.callback [as allowInAnd] (node_modules/@babel/parser/src/parser/expression.ts:3194:12)
      at TypeScriptParserMixin.allowInAnd [as parseMaybeAssignAllowIn] (node_modules/@babel/parser/src/parser/expression.ts:256:17)
      at TypeScriptParserMixin.parseMaybeAssignAllowIn [as parseMaybeAssignAllowInOrVoidPattern] (node_modules/@babel/parser/src/parser/expression.ts:3308:17)
      at TypeScriptParserMixin.parseMaybeAssignAllowInOrVoidPattern [as parseParenAndDistinguishExpression] (node_modules/@babel/parser/src/parser/expression.ts:1822:16)
      at TypeScriptParserMixin.parseParenAndDistinguishExpression [as parseExprAtom] (node_modules/@babel/parser/src/parser/expression.ts:1170:21)
      at TypeScriptParserMixin.parseExprAtom [as parseExprSubscripts] (node_modules/@babel/parser/src/parser/expression.ts:742:23)
      at TypeScriptParserMixin.parseExprSubscripts [as parseUpdate] (node_modules/@babel/parser/src/parser/expression.ts:721:21)
      at TypeScriptParserMixin.parseUpdate (node_modules/@babel/parser/src/parser/expression.ts:683:23)
      at TypeScriptParserMixin.parseMaybeUnary (node_modules/@babel/parser/src/plugins/typescript/index.ts:3893:20)
      at TypeScriptParserMixin.parseMaybeUnary [as parseMaybeUnaryOrPrivate] (node_modules/@babel/parser/src/parser/expression.ts:417:14)
      at TypeScriptParserMixin.parseMaybeUnaryOrPrivate [as parseExprOps] (node_modules/@babel/parser/src/parser/expression.ts:429:23)
      at TypeScriptParserMixin.parseExprOps [as parseMaybeConditional] (node_modules/@babel/parser/src/parser/expression.ts:384:23)
      at TypeScriptParserMixin.parseMaybeConditional (node_modules/@babel/parser/src/parser/expression.ts:301:21)
      at TypeScriptParserMixin.parseMaybeAssign (node_modules/@babel/parser/src/plugins/typescript/index.ts:3764:22)
      at TypeScriptParserMixin.parseMaybeAssign [as parseFunctionBody] (node_modules/@babel/parser/src/parser/expression.ts:2604:14)
      at TypeScriptParserMixin.parseFunctionBody [as parseArrowExpression] (node_modules/@babel/parser/src/parser/expression.ts:2559:10)
      at TypeScriptParserMixin.parseArrowExpression [as parseParenAndDistinguishExpression] (node_modules/@babel/parser/src/parser/expression.ts:1847:12)
      at TypeScriptParserMixin.parseParenAndDistinguishExpression [as parseExprAtom] (node_modules/@babel/parser/src/parser/expression.ts:1170:21)
      at TypeScriptParserMixin.parseExprAtom [as parseExprSubscripts] (node_modules/@babel/parser/src/parser/expression.ts:742:23)
      at TypeScriptParserMixin.parseExprSubscripts [as parseUpdate] (node_modules/@babel/parser/src/parser/expression.ts:721:21)
      at TypeScriptParserMixin.parseUpdate (node_modules/@babel/parser/src/parser/expression.ts:683:23)
      at TypeScriptParserMixin.parseMaybeUnary (node_modules/@babel/parser/src/plugins/typescript/index.ts:3893:20)
      at TypeScriptParserMixin.parseMaybeUnary [as parseMaybeUnaryOrPrivate] (node_modules/@babel/parser/src/parser/expression.ts:417:14)
      at TypeScriptParserMixin.parseMaybeUnaryOrPrivate [as parseExprOps] (node_modules/@babel/parser/src/parser/expression.ts:429:23)
      at TypeScriptParserMixin.parseExprOps [as parseMaybeConditional] (node_modules/@babel/parser/src/parser/expression.ts:384:23)
      at TypeScriptParserMixin.parseMaybeConditional (node_modules/@babel/parser/src/parser/expression.ts:301:21)
      at TypeScriptParserMixin.parseMaybeAssign (node_modules/@babel/parser/src/plugins/typescript/index.ts:3764:22)
      at parseMaybeAssign (node_modules/@babel/parser/src/parser/expression.ts:257:12)
      at TypeScriptParserMixin.callback [as allowInAnd] (node_modules/@babel/parser/src/parser/expression.ts:3189:16)
      at TypeScriptParserMixin.allowInAnd [as parseMaybeAssignAllowIn] (node_modules/@babel/parser/src/parser/expression.ts:256:17)
      at TypeScriptParserMixin.parseMaybeAssignAllowIn [as parseVar] (node_modules/@babel/parser/src/parser/statement.ts:1587:18)
      at TypeScriptParserMixin.parseVar (node_modules/@babel/parser/src/parser/statement.ts:1251:10)
      at TypeScriptParserMixin.parseVarStatement (node_modules/@babel/parser/src/plugins/typescript/index.ts:3085:33)
      at TypeScriptParserMixin.parseVarStatement (node_modules/@babel/parser/src/parser/statement.ts:612:21)
      at TypeScriptParserMixin.parseStatementContent (node_modules/@babel/parser/src/plugins/typescript/index.ts:3220:20)
      at TypeScriptParserMixin.parseStatementContent [as parseStatementLike] (node_modules/@babel/parser/src/parser/statement.ts:482:17)
      at TypeScriptParserMixin.parseStatementLike [as parseStatementListItem] (node_modules/@babel/parser/src/parser/statement.ts:431:17)
      at TypeScriptParserMixin.parseStatementListItem (node_modules/@babel/parser/src/parser/statement.ts:2635:17)
      at TypeScriptParserMixin.parseExportDeclaration (node_modules/@babel/parser/src/plugins/typescript/index.ts:3447:15)
      at TypeScriptParserMixin.parseExportDeclaration [as maybeParseExportDeclaration] (node_modules/@babel/parser/src/parser/statement.ts:2551:31)
      at TypeScriptParserMixin.maybeParseExportDeclaration (node_modules/@babel/parser/src/parser/statement.ts:2432:29)
      at TypeScriptParserMixin.parseExport (node_modules/@babel/parser/src/plugins/typescript/index.ts:3046:22)
      at TypeScriptParserMixin.parseExport (node_modules/@babel/parser/src/parser/statement.ts:649:25)
      at TypeScriptParserMixin.parseStatementContent (node_modules/@babel/parser/src/plugins/typescript/index.ts:3220:20)
      at TypeScriptParserMixin.parseStatementContent [as parseStatementLike] (node_modules/@babel/parser/src/parser/statement.ts:482:17)
      at TypeScriptParserMixin.parseStatementLike [as parseModuleItem] (node_modules/@babel/parser/src/parser/statement.ts:419:17)
      at TypeScriptParserMixin.parseModuleItem [as parseBlockOrModuleBlockBody] (node_modules/@babel/parser/src/parser/statement.ts:1443:16)
      at TypeScriptParserMixin.parseBlockOrModuleBlockBody [as parseBlockBody] (node_modules/@babel/parser/src/parser/statement.ts:1417:10)
      at TypeScriptParserMixin.parseBlockBody [as parseProgram] (node_modules/@babel/parser/src/parser/statement.ts:229:10)
      at TypeScriptParserMixin.parseProgram [as parseTopLevel] (node_modules/@babel/parser/src/parser/statement.ts:203:25)
      at TypeScriptParserMixin.parseTopLevel (node_modules/@babel/parser/src/parser/index.ts:83:25)
      at TypeScriptParserMixin.parse (node_modules/@babel/parser/src/plugins/typescript/index.ts:4354:20)
      at parse (node_modules/@babel/parser/src/index.ts:86:38)
      at parser (node_modules/@babel/core/src/parser/index.ts:29:19)
          at parser.next (<anonymous>)
      at normalizeFile (node_modules/@babel/core/src/transformation/normalize-file.ts:50:24)
          at normalizeFile.next (<anonymous>)
      at run (node_modules/@babel/core/src/transformation/index.ts:41:36)
          at run.next (<anonymous>)
      at transform (node_modules/@babel/core/src/transform.ts:29:20)
          at transform.next (<anonymous>)
      at evaluateSync (node_modules/gensync/index.js:251:28)
      at sync (node_modules/gensync/index.js:89:14)
      at fn (node_modules/@babel/core/src/errors/rewrite-stack-trace.ts:99:14)
      at transformSync (node_modules/@babel/core/src/transform.ts:66:52)
      at Object.require (src/styles/index.ts:29:1)


Test Suites: 30 failed, 47 passed, 77 total
Tests:       658 passed, 658 total
Snapshots:   0 total
Time:        6.093 s
Ran all test suites.
